Archive member included to satisfy reference by file (symbol)

/opt/gcc-arm-none-eabi-7-2017-q4-major/bin/../lib/gcc/arm-none-eabi/7.2.1/thumb/v6-m/libgcc.a(_thumb1_case_sqi.o)
                              ./drivers/fsl_i2c.o (__gnu_thumb1_case_sqi)
/opt/gcc-arm-none-eabi-7-2017-q4-major/bin/../lib/gcc/arm-none-eabi/7.2.1/thumb/v6-m/libgcc.a(_thumb1_case_uqi.o)
                              ./utilities/fsl_shell.o (__gnu_thumb1_case_uqi)
/opt/gcc-arm-none-eabi-7-2017-q4-major/bin/../lib/gcc/arm-none-eabi/7.2.1/thumb/v6-m/libgcc.a(_udivsi3.o)
                              ./utilities/fsl_str.o (__aeabi_uidiv)
/opt/gcc-arm-none-eabi-7-2017-q4-major/bin/../lib/gcc/arm-none-eabi/7.2.1/thumb/v6-m/libgcc.a(_divsi3.o)
                              ./utilities/fsl_str.o (__aeabi_idiv)
/opt/gcc-arm-none-eabi-7-2017-q4-major/bin/../lib/gcc/arm-none-eabi/7.2.1/thumb/v6-m/libgcc.a(_dvmd_tls.o)
                              /opt/gcc-arm-none-eabi-7-2017-q4-major/bin/../lib/gcc/arm-none-eabi/7.2.1/thumb/v6-m/libgcc.a(_udivsi3.o) (__aeabi_idiv0)
/opt/gcc-arm-none-eabi-7-2017-q4-major/bin/../lib/gcc/arm-none-eabi/7.2.1/../../../../arm-none-eabi/lib/thumb/v6-m/libg_nano.a(lib_a-atol.o)
                              ./source/gps_func.o (atol)
/opt/gcc-arm-none-eabi-7-2017-q4-major/bin/../lib/gcc/arm-none-eabi/7.2.1/../../../../arm-none-eabi/lib/thumb/v6-m/libg_nano.a(lib_a-exit.o)
                              /opt/gcc-arm-none-eabi-7-2017-q4-major/bin/../lib/gcc/arm-none-eabi/7.2.1/../../../../arm-none-eabi/lib/thumb/v6-m/crt0.o (exit)
/opt/gcc-arm-none-eabi-7-2017-q4-major/bin/../lib/gcc/arm-none-eabi/7.2.1/../../../../arm-none-eabi/lib/thumb/v6-m/libg_nano.a(lib_a-impure.o)
                              /opt/gcc-arm-none-eabi-7-2017-q4-major/bin/../lib/gcc/arm-none-eabi/7.2.1/../../../../arm-none-eabi/lib/thumb/v6-m/libg_nano.a(lib_a-exit.o) (_global_impure_ptr)
/opt/gcc-arm-none-eabi-7-2017-q4-major/bin/../lib/gcc/arm-none-eabi/7.2.1/../../../../arm-none-eabi/lib/thumb/v6-m/libg_nano.a(lib_a-init.o)
                              /opt/gcc-arm-none-eabi-7-2017-q4-major/bin/../lib/gcc/arm-none-eabi/7.2.1/../../../../arm-none-eabi/lib/thumb/v6-m/crt0.o (__libc_init_array)
/opt/gcc-arm-none-eabi-7-2017-q4-major/bin/../lib/gcc/arm-none-eabi/7.2.1/../../../../arm-none-eabi/lib/thumb/v6-m/libg_nano.a(lib_a-memcmp.o)
                              ./source/ubx_func.o (memcmp)
/opt/gcc-arm-none-eabi-7-2017-q4-major/bin/../lib/gcc/arm-none-eabi/7.2.1/../../../../arm-none-eabi/lib/thumb/v6-m/libg_nano.a(lib_a-memcpy-stub.o)
                              ./source/main.o (memcpy)
/opt/gcc-arm-none-eabi-7-2017-q4-major/bin/../lib/gcc/arm-none-eabi/7.2.1/../../../../arm-none-eabi/lib/thumb/v6-m/libg_nano.a(lib_a-memmove.o)
                              ./utilities/fsl_shell.o (memmove)
/opt/gcc-arm-none-eabi-7-2017-q4-major/bin/../lib/gcc/arm-none-eabi/7.2.1/../../../../arm-none-eabi/lib/thumb/v6-m/libg_nano.a(lib_a-memset.o)
                              /opt/gcc-arm-none-eabi-7-2017-q4-major/bin/../lib/gcc/arm-none-eabi/7.2.1/../../../../arm-none-eabi/lib/thumb/v6-m/crt0.o (memset)
/opt/gcc-arm-none-eabi-7-2017-q4-major/bin/../lib/gcc/arm-none-eabi/7.2.1/../../../../arm-none-eabi/lib/thumb/v6-m/libg_nano.a(lib_a-printf.o)
                              ./source/adc_func.o (printf)
/opt/gcc-arm-none-eabi-7-2017-q4-major/bin/../lib/gcc/arm-none-eabi/7.2.1/../../../../arm-none-eabi/lib/thumb/v6-m/libg_nano.a(lib_a-puts.o)
                              ./source/ubx_func.o (puts)
/opt/gcc-arm-none-eabi-7-2017-q4-major/bin/../lib/gcc/arm-none-eabi/7.2.1/../../../../arm-none-eabi/lib/thumb/v6-m/libg_nano.a(lib_a-sprintf.o)
                              ./source/at_func.o (sprintf)
/opt/gcc-arm-none-eabi-7-2017-q4-major/bin/../lib/gcc/arm-none-eabi/7.2.1/../../../../arm-none-eabi/lib/thumb/v6-m/libg_nano.a(lib_a-strchr.o)
                              ./source/gps_func.o (strchr)
/opt/gcc-arm-none-eabi-7-2017-q4-major/bin/../lib/gcc/arm-none-eabi/7.2.1/../../../../arm-none-eabi/lib/thumb/v6-m/libg_nano.a(lib_a-strcpy.o)
                              ./source/gps_func.o (strcpy)
/opt/gcc-arm-none-eabi-7-2017-q4-major/bin/../lib/gcc/arm-none-eabi/7.2.1/../../../../arm-none-eabi/lib/thumb/v6-m/libg_nano.a(lib_a-strlen.o)
                              ./utilities/fsl_str.o (strlen)
/opt/gcc-arm-none-eabi-7-2017-q4-major/bin/../lib/gcc/arm-none-eabi/7.2.1/../../../../arm-none-eabi/lib/thumb/v6-m/libg_nano.a(lib_a-strstr.o)
                              ./source/at_func.o (strstr)
/opt/gcc-arm-none-eabi-7-2017-q4-major/bin/../lib/gcc/arm-none-eabi/7.2.1/../../../../arm-none-eabi/lib/thumb/v6-m/libg_nano.a(lib_a-strtol.o)
                              /opt/gcc-arm-none-eabi-7-2017-q4-major/bin/../lib/gcc/arm-none-eabi/7.2.1/../../../../arm-none-eabi/lib/thumb/v6-m/libg_nano.a(lib_a-atol.o) (_strtol_r)
/opt/gcc-arm-none-eabi-7-2017-q4-major/bin/../lib/gcc/arm-none-eabi/7.2.1/../../../../arm-none-eabi/lib/thumb/v6-m/libg_nano.a(lib_a-wbuf.o)
[...]
Memory Configuration

Name             Origin             Length             Attributes
m_interrupts     0x0000000000000000 0x0000000000000200 xr
m_flash_config   0x0000000000000400 0x0000000000000010 xr
m_text           0x0000000000000410 0x000000000003fbf0 xr
m_data           0x000000001fffe000 0x0000000000008000 rw
*default*        0x0000000000000000 0xffffffffffffffff

Linker script and memory map

LOAD /opt/gcc-arm-none-eabi-7-2017-q4-major/bin/../lib/gcc/arm-none-eabi/7.2.1/thumb/v6-m/crti.o
LOAD /opt/gcc-arm-none-eabi-7-2017-q4-major/bin/../lib/gcc/arm-none-eabi/7.2.1/thumb/v6-m/crtbegin.o
LOAD /opt/gcc-arm-none-eabi-7-2017-q4-major/bin/../lib/gcc/arm-none-eabi/7.2.1/../../../../arm-none-eabi/lib/thumb/v6-m/crt0.o
LOAD ./utilities/fsl_assert.o
LOAD ./utilities/fsl_debug_console.o
LOAD ./utilities/fsl_io.o
LOAD ./utilities/fsl_log.o
LOAD ./utilities/fsl_notifier.o
LOAD ./utilities/fsl_shell.o
LOAD ./utilities/fsl_str.o
LOAD ./startup/startup_MKL17Z4.o
LOAD ./source/acc_func.o
LOAD ./source/adc_func.o
LOAD ./source/at_func.o
LOAD ./source/gps_func.o
LOAD ./source/i2c_func.o
LOAD ./source/main.o
LOAD ./source/nbiot_func.o
LOAD ./source/timing.o
LOAD ./source/ubx_func.o
LOAD ./drivers/fsl_adc16.o
LOAD ./drivers/fsl_clock.o
LOAD ./drivers/fsl_cmp.o
LOAD ./drivers/fsl_common.o
LOAD ./drivers/fsl_cop.o
LOAD ./drivers/fsl_dac.o
LOAD ./drivers/fsl_dma.o
LOAD ./drivers/fsl_dmamux.o
LOAD ./drivers/fsl_flash.o
LOAD ./drivers/fsl_flexio.o
LOAD ./drivers/fsl_flexio_i2c_master.o
LOAD ./drivers/fsl_flexio_i2s.o
LOAD ./drivers/fsl_flexio_i2s_dma.o
LOAD ./drivers/fsl_flexio_uart.o
LOAD ./drivers/fsl_flexio_uart_dma.o
LOAD ./drivers/fsl_gpio.o
LOAD ./drivers/fsl_i2c.o
LOAD ./drivers/fsl_i2c_dma.o
LOAD ./drivers/fsl_llwu.o
LOAD ./drivers/fsl_lptmr.o
LOAD ./drivers/fsl_lpuart.o
LOAD ./drivers/fsl_lpuart_dma.o
LOAD ./drivers/fsl_pit.o
LOAD ./drivers/fsl_pmc.o
LOAD ./drivers/fsl_rcm.o
LOAD ./drivers/fsl_rtc.o
LOAD ./drivers/fsl_sai.o
LOAD ./drivers/fsl_sai_dma.o
LOAD ./drivers/fsl_sim.o
LOAD ./drivers/fsl_smc.o
LOAD ./drivers/fsl_spi.o
LOAD ./drivers/fsl_spi_dma.o
LOAD ./drivers/fsl_tpm.o
LOAD ./drivers/fsl_uart.o
LOAD ./drivers/fsl_uart_dma.o
LOAD ./drivers/fsl_vref.o
LOAD ./board/board.o
LOAD ./board/clock_config.o
LOAD ./board/peripherals.o
LOAD ./board/pin_mux.o
LOAD ./CMSIS/system_MKL17Z4.o
LOAD /opt/gcc-arm-none-eabi-7-2017-q4-major/bin/../lib/gcc/arm-none-eabi/7.2.1/../../../../arm-none-eabi/lib/thumb/v6-m/libstdc++_nano.a
LOAD /opt/gcc-arm-none-eabi-7-2017-q4-major/bin/../lib/gcc/arm-none-eabi/7.2.1/../../../../arm-none-eabi/lib/thumb/v6-m/libm.a
START GROUP
LOAD /opt/gcc-arm-none-eabi-7-2017-q4-major/bin/../lib/gcc/arm-none-eabi/7.2.1/thumb/v6-m/libgcc.a
LOAD /opt/gcc-arm-none-eabi-7-2017-q4-major/bin/../lib/gcc/arm-none-eabi/7.2.1/../../../../arm-none-eabi/lib/thumb/v6-m/libg_nano.a
LOAD /opt/gcc-arm-none-eabi-7-2017-q4-major/bin/../lib/gcc/arm-none-eabi/7.2.1/../../../../arm-none-eabi/lib/thumb/v6-m/libc_nano.a
END GROUP
START GROUP
LOAD /opt/gcc-arm-none-eabi-7-2017-q4-major/bin/../lib/gcc/arm-none-eabi/7.2.1/thumb/v6-m/libgcc.a
LOAD /opt/gcc-arm-none-eabi-7-2017-q4-major/bin/../lib/gcc/arm-none-eabi/7.2.1/../../../../arm-none-eabi/lib/thumb/v6-m/libc_nano.a
LOAD /opt/gcc-arm-none-eabi-7-2017-q4-major/bin/../lib/gcc/arm-none-eabi/7.2.1/../../../../arm-none-eabi/lib/thumb/v6-m/libnosys.a
END GROUP
START GROUP
LOAD /opt/gcc-arm-none-eabi-7-2017-q4-major/bin/../lib/gcc/arm-none-eabi/7.2.1/thumb/v6-m/libgcc.a
LOAD /opt/gcc-arm-none-eabi-7-2017-q4-major/bin/../lib/gcc/arm-none-eabi/7.2.1/../../../../arm-none-eabi/lib/thumb/v6-m/libc_nano.a
LOAD /opt/gcc-arm-none-eabi-7-2017-q4-major/bin/../lib/gcc/arm-none-eabi/7.2.1/../../../../arm-none-eabi/lib/thumb/v6-m/libnosys.a
END GROUP
LOAD /opt/gcc-arm-none-eabi-7-2017-q4-major/bin/../lib/gcc/arm-none-eabi/7.2.1/thumb/v6-m/crtend.o
LOAD /opt/gcc-arm-none-eabi-7-2017-q4-major/bin/../lib/gcc/arm-none-eabi/7.2.1/thumb/v6-m/crtn.o
                0x0000000000000400                HEAP_SIZE = DEFINED (__heap_size__)?__heap_size__:0x400
                0x0000000000000400                STACK_SIZE = DEFINED (__stack_size__)?__stack_size__:0x400

.interrupts     0x0000000000000000       0xc0
                0x0000000000000000                . = ALIGN (0x4)
 *(.isr_vector)
 .isr_vector    0x0000000000000000       0xc0 ./startup/startup_MKL17Z4.o
                0x0000000000000000                __isr_vector
                0x00000000000000c0                . = ALIGN (0x4)

.flash_config   0x0000000000000400       0x10
                0x0000000000000400                . = ALIGN (0x4)
 *(.FlashConfig)
 .FlashConfig   0x0000000000000400       0x10 ./startup/startup_MKL17Z4.o
                0x0000000000000410                . = ALIGN (0x4)

.text           0x0000000000000410     0x2ed4
                0x0000000000000410                . = ALIGN (0x4)
 *(.text)
 .text          0x0000000000000410       0x48 /opt/gcc-arm-none-eabi-7-2017-q4-major/bin/../lib/gcc/arm-none-eabi/7.2.1/thumb/v6-m/crtbegin.o
 .text          0x0000000000000458       0x78 /opt/gcc-arm-none-eabi-7-2017-q4-major/bin/../lib/gcc/arm-none-eabi/7.2.1/../../../../arm-none-eabi/lib/thumb/v6-m/crt0.o
                0x0000000000000458                _mainCRTStartup
                0x0000000000000458                _start
 .text          0x00000000000004d0       0xd8 ./startup/startup_MKL17Z4.o
                0x00000000000004d0                Reset_Handler
                0x0000000000000518                PORTC_PORTD_IRQHandler
                0x0000000000000518                TPM0_IRQHandler
                0x0000000000000518                Reserved42_IRQHandler
                0x0000000000000518                ADC0_IRQHandler
                0x0000000000000518                DefaultISR
                0x0000000000000518                TPM2_IRQHandler
                0x0000000000000518                Reserved43_IRQHandler
                0x0000000000000518                RTC_IRQHandler
                0x0000000000000518                RTC_Seconds_IRQHandler
                0x0000000000000518                Reserved20_IRQHandler
                0x0000000000000518                PIT_IRQHandler
                0x0000000000000518                DAC0_IRQHandler
                0x0000000000000518                Reserved45_IRQHandler
                0x0000000000000518                PMC_IRQHandler
                0x0000000000000518                TPM1_IRQHandler
                0x0000000000000518                PORTA_IRQHandler
                0x0000000000000518                FTFA_IRQHandler
                0x0000000000000518                Reserved40_IRQHandler
                0x0000000000000518                CMP0_IRQHandler
                0x000000000000051c                NMI_Handler
                0x0000000000000520                HardFault_Handler
                0x0000000000000524                SVC_Handler
                0x0000000000000528                PendSV_Handler
                0x0000000000000530                DMA0_IRQHandler
                0x0000000000000534                DMA1_IRQHandler
                0x0000000000000538                DMA2_IRQHandler
                0x000000000000053c                DMA3_IRQHandler
                0x0000000000000540                I2C0_IRQHandler
                0x0000000000000544                I2C1_IRQHandler
                0x0000000000000548                SPI0_IRQHandler
                0x000000000000054c                SPI1_IRQHandler
                0x000000000000055c                I2S0_IRQHandler
 .text          0x00000000000005a8       0x14 /opt/gcc-arm-none-eabi-7-2017-q4-major/bin/../lib/gcc/arm-none-eabi/7.2.1/thumb/v6-m/libgcc.a(_thumb1_case_uqi.o)
                0x00000000000005a8                __gnu_thumb1_case_uqi
 .text          0x00000000000005bc      0x114 /opt/gcc-arm-none-eabi-7-2017-q4-major/bin/../lib/gcc/arm-none-eabi/7.2.1/thumb/v6-m/libgcc.a(_udivsi3.o)
                0x00000000000005bc                __udivsi3
                0x00000000000005bc                __aeabi_uidiv
                0x00000000000006c8                __aeabi_uidivmod
 .text          0x00000000000006d0        0x4 /opt/gcc-arm-none-eabi-7-2017-q4-major/bin/../lib/gcc/arm-none-eabi/7.2.1/thumb/v6-m/libgcc.a(_dvmd_tls.o)
                0x00000000000006d0                __aeabi_ldiv0
                0x00000000000006d0                __aeabi_idiv0
 .text          0x00000000000006d4        0xe /opt/gcc-arm-none-eabi-7-2017-q4-major/bin/../lib/gcc/arm-none-eabi/7.2.1/../../../../arm-none-eabi/lib/thumb/v6-m/libg_nano.a(lib_a-strlen.o)
                0x00000000000006d4                strlen
 *(.text*)
 .text.acc_init
                0x00000000000006e2       0x14 ./source/acc_func.o
                0x00000000000006e2                acc_init
 .text.configure_acc
                0x00000000000006f6       0x62 ./source/acc_func.o
                0x00000000000006f6                configure_acc
 .text.breakIfAtOk
                0x0000000000000758       0x1c ./source/at_func.o
                0x0000000000000758                breakIfAtOk
 .text.AT_send  0x0000000000000774       0xc0 ./source/at_func.o
                0x0000000000000774                AT_send
 .text.printUbxResponseHex
                0x0000000000000834        0x2 ./source/gps_func.o
                0x0000000000000834                printUbxResponseHex
 .text.calcUbxCrc
                0x0000000000000836       0x44 ./source/gps_func.o
                0x0000000000000836                calcUbxCrc
 *fill*         0x000000000000087a        0x2 
 .text.parseData
                0x000000000000087c       0xb8 ./source/gps_func.o
                0x000000000000087c                parseData
 .text.getGPS   0x0000000000000934       0xc8 ./source/gps_func.o
                0x0000000000000934                getGPS
 .text.initI2C  0x00000000000009fc       0x74 ./source/i2c_func.o
                0x00000000000009fc                initI2C
 .text.accWriteReg
                0x0000000000000a70       0x58 ./source/i2c_func.o
                0x0000000000000a70                accWriteReg
 .text.accReadReg
                0x0000000000000ac8       0x78 ./source/i2c_func.o
                0x0000000000000ac8                accReadReg
 .text.initTimer
                0x0000000000000b40       0x44 ./source/main.o
                0x0000000000000b40                initTimer
 .text.initUART
                0x0000000000000b84       0xac ./source/main.o
                0x0000000000000b84                initUART
 .text.NB_send  0x0000000000000c30       0x28 ./source/main.o
                0x0000000000000c30                NB_send
 .text.GPS_send
                0x0000000000000c58       0x2c ./source/main.o
                0x0000000000000c58                GPS_send
 .text.PCprint  0x0000000000000c84       0x28 ./source/main.o
                0x0000000000000c84                PCprint
 .text.startup.main
                0x0000000000000cac      0x414 ./source/main.o
                0x0000000000000cac                main
 .text.LLWU_IRQHandler
                0x00000000000010c0       0x60 ./source/main.o
                0x00000000000010c0                LLWU_IRQHandler
 .text.LPTMR0_IRQHandler
                0x0000000000001120       0x18 ./source/main.o
                0x0000000000001120                LPTMR0_IRQHandler
 .text.LPUART0_IRQHandler
                0x0000000000001138       0x4c ./source/main.o
                0x0000000000001138                LPUART0_IRQHandler
 .text.UART2_FLEXIO_IRQHandler
                0x0000000000001184       0x4c ./source/main.o
                0x0000000000001184                UART2_FLEXIO_IRQHandler
 .text.LPUART1_IRQHandler
                0x00000000000011d0       0x40 ./source/main.o
                0x00000000000011d0                LPUART1_IRQHandler
 .text.assembleMqtt
                0x0000000000001210      0x1ec ./source/nbiot_func.o
                0x0000000000001210                assembleMqtt
 .text.NB_setPin
                0x00000000000013fc       0x40 ./source/nbiot_func.o
                0x00000000000013fc                NB_setPin
 .text.NB_network_status
                0x000000000000143c       0x4c ./source/nbiot_func.o
                0x000000000000143c                NB_network_status
 .text.NB_define_pdp
                0x0000000000001488       0x48 ./source/nbiot_func.o
                0x0000000000001488                NB_define_pdp
 .text.NB_active_pdp
                0x00000000000014d0       0x40 ./source/nbiot_func.o
                0x00000000000014d0                NB_active_pdp
 .text.NB_show_ip
                0x0000000000001510       0x40 ./source/nbiot_func.o
                0x0000000000001510                NB_show_ip
 .text.NB_create_socket
                0x0000000000001550       0x40 ./source/nbiot_func.o
                0x0000000000001550                NB_create_socket
 .text.NB_send_msg
                0x0000000000001590       0x54 ./source/nbiot_func.o
                0x0000000000001590                NB_send_msg
 .text.NB_create_pdp_send
                0x00000000000015e4       0x32 ./source/nbiot_func.o
                0x00000000000015e4                NB_create_pdp_send
 *fill*         0x0000000000001616        0x2 
 .text.millis   0x0000000000001618        0xc ./source/timing.o
                0x0000000000001618                millis
 .text.SysTick_Handler
                0x0000000000001624       0x10 ./source/timing.o
                0x0000000000001624                SysTick_Handler
 .text.delay_ms
                0x0000000000001634       0x14 ./source/timing.o
                0x0000000000001634                delay_ms
 .text.CLOCK_GetLircClkFreq
                0x0000000000001648       0x2c ./drivers/fsl_clock.o
 .text.CLOCK_GetOsc0ErClkFreq
                0x0000000000001674       0x1c ./drivers/fsl_clock.o
                0x0000000000001674                CLOCK_GetOsc0ErClkFreq
 .text.CLOCK_GetEr32kClkFreq
                0x0000000000001690       0x3c ./drivers/fsl_clock.o
                0x0000000000001690                CLOCK_GetEr32kClkFreq
 .text.CLOCK_SetSimConfig
                0x00000000000016cc       0x2c ./drivers/fsl_clock.o
                0x00000000000016cc                CLOCK_SetSimConfig
 .text.CLOCK_GetInternalRefClkFreq
                0x00000000000016f8       0x24 ./drivers/fsl_clock.o
                0x00000000000016f8                CLOCK_GetInternalRefClkFreq
 .text.CLOCK_GetPeriphClkFreq
                0x000000000000171c       0x20 ./drivers/fsl_clock.o
                0x000000000000171c                CLOCK_GetPeriphClkFreq
 .text.CLOCK_GetOutClkFreq
                0x000000000000173c       0x3c ./drivers/fsl_clock.o
                0x000000000000173c                CLOCK_GetOutClkFreq
 .text.CLOCK_GetCoreSysClkFreq
                0x0000000000001778       0x20 ./drivers/fsl_clock.o
                0x0000000000001778                CLOCK_GetCoreSysClkFreq
 .text.CLOCK_GetFreq
                0x0000000000001798       0x78 ./drivers/fsl_clock.o
                0x0000000000001798                CLOCK_GetFreq
 .text.CLOCK_SetMcgliteConfig
                0x0000000000001810       0x90 ./drivers/fsl_clock.o
                0x0000000000001810                CLOCK_SetMcgliteConfig
 .text.DMA_HandleIRQ
                0x00000000000018a0       0x22 ./drivers/fsl_dma.o
                0x00000000000018a0                DMA_HandleIRQ
 *fill*         0x00000000000018c2        0x2 
 .text.DMA0_DriverIRQHandler
                0x00000000000018c4       0x10 ./drivers/fsl_dma.o
                0x00000000000018c4                DMA0_DriverIRQHandler
 .text.DMA1_DriverIRQHandler
                0x00000000000018d4       0x10 ./drivers/fsl_dma.o
                0x00000000000018d4                DMA1_DriverIRQHandler
 .text.DMA2_DriverIRQHandler
                0x00000000000018e4       0x10 ./drivers/fsl_dma.o
                0x00000000000018e4                DMA2_DriverIRQHandler
 .text.DMA3_DriverIRQHandler
                0x00000000000018f4       0x10 ./drivers/fsl_dma.o
                0x00000000000018f4                DMA3_DriverIRQHandler
 .text.FLASH_PflashSetPrefetchSpeculation
                0x0000000000001904       0x50 ./drivers/fsl_flash.o
                0x0000000000001904                FLASH_PflashSetPrefetchSpeculation
 .text.FLEXIO_CommonIRQHandler
                0x0000000000001954       0x34 ./drivers/fsl_flexio.o
                0x0000000000001954                FLEXIO_CommonIRQHandler
 .text.UART2_FLEXIO_DriverIRQHandler
                0x0000000000001988        0x8 ./drivers/fsl_flexio.o
                0x0000000000001988                UART2_FLEXIO_DriverIRQHandler
 .text.GPIO_PinInit
                0x0000000000001990       0x2e ./drivers/fsl_gpio.o
                0x0000000000001990                GPIO_PinInit
 *fill*         0x00000000000019be        0x2 
 .text.I2C_TransferCommonIRQHandler
                0x00000000000019c0       0x28 ./drivers/fsl_i2c.o
 .text.I2C_GetInstance
                0x00000000000019e8       0x20 ./drivers/fsl_i2c.o
                0x00000000000019e8                I2C_GetInstance
 .text.I2C_MasterGetDefaultConfig
                0x0000000000001a08       0x14 ./drivers/fsl_i2c.o
                0x0000000000001a08                I2C_MasterGetDefaultConfig
 .text.I2C_MasterSetBaudRate
                0x0000000000001a1c       0x70 ./drivers/fsl_i2c.o
                0x0000000000001a1c                I2C_MasterSetBaudRate
 .text.I2C_MasterInit
                0x0000000000001a8c       0x84 ./drivers/fsl_i2c.o
                0x0000000000001a8c                I2C_MasterInit
 .text.I2C_MasterStop
                0x0000000000001b10       0x14 ./drivers/fsl_i2c.o
                0x0000000000001b10                I2C_MasterStop
 .text.I2C_MasterGetStatusFlags
                0x0000000000001b24       0x20 ./drivers/fsl_i2c.o
                0x0000000000001b24                I2C_MasterGetStatusFlags
 .text.I2C_MasterStart
                0x0000000000001b44       0x3c ./drivers/fsl_i2c.o
                0x0000000000001b44                I2C_MasterStart
 .text.I2C_MasterRepeatedStart
                0x0000000000001b80       0x5c ./drivers/fsl_i2c.o
                0x0000000000001b80                I2C_MasterRepeatedStart
 .text.I2C0_DriverIRQHandler
                0x0000000000001bdc       0x18 ./drivers/fsl_i2c.o
                0x0000000000001bdc                I2C0_DriverIRQHandler
 .text.I2C1_DriverIRQHandler
                0x0000000000001bf4       0x18 ./drivers/fsl_i2c.o
                0x0000000000001bf4                I2C1_DriverIRQHandler
 .text.LPTMR_Init
                0x0000000000001c0c       0x54 ./drivers/fsl_lptmr.o
                0x0000000000001c0c                LPTMR_Init
 .text.LPTMR_GetDefaultConfig
                0x0000000000001c60       0x14 ./drivers/fsl_lptmr.o
                0x0000000000001c60                LPTMR_GetDefaultConfig
 .text.LPUART_GetInstance
                0x0000000000001c74       0x20 ./drivers/fsl_lpuart.o
                0x0000000000001c74                LPUART_GetInstance
 .text.LPUART_Init
                0x0000000000001c94      0x188 ./drivers/fsl_lpuart.o
                0x0000000000001c94                LPUART_Init
 .text.LPUART_GetDefaultConfig
                0x0000000000001e1c       0x1a ./drivers/fsl_lpuart.o
                0x0000000000001e1c                LPUART_GetDefaultConfig
 .text.LPUART_EnableInterrupts
                0x0000000000001e36       0x1c ./drivers/fsl_lpuart.o
                0x0000000000001e36                LPUART_EnableInterrupts
 *fill*         0x0000000000001e52        0x2 
 .text.LPUART_ClearStatusFlags
                0x0000000000001e54       0x40 ./drivers/fsl_lpuart.o
                0x0000000000001e54                LPUART_ClearStatusFlags
 .text.LPUART0_DriverIRQHandler
                0x0000000000001e94       0x1c ./drivers/fsl_lpuart.o
                0x0000000000001e94                LPUART0_DriverIRQHandler
 .text.LPUART1_DriverIRQHandler
                0x0000000000001eb0       0x1c ./drivers/fsl_lpuart.o
                0x0000000000001eb0                LPUART1_DriverIRQHandler
 .text.I2S0_DriverIRQHandler
                0x0000000000001ecc       0x6c ./drivers/fsl_sai.o
                0x0000000000001ecc                I2S0_DriverIRQHandler
 .text.SMC_PreEnterStopModes
                0x0000000000001f38       0x2c ./drivers/fsl_smc.o
                0x0000000000001f38                SMC_PreEnterStopModes
 .text.SMC_SetPowerModeVlpr
                0x0000000000001f64       0x12 ./drivers/fsl_smc.o
                0x0000000000001f64                SMC_SetPowerModeVlpr
 *fill*         0x0000000000001f76        0x2 
 .text.SMC_SetPowerModeVlls
                0x0000000000001f78       0x5c ./drivers/fsl_smc.o
                0x0000000000001f78                SMC_SetPowerModeVlls
 .text.SPI_CommonIRQHandler
                0x0000000000001fd4       0x28 ./drivers/fsl_spi.o
 .text.SPI0_DriverIRQHandler
                0x0000000000001ffc       0x10 ./drivers/fsl_spi.o
                0x0000000000001ffc                SPI0_DriverIRQHandler
 .text.SPI1_DriverIRQHandler
                0x000000000000200c       0x10 ./drivers/fsl_spi.o
                0x000000000000200c                SPI1_DriverIRQHandler
 .text.UART_GetDefaultConfig
                0x000000000000201c       0x12 ./drivers/fsl_uart.o
                0x000000000000201c                UART_GetDefaultConfig
 *fill*         0x000000000000202e        0x2 
 .text.UART_ClearStatusFlags
                0x0000000000002030       0x34 ./drivers/fsl_uart.o
                0x0000000000002030                UART_ClearStatusFlags
 .text.BOARD_BootClockVLPR
                0x0000000000002064       0x50 ./board/clock_config.o
                0x0000000000002064                BOARD_BootClockVLPR
 .text.BOARD_InitPins
                0x00000000000020b4       0xb8 ./board/pin_mux.o
                0x00000000000020b4                BOARD_InitPins
 .text.SystemInit
                0x000000000000216c       0x24 ./CMSIS/system_MKL17Z4.o
                0x000000000000216c                SystemInit
 .text.atol     0x0000000000002190        0xc /opt/gcc-arm-none-eabi-7-2017-q4-major/bin/../lib/gcc/arm-none-eabi/7.2.1/../../../../arm-none-eabi/lib/thumb/v6-m/libg_nano.a(lib_a-atol.o)
                0x0000000000002190                atol
 .text.exit     0x000000000000219c       0x2c /opt/gcc-arm-none-eabi-7-2017-q4-major/bin/../lib/gcc/arm-none-eabi/7.2.1/../../../../arm-none-eabi/lib/thumb/v6-m/libg_nano.a(lib_a-exit.o)
                0x000000000000219c                exit
 .text.__libc_init_array
                0x00000000000021c8       0x48 /opt/gcc-arm-none-eabi-7-2017-q4-major/bin/../lib/gcc/arm-none-eabi/7.2.1/../../../../arm-none-eabi/lib/thumb/v6-m/libg_nano.a(lib_a-init.o)
                0x00000000000021c8                __libc_init_array
 .text.memcpy   0x0000000000002210       0x12 /opt/gcc-arm-none-eabi-7-2017-q4-major/bin/../lib/gcc/arm-none-eabi/7.2.1/../../../../arm-none-eabi/lib/thumb/v6-m/libg_nano.a(lib_a-memcpy-stub.o)
                0x0000000000002210                memcpy
 .text.memmove  0x0000000000002222       0x26 /opt/gcc-arm-none-eabi-7-2017-q4-major/bin/../lib/gcc/arm-none-eabi/7.2.1/../../../../arm-none-eabi/lib/thumb/v6-m/libg_nano.a(lib_a-memmove.o)
                0x0000000000002222                memmove
 .text.memset   0x0000000000002248       0x10 /opt/gcc-arm-none-eabi-7-2017-q4-major/bin/../lib/gcc/arm-none-eabi/7.2.1/../../../../arm-none-eabi/lib/thumb/v6-m/libg_nano.a(lib_a-memset.o)
                0x0000000000002248                memset
 .text.sprintf  0x0000000000002258       0x40 /opt/gcc-arm-none-eabi-7-2017-q4-major/bin/../lib/gcc/arm-none-eabi/7.2.1/../../../../arm-none-eabi/lib/thumb/v6-m/libg_nano.a(lib_a-sprintf.o)
                0x0000000000002258                sprintf
                0x0000000000002258                siprintf
 .text.strchr   0x0000000000002298       0x1c /opt/gcc-arm-none-eabi-7-2017-q4-major/bin/../lib/gcc/arm-none-eabi/7.2.1/../../../../arm-none-eabi/lib/thumb/v6-m/libg_nano.a(lib_a-strchr.o)
                0x0000000000002298                strchr
 .text.strcpy   0x00000000000022b4       0x10 /opt/gcc-arm-none-eabi-7-2017-q4-major/bin/../lib/gcc/arm-none-eabi/7.2.1/../../../../arm-none-eabi/lib/thumb/v6-m/libg_nano.a(lib_a-strcpy.o)
                0x00000000000022b4                strcpy
 .text.strstr   0x00000000000022c4       0x32 /opt/gcc-arm-none-eabi-7-2017-q4-major/bin/../lib/gcc/arm-none-eabi/7.2.1/../../../../arm-none-eabi/lib/thumb/v6-m/libg_nano.a(lib_a-strstr.o)
                0x00000000000022c4                strstr
 *fill*         0x00000000000022f6        0x2 
 .text._strtol_l.isra.0
                0x00000000000022f8      0x104 /opt/gcc-arm-none-eabi-7-2017-q4-major/bin/../lib/gcc/arm-none-eabi/7.2.1/../../../../arm-none-eabi/lib/thumb/v6-m/libg_nano.a(lib_a-strtol.o)
 .text.strtol   0x00000000000023fc       0x28 /opt/gcc-arm-none-eabi-7-2017-q4-major/bin/../lib/gcc/arm-none-eabi/7.2.1/../../../../arm-none-eabi/lib/thumb/v6-m/libg_nano.a(lib_a-strtol.o)
                0x00000000000023fc                strtol
 .text.__locale_ctype_ptr_l
                0x0000000000002424        0x6 /opt/gcc-arm-none-eabi-7-2017-q4-major/bin/../lib/gcc/arm-none-eabi/7.2.1/../../../../arm-none-eabi/lib/thumb/v6-m/libg_nano.a(lib_a-locale.o)
                0x0000000000002424                __locale_ctype_ptr_l
 .text.__ascii_mbtowc
                0x000000000000242a       0x24 /opt/gcc-arm-none-eabi-7-2017-q4-major/bin/../lib/gcc/arm-none-eabi/7.2.1/../../../../arm-none-eabi/lib/thumb/v6-m/libg_nano.a(lib_a-mbtowc_r.o)
                0x000000000000242a                __ascii_mbtowc
 *fill*         0x000000000000244e        0x2 
 .text._free_r  0x0000000000002450       0x94 /opt/gcc-arm-none-eabi-7-2017-q4-major/bin/../lib/gcc/arm-none-eabi/7.2.1/../../../../arm-none-eabi/lib/thumb/v6-m/libg_nano.a(lib_a-nano-freer.o)
                0x0000000000002450                _free_r
 .text._malloc_r
                0x00000000000024e4       0xbc /opt/gcc-arm-none-eabi-7-2017-q4-major/bin/../lib/gcc/arm-none-eabi/7.2.1/../../../../arm-none-eabi/lib/thumb/v6-m/libg_nano.a(lib_a-nano-mallocr.o)
                0x00000000000024e4                _malloc_r
 .text.__ssputs_r
                0x00000000000025a0       0xc4 /opt/gcc-arm-none-eabi-7-2017-q4-major/bin/../lib/gcc/arm-none-eabi/7.2.1/../../../../arm-none-eabi/lib/thumb/v6-m/libg_nano.a(lib_a-nano-svfprintf.o)
                0x00000000000025a0                __ssputs_r
 .text._svfprintf_r
                0x0000000000002664      0x1fc /opt/gcc-arm-none-eabi-7-2017-q4-major/bin/../lib/gcc/arm-none-eabi/7.2.1/../../../../arm-none-eabi/lib/thumb/v6-m/libg_nano.a(lib_a-nano-svfprintf.o)
                0x0000000000002664                _svfprintf_r
                0x0000000000002664                _svfiprintf_r
 .text._printf_common
                0x0000000000002860       0xda /opt/gcc-arm-none-eabi-7-2017-q4-major/bin/../lib/gcc/arm-none-eabi/7.2.1/../../../../arm-none-eabi/lib/thumb/v6-m/libg_nano.a(lib_a-nano-vfprintf_i.o)
                0x0000000000002860                _printf_common
 *fill*         0x000000000000293a        0x2 
 .text._printf_i
                0x000000000000293c      0x210 /opt/gcc-arm-none-eabi-7-2017-q4-major/bin/../lib/gcc/arm-none-eabi/7.2.1/../../../../arm-none-eabi/lib/thumb/v6-m/libg_nano.a(lib_a-nano-vfprintf_i.o)
                0x000000000000293c                _printf_i
 .text._sbrk_r  0x0000000000002b4c       0x24 /opt/gcc-arm-none-eabi-7-2017-q4-major/bin/../lib/gcc/arm-none-eabi/7.2.1/../../../../arm-none-eabi/lib/thumb/v6-m/libg_nano.a(lib_a-sbrkr.o)
                0x0000000000002b4c                _sbrk_r
 .text.__ascii_wctomb
                0x0000000000002b70       0x18 /opt/gcc-arm-none-eabi-7-2017-q4-major/bin/../lib/gcc/arm-none-eabi/7.2.1/../../../../arm-none-eabi/lib/thumb/v6-m/libg_nano.a(lib_a-wctomb_r.o)
                0x0000000000002b70                __ascii_wctomb
 .text.memchr   0x0000000000002b88       0x16 /opt/gcc-arm-none-eabi-7-2017-q4-major/bin/../lib/gcc/arm-none-eabi/7.2.1/../../../../arm-none-eabi/lib/thumb/v6-m/libg_nano.a(lib_a-memchr-stub.o)
                0x0000000000002b88                memchr
 .text.__malloc_lock
                0x0000000000002b9e        0x2 /opt/gcc-arm-none-eabi-7-2017-q4-major/bin/../lib/gcc/arm-none-eabi/7.2.1/../../../../arm-none-eabi/lib/thumb/v6-m/libg_nano.a(lib_a-mlock.o)
                0x0000000000002b9e                __malloc_lock
 .text.__malloc_unlock
                0x0000000000002ba0        0x2 /opt/gcc-arm-none-eabi-7-2017-q4-major/bin/../lib/gcc/arm-none-eabi/7.2.1/../../../../arm-none-eabi/lib/thumb/v6-m/libg_nano.a(lib_a-mlock.o)
                0x0000000000002ba0                __malloc_unlock
 .text._realloc_r
                0x0000000000002ba2       0x4c /opt/gcc-arm-none-eabi-7-2017-q4-major/bin/../lib/gcc/arm-none-eabi/7.2.1/../../../../arm-none-eabi/lib/thumb/v6-m/libg_nano.a(lib_a-nano-reallocr.o)
                0x0000000000002ba2                _realloc_r
 .text._malloc_usable_size_r
                0x0000000000002bee       0x10 /opt/gcc-arm-none-eabi-7-2017-q4-major/bin/../lib/gcc/arm-none-eabi/7.2.1/../../../../arm-none-eabi/lib/thumb/v6-m/libg_nano.a(lib_a-nano-msizer.o)
                0x0000000000002bee                _malloc_usable_size_r
 *fill*         0x0000000000002bfe        0x2 
 .text._sbrk    0x0000000000002c00       0x1c /opt/gcc-arm-none-eabi-7-2017-q4-major/bin/../lib/gcc/arm-none-eabi/7.2.1/../../../../arm-none-eabi/lib/thumb/v6-m/libnosys.a(sbrk.o)
                0x0000000000002c00                _sbrk
 .text._exit    0x0000000000002c1c        0x4 /opt/gcc-arm-none-eabi-7-2017-q4-major/bin/../lib/gcc/arm-none-eabi/7.2.1/../../../../arm-none-eabi/lib/thumb/v6-m/libnosys.a(_exit.o)
                0x0000000000002c1c                _exit
 *(.rodata)
 .rodata        0x0000000000002c20       0x22 ./source/main.o
 .rodata        0x0000000000002c42        0x2 ./drivers/fsl_smc.o
 *(.rodata*)
 .rodata.AT_send.str1.1
                0x0000000000002c44       0x27 ./source/at_func.o
 .rodata.breakIfAtOk.str1.1
                0x0000000000002c6b        0x3 ./source/at_func.o
 .rodata.str1.1
                0x0000000000002c6e       0x83 ./source/at_func.o
 .rodata.getGPS.str1.1
                0x0000000000002cf1       0x3b ./source/gps_func.o
                                         0x3e (size before relaxing)
 .rodata.parseData.str1.1
                0x0000000000002d2c        0x6 ./source/gps_func.o
 .rodata.LED_configOutput.8156
                0x0000000000002d32        0x2 ./source/main.o
 .rodata.main.str1.1
                0x0000000000002d34      0x1e4 ./source/main.o
                                        0x1eb (size before relaxing)
 .rodata.NB_active_pdp.str1.1
                0x0000000000002f18       0x17 ./source/nbiot_func.o
 .rodata.NB_cops_register.str1.1
                0x0000000000002f2f        0xd ./source/nbiot_func.o
                                         0x13 (size before relaxing)
 .rodata.NB_create_socket.str1.1
                0x0000000000002f3c        0xf ./source/nbiot_func.o
 .rodata.NB_define_pdp.str1.1
                0x0000000000002f4b       0x18 ./source/nbiot_func.o
 .rodata.NB_network_status.str1.1
                0x0000000000002f63       0x17 ./source/nbiot_func.o
 .rodata.NB_reboot.str1.1
                0x0000000000002f7a       0x23 ./source/nbiot_func.o
                                         0x2c (size before relaxing)
 .rodata.NB_send_msg.str1.1
                0x0000000000002f9d       0x25 ./source/nbiot_func.o
 .rodata.NB_setPin.str1.1
                0x0000000000002fc2       0x12 ./source/nbiot_func.o
 .rodata.NB_show_ip.str1.1
                0x0000000000002fd4        0xc ./source/nbiot_func.o
 .rodata.assembleMqtt.str1.1
                0x0000000000002fe0       0x77 ./source/nbiot_func.o
 .rodata.str1.1
                0x0000000000003057       0x26 ./source/nbiot_func.o
 *fill*         0x000000000000307d        0x3 
 .rodata.lircFreqs.5628
                0x0000000000003080        0x8 ./drivers/fsl_clock.o
 .rodata.s_i2cClocks
                0x0000000000003088        0x8 ./drivers/fsl_i2c.o
 .rodata.s_i2cDividerTable
                0x0000000000003090       0x80 ./drivers/fsl_i2c.o
 .rodata.s_lpuartClock
                0x0000000000003110        0x8 ./drivers/fsl_lpuart.o
 .rodata.mcgliteConfig_BOARD_BootClockVLPR
                0x0000000000003118        0x6 ./board/clock_config.o
                0x0000000000003118                mcgliteConfig_BOARD_BootClockVLPR
 *fill*         0x000000000000311e        0x2 
 .rodata.simConfig_BOARD_BootClockVLPR
                0x0000000000003120        0x8 ./board/clock_config.o
                0x0000000000003120                simConfig_BOARD_BootClockVLPR
 .rodata._global_impure_ptr
                0x0000000000003128        0x4 /opt/gcc-arm-none-eabi-7-2017-q4-major/bin/../lib/gcc/arm-none-eabi/7.2.1/../../../../arm-none-eabi/lib/thumb/v6-m/libg_nano.a(lib_a-impure.o)
                0x0000000000003128                _global_impure_ptr
 .rodata.__sf_fake_stderr
                0x000000000000312c       0x20 /opt/gcc-arm-none-eabi-7-2017-q4-major/bin/../lib/gcc/arm-none-eabi/7.2.1/../../../../arm-none-eabi/lib/thumb/v6-m/libg_nano.a(lib_a-findfp.o)
                0x000000000000312c                __sf_fake_stderr
 .rodata.__sf_fake_stdin
                0x000000000000314c       0x20 /opt/gcc-arm-none-eabi-7-2017-q4-major/bin/../lib/gcc/arm-none-eabi/7.2.1/../../../../arm-none-eabi/lib/thumb/v6-m/libg_nano.a(lib_a-findfp.o)
                0x000000000000314c                __sf_fake_stdin
 .rodata.__sf_fake_stdout
                0x000000000000316c       0x20 /opt/gcc-arm-none-eabi-7-2017-q4-major/bin/../lib/gcc/arm-none-eabi/7.2.1/../../../../arm-none-eabi/lib/thumb/v6-m/libg_nano.a(lib_a-findfp.o)
                0x000000000000316c                __sf_fake_stdout
 .rodata._setlocale_r.str1.1
                0x000000000000318c        0x8 /opt/gcc-arm-none-eabi-7-2017-q4-major/bin/../lib/gcc/arm-none-eabi/7.2.1/../../../../arm-none-eabi/lib/thumb/v6-m/libg_nano.a(lib_a-locale.o)
                                          0x9 (size before relaxing)
 .rodata.str1.1
                0x0000000000003194        0x2 /opt/gcc-arm-none-eabi-7-2017-q4-major/bin/../lib/gcc/arm-none-eabi/7.2.1/../../../../arm-none-eabi/lib/thumb/v6-m/libg_nano.a(lib_a-locale.o)
 .rodata._svfprintf_r.str1.1
                0x0000000000003196       0x11 /opt/gcc-arm-none-eabi-7-2017-q4-major/bin/../lib/gcc/arm-none-eabi/7.2.1/../../../../arm-none-eabi/lib/thumb/v6-m/libg_nano.a(lib_a-nano-svfprintf.o)
 .rodata._printf_i.str1.1
                0x00000000000031a7       0x22 /opt/gcc-arm-none-eabi-7-2017-q4-major/bin/../lib/gcc/arm-none-eabi/7.2.1/../../../../arm-none-eabi/lib/thumb/v6-m/libg_nano.a(lib_a-nano-vfprintf_i.o)
 .rodata._ctype_
                0x00000000000031c9      0x101 /opt/gcc-arm-none-eabi-7-2017-q4-major/bin/../lib/gcc/arm-none-eabi/7.2.1/../../../../arm-none-eabi/lib/thumb/v6-m/libg_nano.a(lib_a-ctype_.o)
                0x00000000000031c9                _ctype_
 *(.glue_7)
 .glue_7        0x00000000000032ca        0x0 linker stubs
 *(.glue_7t)
 .glue_7t       0x00000000000032ca        0x0 linker stubs
 *(.eh_frame)
 *fill*         0x00000000000032ca        0x2 
 .eh_frame      0x00000000000032cc        0x0 /opt/gcc-arm-none-eabi-7-2017-q4-major/bin/../lib/gcc/arm-none-eabi/7.2.1/thumb/v6-m/crtbegin.o
 *(.init)
 .init          0x00000000000032cc        0x4 /opt/gcc-arm-none-eabi-7-2017-q4-major/bin/../lib/gcc/arm-none-eabi/7.2.1/thumb/v6-m/crti.o
                0x00000000000032cc                _init
 .init          0x00000000000032d0        0x8 /opt/gcc-arm-none-eabi-7-2017-q4-major/bin/../lib/gcc/arm-none-eabi/7.2.1/thumb/v6-m/crtn.o
 *(.fini)
 .fini          0x00000000000032d8        0x4 /opt/gcc-arm-none-eabi-7-2017-q4-major/bin/../lib/gcc/arm-none-eabi/7.2.1/thumb/v6-m/crti.o
                0x00000000000032d8                _fini
 .fini          0x00000000000032dc        0x8 /opt/gcc-arm-none-eabi-7-2017-q4-major/bin/../lib/gcc/arm-none-eabi/7.2.1/thumb/v6-m/crtn.o
                0x00000000000032e4                . = ALIGN (0x4)

.vfp11_veneer   0x00000000000032e4        0x0
 .vfp11_veneer  0x00000000000032e4        0x0 linker stubs

.v4_bx          0x00000000000032e4        0x0
 .v4_bx         0x00000000000032e4        0x0 linker stubs

.iplt           0x00000000000032e4        0x0
 .iplt          0x00000000000032e4        0x0 /opt/gcc-arm-none-eabi-7-2017-q4-major/bin/../lib/gcc/arm-none-eabi/7.2.1/thumb/v6-m/crtbegin.o

.ARM.extab
 *(.ARM.extab* .gnu.linkonce.armextab.*)

.ARM            0x00000000000032e4        0x8
                0x00000000000032e4                __exidx_start = .
 *(.ARM.exidx*)
 .ARM.exidx     0x00000000000032e4        0x8 /opt/gcc-arm-none-eabi-7-2017-q4-major/bin/../lib/gcc/arm-none-eabi/7.2.1/../../../../arm-none-eabi/lib/thumb/v6-m/crt0.o
                0x00000000000032ec                __exidx_end = .

.rel.dyn        0x00000000000032ec        0x0
 .rel.iplt      0x00000000000032ec        0x0 /opt/gcc-arm-none-eabi-7-2017-q4-major/bin/../lib/gcc/arm-none-eabi/7.2.1/thumb/v6-m/crtbegin.o

.ctors          0x00000000000032ec        0x0
                0x00000000000032ec                __CTOR_LIST__ = .
 *crtbegin.o(.ctors)
 *crtbegin?.o(.ctors)
 *(EXCLUDE_FILE(*crtend.o *crtend?.o) .ctors)
 *(SORT_BY_NAME(.ctors.*))
 *(.ctors)
                0x00000000000032ec                __CTOR_END__ = .

.dtors          0x00000000000032ec        0x0
                0x00000000000032ec                __DTOR_LIST__ = .
 *crtbegin.o(.dtors)
 *crtbegin?.o(.dtors)
 *(EXCLUDE_FILE(*crtend.o *crtend?.o) .dtors)
 *(SORT_BY_NAME(.dtors.*))
 *(.dtors)
                0x00000000000032ec                __DTOR_END__ = .

.preinit_array  0x00000000000032ec        0x0
                0x00000000000032ec                PROVIDE (__preinit_array_start, .)
 *(.preinit_array*)
                0x00000000000032ec                PROVIDE (__preinit_array_end, .)

.init_array     0x00000000000032ec        0x4
                0x00000000000032ec                PROVIDE (__init_array_start, .)
 *(SORT_BY_NAME(.init_array.*))
 *(.init_array*)
 .init_array    0x00000000000032ec        0x4 /opt/gcc-arm-none-eabi-7-2017-q4-major/bin/../lib/gcc/arm-none-eabi/7.2.1/thumb/v6-m/crtbegin.o
                0x00000000000032f0                PROVIDE (__init_array_end, .)

.fini_array     0x00000000000032f0        0x4
                [!provide]                        PROVIDE (__fini_array_start, .)
 *(SORT_BY_NAME(.fini_array.*))
 *(.fini_array*)
 .fini_array    0x00000000000032f0        0x4 /opt/gcc-arm-none-eabi-7-2017-q4-major/bin/../lib/gcc/arm-none-eabi/7.2.1/thumb/v6-m/crtbegin.o
                [!provide]                        PROVIDE (__fini_array_end, .)
                0x00000000000032f4                __etext = .
                0x00000000000032f4                __DATA_ROM = .

.mtb            0x000000001fffe000        0x0
                0x000000001fffe000                . = ALIGN (0x8)
                0x000000001fffe000                _mtb_start = .
 *(.mtb_buf)
                0x000000001fffe000                . = ALIGN (0x8)
                0x000000001fffe000                _mtb_end = .

.data           0x000000001fffe000      0x208 load address 0x00000000000032f4
                0x000000001fffe000                . = ALIGN (0x4)
                0x000000001fffe000                __DATA_RAM = .
                0x000000001fffe000                __data_start__ = .
 *(.data)
 *(.data*)
 .data.AT_CEREG
                0x000000001fffe000        0x4 ./source/at_func.o
                0x000000001fffe000                AT_CEREG
 .data.AT_CGACT
                0x000000001fffe004        0x4 ./source/at_func.o
                0x000000001fffe004                AT_CGACT
 .data.AT_CGDCONT
                0x000000001fffe008        0x4 ./source/at_func.o
                0x000000001fffe008                AT_CGDCONT
 .data.AT_CGPADDR
                0x000000001fffe00c        0x4 ./source/at_func.o
                0x000000001fffe00c                AT_CGPADDR
 .data.AT_NPIN  0x000000001fffe010        0x4 ./source/at_func.o
                0x000000001fffe010                AT_NPIN
 .data.AT_NSOCR
                0x000000001fffe014        0x4 ./source/at_func.o
                0x000000001fffe014                AT_NSOCR
 .data.AT_NSOST
                0x000000001fffe018        0x4 ./source/at_func.o
                0x000000001fffe018                AT_NSOST
 .data.moduleResponseTimeout
                0x000000001fffe01c        0x4 ./source/main.o
                0x000000001fffe01c                moduleResponseTimeout
 .data.wake     0x000000001fffe020        0x1 ./source/main.o
                0x000000001fffe020                wake
 *fill*         0x000000001fffe021        0x3 
 .data.client_id
                0x000000001fffe024        0x4 ./source/nbiot_func.o
                0x000000001fffe024                client_id
 .data.passwd   0x000000001fffe028        0x4 ./source/nbiot_func.o
                0x000000001fffe028                passwd
 .data.topic    0x000000001fffe02c        0x4 ./source/nbiot_func.o
                0x000000001fffe02c                topic
 .data.username
                0x000000001fffe030        0x4 ./source/nbiot_func.o
                0x000000001fffe030                username
 .data.SystemCoreClock
                0x000000001fffe034        0x4 ./CMSIS/system_MKL17Z4.o
                0x000000001fffe034                SystemCoreClock
 .data._impure_ptr
                0x000000001fffe038        0x4 /opt/gcc-arm-none-eabi-7-2017-q4-major/bin/../lib/gcc/arm-none-eabi/7.2.1/../../../../arm-none-eabi/lib/thumb/v6-m/libg_nano.a(lib_a-impure.o)
                0x000000001fffe038                _impure_ptr
 .data.impure_data
                0x000000001fffe03c       0x60 /opt/gcc-arm-none-eabi-7-2017-q4-major/bin/../lib/gcc/arm-none-eabi/7.2.1/../../../../arm-none-eabi/lib/thumb/v6-m/libg_nano.a(lib_a-impure.o)
 .data.__global_locale
                0x000000001fffe09c      0x16c /opt/gcc-arm-none-eabi-7-2017-q4-major/bin/../lib/gcc/arm-none-eabi/7.2.1/../../../../arm-none-eabi/lib/thumb/v6-m/libg_nano.a(lib_a-locale.o)
                0x000000001fffe09c                __global_locale
 *(.jcr*)
                0x000000001fffe208                . = ALIGN (0x4)
                0x000000001fffe208                __data_end__ = .
                0x00000000000034fc                __DATA_END = (__DATA_ROM + (__data_end__ - __data_start__))
                0x0000000000040000                text_end = (ORIGIN (m_text) + LENGTH (m_text))
                0x0000000000000001                ASSERT ((__DATA_END <= text_end), region m_text overflowed with text and data)

.igot.plt       0x000000001fffe208        0x0 load address 0x00000000000034fc
 .igot.plt      0x000000001fffe208        0x0 /opt/gcc-arm-none-eabi-7-2017-q4-major/bin/../lib/gcc/arm-none-eabi/7.2.1/thumb/v6-m/crtbegin.o

.bss            0x000000001fffe208      0x7bc load address 0x00000000000034fc
                0x000000001fffe208                . = ALIGN (0x4)
                0x000000001fffe208                __START_BSS = .
                0x000000001fffe208                __bss_start__ = .
 *(.bss)
 .bss           0x000000001fffe208       0x1c /opt/gcc-arm-none-eabi-7-2017-q4-major/bin/../lib/gcc/arm-none-eabi/7.2.1/thumb/v6-m/crtbegin.o
 *(.bss*)
 .bss.GPS_bufPtr
                0x000000001fffe224        0x2 ./source/main.o
                0x000000001fffe224                GPS_bufPtr
 .bss.GPS_strReady
                0x000000001fffe226        0x1 ./source/main.o
                0x000000001fffe226                GPS_strReady
 *fill*         0x000000001fffe227        0x1 
 .bss.NB_bufPtr
                0x000000001fffe228        0x2 ./source/main.o
                0x000000001fffe228                NB_bufPtr
 .bss.NB_strReady
                0x000000001fffe22a        0x1 ./source/main.o
                0x000000001fffe22a                NB_strReady
 *fill*         0x000000001fffe22b        0x1 
 .bss.PC_bufPtr
                0x000000001fffe22c        0x2 ./source/main.o
                0x000000001fffe22c                PC_bufPtr
 .bss.PC_recBuf
                0x000000001fffe22e      0x1f4 ./source/main.o
 .bss.PC_strReady
                0x000000001fffe422        0x1 ./source/main.o
                0x000000001fffe422                PC_strReady
 .bss.streamGps
                0x000000001fffe423        0x1 ./source/main.o
                0x000000001fffe423                streamGps
 .bss.jsonMessage.5854
                0x000000001fffe424       0x96 ./source/nbiot_func.o
 *fill*         0x000000001fffe4ba        0x2 
 .bss.ticks     0x000000001fffe4bc        0x4 ./source/timing.o
                0x000000001fffe4bc                ticks
 .bss.s_DMAHandle
                0x000000001fffe4c0       0x10 ./drivers/fsl_dma.o
 .bss.s_flexioHandle
                0x000000001fffe4d0        0x8 ./drivers/fsl_flexio.o
 .bss.s_flexioIsr
                0x000000001fffe4d8        0x8 ./drivers/fsl_flexio.o
 .bss.s_flexioType
                0x000000001fffe4e0        0x8 ./drivers/fsl_flexio.o
 .bss.s_i2cHandle
                0x000000001fffe4e8        0x8 ./drivers/fsl_i2c.o
 .bss.s_i2cMasterIsr
                0x000000001fffe4f0        0x4 ./drivers/fsl_i2c.o
 .bss.s_i2cSlaveIsr
                0x000000001fffe4f4        0x4 ./drivers/fsl_i2c.o
 .bss.s_lpuartHandle
                0x000000001fffe4f8        0x8 ./drivers/fsl_lpuart.o
 .bss.s_lpuartIsr
                0x000000001fffe500        0x4 ./drivers/fsl_lpuart.o
 .bss.s_saiRxIsr
                0x000000001fffe504        0x4 ./drivers/fsl_sai.o
 .bss.s_saiTxIsr
                0x000000001fffe508        0x4 ./drivers/fsl_sai.o
 .bss.g_savedPrimask
                0x000000001fffe50c        0x4 ./drivers/fsl_smc.o
 .bss.s_spiHandle
                0x000000001fffe510        0x8 ./drivers/fsl_spi.o
 .bss.s_spiMasterIsr
                0x000000001fffe518        0x4 ./drivers/fsl_spi.o
 .bss.s_spiSlaveIsr
                0x000000001fffe51c        0x4 ./drivers/fsl_spi.o
 .bss.__malloc_free_list
                0x000000001fffe520        0x4 /opt/gcc-arm-none-eabi-7-2017-q4-major/bin/../lib/gcc/arm-none-eabi/7.2.1/../../../../arm-none-eabi/lib/thumb/v6-m/libg_nano.a(lib_a-nano-mallocr.o)
                0x000000001fffe520                __malloc_free_list
 .bss.__malloc_sbrk_start
                0x000000001fffe524        0x4 /opt/gcc-arm-none-eabi-7-2017-q4-major/bin/../lib/gcc/arm-none-eabi/7.2.1/../../../../arm-none-eabi/lib/thumb/v6-m/libg_nano.a(lib_a-nano-mallocr.o)
                0x000000001fffe524                __malloc_sbrk_start
 .bss.heap_end.4102
                0x000000001fffe528        0x4 /opt/gcc-arm-none-eabi-7-2017-q4-major/bin/../lib/gcc/arm-none-eabi/7.2.1/../../../../arm-none-eabi/lib/thumb/v6-m/libnosys.a(sbrk.o)
 *(COMMON)
 COMMON         0x000000001fffe52c      0x481 ./source/main.o
                0x000000001fffe52c                GPS_recBuf
                0x000000001fffe784                parsedLat
                0x000000001fffe794                uart_config
                0x000000001fffe79c                parsedLon
                0x000000001fffe7ac                ms_ticks
                0x000000001fffe7b0                NB_recBuf
                0x000000001fffe9a4                smc_power_mode_vlls_config
                0x000000001fffe9a6                lptmr_config
 COMMON         0x000000001fffe9ad        0x1 ./source/nbiot_func.o
                0x000000001fffe9ad                res
 *fill*         0x000000001fffe9ae        0x2 
 COMMON         0x000000001fffe9b0        0x8 ./drivers/fsl_clock.o
                0x000000001fffe9b0                g_xtal32Freq
                0x000000001fffe9b4                g_xtal0Freq
 COMMON         0x000000001fffe9b8        0x8 ./drivers/fsl_sai.o
                0x000000001fffe9b8                s_saiHandle
 COMMON         0x000000001fffe9c0        0x4 /opt/gcc-arm-none-eabi-7-2017-q4-major/bin/../lib/gcc/arm-none-eabi/7.2.1/../../../../arm-none-eabi/lib/thumb/v6-m/libg_nano.a(lib_a-reent.o)
                0x000000001fffe9c0                errno
                0x000000001fffe9c4                . = ALIGN (0x4)
                0x000000001fffe9c4                __bss_end__ = .
                0x000000001fffe9c4                __END_BSS = .

.heap           0x000000001fffe9c4      0x404 load address 0x0000000000003cb8
                0x000000001fffe9c8                . = ALIGN (0x8)
 *fill*         0x000000001fffe9c4        0x4 
                0x000000001fffe9c8                __end__ = .
                0x000000001fffe9c8                PROVIDE (end, .)
                0x000000001fffe9c8                __HeapBase = .
                0x000000001fffedc8                . = (. + HEAP_SIZE)
 *fill*         0x000000001fffe9c8      0x400 
                0x000000001fffedc8                __HeapLimit = .
                0x000000001fffedc8                __heap_limit = .

.stack          0x000000001fffedc8      0x400 load address 0x00000000000040bc
                0x000000001fffedc8                . = ALIGN (0x8)
                0x000000001ffff1c8                . = (. + STACK_SIZE)
 *fill*         0x000000001fffedc8      0x400 
                0x0000000020006000                __StackTop = (ORIGIN (m_data) + LENGTH (m_data))
                0x0000000020005c00                __StackLimit = (__StackTop - STACK_SIZE)
                0x0000000020006000                PROVIDE (__stack, __StackTop)

.ARM.attributes
                0x0000000000000000       0x28
 *(.ARM.attributes)
 .ARM.attributes
                0x0000000000000000       0x1e /opt/gcc-arm-none-eabi-7-2017-q4-major/bin/../lib/gcc/arm-none-eabi/7.2.1/thumb/v6-m/crti.o
 .ARM.attributes
                0x000000000000001e       0x2c /opt/gcc-arm-none-eabi-7-2017-q4-major/bin/../lib/gcc/arm-none-eabi/7.2.1/thumb/v6-m/crtbegin.o
 .ARM.attributes
                0x000000000000004a       0x1b /opt/gcc-arm-none-eabi-7-2017-q4-major/bin/../lib/gcc/arm-none-eabi/7.2.1/../../../../arm-none-eabi/lib/thumb/v6-m/crt0.o
 .ARM.attributes
                0x0000000000000065       0x1b ./startup/startup_MKL17Z4.o
 .ARM.attributes
                0x0000000000000080       0x32 ./source/acc_func.o
 .ARM.attributes
                0x00000000000000b2       0x32 ./source/at_func.o
 .ARM.attributes
                0x00000000000000e4       0x32 ./source/gps_func.o
 .ARM.attributes
                0x0000000000000116       0x32 ./source/i2c_func.o
 .ARM.attributes
                0x0000000000000148       0x32 ./source/main.o
 .ARM.attributes
                0x000000000000017a       0x32 ./source/nbiot_func.o
 .ARM.attributes
                0x00000000000001ac       0x32 ./source/timing.o
 .ARM.attributes
                0x00000000000001de       0x32 ./drivers/fsl_clock.o
 .ARM.attributes
                0x0000000000000210       0x32 ./drivers/fsl_dma.o
 .ARM.attributes
                0x0000000000000242       0x32 ./drivers/fsl_flash.o
 .ARM.attributes
                0x0000000000000274       0x32 ./drivers/fsl_flexio.o
 .ARM.attributes
                0x00000000000002a6       0x32 ./drivers/fsl_gpio.o
 .ARM.attributes
                0x00000000000002d8       0x32 ./drivers/fsl_i2c.o
 .ARM.attributes
                0x000000000000030a       0x32 ./drivers/fsl_lptmr.o
 .ARM.attributes
                0x000000000000033c       0x32 ./drivers/fsl_lpuart.o
 .ARM.attributes
                0x000000000000036e       0x32 ./drivers/fsl_sai.o
 .ARM.attributes
                0x00000000000003a0       0x32 ./drivers/fsl_smc.o
 .ARM.attributes
                0x00000000000003d2       0x32 ./drivers/fsl_spi.o
 .ARM.attributes
                0x0000000000000404       0x32 ./drivers/fsl_uart.o
 .ARM.attributes
                0x0000000000000436       0x32 ./board/clock_config.o
 .ARM.attributes
                0x0000000000000468       0x32 ./board/pin_mux.o
 .ARM.attributes
                0x000000000000049a       0x32 ./CMSIS/system_MKL17Z4.o
 .ARM.attributes
                0x00000000000004cc       0x1e /opt/gcc-arm-none-eabi-7-2017-q4-major/bin/../lib/gcc/arm-none-eabi/7.2.1/thumb/v6-m/libgcc.a(_thumb1_case_uqi.o)
 .ARM.attributes
                0x00000000000004ea       0x1e /opt/gcc-arm-none-eabi-7-2017-q4-major/bin/../lib/gcc/arm-none-eabi/7.2.1/thumb/v6-m/libgcc.a(_udivsi3.o)
 .ARM.attributes
                0x0000000000000508       0x1e /opt/gcc-arm-none-eabi-7-2017-q4-major/bin/../lib/gcc/arm-none-eabi/7.2.1/thumb/v6-m/libgcc.a(_dvmd_tls.o)
 .ARM.attributes
                0x0000000000000526       0x2c /opt/gcc-arm-none-eabi-7-2017-q4-major/bin/../lib/gcc/arm-none-eabi/7.2.1/../../../../arm-none-eabi/lib/thumb/v6-m/libg_nano.a(lib_a-atol.o)
 .ARM.attributes
                0x0000000000000552       0x2c /opt/gcc-arm-none-eabi-7-2017-q4-major/bin/../lib/gcc/arm-none-eabi/7.2.1/../../../../arm-none-eabi/lib/thumb/v6-m/libg_nano.a(lib_a-exit.o)
 .ARM.attributes
                0x000000000000057e       0x2c /opt/gcc-arm-none-eabi-7-2017-q4-major/bin/../lib/gcc/arm-none-eabi/7.2.1/../../../../arm-none-eabi/lib/thumb/v6-m/libg_nano.a(lib_a-impure.o)
 .ARM.attributes
                0x00000000000005aa       0x2c /opt/gcc-arm-none-eabi-7-2017-q4-major/bin/../lib/gcc/arm-none-eabi/7.2.1/../../../../arm-none-eabi/lib/thumb/v6-m/libg_nano.a(lib_a-init.o)
 .ARM.attributes
                0x00000000000005d6       0x2c /opt/gcc-arm-none-eabi-7-2017-q4-major/bin/../lib/gcc/arm-none-eabi/7.2.1/../../../../arm-none-eabi/lib/thumb/v6-m/libg_nano.a(lib_a-memcpy-stub.o)
 .ARM.attributes
                0x0000000000000602       0x2c /opt/gcc-arm-none-eabi-7-2017-q4-major/bin/../lib/gcc/arm-none-eabi/7.2.1/../../../../arm-none-eabi/lib/thumb/v6-m/libg_nano.a(lib_a-memmove.o)
 .ARM.attributes
                0x000000000000062e       0x2c /opt/gcc-arm-none-eabi-7-2017-q4-major/bin/../lib/gcc/arm-none-eabi/7.2.1/../../../../arm-none-eabi/lib/thumb/v6-m/libg_nano.a(lib_a-memset.o)
 .ARM.attributes
                0x000000000000065a       0x2c /opt/gcc-arm-none-eabi-7-2017-q4-major/bin/../lib/gcc/arm-none-eabi/7.2.1/../../../../arm-none-eabi/lib/thumb/v6-m/libg_nano.a(lib_a-sprintf.o)
 .ARM.attributes
                0x0000000000000686       0x2c /opt/gcc-arm-none-eabi-7-2017-q4-major/bin/../lib/gcc/arm-none-eabi/7.2.1/../../../../arm-none-eabi/lib/thumb/v6-m/libg_nano.a(lib_a-strchr.o)
 .ARM.attributes
                0x00000000000006b2       0x2c /opt/gcc-arm-none-eabi-7-2017-q4-major/bin/../lib/gcc/arm-none-eabi/7.2.1/../../../../arm-none-eabi/lib/thumb/v6-m/libg_nano.a(lib_a-strcpy.o)
 .ARM.attributes
                0x00000000000006de       0x1c /opt/gcc-arm-none-eabi-7-2017-q4-major/bin/../lib/gcc/arm-none-eabi/7.2.1/../../../../arm-none-eabi/lib/thumb/v6-m/libg_nano.a(lib_a-strlen.o)
 .ARM.attributes
                0x00000000000006fa       0x2c /opt/gcc-arm-none-eabi-7-2017-q4-major/bin/../lib/gcc/arm-none-eabi/7.2.1/../../../../arm-none-eabi/lib/thumb/v6-m/libg_nano.a(lib_a-strstr.o)
 .ARM.attributes
                0x0000000000000726       0x2c /opt/gcc-arm-none-eabi-7-2017-q4-major/bin/../lib/gcc/arm-none-eabi/7.2.1/../../../../arm-none-eabi/lib/thumb/v6-m/libg_nano.a(lib_a-strtol.o)
 .ARM.attributes
                0x0000000000000752       0x2c /opt/gcc-arm-none-eabi-7-2017-q4-major/bin/../lib/gcc/arm-none-eabi/7.2.1/../../../../arm-none-eabi/lib/thumb/v6-m/libg_nano.a(lib_a-findfp.o)
 .ARM.attributes
                0x000000000000077e       0x2c /opt/gcc-arm-none-eabi-7-2017-q4-major/bin/../lib/gcc/arm-none-eabi/7.2.1/../../../../arm-none-eabi/lib/thumb/v6-m/libg_nano.a(lib_a-locale.o)
 .ARM.attributes
                0x00000000000007aa       0x2c /opt/gcc-arm-none-eabi-7-2017-q4-major/bin/../lib/gcc/arm-none-eabi/7.2.1/../../../../arm-none-eabi/lib/thumb/v6-m/libg_nano.a(lib_a-mbtowc_r.o)
 .ARM.attributes
                0x00000000000007d6       0x2c /opt/gcc-arm-none-eabi-7-2017-q4-major/bin/../lib/gcc/arm-none-eabi/7.2.1/../../../../arm-none-eabi/lib/thumb/v6-m/libg_nano.a(lib_a-nano-freer.o)
 .ARM.attributes
                0x0000000000000802       0x2c /opt/gcc-arm-none-eabi-7-2017-q4-major/bin/../lib/gcc/arm-none-eabi/7.2.1/../../../../arm-none-eabi/lib/thumb/v6-m/libg_nano.a(lib_a-nano-mallocr.o)
 .ARM.attributes
                0x000000000000082e       0x2c /opt/gcc-arm-none-eabi-7-2017-q4-major/bin/../lib/gcc/arm-none-eabi/7.2.1/../../../../arm-none-eabi/lib/thumb/v6-m/libg_nano.a(lib_a-nano-svfprintf.o)
 .ARM.attributes
                0x000000000000085a       0x2c /opt/gcc-arm-none-eabi-7-2017-q4-major/bin/../lib/gcc/arm-none-eabi/7.2.1/../../../../arm-none-eabi/lib/thumb/v6-m/libg_nano.a(lib_a-nano-vfprintf_i.o)
 .ARM.attributes
                0x0000000000000886       0x2c /opt/gcc-arm-none-eabi-7-2017-q4-major/bin/../lib/gcc/arm-none-eabi/7.2.1/../../../../arm-none-eabi/lib/thumb/v6-m/libg_nano.a(lib_a-sbrkr.o)
 .ARM.attributes
                0x00000000000008b2       0x2c /opt/gcc-arm-none-eabi-7-2017-q4-major/bin/../lib/gcc/arm-none-eabi/7.2.1/../../../../arm-none-eabi/lib/thumb/v6-m/libg_nano.a(lib_a-wctomb_r.o)
 .ARM.attributes
                0x00000000000008de       0x2c /opt/gcc-arm-none-eabi-7-2017-q4-major/bin/../lib/gcc/arm-none-eabi/7.2.1/../../../../arm-none-eabi/lib/thumb/v6-m/libg_nano.a(lib_a-ctype_.o)
 .ARM.attributes
                0x000000000000090a       0x2c /opt/gcc-arm-none-eabi-7-2017-q4-major/bin/../lib/gcc/arm-none-eabi/7.2.1/../../../../arm-none-eabi/lib/thumb/v6-m/libg_nano.a(lib_a-memchr-stub.o)
 .ARM.attributes
                0x0000000000000936       0x2c /opt/gcc-arm-none-eabi-7-2017-q4-major/bin/../lib/gcc/arm-none-eabi/7.2.1/../../../../arm-none-eabi/lib/thumb/v6-m/libg_nano.a(lib_a-mlock.o)
 .ARM.attributes
                0x0000000000000962       0x2c /opt/gcc-arm-none-eabi-7-2017-q4-major/bin/../lib/gcc/arm-none-eabi/7.2.1/../../../../arm-none-eabi/lib/thumb/v6-m/libg_nano.a(lib_a-nano-reallocr.o)
 .ARM.attributes
                0x000000000000098e       0x2c /opt/gcc-arm-none-eabi-7-2017-q4-major/bin/../lib/gcc/arm-none-eabi/7.2.1/../../../../arm-none-eabi/lib/thumb/v6-m/libg_nano.a(lib_a-reent.o)
 .ARM.attributes
                0x00000000000009ba       0x2c /opt/gcc-arm-none-eabi-7-2017-q4-major/bin/../lib/gcc/arm-none-eabi/7.2.1/../../../../arm-none-eabi/lib/thumb/v6-m/libg_nano.a(lib_a-nano-msizer.o)
 .ARM.attributes
                0x00000000000009e6       0x2c /opt/gcc-arm-none-eabi-7-2017-q4-major/bin/../lib/gcc/arm-none-eabi/7.2.1/../../../../arm-none-eabi/lib/thumb/v6-m/libnosys.a(sbrk.o)
 .ARM.attributes
                0x0000000000000a12       0x2c /opt/gcc-arm-none-eabi-7-2017-q4-major/bin/../lib/gcc/arm-none-eabi/7.2.1/../../../../arm-none-eabi/lib/thumb/v6-m/libnosys.a(_exit.o)
 .ARM.attributes
                0x0000000000000a3e       0x1e /opt/gcc-arm-none-eabi-7-2017-q4-major/bin/../lib/gcc/arm-none-eabi/7.2.1/thumb/v6-m/crtn.o
                0x0000000000000001                ASSERT ((__StackLimit >= __HeapLimit), region m_data overflowed with stack and heap)
OUTPUT(poroIoT.elf elf32-littlearm)

.debug_line     0x0000000000000000     0x5c14
 .debug_line    0x0000000000000000       0xce ./startup/startup_MKL17Z4.o
 .debug_line    0x00000000000000ce      0x1de ./source/acc_func.o
 .debug_line    0x00000000000002ac      0x231 ./source/at_func.o
 .debug_line    0x00000000000004dd      0x2df ./source/gps_func.o
 .debug_line    0x00000000000007bc      0x294 ./source/i2c_func.o
 .debug_line    0x0000000000000a50      0x69b ./source/main.o
 .debug_line    0x00000000000010eb      0x44c ./source/nbiot_func.o
 .debug_line    0x0000000000001537      0x132 ./source/timing.o
 .debug_line    0x0000000000001669      0x3b3 ./drivers/fsl_clock.o
 .debug_line    0x0000000000001a1c      0x3d3 ./drivers/fsl_dma.o
 .debug_line    0x0000000000001def      0x6e6 ./drivers/fsl_flash.o
 .debug_line    0x00000000000024d5      0x36d ./drivers/fsl_flexio.o
 .debug_line    0x0000000000002842      0x29c ./drivers/fsl_gpio.o
 .debug_line    0x0000000000002ade      0x94a ./drivers/fsl_i2c.o
 .debug_line    0x0000000000003428      0x243 ./drivers/fsl_lptmr.o
 .debug_line    0x000000000000366b      0x637 ./drivers/fsl_lpuart.o
 .debug_line    0x0000000000003ca2      0x8fe ./drivers/fsl_sai.o
 .debug_line    0x00000000000045a0      0x3ca ./drivers/fsl_smc.o
 .debug_line    0x000000000000496a      0x6ef ./drivers/fsl_spi.o
 .debug_line    0x0000000000005059      0x631 ./drivers/fsl_uart.o
 .debug_line    0x000000000000568a      0x256 ./board/clock_config.o
 .debug_line    0x00000000000058e0      0x1f1 ./board/pin_mux.o
 .debug_line    0x0000000000005ad1      0x143 ./CMSIS/system_MKL17Z4.o

.debug_info     0x0000000000000000    0x1f5c4
 .debug_info    0x0000000000000000       0x9d ./startup/startup_MKL17Z4.o
 .debug_info    0x000000000000009d      0xaea ./source/acc_func.o
 .debug_info    0x0000000000000b87      0xca9 ./source/at_func.o
 .debug_info    0x0000000000001830      0xe00 ./source/gps_func.o
 .debug_info    0x0000000000002630      0xf23 ./source/i2c_func.o
 .debug_info    0x0000000000003553     0x3319 ./source/main.o
 .debug_info    0x000000000000686c     0x159f ./source/nbiot_func.o
 .debug_info    0x0000000000007e0b      0x114 ./source/timing.o
 .debug_info    0x0000000000007f1f     0x156e ./drivers/fsl_clock.o
 .debug_info    0x000000000000948d     0x1694 ./drivers/fsl_dma.o
 .debug_info    0x000000000000ab21     0x283d ./drivers/fsl_flash.o
 .debug_info    0x000000000000d35e     0x17fd ./drivers/fsl_flexio.o
 .debug_info    0x000000000000eb5b     0x10c7 ./drivers/fsl_gpio.o
 .debug_info    0x000000000000fc22     0x29b7 ./drivers/fsl_i2c.o
 .debug_info    0x00000000000125d9      0xd91 ./drivers/fsl_lptmr.o
 .debug_info    0x000000000001336a     0x204b ./drivers/fsl_lpuart.o
 .debug_info    0x00000000000153b5     0x271c ./drivers/fsl_sai.o
 .debug_info    0x0000000000017ad1     0x1251 ./drivers/fsl_smc.o
 .debug_info    0x0000000000018d22     0x2265 ./drivers/fsl_spi.o
 .debug_info    0x000000000001af87     0x2246 ./drivers/fsl_uart.o
 .debug_info    0x000000000001d1cd     0x118b ./board/clock_config.o
 .debug_info    0x000000000001e358      0xe37 ./board/pin_mux.o
 .debug_info    0x000000000001f18f      0x435 ./CMSIS/system_MKL17Z4.o

.debug_abbrev   0x0000000000000000     0x4b8f
 .debug_abbrev  0x0000000000000000       0x14 ./startup/startup_MKL17Z4.o
 .debug_abbrev  0x0000000000000014      0x225 ./source/acc_func.o
 .debug_abbrev  0x0000000000000239      0x2b0 ./source/at_func.o
 .debug_abbrev  0x00000000000004e9      0x2da ./source/gps_func.o
 .debug_abbrev  0x00000000000007c3      0x31f ./source/i2c_func.o
 .debug_abbrev  0x0000000000000ae2      0x525 ./source/main.o
 .debug_abbrev  0x0000000000001007      0x327 ./source/nbiot_func.o
 .debug_abbrev  0x000000000000132e       0xcd ./source/timing.o
 .debug_abbrev  0x00000000000013fb      0x469 ./drivers/fsl_clock.o
 .debug_abbrev  0x0000000000001864      0x3f5 ./drivers/fsl_dma.o
 .debug_abbrev  0x0000000000001c59      0x43a ./drivers/fsl_flash.o
 .debug_abbrev  0x0000000000002093      0x357 ./drivers/fsl_flexio.o
 .debug_abbrev  0x00000000000023ea      0x30d ./drivers/fsl_gpio.o
 .debug_abbrev  0x00000000000026f7      0x512 ./drivers/fsl_i2c.o
 .debug_abbrev  0x0000000000002c09      0x2af ./drivers/fsl_lptmr.o
 .debug_abbrev  0x0000000000002eb8      0x480 ./drivers/fsl_lpuart.o
 .debug_abbrev  0x0000000000003338      0x4e5 ./drivers/fsl_sai.o
 .debug_abbrev  0x000000000000381d      0x3ab ./drivers/fsl_smc.o
 .debug_abbrev  0x0000000000003bc8      0x4b8 ./drivers/fsl_spi.o
 .debug_abbrev  0x0000000000004080      0x4a1 ./drivers/fsl_uart.o
 .debug_abbrev  0x0000000000004521      0x2b2 ./board/clock_config.o
 .debug_abbrev  0x00000000000047d3      0x2a9 ./board/pin_mux.o
 .debug_abbrev  0x0000000000004a7c      0x113 ./CMSIS/system_MKL17Z4.o

.debug_aranges  0x0000000000000000      0xb70
 .debug_aranges
                0x0000000000000000       0x20 ./startup/startup_MKL17Z4.o
 .debug_aranges
                0x0000000000000020       0x30 ./source/acc_func.o
 .debug_aranges
                0x0000000000000050       0x30 ./source/at_func.o
 .debug_aranges
                0x0000000000000080       0x38 ./source/gps_func.o
 .debug_aranges
                0x00000000000000b8       0x30 ./source/i2c_func.o
 .debug_aranges
                0x00000000000000e8       0x70 ./source/main.o
 .debug_aranges
                0x0000000000000158       0x98 ./source/nbiot_func.o
 .debug_aranges
                0x00000000000001f0       0x30 ./source/timing.o
 .debug_aranges
                0x0000000000000220       0x88 ./drivers/fsl_clock.o
 .debug_aranges
                0x00000000000002a8       0x98 ./drivers/fsl_dma.o
 .debug_aranges
                0x0000000000000340      0x110 ./drivers/fsl_flash.o
 .debug_aranges
                0x0000000000000450       0x78 ./drivers/fsl_flexio.o
 .debug_aranges
                0x00000000000004c8       0x48 ./drivers/fsl_gpio.o
 .debug_aranges
                0x0000000000000510      0x118 ./drivers/fsl_i2c.o
 .debug_aranges
                0x0000000000000628       0x30 ./drivers/fsl_lptmr.o
 .debug_aranges
                0x0000000000000658       0xe8 ./drivers/fsl_lpuart.o
 .debug_aranges
                0x0000000000000740      0x138 ./drivers/fsl_sai.o
 .debug_aranges
                0x0000000000000878       0x70 ./drivers/fsl_smc.o
 .debug_aranges
                0x00000000000008e8      0x120 ./drivers/fsl_spi.o
 .debug_aranges
                0x0000000000000a08       0xe8 ./drivers/fsl_uart.o
 .debug_aranges
                0x0000000000000af0       0x30 ./board/clock_config.o
 .debug_aranges
                0x0000000000000b20       0x28 ./board/pin_mux.o
 .debug_aranges
                0x0000000000000b48       0x28 ./CMSIS/system_MKL17Z4.o

.debug_loc      0x0000000000000000     0xa8af
 .debug_loc     0x0000000000000000      0x18c ./source/acc_func.o
 .debug_loc     0x000000000000018c       0xf4 ./source/at_func.o
 .debug_loc     0x0000000000000280      0x3ea ./source/gps_func.o
 .debug_loc     0x000000000000066a      0x180 ./source/i2c_func.o
 .debug_loc     0x00000000000007ea      0x691 ./source/main.o
 .debug_loc     0x0000000000000e7b      0x7e3 ./source/nbiot_func.o
 .debug_loc     0x000000000000165e       0x21 ./source/timing.o
 .debug_loc     0x000000000000167f      0x324 ./drivers/fsl_clock.o
 .debug_loc     0x00000000000019a3      0x585 ./drivers/fsl_dma.o
 .debug_loc     0x0000000000001f28     0x1670 ./drivers/fsl_flash.o
 .debug_loc     0x0000000000003598      0x3b2 ./drivers/fsl_flexio.o
 .debug_loc     0x000000000000394a      0x48c ./drivers/fsl_gpio.o
 .debug_loc     0x0000000000003dd6     0x1d9e ./drivers/fsl_i2c.o
 .debug_loc     0x0000000000005b74       0x81 ./drivers/fsl_lptmr.o
 .debug_loc     0x0000000000005bf5     0x10c8 ./drivers/fsl_lpuart.o
 .debug_loc     0x0000000000006cbd     0x189c ./drivers/fsl_sai.o
 .debug_loc     0x0000000000008559      0x253 ./drivers/fsl_smc.o
 .debug_loc     0x00000000000087ac      0xf6c ./drivers/fsl_spi.o
 .debug_loc     0x0000000000009718      0xdf4 ./drivers/fsl_uart.o
 .debug_loc     0x000000000000a50c       0x2d ./board/clock_config.o
 .debug_loc     0x000000000000a539      0x348 ./board/pin_mux.o
 .debug_loc     0x000000000000a881       0x2e ./CMSIS/system_MKL17Z4.o

.debug_ranges   0x0000000000000000     0x1298
 .debug_ranges  0x0000000000000000       0x20 ./source/acc_func.o
 .debug_ranges  0x0000000000000020       0x20 ./source/at_func.o
 .debug_ranges  0x0000000000000040       0x60 ./source/gps_func.o
 .debug_ranges  0x00000000000000a0       0x58 ./source/i2c_func.o
 .debug_ranges  0x00000000000000f8      0x238 ./source/main.o
 .debug_ranges  0x0000000000000330       0xa0 ./source/nbiot_func.o
 .debug_ranges  0x00000000000003d0       0x20 ./source/timing.o
 .debug_ranges  0x00000000000003f0       0xd8 ./drivers/fsl_clock.o
 .debug_ranges  0x00000000000004c8       0xe8 ./drivers/fsl_dma.o
 .debug_ranges  0x00000000000005b0      0x1f8 ./drivers/fsl_flash.o
 .debug_ranges  0x00000000000007a8       0xb8 ./drivers/fsl_flexio.o
 .debug_ranges  0x0000000000000860       0x68 ./drivers/fsl_gpio.o
 .debug_ranges  0x00000000000008c8      0x230 ./drivers/fsl_i2c.o
 .debug_ranges  0x0000000000000af8       0x60 ./drivers/fsl_lptmr.o
 .debug_ranges  0x0000000000000b58       0xf0 ./drivers/fsl_lpuart.o
 .debug_ranges  0x0000000000000c48      0x2c0 ./drivers/fsl_sai.o
 .debug_ranges  0x0000000000000f08       0x60 ./drivers/fsl_smc.o
 .debug_ranges  0x0000000000000f68      0x160 ./drivers/fsl_spi.o
 .debug_ranges  0x00000000000010c8       0xf0 ./drivers/fsl_uart.o
 .debug_ranges  0x00000000000011b8       0x50 ./board/clock_config.o
 .debug_ranges  0x0000000000001208       0x78 ./board/pin_mux.o
 .debug_ranges  0x0000000000001280       0x18 ./CMSIS/system_MKL17Z4.o

.debug_str      0x0000000000000000     0x906f
 .debug_str     0x0000000000000000      0x5b0 ./source/acc_func.o
                                        0x640 (size before relaxing)
 .debug_str     0x00000000000005b0      0x26f ./source/at_func.o
                                        0x711 (size before relaxing)
 .debug_str     0x000000000000081f      0x161 ./source/gps_func.o
                                        0x7ba (size before relaxing)
 .debug_str     0x0000000000000980      0x52b ./source/i2c_func.o
                                        0xb0b (size before relaxing)
 .debug_str     0x0000000000000eab     0x2150 ./source/main.o
                                       0x2bb5 (size before relaxing)
 .debug_str     0x0000000000002ffb      0x1b8 ./source/nbiot_func.o
                                        0x8f4 (size before relaxing)
 .debug_str     0x00000000000031b3       0x29 ./source/timing.o
                                        0x1eb (size before relaxing)
 .debug_str     0x00000000000031dc      0x287 ./drivers/fsl_clock.o
                                       0x13b8 (size before relaxing)
 .debug_str     0x0000000000003463      0x754 ./drivers/fsl_dma.o
                                       0x1217 (size before relaxing)
 .debug_str     0x0000000000003bb7     0x155e ./drivers/fsl_flash.o
                                       0x2261 (size before relaxing)
 .debug_str     0x0000000000005115     0x11d7 ./drivers/fsl_flexio.o
                                       0x2020 (size before relaxing)
 .debug_str     0x00000000000062ec       0xcd ./drivers/fsl_gpio.o
                                        0xd59 (size before relaxing)
 .debug_str     0x00000000000063b9      0xa07 ./drivers/fsl_i2c.o
                                       0x1c7c (size before relaxing)
 .debug_str     0x0000000000006dc0       0x51 ./drivers/fsl_lptmr.o
                                        0xc42 (size before relaxing)
 .debug_str     0x0000000000006e11      0x6a5 ./drivers/fsl_lpuart.o
                                       0x1813 (size before relaxing)
 .debug_str     0x00000000000074b6      0xa28 ./drivers/fsl_sai.o
                                       0x15c6 (size before relaxing)
 .debug_str     0x0000000000007ede      0x25d ./drivers/fsl_smc.o
                                       0x10b3 (size before relaxing)
 .debug_str     0x000000000000813b      0x8f6 ./drivers/fsl_spi.o
                                       0x19f8 (size before relaxing)
 .debug_str     0x0000000000008a31      0x43e ./drivers/fsl_uart.o
                                       0x1b29 (size before relaxing)
 .debug_str     0x0000000000008e6f      0x18b ./board/clock_config.o
                                       0x1226 (size before relaxing)
 .debug_str     0x0000000000008ffa       0x26 ./board/pin_mux.o
                                        0x8e1 (size before relaxing)
 .debug_str     0x0000000000009020       0x4f ./CMSIS/system_MKL17Z4.o
                                        0x362 (size before relaxing)

.comment        0x0000000000000000       0xfd
 .comment       0x0000000000000000       0x7f ./source/acc_func.o
                                         0x80 (size before relaxing)
 .comment       0x000000000000007f       0x7e ./source/at_func.o
                                         0x7f (size before relaxing)
 .comment       0x00000000000000fd       0x80 ./source/gps_func.o
 .comment       0x00000000000000fd       0x80 ./source/i2c_func.o
 .comment       0x00000000000000fd       0x7f ./source/main.o
 .comment       0x00000000000000fd       0x7f ./source/nbiot_func.o
 .comment       0x00000000000000fd       0x80 ./source/timing.o
 .comment       0x00000000000000fd       0x80 ./drivers/fsl_clock.o
 .comment       0x00000000000000fd       0x80 ./drivers/fsl_dma.o
 .comment       0x00000000000000fd       0x80 ./drivers/fsl_flash.o
 .comment       0x00000000000000fd       0x80 ./drivers/fsl_flexio.o
 .comment       0x00000000000000fd       0x80 ./drivers/fsl_gpio.o
 .comment       0x00000000000000fd       0x80 ./drivers/fsl_i2c.o
 .comment       0x00000000000000fd       0x80 ./drivers/fsl_lptmr.o
 .comment       0x00000000000000fd       0x80 ./drivers/fsl_lpuart.o
 .comment       0x00000000000000fd       0x80 ./drivers/fsl_sai.o
 .comment       0x00000000000000fd       0x80 ./drivers/fsl_smc.o
 .comment       0x00000000000000fd       0x80 ./drivers/fsl_spi.o
 .comment       0x00000000000000fd       0x80 ./drivers/fsl_uart.o
 .comment       0x00000000000000fd       0x7f ./board/clock_config.o
 .comment       0x00000000000000fd       0x7f ./board/pin_mux.o
 .comment       0x00000000000000fd       0x80 ./CMSIS/system_MKL17Z4.o

.debug_frame    0x0000000000000000     0x24fc
 .debug_frame   0x0000000000000000       0x5c ./source/acc_func.o
 .debug_frame   0x000000000000005c       0x60 ./source/at_func.o
 .debug_frame   0x00000000000000bc       0x78 ./source/gps_func.o
 .debug_frame   0x0000000000000134       0x64 ./source/i2c_func.o
 .debug_frame   0x0000000000000198      0x12c ./source/main.o
 .debug_frame   0x00000000000002c4      0x1b4 ./source/nbiot_func.o
 .debug_frame   0x0000000000000478       0x40 ./source/timing.o
 .debug_frame   0x00000000000004b8      0x174 ./drivers/fsl_clock.o
 .debug_frame   0x000000000000062c      0x180 ./drivers/fsl_dma.o
 .debug_frame   0x00000000000007ac      0x32c ./drivers/fsl_flash.o
 .debug_frame   0x0000000000000ad8      0x160 ./drivers/fsl_flexio.o
 .debug_frame   0x0000000000000c38       0x80 ./drivers/fsl_gpio.o
 .debug_frame   0x0000000000000cb8      0x360 ./drivers/fsl_i2c.o
 .debug_frame   0x0000000000001018       0x4c ./drivers/fsl_lptmr.o
 .debug_frame   0x0000000000001064      0x26c ./drivers/fsl_lpuart.o
 .debug_frame   0x00000000000012d0      0x3a4 ./drivers/fsl_sai.o
 .debug_frame   0x0000000000001674       0xf8 ./drivers/fsl_smc.o
 .debug_frame   0x000000000000176c      0x354 ./drivers/fsl_spi.o
 .debug_frame   0x0000000000001ac0      0x264 ./drivers/fsl_uart.o
 .debug_frame   0x0000000000001d24       0x64 ./board/clock_config.o
 .debug_frame   0x0000000000001d88       0x3c ./board/pin_mux.o
 .debug_frame   0x0000000000001dc4       0x38 ./CMSIS/system_MKL17Z4.o
 .debug_frame   0x0000000000001dfc       0x20 /opt/gcc-arm-none-eabi-7-2017-q4-major/bin/../lib/gcc/arm-none-eabi/7.2.1/thumb/v6-m/libgcc.a(_udivsi3.o)
 .debug_frame   0x0000000000001e1c       0x40 /opt/gcc-arm-none-eabi-7-2017-q4-major/bin/../lib/gcc/arm-none-eabi/7.2.1/../../../../arm-none-eabi/lib/thumb/v6-m/libg_nano.a(lib_a-atol.o)
 .debug_frame   0x0000000000001e5c       0x28 /opt/gcc-arm-none-eabi-7-2017-q4-major/bin/../lib/gcc/arm-none-eabi/7.2.1/../../../../arm-none-eabi/lib/thumb/v6-m/libg_nano.a(lib_a-exit.o)
 .debug_frame   0x0000000000001e84       0x2c /opt/gcc-arm-none-eabi-7-2017-q4-major/bin/../lib/gcc/arm-none-eabi/7.2.1/../../../../arm-none-eabi/lib/thumb/v6-m/libg_nano.a(lib_a-init.o)
 .debug_frame   0x0000000000001eb0       0x28 /opt/gcc-arm-none-eabi-7-2017-q4-major/bin/../lib/gcc/arm-none-eabi/7.2.1/../../../../arm-none-eabi/lib/thumb/v6-m/libg_nano.a(lib_a-memcpy-stub.o)
 .debug_frame   0x0000000000001ed8       0x28 /opt/gcc-arm-none-eabi-7-2017-q4-major/bin/../lib/gcc/arm-none-eabi/7.2.1/../../../../arm-none-eabi/lib/thumb/v6-m/libg_nano.a(lib_a-memmove.o)
 .debug_frame   0x0000000000001f00       0x20 /opt/gcc-arm-none-eabi-7-2017-q4-major/bin/../lib/gcc/arm-none-eabi/7.2.1/../../../../arm-none-eabi/lib/thumb/v6-m/libg_nano.a(lib_a-memset.o)
 .debug_frame   0x0000000000001f20       0x48 /opt/gcc-arm-none-eabi-7-2017-q4-major/bin/../lib/gcc/arm-none-eabi/7.2.1/../../../../arm-none-eabi/lib/thumb/v6-m/libg_nano.a(lib_a-sprintf.o)
 .debug_frame   0x0000000000001f68       0x20 /opt/gcc-arm-none-eabi-7-2017-q4-major/bin/../lib/gcc/arm-none-eabi/7.2.1/../../../../arm-none-eabi/lib/thumb/v6-m/libg_nano.a(lib_a-strchr.o)
 .debug_frame   0x0000000000001f88       0x20 /opt/gcc-arm-none-eabi-7-2017-q4-major/bin/../lib/gcc/arm-none-eabi/7.2.1/../../../../arm-none-eabi/lib/thumb/v6-m/libg_nano.a(lib_a-strcpy.o)
 .debug_frame   0x0000000000001fa8       0x28 /opt/gcc-arm-none-eabi-7-2017-q4-major/bin/../lib/gcc/arm-none-eabi/7.2.1/../../../../arm-none-eabi/lib/thumb/v6-m/libg_nano.a(lib_a-strstr.o)
 .debug_frame   0x0000000000001fd0       0x88 /opt/gcc-arm-none-eabi-7-2017-q4-major/bin/../lib/gcc/arm-none-eabi/7.2.1/../../../../arm-none-eabi/lib/thumb/v6-m/libg_nano.a(lib_a-strtol.o)
 .debug_frame   0x0000000000002058      0x140 /opt/gcc-arm-none-eabi-7-2017-q4-major/bin/../lib/gcc/arm-none-eabi/7.2.1/../../../../arm-none-eabi/lib/thumb/v6-m/libg_nano.a(lib_a-findfp.o)
 .debug_frame   0x0000000000002198       0x74 /opt/gcc-arm-none-eabi-7-2017-q4-major/bin/../lib/gcc/arm-none-eabi/7.2.1/../../../../arm-none-eabi/lib/thumb/v6-m/libg_nano.a(lib_a-locale.o)
 .debug_frame   0x000000000000220c       0x44 /opt/gcc-arm-none-eabi-7-2017-q4-major/bin/../lib/gcc/arm-none-eabi/7.2.1/../../../../arm-none-eabi/lib/thumb/v6-m/libg_nano.a(lib_a-mbtowc_r.o)
 .debug_frame   0x0000000000002250       0x2c /opt/gcc-arm-none-eabi-7-2017-q4-major/bin/../lib/gcc/arm-none-eabi/7.2.1/../../../../arm-none-eabi/lib/thumb/v6-m/libg_nano.a(lib_a-nano-freer.o)
 .debug_frame   0x000000000000227c       0x2c /opt/gcc-arm-none-eabi-7-2017-q4-major/bin/../lib/gcc/arm-none-eabi/7.2.1/../../../../arm-none-eabi/lib/thumb/v6-m/libg_nano.a(lib_a-nano-mallocr.o)
 .debug_frame   0x00000000000022a8       0x74 /opt/gcc-arm-none-eabi-7-2017-q4-major/bin/../lib/gcc/arm-none-eabi/7.2.1/../../../../arm-none-eabi/lib/thumb/v6-m/libg_nano.a(lib_a-nano-svfprintf.o)
 .debug_frame   0x000000000000231c       0x54 /opt/gcc-arm-none-eabi-7-2017-q4-major/bin/../lib/gcc/arm-none-eabi/7.2.1/../../../../arm-none-eabi/lib/thumb/v6-m/libg_nano.a(lib_a-nano-vfprintf_i.o)
 .debug_frame   0x0000000000002370       0x2c /opt/gcc-arm-none-eabi-7-2017-q4-major/bin/../lib/gcc/arm-none-eabi/7.2.1/../../../../arm-none-eabi/lib/thumb/v6-m/libg_nano.a(lib_a-sbrkr.o)
 .debug_frame   0x000000000000239c       0x38 /opt/gcc-arm-none-eabi-7-2017-q4-major/bin/../lib/gcc/arm-none-eabi/7.2.1/../../../../arm-none-eabi/lib/thumb/v6-m/libg_nano.a(lib_a-wctomb_r.o)
 .debug_frame   0x00000000000023d4       0x20 /opt/gcc-arm-none-eabi-7-2017-q4-major/bin/../lib/gcc/arm-none-eabi/7.2.1/../../../../arm-none-eabi/lib/thumb/v6-m/libg_nano.a(lib_a-memchr-stub.o)
 .debug_frame   0x00000000000023f4       0x30 /opt/gcc-arm-none-eabi-7-2017-q4-major/bin/../lib/gcc/arm-none-eabi/7.2.1/../../../../arm-none-eabi/lib/thumb/v6-m/libg_nano.a(lib_a-mlock.o)
 .debug_frame   0x0000000000002424       0x30 /opt/gcc-arm-none-eabi-7-2017-q4-major/bin/../lib/gcc/arm-none-eabi/7.2.1/../../../../arm-none-eabi/lib/thumb/v6-m/libg_nano.a(lib_a-nano-reallocr.o)
 .debug_frame   0x0000000000002454       0x48 /opt/gcc-arm-none-eabi-7-2017-q4-major/bin/../lib/gcc/arm-none-eabi/7.2.1/../../../../arm-none-eabi/lib/thumb/v6-m/libg_nano.a(lib_a-reent.o)
 .debug_frame   0x000000000000249c       0x20 /opt/gcc-arm-none-eabi-7-2017-q4-major/bin/../lib/gcc/arm-none-eabi/7.2.1/../../../../arm-none-eabi/lib/thumb/v6-m/libg_nano.a(lib_a-nano-msizer.o)
 .debug_frame   0x00000000000024bc       0x20 /opt/gcc-arm-none-eabi-7-2017-q4-major/bin/../lib/gcc/arm-none-eabi/7.2.1/../../../../arm-none-eabi/lib/thumb/v6-m/libnosys.a(sbrk.o)
 .debug_frame   0x00000000000024dc       0x20 /opt/gcc-arm-none-eabi-7-2017-q4-major/bin/../lib/gcc/arm-none-eabi/7.2.1/../../../../arm-none-eabi/lib/thumb/v6-m/libnosys.a(_exit.o)

.stabstr        0x0000000000000000       0xe3
 .stabstr       0x0000000000000000       0xe3 /opt/gcc-arm-none-eabi-7-2017-q4-major/bin/../lib/gcc/arm-none-eabi/7.2.1/../../../../arm-none-eabi/lib/thumb/v6-m/libnosys.a(close.o)
