Archive member included to satisfy reference by file (symbol)

/usr/local/gcc-arm-none-eabi-6-2017-q2-update/bin/../lib/gcc/arm-none-eabi/6.3.1/thumb/v6-m/libgcc.a(_thumb1_case_sqi.o)
                              ./drivers/fsl_i2c.o (__gnu_thumb1_case_sqi)
/usr/local/gcc-arm-none-eabi-6-2017-q2-update/bin/../lib/gcc/arm-none-eabi/6.3.1/thumb/v6-m/libgcc.a(_thumb1_case_uqi.o)
                              ./utilities/fsl_shell.o (__gnu_thumb1_case_uqi)
/usr/local/gcc-arm-none-eabi-6-2017-q2-update/bin/../lib/gcc/arm-none-eabi/6.3.1/thumb/v6-m/libgcc.a(_udivsi3.o)
                              ./utilities/fsl_str.o (__aeabi_uidiv)
/usr/local/gcc-arm-none-eabi-6-2017-q2-update/bin/../lib/gcc/arm-none-eabi/6.3.1/thumb/v6-m/libgcc.a(_divsi3.o)
                              ./utilities/fsl_str.o (__aeabi_idiv)
/usr/local/gcc-arm-none-eabi-6-2017-q2-update/bin/../lib/gcc/arm-none-eabi/6.3.1/thumb/v6-m/libgcc.a(_dvmd_tls.o)
                              /usr/local/gcc-arm-none-eabi-6-2017-q2-update/bin/../lib/gcc/arm-none-eabi/6.3.1/thumb/v6-m/libgcc.a(_udivsi3.o) (__aeabi_idiv0)
/usr/local/gcc-arm-none-eabi-6-2017-q2-update/bin/../lib/gcc/arm-none-eabi/6.3.1/../../../../arm-none-eabi/lib/thumb/v6-m/libg_nano.a(lib_a-atol.o)
                              ./source/gps_func.o (atol)
/usr/local/gcc-arm-none-eabi-6-2017-q2-update/bin/../lib/gcc/arm-none-eabi/6.3.1/../../../../arm-none-eabi/lib/thumb/v6-m/libg_nano.a(lib_a-exit.o)
                              /usr/local/gcc-arm-none-eabi-6-2017-q2-update/bin/../lib/gcc/arm-none-eabi/6.3.1/../../../../arm-none-eabi/lib/thumb/v6-m/crt0.o (exit)
/usr/local/gcc-arm-none-eabi-6-2017-q2-update/bin/../lib/gcc/arm-none-eabi/6.3.1/../../../../arm-none-eabi/lib/thumb/v6-m/libg_nano.a(lib_a-impure.o)
                              /usr/local/gcc-arm-none-eabi-6-2017-q2-update/bin/../lib/gcc/arm-none-eabi/6.3.1/../../../../arm-none-eabi/lib/thumb/v6-m/libg_nano.a(lib_a-exit.o) (_global_impure_ptr)
/usr/local/gcc-arm-none-eabi-6-2017-q2-update/bin/../lib/gcc/arm-none-eabi/6.3.1/../../../../arm-none-eabi/lib/thumb/v6-m/libg_nano.a(lib_a-init.o)
                              /usr/local/gcc-arm-none-eabi-6-2017-q2-update/bin/../lib/gcc/arm-none-eabi/6.3.1/../../../../arm-none-eabi/lib/thumb/v6-m/crt0.o (__libc_init_array)
/usr/local/gcc-arm-none-eabi-6-2017-q2-update/bin/../lib/gcc/arm-none-eabi/6.3.1/../../../../arm-none-eabi/lib/thumb/v6-m/libg_nano.a(lib_a-memcmp.o)
                              ./source/ubx_func.o (memcmp)
/usr/local/gcc-arm-none-eabi-6-2017-q2-update/bin/../lib/gcc/arm-none-eabi/6.3.1/../../../../arm-none-eabi/lib/thumb/v6-m/libg_nano.a(lib_a-memcpy-stub.o)
                              ./source/nbiot_func.o (memcpy)
/usr/local/gcc-arm-none-eabi-6-2017-q2-update/bin/../lib/gcc/arm-none-eabi/6.3.1/../../../../arm-none-eabi/lib/thumb/v6-m/libg_nano.a(lib_a-memmove.o)
                              ./utilities/fsl_shell.o (memmove)
/usr/local/gcc-arm-none-eabi-6-2017-q2-update/bin/../lib/gcc/arm-none-eabi/6.3.1/../../../../arm-none-eabi/lib/thumb/v6-m/libg_nano.a(lib_a-memset.o)
                              /usr/local/gcc-arm-none-eabi-6-2017-q2-update/bin/../lib/gcc/arm-none-eabi/6.3.1/../../../../arm-none-eabi/lib/thumb/v6-m/crt0.o (memset)
/usr/local/gcc-arm-none-eabi-6-2017-q2-update/bin/../lib/gcc/arm-none-eabi/6.3.1/../../../../arm-none-eabi/lib/thumb/v6-m/libg_nano.a(lib_a-printf.o)
                              ./source/adc_func.o (printf)
/usr/local/gcc-arm-none-eabi-6-2017-q2-update/bin/../lib/gcc/arm-none-eabi/6.3.1/../../../../arm-none-eabi/lib/thumb/v6-m/libg_nano.a(lib_a-puts.o)
                              ./source/gps_func.o (puts)
/usr/local/gcc-arm-none-eabi-6-2017-q2-update/bin/../lib/gcc/arm-none-eabi/6.3.1/../../../../arm-none-eabi/lib/thumb/v6-m/libg_nano.a(lib_a-sprintf.o)
                              ./source/at_func.o (sprintf)
/usr/local/gcc-arm-none-eabi-6-2017-q2-update/bin/../lib/gcc/arm-none-eabi/6.3.1/../../../../arm-none-eabi/lib/thumb/v6-m/libg_nano.a(lib_a-strchr.o)
                              ./source/gps_func.o (strchr)
/usr/local/gcc-arm-none-eabi-6-2017-q2-update/bin/../lib/gcc/arm-none-eabi/6.3.1/../../../../arm-none-eabi/lib/thumb/v6-m/libg_nano.a(lib_a-strcpy.o)
                              ./source/gps_func.o (strcpy)
/usr/local/gcc-arm-none-eabi-6-2017-q2-update/bin/../lib/gcc/arm-none-eabi/6.3.1/../../../../arm-none-eabi/lib/thumb/v6-m/libg_nano.a(lib_a-strlen.o)
                              ./utilities/fsl_str.o (strlen)
/usr/local/gcc-arm-none-eabi-6-2017-q2-update/bin/../lib/gcc/arm-none-eabi/6.3.1/../../../../arm-none-eabi/lib/thumb/v6-m/libg_nano.a(lib_a-strstr.o)
                              ./source/at_func.o (strstr)
/usr/local/gcc-arm-none-eabi-6-2017-q2-update/bin/../lib/gcc/arm-none-eabi/6.3.1/../../../../arm-none-eabi/lib/thumb/v6-m/libg_nano.a(lib_a-strtol.o)
[...]
Memory Configuration

Name             Origin             Length             Attributes
m_interrupts     0x0000000000000000 0x0000000000000200 xr
m_flash_config   0x0000000000000400 0x0000000000000010 xr
m_text           0x0000000000000410 0x000000000003fbf0 xr
m_data           0x000000001fffe000 0x0000000000008000 rw
*default*        0x0000000000000000 0xffffffffffffffff

Linker script and memory map

LOAD /usr/local/gcc-arm-none-eabi-6-2017-q2-update/bin/../lib/gcc/arm-none-eabi/6.3.1/thumb/v6-m/crti.o
LOAD /usr/local/gcc-arm-none-eabi-6-2017-q2-update/bin/../lib/gcc/arm-none-eabi/6.3.1/thumb/v6-m/crtbegin.o
LOAD /usr/local/gcc-arm-none-eabi-6-2017-q2-update/bin/../lib/gcc/arm-none-eabi/6.3.1/../../../../arm-none-eabi/lib/thumb/v6-m/crt0.o
LOAD ./utilities/fsl_assert.o
LOAD ./utilities/fsl_debug_console.o
LOAD ./utilities/fsl_io.o
LOAD ./utilities/fsl_log.o
LOAD ./utilities/fsl_notifier.o
LOAD ./utilities/fsl_shell.o
LOAD ./utilities/fsl_str.o
LOAD ./startup/startup_MKL17Z4.o
LOAD ./source/acc_func.o
LOAD ./source/adc_func.o
LOAD ./source/at_func.o
LOAD ./source/gps_func.o
LOAD ./source/i2c_func.o
LOAD ./source/main.o
LOAD ./source/nbiot_func.o
LOAD ./source/timing.o
LOAD ./source/ubx_func.o
LOAD ./drivers/fsl_adc16.o
LOAD ./drivers/fsl_clock.o
LOAD ./drivers/fsl_cmp.o
LOAD ./drivers/fsl_common.o
LOAD ./drivers/fsl_cop.o
LOAD ./drivers/fsl_dac.o
LOAD ./drivers/fsl_dma.o
LOAD ./drivers/fsl_dmamux.o
LOAD ./drivers/fsl_flash.o
LOAD ./drivers/fsl_flexio.o
LOAD ./drivers/fsl_flexio_i2c_master.o
LOAD ./drivers/fsl_flexio_i2s.o
LOAD ./drivers/fsl_flexio_i2s_dma.o
LOAD ./drivers/fsl_flexio_uart.o
LOAD ./drivers/fsl_flexio_uart_dma.o
LOAD ./drivers/fsl_gpio.o
LOAD ./drivers/fsl_i2c.o
LOAD ./drivers/fsl_i2c_dma.o
LOAD ./drivers/fsl_llwu.o
LOAD ./drivers/fsl_lptmr.o
LOAD ./drivers/fsl_lpuart.o
LOAD ./drivers/fsl_lpuart_dma.o
LOAD ./drivers/fsl_pit.o
LOAD ./drivers/fsl_pmc.o
LOAD ./drivers/fsl_rcm.o
LOAD ./drivers/fsl_rtc.o
LOAD ./drivers/fsl_sai.o
LOAD ./drivers/fsl_sai_dma.o
LOAD ./drivers/fsl_sim.o
LOAD ./drivers/fsl_smc.o
LOAD ./drivers/fsl_spi.o
LOAD ./drivers/fsl_spi_dma.o
LOAD ./drivers/fsl_tpm.o
LOAD ./drivers/fsl_uart.o
LOAD ./drivers/fsl_uart_dma.o
LOAD ./drivers/fsl_vref.o
LOAD ./board/board.o
LOAD ./board/clock_config.o
LOAD ./board/peripherals.o
LOAD ./board/pin_mux.o
LOAD ./CMSIS/system_MKL17Z4.o
LOAD /usr/local/gcc-arm-none-eabi-6-2017-q2-update/bin/../lib/gcc/arm-none-eabi/6.3.1/../../../../arm-none-eabi/lib/thumb/v6-m/libstdc++_nano.a
LOAD /usr/local/gcc-arm-none-eabi-6-2017-q2-update/bin/../lib/gcc/arm-none-eabi/6.3.1/../../../../arm-none-eabi/lib/thumb/v6-m/libm.a
START GROUP
LOAD /usr/local/gcc-arm-none-eabi-6-2017-q2-update/bin/../lib/gcc/arm-none-eabi/6.3.1/thumb/v6-m/libgcc.a
LOAD /usr/local/gcc-arm-none-eabi-6-2017-q2-update/bin/../lib/gcc/arm-none-eabi/6.3.1/../../../../arm-none-eabi/lib/thumb/v6-m/libg_nano.a
LOAD /usr/local/gcc-arm-none-eabi-6-2017-q2-update/bin/../lib/gcc/arm-none-eabi/6.3.1/../../../../arm-none-eabi/lib/thumb/v6-m/libc_nano.a
END GROUP
START GROUP
LOAD /usr/local/gcc-arm-none-eabi-6-2017-q2-update/bin/../lib/gcc/arm-none-eabi/6.3.1/thumb/v6-m/libgcc.a
LOAD /usr/local/gcc-arm-none-eabi-6-2017-q2-update/bin/../lib/gcc/arm-none-eabi/6.3.1/../../../../arm-none-eabi/lib/thumb/v6-m/libc_nano.a
LOAD /usr/local/gcc-arm-none-eabi-6-2017-q2-update/bin/../lib/gcc/arm-none-eabi/6.3.1/../../../../arm-none-eabi/lib/thumb/v6-m/libnosys.a
END GROUP
START GROUP
LOAD /usr/local/gcc-arm-none-eabi-6-2017-q2-update/bin/../lib/gcc/arm-none-eabi/6.3.1/thumb/v6-m/libgcc.a
LOAD /usr/local/gcc-arm-none-eabi-6-2017-q2-update/bin/../lib/gcc/arm-none-eabi/6.3.1/../../../../arm-none-eabi/lib/thumb/v6-m/libc_nano.a
LOAD /usr/local/gcc-arm-none-eabi-6-2017-q2-update/bin/../lib/gcc/arm-none-eabi/6.3.1/../../../../arm-none-eabi/lib/thumb/v6-m/libnosys.a
END GROUP
LOAD /usr/local/gcc-arm-none-eabi-6-2017-q2-update/bin/../lib/gcc/arm-none-eabi/6.3.1/thumb/v6-m/crtend.o
LOAD /usr/local/gcc-arm-none-eabi-6-2017-q2-update/bin/../lib/gcc/arm-none-eabi/6.3.1/thumb/v6-m/crtn.o
                0x0000000000000400                HEAP_SIZE = DEFINED (__heap_size__)?__heap_size__:0x400
                0x0000000000000400                STACK_SIZE = DEFINED (__stack_size__)?__stack_size__:0x400

.interrupts     0x0000000000000000       0xc0
                0x0000000000000000                . = ALIGN (0x4)
 *(.isr_vector)
 .isr_vector    0x0000000000000000       0xc0 ./startup/startup_MKL17Z4.o
                0x0000000000000000                __isr_vector
                0x00000000000000c0                . = ALIGN (0x4)

.flash_config   0x0000000000000400       0x10
                0x0000000000000400                . = ALIGN (0x4)
 *(.FlashConfig)
 .FlashConfig   0x0000000000000400       0x10 ./startup/startup_MKL17Z4.o
                0x0000000000000410                . = ALIGN (0x4)

.text           0x0000000000000410      0xdb4
                0x0000000000000410                . = ALIGN (0x4)
 *(.text)
 .text          0x0000000000000410       0x60 /usr/local/gcc-arm-none-eabi-6-2017-q2-update/bin/../lib/gcc/arm-none-eabi/6.3.1/thumb/v6-m/crtbegin.o
 .text          0x0000000000000470       0x78 /usr/local/gcc-arm-none-eabi-6-2017-q2-update/bin/../lib/gcc/arm-none-eabi/6.3.1/../../../../arm-none-eabi/lib/thumb/v6-m/crt0.o
                0x0000000000000470                _mainCRTStartup
                0x0000000000000470                _start
 .text          0x00000000000004e8       0xd8 ./startup/startup_MKL17Z4.o
                0x00000000000004e8                Reset_Handler
                0x0000000000000530                PORTC_PORTD_IRQHandler
                0x0000000000000530                TPM0_IRQHandler
                0x0000000000000530                Reserved42_IRQHandler
                0x0000000000000530                ADC0_IRQHandler
                0x0000000000000530                DefaultISR
                0x0000000000000530                TPM2_IRQHandler
                0x0000000000000530                Reserved43_IRQHandler
                0x0000000000000530                RTC_IRQHandler
                0x0000000000000530                RTC_Seconds_IRQHandler
                0x0000000000000530                Reserved20_IRQHandler
                0x0000000000000530                PIT_IRQHandler
                0x0000000000000530                DAC0_IRQHandler
                0x0000000000000530                Reserved45_IRQHandler
                0x0000000000000530                PMC_IRQHandler
                0x0000000000000530                TPM1_IRQHandler
                0x0000000000000530                PORTA_IRQHandler
                0x0000000000000530                FTFA_IRQHandler
                0x0000000000000530                Reserved40_IRQHandler
                0x0000000000000530                CMP0_IRQHandler
                0x0000000000000534                NMI_Handler
                0x0000000000000538                HardFault_Handler
                0x000000000000053c                SVC_Handler
                0x0000000000000540                PendSV_Handler
                0x0000000000000548                DMA0_IRQHandler
                0x000000000000054c                DMA1_IRQHandler
                0x0000000000000550                DMA2_IRQHandler
                0x0000000000000554                DMA3_IRQHandler
                0x0000000000000558                I2C0_IRQHandler
                0x000000000000055c                I2C1_IRQHandler
                0x0000000000000560                SPI0_IRQHandler
                0x0000000000000564                SPI1_IRQHandler
                0x0000000000000574                I2S0_IRQHandler
 .text          0x00000000000005c0      0x114 /usr/local/gcc-arm-none-eabi-6-2017-q2-update/bin/../lib/gcc/arm-none-eabi/6.3.1/thumb/v6-m/libgcc.a(_udivsi3.o)
                0x00000000000005c0                __udivsi3
                0x00000000000005c0                __aeabi_uidiv
                0x00000000000006cc                __aeabi_uidivmod
 .text          0x00000000000006d4        0x4 /usr/local/gcc-arm-none-eabi-6-2017-q2-update/bin/../lib/gcc/arm-none-eabi/6.3.1/thumb/v6-m/libgcc.a(_dvmd_tls.o)
                0x00000000000006d4                __aeabi_ldiv0
                0x00000000000006d4                __aeabi_idiv0
 *(.text*)
 .text.initUART
                0x00000000000006d8       0xc8 ./source/main.o
                0x00000000000006d8                initUART
 .text.startup.main
                0x00000000000007a0       0x9c ./source/main.o
                0x00000000000007a0                main
 .text.LLWU_IRQHandler
                0x000000000000083c       0x4c ./source/main.o
                0x000000000000083c                LLWU_IRQHandler
 .text.LPTMR0_IRQHandler
                0x0000000000000888       0x30 ./source/main.o
                0x0000000000000888                LPTMR0_IRQHandler
 .text.LPUART0_IRQHandler
                0x00000000000008b8       0x4c ./source/main.o
                0x00000000000008b8                LPUART0_IRQHandler
 .text.UART2_FLEXIO_IRQHandler
                0x0000000000000904       0x58 ./source/main.o
                0x0000000000000904                UART2_FLEXIO_IRQHandler
 .text.LPUART1_IRQHandler
                0x000000000000095c       0x40 ./source/main.o
                0x000000000000095c                LPUART1_IRQHandler
 .text.SysTick_Handler
                0x000000000000099c       0x10 ./source/timing.o
                0x000000000000099c                SysTick_Handler
 .text.delay_ms
                0x00000000000009ac       0x14 ./source/timing.o
                0x00000000000009ac                delay_ms
 .text.CLOCK_GetLircClkFreq
                0x00000000000009c0       0x2c ./drivers/fsl_clock.o
 .text.CLOCK_GetOutClkFreq
                0x00000000000009ec       0x3c ./drivers/fsl_clock.o
                0x00000000000009ec                CLOCK_GetOutClkFreq
 .text.CLOCK_GetCoreSysClkFreq
                0x0000000000000a28       0x20 ./drivers/fsl_clock.o
                0x0000000000000a28                CLOCK_GetCoreSysClkFreq
 .text.DMA_HandleIRQ
                0x0000000000000a48       0x22 ./drivers/fsl_dma.o
                0x0000000000000a48                DMA_HandleIRQ
 *fill*         0x0000000000000a6a        0x2 
 .text.DMA0_DriverIRQHandler
                0x0000000000000a6c       0x10 ./drivers/fsl_dma.o
                0x0000000000000a6c                DMA0_DriverIRQHandler
 .text.DMA1_DriverIRQHandler
                0x0000000000000a7c       0x10 ./drivers/fsl_dma.o
                0x0000000000000a7c                DMA1_DriverIRQHandler
 .text.DMA2_DriverIRQHandler
                0x0000000000000a8c       0x10 ./drivers/fsl_dma.o
                0x0000000000000a8c                DMA2_DriverIRQHandler
 .text.DMA3_DriverIRQHandler
                0x0000000000000a9c       0x10 ./drivers/fsl_dma.o
                0x0000000000000a9c                DMA3_DriverIRQHandler
 .text.FLEXIO_CommonIRQHandler
                0x0000000000000aac       0x34 ./drivers/fsl_flexio.o
                0x0000000000000aac                FLEXIO_CommonIRQHandler
 .text.UART2_FLEXIO_DriverIRQHandler
                0x0000000000000ae0        0x8 ./drivers/fsl_flexio.o
                0x0000000000000ae0                UART2_FLEXIO_DriverIRQHandler
 .text.GPIO_PinInit
                0x0000000000000ae8       0x2e ./drivers/fsl_gpio.o
                0x0000000000000ae8                GPIO_PinInit
 *fill*         0x0000000000000b16        0x2 
 .text.I2C_TransferCommonIRQHandler
                0x0000000000000b18       0x28 ./drivers/fsl_i2c.o
 .text.I2C0_DriverIRQHandler
                0x0000000000000b40       0x18 ./drivers/fsl_i2c.o
                0x0000000000000b40                I2C0_DriverIRQHandler
 .text.I2C1_DriverIRQHandler
                0x0000000000000b58       0x18 ./drivers/fsl_i2c.o
                0x0000000000000b58                I2C1_DriverIRQHandler
 .text.LPUART_GetInstance
                0x0000000000000b70       0x20 ./drivers/fsl_lpuart.o
                0x0000000000000b70                LPUART_GetInstance
 .text.LPUART_Init
                0x0000000000000b90      0x188 ./drivers/fsl_lpuart.o
                0x0000000000000b90                LPUART_Init
 .text.LPUART_EnableInterrupts
                0x0000000000000d18       0x1c ./drivers/fsl_lpuart.o
                0x0000000000000d18                LPUART_EnableInterrupts
 .text.LPUART_ClearStatusFlags
                0x0000000000000d34       0x40 ./drivers/fsl_lpuart.o
                0x0000000000000d34                LPUART_ClearStatusFlags
 .text.LPUART0_DriverIRQHandler
                0x0000000000000d74       0x1c ./drivers/fsl_lpuart.o
                0x0000000000000d74                LPUART0_DriverIRQHandler
 .text.LPUART1_DriverIRQHandler
                0x0000000000000d90       0x1c ./drivers/fsl_lpuart.o
                0x0000000000000d90                LPUART1_DriverIRQHandler
 .text.I2S0_DriverIRQHandler
                0x0000000000000dac       0x6c ./drivers/fsl_sai.o
                0x0000000000000dac                I2S0_DriverIRQHandler
 .text.SPI_CommonIRQHandler
                0x0000000000000e18       0x28 ./drivers/fsl_spi.o
 .text.SPI0_DriverIRQHandler
                0x0000000000000e40       0x10 ./drivers/fsl_spi.o
                0x0000000000000e40                SPI0_DriverIRQHandler
 .text.SPI1_DriverIRQHandler
                0x0000000000000e50       0x10 ./drivers/fsl_spi.o
                0x0000000000000e50                SPI1_DriverIRQHandler
 .text.UART_GetInstance
                0x0000000000000e60       0x18 ./drivers/fsl_uart.o
                0x0000000000000e60                UART_GetInstance
 .text.UART_Init
                0x0000000000000e78       0xe4 ./drivers/fsl_uart.o
                0x0000000000000e78                UART_Init
 .text.UART_GetDefaultConfig
                0x0000000000000f5c       0x12 ./drivers/fsl_uart.o
                0x0000000000000f5c                UART_GetDefaultConfig
 *fill*         0x0000000000000f6e        0x2 
 .text.UART_EnableInterrupts
                0x0000000000000f70       0x24 ./drivers/fsl_uart.o
                0x0000000000000f70                UART_EnableInterrupts
 .text.UART_ClearStatusFlags
                0x0000000000000f94       0x34 ./drivers/fsl_uart.o
                0x0000000000000f94                UART_ClearStatusFlags
 .text.BOARD_InitDebugConsole
                0x0000000000000fc8        0x2 ./board/board.o
                0x0000000000000fc8                BOARD_InitDebugConsole
 *fill*         0x0000000000000fca        0x2 
 .text.BOARD_InitPins
                0x0000000000000fcc       0xb0 ./board/pin_mux.o
                0x0000000000000fcc                BOARD_InitPins
 .text.SystemInit
                0x000000000000107c       0x24 ./CMSIS/system_MKL17Z4.o
                0x000000000000107c                SystemInit
 .text.exit     0x00000000000010a0       0x2c /usr/local/gcc-arm-none-eabi-6-2017-q2-update/bin/../lib/gcc/arm-none-eabi/6.3.1/../../../../arm-none-eabi/lib/thumb/v6-m/libg_nano.a(lib_a-exit.o)
                0x00000000000010a0                exit
 .text.__libc_init_array
                0x00000000000010cc       0x48 /usr/local/gcc-arm-none-eabi-6-2017-q2-update/bin/../lib/gcc/arm-none-eabi/6.3.1/../../../../arm-none-eabi/lib/thumb/v6-m/libg_nano.a(lib_a-init.o)
                0x00000000000010cc                __libc_init_array
 .text.memset   0x0000000000001114       0x10 /usr/local/gcc-arm-none-eabi-6-2017-q2-update/bin/../lib/gcc/arm-none-eabi/6.3.1/../../../../arm-none-eabi/lib/thumb/v6-m/libg_nano.a(lib_a-memset.o)
                0x0000000000001114                memset
 .text._exit    0x0000000000001124        0x4 /usr/local/gcc-arm-none-eabi-6-2017-q2-update/bin/../lib/gcc/arm-none-eabi/6.3.1/../../../../arm-none-eabi/lib/thumb/v6-m/libnosys.a(_exit.o)
                0x0000000000001124                _exit
 *(.rodata)
 *(.rodata*)
 .rodata.LED_configOutput.8054
                0x0000000000001128        0x2 ./source/main.o
 *fill*         0x000000000000112a        0x2 
 .rodata.lircFreqs.5628
                0x000000000000112c        0x8 ./drivers/fsl_clock.o
 .rodata.s_lpuartClock
                0x0000000000001134        0x8 ./drivers/fsl_lpuart.o
 .rodata.s_uartClock
                0x000000000000113c        0xc ./drivers/fsl_uart.o
 .rodata._global_impure_ptr
                0x0000000000001148        0x4 /usr/local/gcc-arm-none-eabi-6-2017-q2-update/bin/../lib/gcc/arm-none-eabi/6.3.1/../../../../arm-none-eabi/lib/thumb/v6-m/libg_nano.a(lib_a-impure.o)
                0x0000000000001148                _global_impure_ptr
 .rodata.__sf_fake_stderr
                0x000000000000114c       0x20 /usr/local/gcc-arm-none-eabi-6-2017-q2-update/bin/../lib/gcc/arm-none-eabi/6.3.1/../../../../arm-none-eabi/lib/thumb/v6-m/libg_nano.a(lib_a-findfp.o)
                0x000000000000114c                __sf_fake_stderr
 .rodata.__sf_fake_stdin
                0x000000000000116c       0x20 /usr/local/gcc-arm-none-eabi-6-2017-q2-update/bin/../lib/gcc/arm-none-eabi/6.3.1/../../../../arm-none-eabi/lib/thumb/v6-m/libg_nano.a(lib_a-findfp.o)
                0x000000000000116c                __sf_fake_stdin
 .rodata.__sf_fake_stdout
                0x000000000000118c       0x20 /usr/local/gcc-arm-none-eabi-6-2017-q2-update/bin/../lib/gcc/arm-none-eabi/6.3.1/../../../../arm-none-eabi/lib/thumb/v6-m/libg_nano.a(lib_a-findfp.o)
                0x000000000000118c                __sf_fake_stdout
 *(.glue_7)
 .glue_7        0x00000000000011ac        0x0 linker stubs
 *(.glue_7t)
 .glue_7t       0x00000000000011ac        0x0 linker stubs
 *(.eh_frame)
 .eh_frame      0x00000000000011ac        0x0 /usr/local/gcc-arm-none-eabi-6-2017-q2-update/bin/../lib/gcc/arm-none-eabi/6.3.1/thumb/v6-m/crtbegin.o
 *(.init)
 .init          0x00000000000011ac        0x4 /usr/local/gcc-arm-none-eabi-6-2017-q2-update/bin/../lib/gcc/arm-none-eabi/6.3.1/thumb/v6-m/crti.o
                0x00000000000011ac                _init
 .init          0x00000000000011b0        0x8 /usr/local/gcc-arm-none-eabi-6-2017-q2-update/bin/../lib/gcc/arm-none-eabi/6.3.1/thumb/v6-m/crtn.o
 *(.fini)
 .fini          0x00000000000011b8        0x4 /usr/local/gcc-arm-none-eabi-6-2017-q2-update/bin/../lib/gcc/arm-none-eabi/6.3.1/thumb/v6-m/crti.o
                0x00000000000011b8                _fini
 .fini          0x00000000000011bc        0x8 /usr/local/gcc-arm-none-eabi-6-2017-q2-update/bin/../lib/gcc/arm-none-eabi/6.3.1/thumb/v6-m/crtn.o
                0x00000000000011c4                . = ALIGN (0x4)

.vfp11_veneer   0x00000000000011c4        0x0
 .vfp11_veneer  0x00000000000011c4        0x0 linker stubs

.v4_bx          0x00000000000011c4        0x0
 .v4_bx         0x00000000000011c4        0x0 linker stubs

.iplt           0x00000000000011c4        0x0
 .iplt          0x00000000000011c4        0x0 /usr/local/gcc-arm-none-eabi-6-2017-q2-update/bin/../lib/gcc/arm-none-eabi/6.3.1/thumb/v6-m/crtbegin.o

.ARM.extab
 *(.ARM.extab* .gnu.linkonce.armextab.*)

.ARM            0x00000000000011c4        0x8
                0x00000000000011c4                __exidx_start = .
 *(.ARM.exidx*)
 .ARM.exidx     0x00000000000011c4        0x8 /usr/local/gcc-arm-none-eabi-6-2017-q2-update/bin/../lib/gcc/arm-none-eabi/6.3.1/../../../../arm-none-eabi/lib/thumb/v6-m/crt0.o
                0x00000000000011cc                __exidx_end = .

.rel.dyn        0x00000000000011cc        0x0
 .rel.iplt      0x00000000000011cc        0x0 /usr/local/gcc-arm-none-eabi-6-2017-q2-update/bin/../lib/gcc/arm-none-eabi/6.3.1/thumb/v6-m/crtbegin.o

.ctors          0x00000000000011cc        0x0
                0x00000000000011cc                __CTOR_LIST__ = .
 *crtbegin.o(.ctors)
 *crtbegin?.o(.ctors)
 *(EXCLUDE_FILE(*crtend.o *crtend?.o) .ctors)
 *(SORT(.ctors.*))
 *(.ctors)
                0x00000000000011cc                __CTOR_END__ = .

.dtors          0x00000000000011cc        0x0
                0x00000000000011cc                __DTOR_LIST__ = .
 *crtbegin.o(.dtors)
 *crtbegin?.o(.dtors)
 *(EXCLUDE_FILE(*crtend.o *crtend?.o) .dtors)
 *(SORT(.dtors.*))
 *(.dtors)
                0x00000000000011cc                __DTOR_END__ = .

.preinit_array  0x00000000000011cc        0x0
                0x00000000000011cc                PROVIDE (__preinit_array_start, .)
 *(.preinit_array*)
                0x00000000000011cc                PROVIDE (__preinit_array_end, .)

.init_array     0x00000000000011cc        0x4
                0x00000000000011cc                PROVIDE (__init_array_start, .)
 *(SORT(.init_array.*))
 *(.init_array*)
 .init_array    0x00000000000011cc        0x4 /usr/local/gcc-arm-none-eabi-6-2017-q2-update/bin/../lib/gcc/arm-none-eabi/6.3.1/thumb/v6-m/crtbegin.o
                0x00000000000011d0                PROVIDE (__init_array_end, .)

.fini_array     0x00000000000011d0        0x4
                [!provide]                        PROVIDE (__fini_array_start, .)
 *(SORT(.fini_array.*))
 *(.fini_array*)
 .fini_array    0x00000000000011d0        0x4 /usr/local/gcc-arm-none-eabi-6-2017-q2-update/bin/../lib/gcc/arm-none-eabi/6.3.1/thumb/v6-m/crtbegin.o
                [!provide]                        PROVIDE (__fini_array_end, .)
                0x00000000000011d4                __etext = .
                0x00000000000011d4                __DATA_ROM = .

.mtb            0x000000001fffe000        0x0
                0x000000001fffe000                . = ALIGN (0x8)
                0x000000001fffe000                _mtb_start = .
 *(.mtb_buf)
                0x000000001fffe000                . = ALIGN (0x8)
                0x000000001fffe000                _mtb_end = .

.data           0x000000001fffe000       0x68 load address 0x00000000000011d4
                0x000000001fffe000                . = ALIGN (0x4)
                0x000000001fffe000                __DATA_RAM = .
                0x000000001fffe000                __data_start__ = .
 *(.data)
 *(.data*)
 .data.wake     0x000000001fffe000        0x1 ./source/main.o
                0x000000001fffe000                wake
 *fill*         0x000000001fffe001        0x3 
 .data.impure_data
                0x000000001fffe004       0x60 /usr/local/gcc-arm-none-eabi-6-2017-q2-update/bin/../lib/gcc/arm-none-eabi/6.3.1/../../../../arm-none-eabi/lib/thumb/v6-m/libg_nano.a(lib_a-impure.o)
 *(.jcr*)
 .jcr           0x000000001fffe064        0x0 /usr/local/gcc-arm-none-eabi-6-2017-q2-update/bin/../lib/gcc/arm-none-eabi/6.3.1/thumb/v6-m/crtbegin.o
 .jcr           0x000000001fffe064        0x4 /usr/local/gcc-arm-none-eabi-6-2017-q2-update/bin/../lib/gcc/arm-none-eabi/6.3.1/thumb/v6-m/crtend.o
                0x000000001fffe068                . = ALIGN (0x4)
                0x000000001fffe068                __data_end__ = .
                0x000000000000123c                __DATA_END = (__DATA_ROM + (__data_end__ - __data_start__))
                0x0000000000040000                text_end = (ORIGIN (m_text) + LENGTH (m_text))
                0x0000000000000001                ASSERT ((__DATA_END <= text_end), region m_text overflowed with text and data)

.igot.plt       0x000000001fffe068        0x0 load address 0x000000000000123c
 .igot.plt      0x000000001fffe068        0x0 /usr/local/gcc-arm-none-eabi-6-2017-q2-update/bin/../lib/gcc/arm-none-eabi/6.3.1/thumb/v6-m/crtbegin.o

.bss            0x000000001fffe068      0x51c load address 0x000000000000123c
                0x000000001fffe068                . = ALIGN (0x4)
                0x000000001fffe068                __START_BSS = .
                0x000000001fffe068                __bss_start__ = .
 *(.bss)
 .bss           0x000000001fffe068       0x1c /usr/local/gcc-arm-none-eabi-6-2017-q2-update/bin/../lib/gcc/arm-none-eabi/6.3.1/thumb/v6-m/crtbegin.o
 *(.bss*)
 .bss.GPS_bufPtr
                0x000000001fffe084        0x2 ./source/main.o
                0x000000001fffe084                GPS_bufPtr
 .bss.GPS_strReady
                0x000000001fffe086        0x1 ./source/main.o
                0x000000001fffe086                GPS_strReady
 *fill*         0x000000001fffe087        0x1 
 .bss.NB_bufPtr
                0x000000001fffe088        0x2 ./source/main.o
                0x000000001fffe088                NB_bufPtr
 .bss.NB_strReady
                0x000000001fffe08a        0x1 ./source/main.o
                0x000000001fffe08a                NB_strReady
 *fill*         0x000000001fffe08b        0x1 
 .bss.PC_bufPtr
                0x000000001fffe08c        0x2 ./source/main.o
                0x000000001fffe08c                PC_bufPtr
 .bss.PC_strReady
                0x000000001fffe08e        0x1 ./source/main.o
                0x000000001fffe08e                PC_strReady
 *fill*         0x000000001fffe08f        0x1 
 .bss.ticks     0x000000001fffe090        0x4 ./source/timing.o
                0x000000001fffe090                ticks
 .bss.s_DMAHandle
                0x000000001fffe094       0x10 ./drivers/fsl_dma.o
 .bss.s_flexioHandle
                0x000000001fffe0a4        0x8 ./drivers/fsl_flexio.o
 .bss.s_flexioIsr
                0x000000001fffe0ac        0x8 ./drivers/fsl_flexio.o
 .bss.s_flexioType
                0x000000001fffe0b4        0x8 ./drivers/fsl_flexio.o
 .bss.s_i2cHandle
                0x000000001fffe0bc        0x8 ./drivers/fsl_i2c.o
 .bss.s_i2cMasterIsr
                0x000000001fffe0c4        0x4 ./drivers/fsl_i2c.o
 .bss.s_i2cSlaveIsr
                0x000000001fffe0c8        0x4 ./drivers/fsl_i2c.o
 .bss.s_lpuartHandle
                0x000000001fffe0cc        0x8 ./drivers/fsl_lpuart.o
 .bss.s_lpuartIsr
                0x000000001fffe0d4        0x4 ./drivers/fsl_lpuart.o
 .bss.s_saiRxIsr
                0x000000001fffe0d8        0x4 ./drivers/fsl_sai.o
 .bss.s_saiTxIsr
                0x000000001fffe0dc        0x4 ./drivers/fsl_sai.o
 .bss.s_spiHandle
                0x000000001fffe0e0        0x8 ./drivers/fsl_spi.o
 .bss.s_spiMasterIsr
                0x000000001fffe0e8        0x4 ./drivers/fsl_spi.o
 .bss.s_spiSlaveIsr
                0x000000001fffe0ec        0x4 ./drivers/fsl_spi.o
 *(COMMON)
 COMMON         0x000000001fffe0f0      0x481 ./source/main.o
                0x000000001fffe0f0                GPS_recBuf
                0x000000001fffe348                parsedLat
                0x000000001fffe358                uart_config
                0x000000001fffe360                parsedLon
                0x000000001fffe370                ms_ticks
                0x000000001fffe374                NB_recBuf
                0x000000001fffe568                smc_power_mode_vlls_config
                0x000000001fffe56a                lptmr_config
 *fill*         0x000000001fffe571        0x3 
 COMMON         0x000000001fffe574        0x8 ./drivers/fsl_clock.o
                0x000000001fffe574                g_xtal32Freq
                0x000000001fffe578                g_xtal0Freq
 COMMON         0x000000001fffe57c        0x8 ./drivers/fsl_sai.o
                0x000000001fffe57c                s_saiHandle
                0x000000001fffe584                . = ALIGN (0x4)
                0x000000001fffe584                __bss_end__ = .
                0x000000001fffe584                __END_BSS = .

.heap           0x000000001fffe584      0x404 load address 0x0000000000001758
                0x000000001fffe588                . = ALIGN (0x8)
 *fill*         0x000000001fffe584        0x4 
                0x000000001fffe588                __end__ = .
                0x000000001fffe588                PROVIDE (end, .)
                0x000000001fffe588                __HeapBase = .
                0x000000001fffe988                . = (. + HEAP_SIZE)
 *fill*         0x000000001fffe588      0x400 
                0x000000001fffe988                __HeapLimit = .
                0x000000001fffe988                __heap_limit = .

.stack          0x000000001fffe988      0x400 load address 0x0000000000001b5c
                0x000000001fffe988                . = ALIGN (0x8)
                0x000000001fffed88                . = (. + STACK_SIZE)
 *fill*         0x000000001fffe988      0x400 
                0x0000000020006000                __StackTop = (ORIGIN (m_data) + LENGTH (m_data))
                0x0000000020005c00                __StackLimit = (__StackTop - STACK_SIZE)
                0x0000000020006000                PROVIDE (__stack, __StackTop)

.ARM.attributes
                0x0000000000000000       0x28
 *(.ARM.attributes)
 .ARM.attributes
                0x0000000000000000       0x1e /usr/local/gcc-arm-none-eabi-6-2017-q2-update/bin/../lib/gcc/arm-none-eabi/6.3.1/thumb/v6-m/crti.o
 .ARM.attributes
                0x000000000000001e       0x2c /usr/local/gcc-arm-none-eabi-6-2017-q2-update/bin/../lib/gcc/arm-none-eabi/6.3.1/thumb/v6-m/crtbegin.o
 .ARM.attributes
                0x000000000000004a       0x1b /usr/local/gcc-arm-none-eabi-6-2017-q2-update/bin/../lib/gcc/arm-none-eabi/6.3.1/../../../../arm-none-eabi/lib/thumb/v6-m/crt0.o
 .ARM.attributes
                0x0000000000000065       0x1b ./startup/startup_MKL17Z4.o
 .ARM.attributes
                0x0000000000000080       0x32 ./source/main.o
 .ARM.attributes
                0x00000000000000b2       0x32 ./source/timing.o
 .ARM.attributes
                0x00000000000000e4       0x32 ./drivers/fsl_clock.o
 .ARM.attributes
                0x0000000000000116       0x32 ./drivers/fsl_dma.o
 .ARM.attributes
                0x0000000000000148       0x32 ./drivers/fsl_flexio.o
 .ARM.attributes
                0x000000000000017a       0x32 ./drivers/fsl_gpio.o
 .ARM.attributes
                0x00000000000001ac       0x32 ./drivers/fsl_i2c.o
 .ARM.attributes
                0x00000000000001de       0x32 ./drivers/fsl_lpuart.o
 .ARM.attributes
                0x0000000000000210       0x32 ./drivers/fsl_sai.o
 .ARM.attributes
                0x0000000000000242       0x32 ./drivers/fsl_spi.o
 .ARM.attributes
                0x0000000000000274       0x32 ./drivers/fsl_uart.o
 .ARM.attributes
                0x00000000000002a6       0x32 ./board/board.o
 .ARM.attributes
                0x00000000000002d8       0x32 ./board/pin_mux.o
 .ARM.attributes
                0x000000000000030a       0x32 ./CMSIS/system_MKL17Z4.o
 .ARM.attributes
                0x000000000000033c       0x1e /usr/local/gcc-arm-none-eabi-6-2017-q2-update/bin/../lib/gcc/arm-none-eabi/6.3.1/thumb/v6-m/libgcc.a(_udivsi3.o)
 .ARM.attributes
                0x000000000000035a       0x1e /usr/local/gcc-arm-none-eabi-6-2017-q2-update/bin/../lib/gcc/arm-none-eabi/6.3.1/thumb/v6-m/libgcc.a(_dvmd_tls.o)
 .ARM.attributes
                0x0000000000000378       0x2c /usr/local/gcc-arm-none-eabi-6-2017-q2-update/bin/../lib/gcc/arm-none-eabi/6.3.1/../../../../arm-none-eabi/lib/thumb/v6-m/libg_nano.a(lib_a-exit.o)
 .ARM.attributes
                0x00000000000003a4       0x2c /usr/local/gcc-arm-none-eabi-6-2017-q2-update/bin/../lib/gcc/arm-none-eabi/6.3.1/../../../../arm-none-eabi/lib/thumb/v6-m/libg_nano.a(lib_a-impure.o)
 .ARM.attributes
                0x00000000000003d0       0x2c /usr/local/gcc-arm-none-eabi-6-2017-q2-update/bin/../lib/gcc/arm-none-eabi/6.3.1/../../../../arm-none-eabi/lib/thumb/v6-m/libg_nano.a(lib_a-init.o)
 .ARM.attributes
                0x00000000000003fc       0x2c /usr/local/gcc-arm-none-eabi-6-2017-q2-update/bin/../lib/gcc/arm-none-eabi/6.3.1/../../../../arm-none-eabi/lib/thumb/v6-m/libg_nano.a(lib_a-memset.o)
 .ARM.attributes
                0x0000000000000428       0x2c /usr/local/gcc-arm-none-eabi-6-2017-q2-update/bin/../lib/gcc/arm-none-eabi/6.3.1/../../../../arm-none-eabi/lib/thumb/v6-m/libg_nano.a(lib_a-findfp.o)
 .ARM.attributes
                0x0000000000000454       0x2c /usr/local/gcc-arm-none-eabi-6-2017-q2-update/bin/../lib/gcc/arm-none-eabi/6.3.1/../../../../arm-none-eabi/lib/thumb/v6-m/libnosys.a(_exit.o)
 .ARM.attributes
                0x0000000000000480       0x2c /usr/local/gcc-arm-none-eabi-6-2017-q2-update/bin/../lib/gcc/arm-none-eabi/6.3.1/thumb/v6-m/crtend.o
 .ARM.attributes
                0x00000000000004ac       0x1e /usr/local/gcc-arm-none-eabi-6-2017-q2-update/bin/../lib/gcc/arm-none-eabi/6.3.1/thumb/v6-m/crtn.o
                0x0000000000000001                ASSERT ((__StackLimit >= __HeapLimit), region m_data overflowed with stack and heap)
OUTPUT(poroIoT.elf elf32-littlearm)

.debug_line     0x0000000000000000     0x3f3d
 .debug_line    0x0000000000000000       0xce ./startup/startup_MKL17Z4.o
 .debug_line    0x00000000000000ce      0x508 ./source/main.o
 .debug_line    0x00000000000005d6      0x132 ./source/timing.o
 .debug_line    0x0000000000000708      0x3b3 ./drivers/fsl_clock.o
 .debug_line    0x0000000000000abb      0x3d3 ./drivers/fsl_dma.o
 .debug_line    0x0000000000000e8e      0x36d ./drivers/fsl_flexio.o
 .debug_line    0x00000000000011fb      0x29c ./drivers/fsl_gpio.o
 .debug_line    0x0000000000001497      0x94a ./drivers/fsl_i2c.o
 .debug_line    0x0000000000001de1      0x637 ./drivers/fsl_lpuart.o
 .debug_line    0x0000000000002418      0x8fe ./drivers/fsl_sai.o
 .debug_line    0x0000000000002d16      0x6ef ./drivers/fsl_spi.o
 .debug_line    0x0000000000003405      0x631 ./drivers/fsl_uart.o
 .debug_line    0x0000000000003a36      0x1be ./board/board.o
 .debug_line    0x0000000000003bf4      0x206 ./board/pin_mux.o
 .debug_line    0x0000000000003dfa      0x143 ./CMSIS/system_MKL17Z4.o

.debug_info     0x0000000000000000    0x15178
 .debug_info    0x0000000000000000       0x9d ./startup/startup_MKL17Z4.o
 .debug_info    0x000000000000009d     0x27bc ./source/main.o
 .debug_info    0x0000000000002859      0x114 ./source/timing.o
 .debug_info    0x000000000000296d     0x156e ./drivers/fsl_clock.o
 .debug_info    0x0000000000003edb     0x1694 ./drivers/fsl_dma.o
 .debug_info    0x000000000000556f     0x17fd ./drivers/fsl_flexio.o
 .debug_info    0x0000000000006d6c     0x10c7 ./drivers/fsl_gpio.o
 .debug_info    0x0000000000007e33     0x29b7 ./drivers/fsl_i2c.o
 .debug_info    0x000000000000a7ea     0x204b ./drivers/fsl_lpuart.o
 .debug_info    0x000000000000c835     0x271c ./drivers/fsl_sai.o
 .debug_info    0x000000000000ef51     0x2265 ./drivers/fsl_spi.o
 .debug_info    0x00000000000111b6     0x2246 ./drivers/fsl_uart.o
 .debug_info    0x00000000000133fc      0xb3a ./board/board.o
 .debug_info    0x0000000000013f36      0xe0d ./board/pin_mux.o
 .debug_info    0x0000000000014d43      0x435 ./CMSIS/system_MKL17Z4.o

.debug_abbrev   0x0000000000000000     0x3156
 .debug_abbrev  0x0000000000000000       0x14 ./startup/startup_MKL17Z4.o
 .debug_abbrev  0x0000000000000014      0x46a ./source/main.o
 .debug_abbrev  0x000000000000047e       0xcd ./source/timing.o
 .debug_abbrev  0x000000000000054b      0x469 ./drivers/fsl_clock.o
 .debug_abbrev  0x00000000000009b4      0x3f5 ./drivers/fsl_dma.o
 .debug_abbrev  0x0000000000000da9      0x357 ./drivers/fsl_flexio.o
 .debug_abbrev  0x0000000000001100      0x30d ./drivers/fsl_gpio.o
 .debug_abbrev  0x000000000000140d      0x512 ./drivers/fsl_i2c.o
 .debug_abbrev  0x000000000000191f      0x480 ./drivers/fsl_lpuart.o
 .debug_abbrev  0x0000000000001d9f      0x4e5 ./drivers/fsl_sai.o
 .debug_abbrev  0x0000000000002284      0x4b8 ./drivers/fsl_spi.o
 .debug_abbrev  0x000000000000273c      0x4a1 ./drivers/fsl_uart.o
 .debug_abbrev  0x0000000000002bdd      0x1c1 ./board/board.o
 .debug_abbrev  0x0000000000002d9e      0x2a5 ./board/pin_mux.o
 .debug_abbrev  0x0000000000003043      0x113 ./CMSIS/system_MKL17Z4.o

.debug_aranges  0x0000000000000000      0x848
 .debug_aranges
                0x0000000000000000       0x20 ./startup/startup_MKL17Z4.o
 .debug_aranges
                0x0000000000000020       0x68 ./source/main.o
 .debug_aranges
                0x0000000000000088       0x30 ./source/timing.o
 .debug_aranges
                0x00000000000000b8       0x88 ./drivers/fsl_clock.o
 .debug_aranges
                0x0000000000000140       0x98 ./drivers/fsl_dma.o
 .debug_aranges
                0x00000000000001d8       0x78 ./drivers/fsl_flexio.o
 .debug_aranges
                0x0000000000000250       0x48 ./drivers/fsl_gpio.o
 .debug_aranges
                0x0000000000000298      0x118 ./drivers/fsl_i2c.o
 .debug_aranges
                0x00000000000003b0       0xe8 ./drivers/fsl_lpuart.o
 .debug_aranges
                0x0000000000000498      0x138 ./drivers/fsl_sai.o
 .debug_aranges
                0x00000000000005d0      0x120 ./drivers/fsl_spi.o
 .debug_aranges
                0x00000000000006f0       0xe8 ./drivers/fsl_uart.o
 .debug_aranges
                0x00000000000007d8       0x20 ./board/board.o
 .debug_aranges
                0x00000000000007f8       0x28 ./board/pin_mux.o
 .debug_aranges
                0x0000000000000820       0x28 ./CMSIS/system_MKL17Z4.o

.debug_loc      0x0000000000000000     0x7bf6
 .debug_loc     0x0000000000000000      0x356 ./source/main.o
 .debug_loc     0x0000000000000356       0x21 ./source/timing.o
 .debug_loc     0x0000000000000377      0x324 ./drivers/fsl_clock.o
 .debug_loc     0x000000000000069b      0x585 ./drivers/fsl_dma.o
 .debug_loc     0x0000000000000c20      0x3b2 ./drivers/fsl_flexio.o
 .debug_loc     0x0000000000000fd2      0x48c ./drivers/fsl_gpio.o
 .debug_loc     0x000000000000145e     0x1d9e ./drivers/fsl_i2c.o
 .debug_loc     0x00000000000031fc     0x10c8 ./drivers/fsl_lpuart.o
 .debug_loc     0x00000000000042c4     0x189c ./drivers/fsl_sai.o
 .debug_loc     0x0000000000005b60      0xf6c ./drivers/fsl_spi.o
 .debug_loc     0x0000000000006acc      0xdf4 ./drivers/fsl_uart.o
 .debug_loc     0x00000000000078c0      0x308 ./board/pin_mux.o
 .debug_loc     0x0000000000007bc8       0x2e ./CMSIS/system_MKL17Z4.o

.debug_ranges   0x0000000000000000      0xd20
 .debug_ranges  0x0000000000000000      0x120 ./source/main.o
 .debug_ranges  0x0000000000000120       0x20 ./source/timing.o
 .debug_ranges  0x0000000000000140       0xd8 ./drivers/fsl_clock.o
 .debug_ranges  0x0000000000000218       0xe8 ./drivers/fsl_dma.o
 .debug_ranges  0x0000000000000300       0xb8 ./drivers/fsl_flexio.o
 .debug_ranges  0x00000000000003b8       0x68 ./drivers/fsl_gpio.o
 .debug_ranges  0x0000000000000420      0x230 ./drivers/fsl_i2c.o
 .debug_ranges  0x0000000000000650       0xf0 ./drivers/fsl_lpuart.o
 .debug_ranges  0x0000000000000740      0x2c0 ./drivers/fsl_sai.o
 .debug_ranges  0x0000000000000a00      0x160 ./drivers/fsl_spi.o
 .debug_ranges  0x0000000000000b60       0xf0 ./drivers/fsl_uart.o
 .debug_ranges  0x0000000000000c50       0x10 ./board/board.o
 .debug_ranges  0x0000000000000c60       0xa8 ./board/pin_mux.o
 .debug_ranges  0x0000000000000d08       0x18 ./CMSIS/system_MKL17Z4.o

.debug_str      0x0000000000000000     0x6fba
 .debug_str     0x0000000000000000     0x258e ./source/main.o
                                       0x273a (size before relaxing)
 .debug_str     0x000000000000258e       0x30 ./source/timing.o
                                        0x1eb (size before relaxing)
 .debug_str     0x00000000000025be      0x418 ./drivers/fsl_clock.o
                                       0x13b8 (size before relaxing)
 .debug_str     0x00000000000029d6      0x75b ./drivers/fsl_dma.o
                                       0x1217 (size before relaxing)
 .debug_str     0x0000000000003131     0x11dd ./drivers/fsl_flexio.o
                                       0x2020 (size before relaxing)
 .debug_str     0x000000000000430e       0xe8 ./drivers/fsl_gpio.o
                                        0xd59 (size before relaxing)
 .debug_str     0x00000000000043f6      0xbe0 ./drivers/fsl_i2c.o
                                       0x1c7c (size before relaxing)
 .debug_str     0x0000000000004fd6      0x847 ./drivers/fsl_lpuart.o
                                       0x1813 (size before relaxing)
 .debug_str     0x000000000000581d      0xa2f ./drivers/fsl_sai.o
                                       0x15c6 (size before relaxing)
 .debug_str     0x000000000000624c      0x8f6 ./drivers/fsl_spi.o
                                       0x19f8 (size before relaxing)
 .debug_str     0x0000000000006b42      0x2da ./drivers/fsl_uart.o
                                       0x1b29 (size before relaxing)
 .debug_str     0x0000000000006e1c       0x11 ./board/board.o
                                        0x98f (size before relaxing)
 .debug_str     0x0000000000006e2d      0x13e ./board/pin_mux.o
                                        0x8f7 (size before relaxing)
 .debug_str     0x0000000000006f6b       0x4f ./CMSIS/system_MKL17Z4.o
                                        0x362 (size before relaxing)

.comment        0x0000000000000000       0x7f
 .comment       0x0000000000000000       0x7f ./source/main.o
                                         0x80 (size before relaxing)
 .comment       0x000000000000007f       0x80 ./source/timing.o
 .comment       0x000000000000007f       0x80 ./drivers/fsl_clock.o
 .comment       0x000000000000007f       0x80 ./drivers/fsl_dma.o
 .comment       0x000000000000007f       0x80 ./drivers/fsl_flexio.o
 .comment       0x000000000000007f       0x80 ./drivers/fsl_gpio.o
 .comment       0x000000000000007f       0x80 ./drivers/fsl_i2c.o
 .comment       0x000000000000007f       0x80 ./drivers/fsl_lpuart.o
 .comment       0x000000000000007f       0x80 ./drivers/fsl_sai.o
 .comment       0x000000000000007f       0x80 ./drivers/fsl_spi.o
 .comment       0x000000000000007f       0x80 ./drivers/fsl_uart.o
 .comment       0x000000000000007f       0x80 ./board/board.o
 .comment       0x000000000000007f       0x80 ./board/pin_mux.o
 .comment       0x000000000000007f       0x80 ./CMSIS/system_MKL17Z4.o

.debug_frame    0x0000000000000000     0x17c0
 .debug_frame   0x0000000000000000      0x100 ./source/main.o
 .debug_frame   0x0000000000000100       0x40 ./source/timing.o
 .debug_frame   0x0000000000000140      0x174 ./drivers/fsl_clock.o
 .debug_frame   0x00000000000002b4      0x180 ./drivers/fsl_dma.o
 .debug_frame   0x0000000000000434      0x160 ./drivers/fsl_flexio.o
 .debug_frame   0x0000000000000594       0x80 ./drivers/fsl_gpio.o
 .debug_frame   0x0000000000000614      0x360 ./drivers/fsl_i2c.o
 .debug_frame   0x0000000000000974      0x26c ./drivers/fsl_lpuart.o
 .debug_frame   0x0000000000000be0      0x3a4 ./drivers/fsl_sai.o
 .debug_frame   0x0000000000000f84      0x354 ./drivers/fsl_spi.o
 .debug_frame   0x00000000000012d8      0x264 ./drivers/fsl_uart.o
 .debug_frame   0x000000000000153c       0x20 ./board/board.o
 .debug_frame   0x000000000000155c       0x38 ./board/pin_mux.o
 .debug_frame   0x0000000000001594       0x38 ./CMSIS/system_MKL17Z4.o
 .debug_frame   0x00000000000015cc       0x20 /usr/local/gcc-arm-none-eabi-6-2017-q2-update/bin/../lib/gcc/arm-none-eabi/6.3.1/thumb/v6-m/libgcc.a(_udivsi3.o)
 .debug_frame   0x00000000000015ec       0x28 /usr/local/gcc-arm-none-eabi-6-2017-q2-update/bin/../lib/gcc/arm-none-eabi/6.3.1/../../../../arm-none-eabi/lib/thumb/v6-m/libg_nano.a(lib_a-exit.o)
 .debug_frame   0x0000000000001614       0x2c /usr/local/gcc-arm-none-eabi-6-2017-q2-update/bin/../lib/gcc/arm-none-eabi/6.3.1/../../../../arm-none-eabi/lib/thumb/v6-m/libg_nano.a(lib_a-init.o)
 .debug_frame   0x0000000000001640       0x20 /usr/local/gcc-arm-none-eabi-6-2017-q2-update/bin/../lib/gcc/arm-none-eabi/6.3.1/../../../../arm-none-eabi/lib/thumb/v6-m/libg_nano.a(lib_a-memset.o)
 .debug_frame   0x0000000000001660      0x140 /usr/local/gcc-arm-none-eabi-6-2017-q2-update/bin/../lib/gcc/arm-none-eabi/6.3.1/../../../../arm-none-eabi/lib/thumb/v6-m/libg_nano.a(lib_a-findfp.o)
 .debug_frame   0x00000000000017a0       0x20 /usr/local/gcc-arm-none-eabi-6-2017-q2-update/bin/../lib/gcc/arm-none-eabi/6.3.1/../../../../arm-none-eabi/lib/thumb/v6-m/libnosys.a(_exit.o)

.stabstr        0x0000000000000000       0xe3
 .stabstr       0x0000000000000000       0xe3 /usr/local/gcc-arm-none-eabi-6-2017-q2-update/bin/../lib/gcc/arm-none-eabi/6.3.1/../../../../arm-none-eabi/lib/thumb/v6-m/libnosys.a(close.o)
