Archive member included to satisfy reference by file (symbol)

/opt/gcc-arm-none-eabi-7-2017-q4-major/bin/../lib/gcc/arm-none-eabi/7.2.1/../../../../arm-none-eabi/lib/thumb/v7e-m/fpv4-sp/hard/libg_nano.a(lib_a-atoi.o)
                              ./source/main.o (atoi)
/opt/gcc-arm-none-eabi-7-2017-q4-major/bin/../lib/gcc/arm-none-eabi/7.2.1/../../../../arm-none-eabi/lib/thumb/v7e-m/fpv4-sp/hard/libg_nano.a(lib_a-exit.o)
                              /opt/gcc-arm-none-eabi-7-2017-q4-major/bin/../lib/gcc/arm-none-eabi/7.2.1/../../../../arm-none-eabi/lib/thumb/v7e-m/fpv4-sp/hard/crt0.o (exit)
/opt/gcc-arm-none-eabi-7-2017-q4-major/bin/../lib/gcc/arm-none-eabi/7.2.1/../../../../arm-none-eabi/lib/thumb/v7e-m/fpv4-sp/hard/libg_nano.a(lib_a-impure.o)
                              /opt/gcc-arm-none-eabi-7-2017-q4-major/bin/../lib/gcc/arm-none-eabi/7.2.1/../../../../arm-none-eabi/lib/thumb/v7e-m/fpv4-sp/hard/libg_nano.a(lib_a-exit.o) (_global_impure_ptr)
/opt/gcc-arm-none-eabi-7-2017-q4-major/bin/../lib/gcc/arm-none-eabi/7.2.1/../../../../arm-none-eabi/lib/thumb/v7e-m/fpv4-sp/hard/libg_nano.a(lib_a-init.o)
                              /opt/gcc-arm-none-eabi-7-2017-q4-major/bin/../lib/gcc/arm-none-eabi/7.2.1/../../../../arm-none-eabi/lib/thumb/v7e-m/fpv4-sp/hard/crt0.o (__libc_init_array)
/opt/gcc-arm-none-eabi-7-2017-q4-major/bin/../lib/gcc/arm-none-eabi/7.2.1/../../../../arm-none-eabi/lib/thumb/v7e-m/fpv4-sp/hard/libg_nano.a(lib_a-memcpy-stub.o)
                              ./source/main.o (memcpy)
/opt/gcc-arm-none-eabi-7-2017-q4-major/bin/../lib/gcc/arm-none-eabi/7.2.1/../../../../arm-none-eabi/lib/thumb/v7e-m/fpv4-sp/hard/libg_nano.a(lib_a-memmove.o)
                              ./utilities/fsl_shell.o (memmove)
/opt/gcc-arm-none-eabi-7-2017-q4-major/bin/../lib/gcc/arm-none-eabi/7.2.1/../../../../arm-none-eabi/lib/thumb/v7e-m/fpv4-sp/hard/libg_nano.a(lib_a-memset.o)
                              /opt/gcc-arm-none-eabi-7-2017-q4-major/bin/../lib/gcc/arm-none-eabi/7.2.1/../../../../arm-none-eabi/lib/thumb/v7e-m/fpv4-sp/hard/crt0.o (memset)
/opt/gcc-arm-none-eabi-7-2017-q4-major/bin/../lib/gcc/arm-none-eabi/7.2.1/../../../../arm-none-eabi/lib/thumb/v7e-m/fpv4-sp/hard/libg_nano.a(lib_a-printf.o)
                              ./source/adc_func.o (printf)
/opt/gcc-arm-none-eabi-7-2017-q4-major/bin/../lib/gcc/arm-none-eabi/7.2.1/../../../../arm-none-eabi/lib/thumb/v7e-m/fpv4-sp/hard/libg_nano.a(lib_a-puts.o)
                              ./source/diskio.o (puts)
/opt/gcc-arm-none-eabi-7-2017-q4-major/bin/../lib/gcc/arm-none-eabi/7.2.1/../../../../arm-none-eabi/lib/thumb/v7e-m/fpv4-sp/hard/libg_nano.a(lib_a-sprintf.o)
                              ./source/main.o (sprintf)
/opt/gcc-arm-none-eabi-7-2017-q4-major/bin/../lib/gcc/arm-none-eabi/7.2.1/../../../../arm-none-eabi/lib/thumb/v7e-m/fpv4-sp/hard/libg_nano.a(lib_a-strlen.o)
                              ./utilities/fsl_str.o (strlen)
/opt/gcc-arm-none-eabi-7-2017-q4-major/bin/../lib/gcc/arm-none-eabi/7.2.1/../../../../arm-none-eabi/lib/thumb/v7e-m/fpv4-sp/hard/libg_nano.a(lib_a-strtol.o)
                              /opt/gcc-arm-none-eabi-7-2017-q4-major/bin/../lib/gcc/arm-none-eabi/7.2.1/../../../../arm-none-eabi/lib/thumb/v7e-m/fpv4-sp/hard/libg_nano.a(lib_a-atoi.o) (_strtol_r)
/opt/gcc-arm-none-eabi-7-2017-q4-major/bin/../lib/gcc/arm-none-eabi/7.2.1/../../../../arm-none-eabi/lib/thumb/v7e-m/fpv4-sp/hard/libg_nano.a(lib_a-wbuf.o)
                              /opt/gcc-arm-none-eabi-7-2017-q4-major/bin/../lib/gcc/arm-none-eabi/7.2.1/../../../../arm-none-eabi/lib/thumb/v7e-m/fpv4-sp/hard/libg_nano.a(lib_a-puts.o) (__swbuf_r)
/opt/gcc-arm-none-eabi-7-2017-q4-major/bin/../lib/gcc/arm-none-eabi/7.2.1/../../../../arm-none-eabi/lib/thumb/v7e-m/fpv4-sp/hard/libg_nano.a(lib_a-wsetup.o)
                              /opt/gcc-arm-none-eabi-7-2017-q4-major/bin/../lib/gcc/arm-none-eabi/7.2.1/../../../../arm-none-eabi/lib/thumb/v7e-m/fpv4-sp/hard/libg_nano.a(lib_a-puts.o) (__swsetup_r)
/opt/gcc-arm-none-eabi-7-2017-q4-major/bin/../lib/gcc/arm-none-eabi/7.2.1/../../../../arm-none-eabi/lib/thumb/v7e-m/fpv4-sp/hard/libg_nano.a(lib_a-fflush.o)
                              /opt/gcc-arm-none-eabi-7-2017-q4-major/bin/../lib/gcc/arm-none-eabi/7.2.1/../../../../arm-none-eabi/lib/thumb/v7e-m/fpv4-sp/hard/libg_nano.a(lib_a-wbuf.o) (_fflush_r)
/opt/gcc-arm-none-eabi-7-2017-q4-major/bin/../lib/gcc/arm-none-eabi/7.2.1/../../../../arm-none-eabi/lib/thumb/v7e-m/fpv4-sp/hard/libg_nano.a(lib_a-findfp.o)
                              /opt/gcc-arm-none-eabi-7-2017-q4-major/bin/../lib/gcc/arm-none-eabi/7.2.1/../../../../arm-none-eabi/lib/thumb/v7e-m/fpv4-sp/hard/libg_nano.a(lib_a-printf.o) (__sinit)
/opt/gcc-arm-none-eabi-7-2017-q4-major/bin/../lib/gcc/arm-none-eabi/7.2.1/../../../../arm-none-eabi/lib/thumb/v7e-m/fpv4-sp/hard/libg_nano.a(lib_a-fwalk.o)
[...]
Memory Configuration

Name             Origin             Length             Attributes
m_interrupts     0x0000000000000000 0x0000000000000400 xr
m_flash_config   0x0000000000000400 0x0000000000000010 xr
m_text           0x0000000000000410 0x00000000000ffbf0 xr
m_data           0x000000001fff0000 0x0000000000010000 rw
m_data_2         0x0000000020000000 0x0000000000030000 rw
*default*        0x0000000000000000 0xffffffffffffffff

Linker script and memory map

LOAD /opt/gcc-arm-none-eabi-7-2017-q4-major/bin/../lib/gcc/arm-none-eabi/7.2.1/thumb/v7e-m/fpv4-sp/hard/crti.o
LOAD /opt/gcc-arm-none-eabi-7-2017-q4-major/bin/../lib/gcc/arm-none-eabi/7.2.1/thumb/v7e-m/fpv4-sp/hard/crtbegin.o
LOAD /opt/gcc-arm-none-eabi-7-2017-q4-major/bin/../lib/gcc/arm-none-eabi/7.2.1/../../../../arm-none-eabi/lib/thumb/v7e-m/fpv4-sp/hard/crt0.o
LOAD ./utilities/fsl_assert.o
LOAD ./utilities/fsl_debug_console.o
LOAD ./utilities/fsl_io.o
LOAD ./utilities/fsl_log.o
LOAD ./utilities/fsl_notifier.o
LOAD ./utilities/fsl_shell.o
LOAD ./utilities/fsl_str.o
LOAD ./startup/startup_MK64F12.o
LOAD ./source/acc_func.o
LOAD ./source/adc_func.o
LOAD ./source/diskio.o
LOAD ./source/ff.o
LOAD ./source/ffunicode.o
LOAD ./source/i2c_func.o
LOAD ./source/main.o
LOAD ./source/sdcard_io.o
LOAD ./drivers/fsl_adc16.o
LOAD ./drivers/fsl_clock.o
LOAD ./drivers/fsl_cmp.o
LOAD ./drivers/fsl_cmt.o
LOAD ./drivers/fsl_common.o
LOAD ./drivers/fsl_crc.o
LOAD ./drivers/fsl_dac.o
LOAD ./drivers/fsl_dmamux.o
LOAD ./drivers/fsl_dspi.o
LOAD ./drivers/fsl_dspi_edma.o
LOAD ./drivers/fsl_edma.o
LOAD ./drivers/fsl_enet.o
LOAD ./drivers/fsl_ewm.o
LOAD ./drivers/fsl_flash.o
LOAD ./drivers/fsl_flexbus.o
LOAD ./drivers/fsl_flexcan.o
LOAD ./drivers/fsl_ftm.o
LOAD ./drivers/fsl_gpio.o
LOAD ./drivers/fsl_i2c.o
LOAD ./drivers/fsl_i2c_edma.o
LOAD ./drivers/fsl_llwu.o
LOAD ./drivers/fsl_lptmr.o
LOAD ./drivers/fsl_pdb.o
LOAD ./drivers/fsl_pit.o
LOAD ./drivers/fsl_pmc.o
LOAD ./drivers/fsl_rcm.o
LOAD ./drivers/fsl_rnga.o
LOAD ./drivers/fsl_rtc.o
LOAD ./drivers/fsl_sai.o
LOAD ./drivers/fsl_sai_edma.o
LOAD ./drivers/fsl_sdhc.o
LOAD ./drivers/fsl_sim.o
LOAD ./drivers/fsl_smc.o
LOAD ./drivers/fsl_sysmpu.o
LOAD ./drivers/fsl_uart.o
LOAD ./drivers/fsl_uart_edma.o
LOAD ./drivers/fsl_wdog.o
LOAD ./board/board.o
LOAD ./board/clock_config.o
LOAD ./board/peripherals.o
LOAD ./board/pin_mux.o
LOAD ./CMSIS/system_MK64F12.o
LOAD /opt/gcc-arm-none-eabi-7-2017-q4-major/bin/../lib/gcc/arm-none-eabi/7.2.1/../../../../arm-none-eabi/lib/thumb/v7e-m/fpv4-sp/hard/libstdc++_nano.a
LOAD /opt/gcc-arm-none-eabi-7-2017-q4-major/bin/../lib/gcc/arm-none-eabi/7.2.1/../../../../arm-none-eabi/lib/thumb/v7e-m/fpv4-sp/hard/libm.a
START GROUP
LOAD /opt/gcc-arm-none-eabi-7-2017-q4-major/bin/../lib/gcc/arm-none-eabi/7.2.1/thumb/v7e-m/fpv4-sp/hard/libgcc.a
LOAD /opt/gcc-arm-none-eabi-7-2017-q4-major/bin/../lib/gcc/arm-none-eabi/7.2.1/../../../../arm-none-eabi/lib/thumb/v7e-m/fpv4-sp/hard/libg_nano.a
LOAD /opt/gcc-arm-none-eabi-7-2017-q4-major/bin/../lib/gcc/arm-none-eabi/7.2.1/../../../../arm-none-eabi/lib/thumb/v7e-m/fpv4-sp/hard/libc_nano.a
END GROUP
START GROUP
LOAD /opt/gcc-arm-none-eabi-7-2017-q4-major/bin/../lib/gcc/arm-none-eabi/7.2.1/thumb/v7e-m/fpv4-sp/hard/libgcc.a
LOAD /opt/gcc-arm-none-eabi-7-2017-q4-major/bin/../lib/gcc/arm-none-eabi/7.2.1/../../../../arm-none-eabi/lib/thumb/v7e-m/fpv4-sp/hard/libc_nano.a
LOAD /opt/gcc-arm-none-eabi-7-2017-q4-major/bin/../lib/gcc/arm-none-eabi/7.2.1/../../../../arm-none-eabi/lib/thumb/v7e-m/fpv4-sp/hard/libnosys.a
END GROUP
START GROUP
LOAD /opt/gcc-arm-none-eabi-7-2017-q4-major/bin/../lib/gcc/arm-none-eabi/7.2.1/thumb/v7e-m/fpv4-sp/hard/libgcc.a
LOAD /opt/gcc-arm-none-eabi-7-2017-q4-major/bin/../lib/gcc/arm-none-eabi/7.2.1/../../../../arm-none-eabi/lib/thumb/v7e-m/fpv4-sp/hard/libc_nano.a
LOAD /opt/gcc-arm-none-eabi-7-2017-q4-major/bin/../lib/gcc/arm-none-eabi/7.2.1/../../../../arm-none-eabi/lib/thumb/v7e-m/fpv4-sp/hard/libnosys.a
END GROUP
LOAD /opt/gcc-arm-none-eabi-7-2017-q4-major/bin/../lib/gcc/arm-none-eabi/7.2.1/thumb/v7e-m/fpv4-sp/hard/crtend.o
LOAD /opt/gcc-arm-none-eabi-7-2017-q4-major/bin/../lib/gcc/arm-none-eabi/7.2.1/thumb/v7e-m/fpv4-sp/hard/crtn.o
                0x0000000000000400                HEAP_SIZE = DEFINED (__heap_size__)?__heap_size__:0x400
                0x0000000000000400                STACK_SIZE = DEFINED (__stack_size__)?__stack_size__:0x400

.interrupts     0x0000000000000000      0x400
                0x0000000000000000                . = ALIGN (0x4)
 *(.isr_vector)
 .isr_vector    0x0000000000000000      0x400 ./startup/startup_MK64F12.o
                0x0000000000000000                __isr_vector
                0x0000000000000400                . = ALIGN (0x4)

.flash_config   0x0000000000000400       0x10
                0x0000000000000400                . = ALIGN (0x4)
 *(.FlashConfig)
 .FlashConfig   0x0000000000000400       0x10 ./startup/startup_MK64F12.o
                0x0000000000000410                . = ALIGN (0x4)

.text           0x0000000000000410     0x6304
                0x0000000000000410                . = ALIGN (0x4)
 *(.text)
 .text          0x0000000000000410       0x40 /opt/gcc-arm-none-eabi-7-2017-q4-major/bin/../lib/gcc/arm-none-eabi/7.2.1/thumb/v7e-m/fpv4-sp/hard/crtbegin.o
 .text          0x0000000000000450       0x74 /opt/gcc-arm-none-eabi-7-2017-q4-major/bin/../lib/gcc/arm-none-eabi/7.2.1/../../../../arm-none-eabi/lib/thumb/v7e-m/fpv4-sp/hard/crt0.o
                0x0000000000000450                _mainCRTStartup
                0x0000000000000450                _start
 .text          0x00000000000004c4      0x1e8 ./startup/startup_MK64F12.o
                0x00000000000004c4                Reset_Handler
                0x000000000000050c                DebugMon_Handler
                0x000000000000050c                DMA_Error_DriverIRQHandler
                0x000000000000050c                PIT0_IRQHandler
                0x000000000000050c                CMP2_IRQHandler
                0x000000000000050c                LLWU_IRQHandler
                0x000000000000050c                ENET_1588_Timer_DriverIRQHandler
                0x000000000000050c                SWI_IRQHandler
                0x000000000000050c                ADC0_IRQHandler
                0x000000000000050c                UsageFault_Handler
                0x000000000000050c                CMT_IRQHandler
                0x000000000000050c                DefaultISR
                0x000000000000050c                UART5_ERR_DriverIRQHandler
                0x000000000000050c                CMP1_IRQHandler
                0x000000000000050c                Reserved71_IRQHandler
                0x000000000000050c                PORTD_IRQHandler
                0x000000000000050c                PORTB_IRQHandler
                0x000000000000050c                UART2_ERR_DriverIRQHandler
                0x000000000000050c                ADC1_IRQHandler
                0x000000000000050c                PIT2_IRQHandler
                0x000000000000050c                RTC_IRQHandler
                0x000000000000050c                UART3_ERR_DriverIRQHandler
                0x000000000000050c                PDB0_IRQHandler
                0x000000000000050c                FTM1_IRQHandler
                0x000000000000050c                PIT3_IRQHandler
                0x000000000000050c                RTC_Seconds_IRQHandler
                0x000000000000050c                MCG_IRQHandler
                0x000000000000050c                FTFE_IRQHandler
                0x000000000000050c                UART0_ERR_DriverIRQHandler
                0x000000000000050c                Read_Collision_IRQHandler
                0x000000000000050c                USBDCD_IRQHandler
                0x000000000000050c                USB0_IRQHandler
                0x000000000000050c                UART4_ERR_DriverIRQHandler
                0x000000000000050c                WDOG_EWM_IRQHandler
                0x000000000000050c                MemManage_Handler
                0x000000000000050c                UART0_LON_DriverIRQHandler
                0x000000000000050c                RNG_IRQHandler
                0x000000000000050c                ENET_Receive_DriverIRQHandler
                0x000000000000050c                DAC0_IRQHandler
                0x000000000000050c                ENET_Error_DriverIRQHandler
                0x000000000000050c                PIT1_IRQHandler
                0x000000000000050c                LVD_LVW_IRQHandler
                0x000000000000050c                FTM0_IRQHandler
                0x000000000000050c                PORTA_IRQHandler
                0x000000000000050c                DAC1_IRQHandler
                0x000000000000050c                MCM_IRQHandler
                0x000000000000050c                FTM3_IRQHandler
                0x000000000000050c                PORTE_IRQHandler
                0x000000000000050c                FTM2_IRQHandler
                0x000000000000050c                BusFault_Handler
                0x000000000000050c                UART1_ERR_DriverIRQHandler
                0x000000000000050c                ENET_Transmit_DriverIRQHandler
                0x000000000000050c                CMP0_IRQHandler
                0x000000000000050c                PORTC_IRQHandler
                0x0000000000000510                NMI_Handler
                0x0000000000000514                HardFault_Handler
                0x0000000000000518                SVC_Handler
                0x000000000000051c                PendSV_Handler
                0x0000000000000520                SysTick_Handler
                0x0000000000000524                DMA0_IRQHandler
                0x0000000000000528                DMA1_IRQHandler
                0x000000000000052c                DMA2_IRQHandler
                0x0000000000000530                DMA3_IRQHandler
                0x0000000000000534                DMA4_IRQHandler
                0x0000000000000538                DMA5_IRQHandler
                0x000000000000053c                DMA6_IRQHandler
                0x0000000000000540                DMA7_IRQHandler
                0x0000000000000544                DMA8_IRQHandler
                0x0000000000000548                DMA9_IRQHandler
                0x000000000000054c                DMA10_IRQHandler
                0x0000000000000550                DMA11_IRQHandler
                0x0000000000000554                DMA12_IRQHandler
                0x0000000000000558                DMA13_IRQHandler
                0x000000000000055c                DMA14_IRQHandler
                0x0000000000000560                DMA15_IRQHandler
                0x0000000000000564                DMA_Error_IRQHandler
                0x0000000000000568                I2C0_IRQHandler
                0x000000000000056c                I2C1_IRQHandler
                0x0000000000000570                SPI0_IRQHandler
                0x0000000000000574                SPI1_IRQHandler
                0x0000000000000578                I2S0_Tx_IRQHandler
                0x000000000000057c                I2S0_Rx_IRQHandler
                0x0000000000000580                UART0_LON_IRQHandler
                0x0000000000000584                UART0_RX_TX_IRQHandler
                0x0000000000000588                UART0_ERR_IRQHandler
                0x000000000000058c                UART1_RX_TX_IRQHandler
                0x0000000000000590                UART1_ERR_IRQHandler
                0x0000000000000594                UART2_RX_TX_IRQHandler
                0x0000000000000598                UART2_ERR_IRQHandler
                0x000000000000059c                UART3_RX_TX_IRQHandler
                0x00000000000005a0                UART3_ERR_IRQHandler
                0x00000000000005a4                SPI2_IRQHandler
                0x00000000000005a8                UART4_RX_TX_IRQHandler
                0x00000000000005ac                UART4_ERR_IRQHandler
                0x00000000000005b0                UART5_RX_TX_IRQHandler
                0x00000000000005b4                UART5_ERR_IRQHandler
                0x00000000000005b8                I2C2_IRQHandler
                0x00000000000005bc                CAN0_ORed_Message_buffer_IRQHandler
                0x00000000000005c0                CAN0_Bus_Off_IRQHandler
                0x00000000000005c4                CAN0_Error_IRQHandler
                0x00000000000005c8                CAN0_Tx_Warning_IRQHandler
                0x00000000000005cc                CAN0_Rx_Warning_IRQHandler
                0x00000000000005d0                CAN0_Wake_Up_IRQHandler
                0x00000000000005d4                SDHC_IRQHandler
 *fill*         0x00000000000006ac        0x4 
 .text          0x00000000000006b0       0xa0 /opt/gcc-arm-none-eabi-7-2017-q4-major/bin/../lib/gcc/arm-none-eabi/7.2.1/../../../../arm-none-eabi/lib/thumb/v7e-m/fpv4-sp/hard/libg_nano.a(lib_a-memchr.o)
                0x00000000000006b0                memchr
 *(.text*)
 .text.DbgConsole_Init
                0x0000000000000750       0x10 ./utilities/fsl_debug_console.o
                0x0000000000000750                DbgConsole_Init
 .text._write   0x0000000000000760       0x20 ./utilities/fsl_debug_console.o
                0x0000000000000760                _write
 .text._read    0x0000000000000780       0x14 ./utilities/fsl_debug_console.o
                0x0000000000000780                _read
 .text.IO_Init  0x0000000000000794       0x4c ./utilities/fsl_io.o
                0x0000000000000794                IO_Init
 .text.IO_Transfer
                0x00000000000007e0       0x38 ./utilities/fsl_io.o
                0x00000000000007e0                IO_Transfer
 .text.LOG_Init
                0x0000000000000818       0x20 ./utilities/fsl_log.o
                0x0000000000000818                LOG_Init
 .text.LOG_Push
                0x0000000000000838       0x1c ./utilities/fsl_log.o
                0x0000000000000838                LOG_Push
 .text.LOG_ReadLine
                0x0000000000000854       0x64 ./utilities/fsl_log.o
                0x0000000000000854                LOG_ReadLine
 .text.acc_init
                0x00000000000008b8       0x18 ./source/acc_func.o
                0x00000000000008b8                acc_init
 .text.read_acc_axis
                0x00000000000008d0       0x5c ./source/acc_func.o
                0x00000000000008d0                read_acc_axis
 .text.initAdc  0x000000000000092c       0x70 ./source/adc_func.o
                0x000000000000092c                initAdc
 .text.ADC_read16b
                0x000000000000099c       0x7c ./source/adc_func.o
                0x000000000000099c                ADC_read16b
 .text.disk_status
                0x0000000000000a18        0x8 ./source/diskio.o
                0x0000000000000a18                disk_status
 .text.disk_initialize
                0x0000000000000a20       0x14 ./source/diskio.o
                0x0000000000000a20                disk_initialize
 .text.disk_read
                0x0000000000000a34       0x30 ./source/diskio.o
                0x0000000000000a34                disk_read
 .text.disk_write
                0x0000000000000a64       0x2c ./source/diskio.o
                0x0000000000000a64                disk_write
 .text.disk_ioctl
                0x0000000000000a90       0xdc ./source/diskio.o
                0x0000000000000a90                disk_ioctl
 .text.tchar2uni
                0x0000000000000b6c       0xac ./source/ff.o
 .text.get_ldnumber
                0x0000000000000c18       0x50 ./source/ff.o
 .text.validate
                0x0000000000000c68       0x44 ./source/ff.o
 .text.mem_cpy.part.0
                0x0000000000000cac       0x14 ./source/ff.o
 .text.sync_window.part.6
                0x0000000000000cc0       0x44 ./source/ff.o
 .text.dir_clear
                0x0000000000000d04       0x70 ./source/ff.o
 .text.sync_fs  0x0000000000000d74       0xc0 ./source/ff.o
 .text.move_window.part.7
                0x0000000000000e34       0x30 ./source/ff.o
 .text.check_fs
                0x0000000000000e64       0x94 ./source/ff.o
 .text.find_volume
                0x0000000000000ef8      0x310 ./source/ff.o
 .text.put_fat.part.9
                0x0000000000001208      0x140 ./source/ff.o
 .text.get_fat.isra.10
                0x0000000000001348       0xe8 ./source/ff.o
 .text.dir_sdi  0x0000000000001430       0x9c ./source/ff.o
 .text.create_chain
                0x00000000000014cc      0x118 ./source/ff.o
 .text.remove_chain
                0x00000000000015e4       0x8c ./source/ff.o
 .text.dir_next
                0x0000000000001670       0xc0 ./source/ff.o
 .text.dir_alloc
                0x0000000000001730       0x5c ./source/ff.o
 .text.dir_find
                0x000000000000178c      0x1dc ./source/ff.o
 .text.follow_path
                0x0000000000001968      0x2fc ./source/ff.o
 .text.dir_register
                0x0000000000001c64      0x2d8 ./source/ff.o
 .text.f_mount  0x0000000000001f3c       0x54 ./source/ff.o
                0x0000000000001f3c                f_mount
 .text.f_open   0x0000000000001f90      0x244 ./source/ff.o
                0x0000000000001f90                f_open
 .text.f_read   0x00000000000021d4      0x158 ./source/ff.o
                0x00000000000021d4                f_read
 .text.f_write  0x000000000000232c      0x1b4 ./source/ff.o
                0x000000000000232c                f_write
 .text.putc_bfd
                0x00000000000024e0       0xc8 ./source/ff.o
 .text.putc_flush
                0x00000000000025a8       0x34 ./source/ff.o
 .text.f_sync   0x00000000000025dc       0xb0 ./source/ff.o
                0x00000000000025dc                f_sync
 .text.f_close  0x000000000000268c       0x24 ./source/ff.o
                0x000000000000268c                f_close
 .text.f_mkdir  0x00000000000026b0      0x164 ./source/ff.o
                0x00000000000026b0                f_mkdir
 .text.f_gets   0x0000000000002814       0x50 ./source/ff.o
                0x0000000000002814                f_gets
 .text.f_printf
                0x0000000000002864      0x30c ./source/ff.o
                0x0000000000002864                f_printf
 .text.ff_uni2oem
                0x0000000000002b70       0x4c ./source/ffunicode.o
                0x0000000000002b70                ff_uni2oem
 .text.ff_wtoupper
                0x0000000000002bbc       0xb0 ./source/ffunicode.o
                0x0000000000002bbc                ff_wtoupper
 .text.initI2C  0x0000000000002c6c       0x74 ./source/i2c_func.o
                0x0000000000002c6c                initI2C
 .text.accWriteReg
                0x0000000000002ce0       0x5c ./source/i2c_func.o
                0x0000000000002ce0                accWriteReg
 .text.accReadReg
                0x0000000000002d3c       0x7c ./source/i2c_func.o
                0x0000000000002d3c                accReadReg
 .text.InitPcUart
                0x0000000000002db8       0x74 ./source/main.o
                0x0000000000002db8                InitPcUart
 .text.initRtc  0x0000000000002e2c       0x34 ./source/main.o
                0x0000000000002e2c                initRtc
 .text.initTimer
                0x0000000000002e60       0x40 ./source/main.o
                0x0000000000002e60                initTimer
 .text.LPTMR0_IRQHandler
                0x0000000000002ea0       0x18 ./source/main.o
                0x0000000000002ea0                LPTMR0_IRQHandler
 .text.startup.main
                0x0000000000002eb8      0x2ac ./source/main.o
                0x0000000000002eb8                main
 .text.initSpiConfig
                0x0000000000003164       0x88 ./source/sdcard_io.o
                0x0000000000003164                initSpiConfig
 .text.SD_startComm
                0x00000000000031ec       0x4c ./source/sdcard_io.o
                0x00000000000031ec                SD_startComm
 .text.SPI_deactivate_pins
                0x0000000000003238       0x28 ./source/sdcard_io.o
                0x0000000000003238                SPI_deactivate_pins
 .text.SPIread  0x0000000000003260       0x28 ./source/sdcard_io.o
                0x0000000000003260                SPIread
 .text.SD_sendCommand
                0x0000000000003288       0x64 ./source/sdcard_io.o
                0x0000000000003288                SD_sendCommand
 .text.cardInit
                0x00000000000032ec      0x1a4 ./source/sdcard_io.o
                0x00000000000032ec                cardInit
 .text.SD_readBlock
                0x0000000000003490       0x48 ./source/sdcard_io.o
                0x0000000000003490                SD_readBlock
 .text.SD_readMultipleBlock
                0x00000000000034d8       0x70 ./source/sdcard_io.o
                0x00000000000034d8                SD_readMultipleBlock
 .text.SD_writeBlock
                0x0000000000003548       0x90 ./source/sdcard_io.o
                0x0000000000003548                SD_writeBlock
 .text.SD_writeMultipleBlock
                0x00000000000035d8       0x10 ./source/sdcard_io.o
                0x00000000000035d8                SD_writeMultipleBlock
 .text.SD_getCID_CSD
                0x00000000000035e8       0x58 ./source/sdcard_io.o
                0x00000000000035e8                SD_getCID_CSD
 .text.SD_error
                0x0000000000003640       0x14 ./source/sdcard_io.o
                0x0000000000003640                SD_error
 .text.ADC16_Init
                0x0000000000003654       0xc8 ./drivers/fsl_adc16.o
                0x0000000000003654                ADC16_Init
 .text.ADC16_DoAutoCalibration
                0x000000000000371c       0xa8 ./drivers/fsl_adc16.o
                0x000000000000371c                ADC16_DoAutoCalibration
 .text.ADC16_SetChannelMuxMode
                0x00000000000037c4       0x14 ./drivers/fsl_adc16.o
                0x00000000000037c4                ADC16_SetChannelMuxMode
 .text.ADC16_SetChannelConfig
                0x00000000000037d8       0x24 ./drivers/fsl_adc16.o
                0x00000000000037d8                ADC16_SetChannelConfig
 .text.CLOCK_GetFllExtRefClkFreq
                0x00000000000037fc       0x84 ./drivers/fsl_clock.o
 .text.CLOCK_GetPll0Freq.part.4
                0x0000000000003880       0x50 ./drivers/fsl_clock.o
 .text.CLOCK_GetFllFreq
                0x00000000000038d0       0x50 ./drivers/fsl_clock.o
                0x00000000000038d0                CLOCK_GetFllFreq
 .text.CLOCK_GetOutClkFreq
                0x0000000000003920       0x7c ./drivers/fsl_clock.o
                0x0000000000003920                CLOCK_GetOutClkFreq
 .text.CLOCK_GetCoreSysClkFreq
                0x000000000000399c       0x1c ./drivers/fsl_clock.o
                0x000000000000399c                CLOCK_GetCoreSysClkFreq
 .text.CLOCK_SetInternalRefClkConfig
                0x00000000000039b8       0x84 ./drivers/fsl_clock.o
                0x00000000000039b8                CLOCK_SetInternalRefClkConfig
 .text.CLOCK_BootToBlpiMode
                0x0000000000003a3c       0x34 ./drivers/fsl_clock.o
                0x0000000000003a3c                CLOCK_BootToBlpiMode
 .text.DSPI_MasterSetBaudRate.part.1
                0x0000000000003a70       0xc4 ./drivers/fsl_dspi.o
 .text.DSPI_Deinit
                0x0000000000003b34       0x60 ./drivers/fsl_dspi.o
                0x0000000000003b34                DSPI_Deinit
 .text.DSPI_MasterSetDelayScaler
                0x0000000000003b94       0x80 ./drivers/fsl_dspi.o
                0x0000000000003b94                DSPI_MasterSetDelayScaler
 .text.DSPI_MasterSetDelayTimes.part.3
                0x0000000000003c14       0xbc ./drivers/fsl_dspi.o
 .text.DSPI_MasterInit
                0x0000000000003cd0      0x184 ./drivers/fsl_dspi.o
                0x0000000000003cd0                DSPI_MasterInit
 .text.DSPI_MasterWriteDataBlocking
                0x0000000000003e54       0x54 ./drivers/fsl_dspi.o
                0x0000000000003e54                DSPI_MasterWriteDataBlocking
 .text.SPI0_DriverIRQHandler
                0x0000000000003ea8       0x2c ./drivers/fsl_dspi.o
                0x0000000000003ea8                SPI0_DriverIRQHandler
 .text.SPI1_DriverIRQHandler
                0x0000000000003ed4       0x2c ./drivers/fsl_dspi.o
                0x0000000000003ed4                SPI1_DriverIRQHandler
 .text.SPI2_DriverIRQHandler
                0x0000000000003f00       0x2c ./drivers/fsl_dspi.o
                0x0000000000003f00                SPI2_DriverIRQHandler
 .text.EDMA_HandleIRQ
                0x0000000000003f2c       0xa4 ./drivers/fsl_edma.o
                0x0000000000003f2c                EDMA_HandleIRQ
 .text.DMA0_DriverIRQHandler
                0x0000000000003fd0       0x14 ./drivers/fsl_edma.o
                0x0000000000003fd0                DMA0_DriverIRQHandler
 .text.DMA1_DriverIRQHandler
                0x0000000000003fe4       0x14 ./drivers/fsl_edma.o
                0x0000000000003fe4                DMA1_DriverIRQHandler
 .text.DMA2_DriverIRQHandler
                0x0000000000003ff8       0x14 ./drivers/fsl_edma.o
                0x0000000000003ff8                DMA2_DriverIRQHandler
 .text.DMA3_DriverIRQHandler
                0x000000000000400c       0x14 ./drivers/fsl_edma.o
                0x000000000000400c                DMA3_DriverIRQHandler
 .text.DMA4_DriverIRQHandler
                0x0000000000004020       0x14 ./drivers/fsl_edma.o
                0x0000000000004020                DMA4_DriverIRQHandler
 .text.DMA5_DriverIRQHandler
                0x0000000000004034       0x14 ./drivers/fsl_edma.o
                0x0000000000004034                DMA5_DriverIRQHandler
 .text.DMA6_DriverIRQHandler
                0x0000000000004048       0x14 ./drivers/fsl_edma.o
                0x0000000000004048                DMA6_DriverIRQHandler
 .text.DMA7_DriverIRQHandler
                0x000000000000405c       0x14 ./drivers/fsl_edma.o
                0x000000000000405c                DMA7_DriverIRQHandler
 .text.DMA8_DriverIRQHandler
                0x0000000000004070       0x14 ./drivers/fsl_edma.o
                0x0000000000004070                DMA8_DriverIRQHandler
 .text.DMA9_DriverIRQHandler
                0x0000000000004084       0x14 ./drivers/fsl_edma.o
                0x0000000000004084                DMA9_DriverIRQHandler
 .text.DMA10_DriverIRQHandler
                0x0000000000004098       0x14 ./drivers/fsl_edma.o
                0x0000000000004098                DMA10_DriverIRQHandler
 .text.DMA11_DriverIRQHandler
                0x00000000000040ac       0x14 ./drivers/fsl_edma.o
                0x00000000000040ac                DMA11_DriverIRQHandler
 .text.DMA12_DriverIRQHandler
                0x00000000000040c0       0x14 ./drivers/fsl_edma.o
                0x00000000000040c0                DMA12_DriverIRQHandler
 .text.DMA13_DriverIRQHandler
                0x00000000000040d4       0x14 ./drivers/fsl_edma.o
                0x00000000000040d4                DMA13_DriverIRQHandler
 .text.DMA14_DriverIRQHandler
                0x00000000000040e8       0x14 ./drivers/fsl_edma.o
                0x00000000000040e8                DMA14_DriverIRQHandler
 .text.DMA15_DriverIRQHandler
                0x00000000000040fc       0x14 ./drivers/fsl_edma.o
                0x00000000000040fc                DMA15_DriverIRQHandler
 .text.ENET_Transmit_IRQHandler
                0x0000000000004110       0x20 ./drivers/fsl_enet.o
                0x0000000000004110                ENET_Transmit_IRQHandler
 .text.ENET_Receive_IRQHandler
                0x0000000000004130       0x20 ./drivers/fsl_enet.o
                0x0000000000004130                ENET_Receive_IRQHandler
 .text.ENET_Error_IRQHandler
                0x0000000000004150       0x20 ./drivers/fsl_enet.o
                0x0000000000004150                ENET_Error_IRQHandler
 .text.ENET_1588_Timer_IRQHandler
                0x0000000000004170       0x1c ./drivers/fsl_enet.o
                0x0000000000004170                ENET_1588_Timer_IRQHandler
 .text.CAN0_DriverIRQHandler
                0x000000000000418c       0x20 ./drivers/fsl_flexcan.o
                0x000000000000418c                CAN0_DriverIRQHandler
 .text.GPIO_PinInit
                0x00000000000041ac       0x30 ./drivers/fsl_gpio.o
                0x00000000000041ac                GPIO_PinInit
 .text.I2C_TransferCommonIRQHandler
                0x00000000000041dc       0x38 ./drivers/fsl_i2c.o
 .text.I2C_MasterGetDefaultConfig
                0x0000000000004214       0x14 ./drivers/fsl_i2c.o
                0x0000000000004214                I2C_MasterGetDefaultConfig
 .text.I2C_MasterSetBaudRate
                0x0000000000004228       0x6c ./drivers/fsl_i2c.o
                0x0000000000004228                I2C_MasterSetBaudRate
 .text.I2C_MasterInit
                0x0000000000004294       0xa8 ./drivers/fsl_i2c.o
                0x0000000000004294                I2C_MasterInit
 .text.I2C_MasterStart
                0x000000000000433c       0x4c ./drivers/fsl_i2c.o
                0x000000000000433c                I2C_MasterStart
 .text.I2C_MasterRepeatedStart
                0x0000000000004388       0x68 ./drivers/fsl_i2c.o
                0x0000000000004388                I2C_MasterRepeatedStart
 .text.I2C_MasterStop
                0x00000000000043f0       0x14 ./drivers/fsl_i2c.o
                0x00000000000043f0                I2C_MasterStop
 .text.I2C0_DriverIRQHandler
                0x0000000000004404       0x14 ./drivers/fsl_i2c.o
                0x0000000000004404                I2C0_DriverIRQHandler
 .text.I2C1_DriverIRQHandler
                0x0000000000004418       0x14 ./drivers/fsl_i2c.o
                0x0000000000004418                I2C1_DriverIRQHandler
 .text.I2C2_DriverIRQHandler
                0x000000000000442c       0x14 ./drivers/fsl_i2c.o
                0x000000000000442c                I2C2_DriverIRQHandler
 .text.LPTMR_Init
                0x0000000000004440       0x54 ./drivers/fsl_lptmr.o
                0x0000000000004440                LPTMR_Init
 .text.LPTMR_GetDefaultConfig
                0x0000000000004494       0x14 ./drivers/fsl_lptmr.o
                0x0000000000004494                LPTMR_GetDefaultConfig
 .text.RTC_Init
                0x00000000000044a8       0x7c ./drivers/fsl_rtc.o
                0x00000000000044a8                RTC_Init
 .text.RTC_GetDefaultConfig
                0x0000000000004524       0x10 ./drivers/fsl_rtc.o
                0x0000000000004524                RTC_GetDefaultConfig
 .text.I2S0_Tx_DriverIRQHandler
                0x0000000000004534       0x20 ./drivers/fsl_sai.o
                0x0000000000004534                I2S0_Tx_DriverIRQHandler
 .text.I2S0_Rx_DriverIRQHandler
                0x0000000000004554       0x20 ./drivers/fsl_sai.o
                0x0000000000004554                I2S0_Rx_DriverIRQHandler
 .text.SDHC_DriverIRQHandler
                0x0000000000004574       0x20 ./drivers/fsl_sdhc.o
                0x0000000000004574                SDHC_DriverIRQHandler
 .text.UART_Init
                0x0000000000004594      0x16c ./drivers/fsl_uart.o
                0x0000000000004594                UART_Init
 .text.UART_GetDefaultConfig
                0x0000000000004700       0x20 ./drivers/fsl_uart.o
                0x0000000000004700                UART_GetDefaultConfig
 .text.UART_WriteBlocking
                0x0000000000004720       0x18 ./drivers/fsl_uart.o
                0x0000000000004720                UART_WriteBlocking
 .text.UART_ReadBlocking
                0x0000000000004738       0x74 ./drivers/fsl_uart.o
                0x0000000000004738                UART_ReadBlocking
 .text.UART0_RX_TX_DriverIRQHandler
                0x00000000000047ac       0x24 ./drivers/fsl_uart.o
                0x00000000000047ac                UART0_RX_TX_DriverIRQHandler
 .text.UART1_RX_TX_DriverIRQHandler
                0x00000000000047d0       0x24 ./drivers/fsl_uart.o
                0x00000000000047d0                UART1_RX_TX_DriverIRQHandler
 .text.UART2_RX_TX_DriverIRQHandler
                0x00000000000047f4       0x24 ./drivers/fsl_uart.o
                0x00000000000047f4                UART2_RX_TX_DriverIRQHandler
 .text.UART3_RX_TX_DriverIRQHandler
                0x0000000000004818       0x24 ./drivers/fsl_uart.o
                0x0000000000004818                UART3_RX_TX_DriverIRQHandler
 .text.UART4_RX_TX_DriverIRQHandler
                0x000000000000483c       0x24 ./drivers/fsl_uart.o
                0x000000000000483c                UART4_RX_TX_DriverIRQHandler
 .text.UART5_RX_TX_DriverIRQHandler
                0x0000000000004860       0x24 ./drivers/fsl_uart.o
                0x0000000000004860                UART5_RX_TX_DriverIRQHandler
 .text.BOARD_InitDebugConsole
                0x0000000000004884       0x1c ./board/board.o
                0x0000000000004884                BOARD_InitDebugConsole
 .text.BOARD_InitBootPins
                0x00000000000048a0       0x30 ./board/pin_mux.o
                0x00000000000048a0                BOARD_InitBootPins
 .text.BOARD_InitPins
                0x00000000000048d0        0x4 ./board/pin_mux.o
                0x00000000000048d0                BOARD_InitPins
 .text.SystemInit
                0x00000000000048d4       0x30 ./CMSIS/system_MK64F12.o
                0x00000000000048d4                SystemInit
 .text.atoi     0x0000000000004904        0x8 /opt/gcc-arm-none-eabi-7-2017-q4-major/bin/../lib/gcc/arm-none-eabi/7.2.1/../../../../arm-none-eabi/lib/thumb/v7e-m/fpv4-sp/hard/libg_nano.a(lib_a-atoi.o)
                0x0000000000004904                atoi
 .text.exit     0x000000000000490c       0x28 /opt/gcc-arm-none-eabi-7-2017-q4-major/bin/../lib/gcc/arm-none-eabi/7.2.1/../../../../arm-none-eabi/lib/thumb/v7e-m/fpv4-sp/hard/libg_nano.a(lib_a-exit.o)
                0x000000000000490c                exit
 .text.__libc_init_array
                0x0000000000004934       0x48 /opt/gcc-arm-none-eabi-7-2017-q4-major/bin/../lib/gcc/arm-none-eabi/7.2.1/../../../../arm-none-eabi/lib/thumb/v7e-m/fpv4-sp/hard/libg_nano.a(lib_a-init.o)
                0x0000000000004934                __libc_init_array
 .text.memcpy   0x000000000000497c       0x16 /opt/gcc-arm-none-eabi-7-2017-q4-major/bin/../lib/gcc/arm-none-eabi/7.2.1/../../../../arm-none-eabi/lib/thumb/v7e-m/fpv4-sp/hard/libg_nano.a(lib_a-memcpy-stub.o)
                0x000000000000497c                memcpy
 .text.memmove  0x0000000000004992       0x32 /opt/gcc-arm-none-eabi-7-2017-q4-major/bin/../lib/gcc/arm-none-eabi/7.2.1/../../../../arm-none-eabi/lib/thumb/v7e-m/fpv4-sp/hard/libg_nano.a(lib_a-memmove.o)
                0x0000000000004992                memmove
 .text.memset   0x00000000000049c4       0x10 /opt/gcc-arm-none-eabi-7-2017-q4-major/bin/../lib/gcc/arm-none-eabi/7.2.1/../../../../arm-none-eabi/lib/thumb/v7e-m/fpv4-sp/hard/libg_nano.a(lib_a-memset.o)
                0x00000000000049c4                memset
 .text.printf   0x00000000000049d4       0x30 /opt/gcc-arm-none-eabi-7-2017-q4-major/bin/../lib/gcc/arm-none-eabi/7.2.1/../../../../arm-none-eabi/lib/thumb/v7e-m/fpv4-sp/hard/libg_nano.a(lib_a-printf.o)
                0x00000000000049d4                printf
                0x00000000000049d4                iprintf
 .text._puts_r  0x0000000000004a04       0xb8 /opt/gcc-arm-none-eabi-7-2017-q4-major/bin/../lib/gcc/arm-none-eabi/7.2.1/../../../../arm-none-eabi/lib/thumb/v7e-m/fpv4-sp/hard/libg_nano.a(lib_a-puts.o)
                0x0000000000004a04                _puts_r
 .text.puts     0x0000000000004abc       0x10 /opt/gcc-arm-none-eabi-7-2017-q4-major/bin/../lib/gcc/arm-none-eabi/7.2.1/../../../../arm-none-eabi/lib/thumb/v7e-m/fpv4-sp/hard/libg_nano.a(lib_a-puts.o)
                0x0000000000004abc                puts
 .text.sprintf  0x0000000000004acc       0x40 /opt/gcc-arm-none-eabi-7-2017-q4-major/bin/../lib/gcc/arm-none-eabi/7.2.1/../../../../arm-none-eabi/lib/thumb/v7e-m/fpv4-sp/hard/libg_nano.a(lib_a-sprintf.o)
                0x0000000000004acc                sprintf
                0x0000000000004acc                siprintf
 .text._strtol_l.isra.0
                0x0000000000004b0c       0xf6 /opt/gcc-arm-none-eabi-7-2017-q4-major/bin/../lib/gcc/arm-none-eabi/7.2.1/../../../../arm-none-eabi/lib/thumb/v7e-m/fpv4-sp/hard/libg_nano.a(lib_a-strtol.o)
 *fill*         0x0000000000004c02        0x2 
 .text.strtol   0x0000000000004c04       0x2c /opt/gcc-arm-none-eabi-7-2017-q4-major/bin/../lib/gcc/arm-none-eabi/7.2.1/../../../../arm-none-eabi/lib/thumb/v7e-m/fpv4-sp/hard/libg_nano.a(lib_a-strtol.o)
                0x0000000000004c04                strtol
 .text.__swbuf_r
                0x0000000000004c30       0xa4 /opt/gcc-arm-none-eabi-7-2017-q4-major/bin/../lib/gcc/arm-none-eabi/7.2.1/../../../../arm-none-eabi/lib/thumb/v7e-m/fpv4-sp/hard/libg_nano.a(lib_a-wbuf.o)
                0x0000000000004c30                __swbuf_r
 .text.__swsetup_r
                0x0000000000004cd4       0xdc /opt/gcc-arm-none-eabi-7-2017-q4-major/bin/../lib/gcc/arm-none-eabi/7.2.1/../../../../arm-none-eabi/lib/thumb/v7e-m/fpv4-sp/hard/libg_nano.a(lib_a-wsetup.o)
                0x0000000000004cd4                __swsetup_r
 .text.__sflush_r
                0x0000000000004db0      0x10c /opt/gcc-arm-none-eabi-7-2017-q4-major/bin/../lib/gcc/arm-none-eabi/7.2.1/../../../../arm-none-eabi/lib/thumb/v7e-m/fpv4-sp/hard/libg_nano.a(lib_a-fflush.o)
                0x0000000000004db0                __sflush_r
 .text._fflush_r
                0x0000000000004ebc       0x54 /opt/gcc-arm-none-eabi-7-2017-q4-major/bin/../lib/gcc/arm-none-eabi/7.2.1/../../../../arm-none-eabi/lib/thumb/v7e-m/fpv4-sp/hard/libg_nano.a(lib_a-fflush.o)
                0x0000000000004ebc                _fflush_r
 .text.std      0x0000000000004f10       0x48 /opt/gcc-arm-none-eabi-7-2017-q4-major/bin/../lib/gcc/arm-none-eabi/7.2.1/../../../../arm-none-eabi/lib/thumb/v7e-m/fpv4-sp/hard/libg_nano.a(lib_a-findfp.o)
 .text._cleanup_r
                0x0000000000004f58        0xc /opt/gcc-arm-none-eabi-7-2017-q4-major/bin/../lib/gcc/arm-none-eabi/7.2.1/../../../../arm-none-eabi/lib/thumb/v7e-m/fpv4-sp/hard/libg_nano.a(lib_a-findfp.o)
                0x0000000000004f58                _cleanup_r
 .text.__sfmoreglue
                0x0000000000004f64       0x2c /opt/gcc-arm-none-eabi-7-2017-q4-major/bin/../lib/gcc/arm-none-eabi/7.2.1/../../../../arm-none-eabi/lib/thumb/v7e-m/fpv4-sp/hard/libg_nano.a(lib_a-findfp.o)
                0x0000000000004f64                __sfmoreglue
 .text.__sinit  0x0000000000004f90       0x60 /opt/gcc-arm-none-eabi-7-2017-q4-major/bin/../lib/gcc/arm-none-eabi/7.2.1/../../../../arm-none-eabi/lib/thumb/v7e-m/fpv4-sp/hard/libg_nano.a(lib_a-findfp.o)
                0x0000000000004f90                __sinit
 .text.__sfp    0x0000000000004ff0       0x78 /opt/gcc-arm-none-eabi-7-2017-q4-major/bin/../lib/gcc/arm-none-eabi/7.2.1/../../../../arm-none-eabi/lib/thumb/v7e-m/fpv4-sp/hard/libg_nano.a(lib_a-findfp.o)
                0x0000000000004ff0                __sfp
 .text._fwalk_reent
                0x0000000000005068       0x3c /opt/gcc-arm-none-eabi-7-2017-q4-major/bin/../lib/gcc/arm-none-eabi/7.2.1/../../../../arm-none-eabi/lib/thumb/v7e-m/fpv4-sp/hard/libg_nano.a(lib_a-fwalk.o)
                0x0000000000005068                _fwalk_reent
 .text.__locale_ctype_ptr_l
                0x00000000000050a4        0x6 /opt/gcc-arm-none-eabi-7-2017-q4-major/bin/../lib/gcc/arm-none-eabi/7.2.1/../../../../arm-none-eabi/lib/thumb/v7e-m/fpv4-sp/hard/libg_nano.a(lib_a-locale.o)
                0x00000000000050a4                __locale_ctype_ptr_l
 .text.__swhatbuf_r
                0x00000000000050aa       0x48 /opt/gcc-arm-none-eabi-7-2017-q4-major/bin/../lib/gcc/arm-none-eabi/7.2.1/../../../../arm-none-eabi/lib/thumb/v7e-m/fpv4-sp/hard/libg_nano.a(lib_a-makebuf.o)
                0x00000000000050aa                __swhatbuf_r
 *fill*         0x00000000000050f2        0x2 
 .text.__smakebuf_r
                0x00000000000050f4       0x80 /opt/gcc-arm-none-eabi-7-2017-q4-major/bin/../lib/gcc/arm-none-eabi/7.2.1/../../../../arm-none-eabi/lib/thumb/v7e-m/fpv4-sp/hard/libg_nano.a(lib_a-makebuf.o)
                0x00000000000050f4                __smakebuf_r
 .text.__ascii_mbtowc
                0x0000000000005174       0x24 /opt/gcc-arm-none-eabi-7-2017-q4-major/bin/../lib/gcc/arm-none-eabi/7.2.1/../../../../arm-none-eabi/lib/thumb/v7e-m/fpv4-sp/hard/libg_nano.a(lib_a-mbtowc_r.o)
                0x0000000000005174                __ascii_mbtowc
 .text._free_r  0x0000000000005198       0x9c /opt/gcc-arm-none-eabi-7-2017-q4-major/bin/../lib/gcc/arm-none-eabi/7.2.1/../../../../arm-none-eabi/lib/thumb/v7e-m/fpv4-sp/hard/libg_nano.a(lib_a-nano-freer.o)
                0x0000000000005198                _free_r
 .text._malloc_r
                0x0000000000005234       0xb4 /opt/gcc-arm-none-eabi-7-2017-q4-major/bin/../lib/gcc/arm-none-eabi/7.2.1/../../../../arm-none-eabi/lib/thumb/v7e-m/fpv4-sp/hard/libg_nano.a(lib_a-nano-mallocr.o)
                0x0000000000005234                _malloc_r
 .text.__ssputs_r
                0x00000000000052e8       0xb4 /opt/gcc-arm-none-eabi-7-2017-q4-major/bin/../lib/gcc/arm-none-eabi/7.2.1/../../../../arm-none-eabi/lib/thumb/v7e-m/fpv4-sp/hard/libg_nano.a(lib_a-nano-svfprintf.o)
                0x00000000000052e8                __ssputs_r
 .text._svfprintf_r
                0x000000000000539c      0x1ec /opt/gcc-arm-none-eabi-7-2017-q4-major/bin/../lib/gcc/arm-none-eabi/7.2.1/../../../../arm-none-eabi/lib/thumb/v7e-m/fpv4-sp/hard/libg_nano.a(lib_a-nano-svfprintf.o)
                0x000000000000539c                _svfprintf_r
                0x000000000000539c                _svfiprintf_r
 .text.__sfputc_r
                0x0000000000005588       0x2e /opt/gcc-arm-none-eabi-7-2017-q4-major/bin/../lib/gcc/arm-none-eabi/7.2.1/../../../../arm-none-eabi/lib/thumb/v7e-m/fpv4-sp/hard/libg_nano.a(lib_a-nano-vfprintf.o)
 .text.__sfputs_r
                0x00000000000055b6       0x24 /opt/gcc-arm-none-eabi-7-2017-q4-major/bin/../lib/gcc/arm-none-eabi/7.2.1/../../../../arm-none-eabi/lib/thumb/v7e-m/fpv4-sp/hard/libg_nano.a(lib_a-nano-vfprintf.o)
                0x00000000000055b6                __sfputs_r
 *fill*         0x00000000000055da        0x2 
 .text._vfprintf_r
                0x00000000000055dc      0x228 /opt/gcc-arm-none-eabi-7-2017-q4-major/bin/../lib/gcc/arm-none-eabi/7.2.1/../../../../arm-none-eabi/lib/thumb/v7e-m/fpv4-sp/hard/libg_nano.a(lib_a-nano-vfprintf.o)
                0x00000000000055dc                _vfiprintf_r
                0x00000000000055dc                _vfprintf_r
 .text._printf_common
                0x0000000000005804       0xea /opt/gcc-arm-none-eabi-7-2017-q4-major/bin/../lib/gcc/arm-none-eabi/7.2.1/../../../../arm-none-eabi/lib/thumb/v7e-m/fpv4-sp/hard/libg_nano.a(lib_a-nano-vfprintf_i.o)
                0x0000000000005804                _printf_common
 *fill*         0x00000000000058ee        0x2 
 .text._printf_i
                0x00000000000058f0      0x224 /opt/gcc-arm-none-eabi-7-2017-q4-major/bin/../lib/gcc/arm-none-eabi/7.2.1/../../../../arm-none-eabi/lib/thumb/v7e-m/fpv4-sp/hard/libg_nano.a(lib_a-nano-vfprintf_i.o)
                0x00000000000058f0                _printf_i
 .text._sbrk_r  0x0000000000005b14       0x20 /opt/gcc-arm-none-eabi-7-2017-q4-major/bin/../lib/gcc/arm-none-eabi/7.2.1/../../../../arm-none-eabi/lib/thumb/v7e-m/fpv4-sp/hard/libg_nano.a(lib_a-sbrkr.o)
                0x0000000000005b14                _sbrk_r
 .text.__sread  0x0000000000005b34       0x22 /opt/gcc-arm-none-eabi-7-2017-q4-major/bin/../lib/gcc/arm-none-eabi/7.2.1/../../../../arm-none-eabi/lib/thumb/v7e-m/fpv4-sp/hard/libg_nano.a(lib_a-stdio.o)
                0x0000000000005b34                __sread
 .text.__swrite
                0x0000000000005b56       0x38 /opt/gcc-arm-none-eabi-7-2017-q4-major/bin/../lib/gcc/arm-none-eabi/7.2.1/../../../../arm-none-eabi/lib/thumb/v7e-m/fpv4-sp/hard/libg_nano.a(lib_a-stdio.o)
                0x0000000000005b56                __swrite
 .text.__sseek  0x0000000000005b8e       0x24 /opt/gcc-arm-none-eabi-7-2017-q4-major/bin/../lib/gcc/arm-none-eabi/7.2.1/../../../../arm-none-eabi/lib/thumb/v7e-m/fpv4-sp/hard/libg_nano.a(lib_a-stdio.o)
                0x0000000000005b8e                __sseek
 .text.__sclose
                0x0000000000005bb2        0x8 /opt/gcc-arm-none-eabi-7-2017-q4-major/bin/../lib/gcc/arm-none-eabi/7.2.1/../../../../arm-none-eabi/lib/thumb/v7e-m/fpv4-sp/hard/libg_nano.a(lib_a-stdio.o)
                0x0000000000005bb2                __sclose
 .text.__ascii_wctomb
                0x0000000000005bba       0x1a /opt/gcc-arm-none-eabi-7-2017-q4-major/bin/../lib/gcc/arm-none-eabi/7.2.1/../../../../arm-none-eabi/lib/thumb/v7e-m/fpv4-sp/hard/libg_nano.a(lib_a-wctomb_r.o)
                0x0000000000005bba                __ascii_wctomb
 .text._write_r
                0x0000000000005bd4       0x24 /opt/gcc-arm-none-eabi-7-2017-q4-major/bin/../lib/gcc/arm-none-eabi/7.2.1/../../../../arm-none-eabi/lib/thumb/v7e-m/fpv4-sp/hard/libg_nano.a(lib_a-writer.o)
                0x0000000000005bd4                _write_r
 .text._close_r
                0x0000000000005bf8       0x20 /opt/gcc-arm-none-eabi-7-2017-q4-major/bin/../lib/gcc/arm-none-eabi/7.2.1/../../../../arm-none-eabi/lib/thumb/v7e-m/fpv4-sp/hard/libg_nano.a(lib_a-closer.o)
                0x0000000000005bf8                _close_r
 .text._fstat_r
                0x0000000000005c18       0x24 /opt/gcc-arm-none-eabi-7-2017-q4-major/bin/../lib/gcc/arm-none-eabi/7.2.1/../../../../arm-none-eabi/lib/thumb/v7e-m/fpv4-sp/hard/libg_nano.a(lib_a-fstatr.o)
                0x0000000000005c18                _fstat_r
 .text._isatty_r
                0x0000000000005c3c       0x20 /opt/gcc-arm-none-eabi-7-2017-q4-major/bin/../lib/gcc/arm-none-eabi/7.2.1/../../../../arm-none-eabi/lib/thumb/v7e-m/fpv4-sp/hard/libg_nano.a(lib_a-isattyr.o)
                0x0000000000005c3c                _isatty_r
 .text._lseek_r
                0x0000000000005c5c       0x24 /opt/gcc-arm-none-eabi-7-2017-q4-major/bin/../lib/gcc/arm-none-eabi/7.2.1/../../../../arm-none-eabi/lib/thumb/v7e-m/fpv4-sp/hard/libg_nano.a(lib_a-lseekr.o)
                0x0000000000005c5c                _lseek_r
 .text.__malloc_lock
                0x0000000000005c80        0x2 /opt/gcc-arm-none-eabi-7-2017-q4-major/bin/../lib/gcc/arm-none-eabi/7.2.1/../../../../arm-none-eabi/lib/thumb/v7e-m/fpv4-sp/hard/libg_nano.a(lib_a-mlock.o)
                0x0000000000005c80                __malloc_lock
 .text.__malloc_unlock
                0x0000000000005c82        0x2 /opt/gcc-arm-none-eabi-7-2017-q4-major/bin/../lib/gcc/arm-none-eabi/7.2.1/../../../../arm-none-eabi/lib/thumb/v7e-m/fpv4-sp/hard/libg_nano.a(lib_a-mlock.o)
                0x0000000000005c82                __malloc_unlock
 .text._realloc_r
                0x0000000000005c84       0x4c /opt/gcc-arm-none-eabi-7-2017-q4-major/bin/../lib/gcc/arm-none-eabi/7.2.1/../../../../arm-none-eabi/lib/thumb/v7e-m/fpv4-sp/hard/libg_nano.a(lib_a-nano-reallocr.o)
                0x0000000000005c84                _realloc_r
 .text._read_r  0x0000000000005cd0       0x24 /opt/gcc-arm-none-eabi-7-2017-q4-major/bin/../lib/gcc/arm-none-eabi/7.2.1/../../../../arm-none-eabi/lib/thumb/v7e-m/fpv4-sp/hard/libg_nano.a(lib_a-readr.o)
                0x0000000000005cd0                _read_r
 .text._malloc_usable_size_r
                0x0000000000005cf4       0x10 /opt/gcc-arm-none-eabi-7-2017-q4-major/bin/../lib/gcc/arm-none-eabi/7.2.1/../../../../arm-none-eabi/lib/thumb/v7e-m/fpv4-sp/hard/libg_nano.a(lib_a-nano-msizer.o)
                0x0000000000005cf4                _malloc_usable_size_r
 .text._close   0x0000000000005d04       0x10 /opt/gcc-arm-none-eabi-7-2017-q4-major/bin/../lib/gcc/arm-none-eabi/7.2.1/../../../../arm-none-eabi/lib/thumb/v7e-m/fpv4-sp/hard/libnosys.a(close.o)
                0x0000000000005d04                _close
 .text._fstat   0x0000000000005d14       0x10 /opt/gcc-arm-none-eabi-7-2017-q4-major/bin/../lib/gcc/arm-none-eabi/7.2.1/../../../../arm-none-eabi/lib/thumb/v7e-m/fpv4-sp/hard/libnosys.a(fstat.o)
                0x0000000000005d14                _fstat
 .text._isatty  0x0000000000005d24       0x10 /opt/gcc-arm-none-eabi-7-2017-q4-major/bin/../lib/gcc/arm-none-eabi/7.2.1/../../../../arm-none-eabi/lib/thumb/v7e-m/fpv4-sp/hard/libnosys.a(isatty.o)
                0x0000000000005d24                _isatty
 .text._lseek   0x0000000000005d34       0x10 /opt/gcc-arm-none-eabi-7-2017-q4-major/bin/../lib/gcc/arm-none-eabi/7.2.1/../../../../arm-none-eabi/lib/thumb/v7e-m/fpv4-sp/hard/libnosys.a(lseek.o)
                0x0000000000005d34                _lseek
 .text._sbrk    0x0000000000005d44       0x1c /opt/gcc-arm-none-eabi-7-2017-q4-major/bin/../lib/gcc/arm-none-eabi/7.2.1/../../../../arm-none-eabi/lib/thumb/v7e-m/fpv4-sp/hard/libnosys.a(sbrk.o)
                0x0000000000005d44                _sbrk
 .text._exit    0x0000000000005d60        0x4 /opt/gcc-arm-none-eabi-7-2017-q4-major/bin/../lib/gcc/arm-none-eabi/7.2.1/../../../../arm-none-eabi/lib/thumb/v7e-m/fpv4-sp/hard/libnosys.a(_exit.o)
                0x0000000000005d60                _exit
 *(.rodata)
 *(.rodata*)
 .rodata.ADC_read16b.str1.4
                0x0000000000005d64       0x14 ./source/adc_func.o
 .rodata.disk_ioctl.str1.4
                0x0000000000005d78       0x1d ./source/diskio.o
 *fill*         0x0000000000005d95        0x3 
 .rodata.ExCvt  0x0000000000005d98       0x80 ./source/ff.o
 .rodata.LfnOfs
                0x0000000000005e18        0xd ./source/ff.o
 *fill*         0x0000000000005e25        0x3 
 .rodata.check_fs.str1.4
                0x0000000000005e28        0x6 ./source/ff.o
 *fill*         0x0000000000005e2e        0x2 
 .rodata.follow_path.str1.4
                0x0000000000005e30       0x13 ./source/ff.o
 *fill*         0x0000000000005e43        0x1 
 .rodata.cvt1.5603
                0x0000000000005e44      0x1f2 ./source/ffunicode.o
 *fill*         0x0000000000006036        0x2 
 .rodata.cvt2.5604
                0x0000000000006038       0xbc ./source/ffunicode.o
 .rodata.uc437  0x00000000000060f4      0x100 ./source/ffunicode.o
 .rodata.LED_configOutput.10898
                0x00000000000061f4        0x2 ./source/main.o
 *fill*         0x00000000000061f6        0x2 
 .rodata.main.str1.4
                0x00000000000061f8      0x124 ./source/main.o
 .rodata.SD_error.str1.4
                0x000000000000631c       0x17 ./source/sdcard_io.o
 *fill*         0x0000000000006333        0x1 
 .rodata.SD_getCID_CSD.str1.4
                0x0000000000006334       0x2c ./source/sdcard_io.o
 .rodata.SD_readMultipleBlock.str1.4
                0x0000000000006360       0x16 ./source/sdcard_io.o
 *fill*         0x0000000000006376        0x2 
 .rodata.SD_writeBlock.str1.4
                0x0000000000006378       0x14 ./source/sdcard_io.o
 .rodata.SD_writeMultipleBlock.str1.4
                0x000000000000638c       0x17 ./source/sdcard_io.o
 *fill*         0x00000000000063a3        0x1 
 .rodata.cardInit.str1.4
                0x00000000000063a4       0x6c ./source/sdcard_io.o
 .rodata.fllFactorTable.8306
                0x0000000000006410       0x10 ./drivers/fsl_clock.o
 .rodata.s_baudratePrescaler
                0x0000000000006420       0x10 ./drivers/fsl_dspi.o
 .rodata.s_baudrateScaler
                0x0000000000006430       0x40 ./drivers/fsl_dspi.o
 .rodata.s_delayPrescaler
                0x0000000000006470       0x10 ./drivers/fsl_dspi.o
 .rodata.s_delayScaler
                0x0000000000006480       0x40 ./drivers/fsl_dspi.o
 .rodata.s_i2cDividerTable
                0x00000000000064c0       0x80 ./drivers/fsl_i2c.o
 .rodata.s_uartClock
                0x0000000000006540       0x18 ./drivers/fsl_uart.o
 .rodata._global_impure_ptr
                0x0000000000006558        0x4 /opt/gcc-arm-none-eabi-7-2017-q4-major/bin/../lib/gcc/arm-none-eabi/7.2.1/../../../../arm-none-eabi/lib/thumb/v7e-m/fpv4-sp/hard/libg_nano.a(lib_a-impure.o)
                0x0000000000006558                _global_impure_ptr
 .rodata.__sf_fake_stderr
                0x000000000000655c       0x20 /opt/gcc-arm-none-eabi-7-2017-q4-major/bin/../lib/gcc/arm-none-eabi/7.2.1/../../../../arm-none-eabi/lib/thumb/v7e-m/fpv4-sp/hard/libg_nano.a(lib_a-findfp.o)
                0x000000000000655c                __sf_fake_stderr
 .rodata.__sf_fake_stdin
                0x000000000000657c       0x20 /opt/gcc-arm-none-eabi-7-2017-q4-major/bin/../lib/gcc/arm-none-eabi/7.2.1/../../../../arm-none-eabi/lib/thumb/v7e-m/fpv4-sp/hard/libg_nano.a(lib_a-findfp.o)
                0x000000000000657c                __sf_fake_stdin
 .rodata.__sf_fake_stdout
                0x000000000000659c       0x20 /opt/gcc-arm-none-eabi-7-2017-q4-major/bin/../lib/gcc/arm-none-eabi/7.2.1/../../../../arm-none-eabi/lib/thumb/v7e-m/fpv4-sp/hard/libg_nano.a(lib_a-findfp.o)
                0x000000000000659c                __sf_fake_stdout
 .rodata._setlocale_r.str1.1
                0x00000000000065bc        0x8 /opt/gcc-arm-none-eabi-7-2017-q4-major/bin/../lib/gcc/arm-none-eabi/7.2.1/../../../../arm-none-eabi/lib/thumb/v7e-m/fpv4-sp/hard/libg_nano.a(lib_a-locale.o)
                                          0x9 (size before relaxing)
 .rodata.str1.1
                0x00000000000065c4        0x2 /opt/gcc-arm-none-eabi-7-2017-q4-major/bin/../lib/gcc/arm-none-eabi/7.2.1/../../../../arm-none-eabi/lib/thumb/v7e-m/fpv4-sp/hard/libg_nano.a(lib_a-locale.o)
 .rodata._svfprintf_r.str1.1
                0x00000000000065c6       0x11 /opt/gcc-arm-none-eabi-7-2017-q4-major/bin/../lib/gcc/arm-none-eabi/7.2.1/../../../../arm-none-eabi/lib/thumb/v7e-m/fpv4-sp/hard/libg_nano.a(lib_a-nano-svfprintf.o)
 .rodata._vfprintf_r.str1.1
                0x00000000000065d7       0x11 /opt/gcc-arm-none-eabi-7-2017-q4-major/bin/../lib/gcc/arm-none-eabi/7.2.1/../../../../arm-none-eabi/lib/thumb/v7e-m/fpv4-sp/hard/libg_nano.a(lib_a-nano-vfprintf.o)
 .rodata._printf_i.str1.1
                0x00000000000065d7       0x22 /opt/gcc-arm-none-eabi-7-2017-q4-major/bin/../lib/gcc/arm-none-eabi/7.2.1/../../../../arm-none-eabi/lib/thumb/v7e-m/fpv4-sp/hard/libg_nano.a(lib_a-nano-vfprintf_i.o)
 .rodata._ctype_
                0x00000000000065f9      0x101 /opt/gcc-arm-none-eabi-7-2017-q4-major/bin/../lib/gcc/arm-none-eabi/7.2.1/../../../../arm-none-eabi/lib/thumb/v7e-m/fpv4-sp/hard/libg_nano.a(lib_a-ctype_.o)
                0x00000000000065f9                _ctype_
 *(.glue_7)
 .glue_7        0x00000000000066fa        0x0 linker stubs
 *(.glue_7t)
 .glue_7t       0x00000000000066fa        0x0 linker stubs
 *(.eh_frame)
 *fill*         0x00000000000066fa        0x2 
 .eh_frame      0x00000000000066fc        0x0 /opt/gcc-arm-none-eabi-7-2017-q4-major/bin/../lib/gcc/arm-none-eabi/7.2.1/thumb/v7e-m/fpv4-sp/hard/crtbegin.o
 *(.init)
 .init          0x00000000000066fc        0x4 /opt/gcc-arm-none-eabi-7-2017-q4-major/bin/../lib/gcc/arm-none-eabi/7.2.1/thumb/v7e-m/fpv4-sp/hard/crti.o
                0x00000000000066fc                _init
 .init          0x0000000000006700        0x8 /opt/gcc-arm-none-eabi-7-2017-q4-major/bin/../lib/gcc/arm-none-eabi/7.2.1/thumb/v7e-m/fpv4-sp/hard/crtn.o
 *(.fini)
 .fini          0x0000000000006708        0x4 /opt/gcc-arm-none-eabi-7-2017-q4-major/bin/../lib/gcc/arm-none-eabi/7.2.1/thumb/v7e-m/fpv4-sp/hard/crti.o
                0x0000000000006708                _fini
 .fini          0x000000000000670c        0x8 /opt/gcc-arm-none-eabi-7-2017-q4-major/bin/../lib/gcc/arm-none-eabi/7.2.1/thumb/v7e-m/fpv4-sp/hard/crtn.o
                0x0000000000006714                . = ALIGN (0x4)

.vfp11_veneer   0x0000000000006714        0x0
 .vfp11_veneer  0x0000000000006714        0x0 linker stubs

.v4_bx          0x0000000000006714        0x0
 .v4_bx         0x0000000000006714        0x0 linker stubs

.iplt           0x0000000000006714        0x0
 .iplt          0x0000000000006714        0x0 /opt/gcc-arm-none-eabi-7-2017-q4-major/bin/../lib/gcc/arm-none-eabi/7.2.1/thumb/v7e-m/fpv4-sp/hard/crtbegin.o

.ARM.extab
 *(.ARM.extab* .gnu.linkonce.armextab.*)

.ARM            0x0000000000006714        0x8
                0x0000000000006714                __exidx_start = .
 *(.ARM.exidx*)
 .ARM.exidx     0x0000000000006714        0x8 /opt/gcc-arm-none-eabi-7-2017-q4-major/bin/../lib/gcc/arm-none-eabi/7.2.1/../../../../arm-none-eabi/lib/thumb/v7e-m/fpv4-sp/hard/crt0.o
                0x000000000000671c                __exidx_end = .

.rel.dyn        0x000000000000671c        0x0
 .rel.iplt      0x000000000000671c        0x0 /opt/gcc-arm-none-eabi-7-2017-q4-major/bin/../lib/gcc/arm-none-eabi/7.2.1/thumb/v7e-m/fpv4-sp/hard/crtbegin.o

.ctors          0x000000000000671c        0x0
                0x000000000000671c                __CTOR_LIST__ = .
 *crtbegin.o(.ctors)
 *crtbegin?.o(.ctors)
 *(EXCLUDE_FILE(*crtend.o *crtend?.o) .ctors)
 *(SORT_BY_NAME(.ctors.*))
 *(.ctors)
                0x000000000000671c                __CTOR_END__ = .

.dtors          0x000000000000671c        0x0
                0x000000000000671c                __DTOR_LIST__ = .
 *crtbegin.o(.dtors)
 *crtbegin?.o(.dtors)
 *(EXCLUDE_FILE(*crtend.o *crtend?.o) .dtors)
 *(SORT_BY_NAME(.dtors.*))
 *(.dtors)
                0x000000000000671c                __DTOR_END__ = .

.preinit_array  0x000000000000671c        0x0
                0x000000000000671c                PROVIDE (__preinit_array_start, .)
 *(.preinit_array*)
                0x000000000000671c                PROVIDE (__preinit_array_end, .)

.init_array     0x000000000000671c        0x4
                0x000000000000671c                PROVIDE (__init_array_start, .)
 *(SORT_BY_NAME(.init_array.*))
 *(.init_array*)
 .init_array    0x000000000000671c        0x4 /opt/gcc-arm-none-eabi-7-2017-q4-major/bin/../lib/gcc/arm-none-eabi/7.2.1/thumb/v7e-m/fpv4-sp/hard/crtbegin.o
                0x0000000000006720                PROVIDE (__init_array_end, .)

.fini_array     0x0000000000006720        0x4
                [!provide]                        PROVIDE (__fini_array_start, .)
 *(SORT_BY_NAME(.fini_array.*))
 *(.fini_array*)
 .fini_array    0x0000000000006720        0x4 /opt/gcc-arm-none-eabi-7-2017-q4-major/bin/../lib/gcc/arm-none-eabi/7.2.1/thumb/v7e-m/fpv4-sp/hard/crtbegin.o
                [!provide]                        PROVIDE (__fini_array_end, .)
                0x0000000000006724                __etext = .
                0x0000000000006724                __DATA_ROM = .

.data           0x000000001fff0000      0x1d8 load address 0x0000000000006724
                0x000000001fff0000                . = ALIGN (0x4)
                0x000000001fff0000                __DATA_RAM = .
                0x000000001fff0000                __data_start__ = .
 *(.data)
 *(.data*)
 .data.s_fastIrcFreq
                0x000000001fff0000        0x4 ./drivers/fsl_clock.o
 .data.s_slowIrcFreq
                0x000000001fff0004        0x4 ./drivers/fsl_clock.o
 .data._impure_ptr
                0x000000001fff0008        0x4 /opt/gcc-arm-none-eabi-7-2017-q4-major/bin/../lib/gcc/arm-none-eabi/7.2.1/../../../../arm-none-eabi/lib/thumb/v7e-m/fpv4-sp/hard/libg_nano.a(lib_a-impure.o)
                0x000000001fff0008                _impure_ptr
 .data.impure_data
                0x000000001fff000c       0x60 /opt/gcc-arm-none-eabi-7-2017-q4-major/bin/../lib/gcc/arm-none-eabi/7.2.1/../../../../arm-none-eabi/lib/thumb/v7e-m/fpv4-sp/hard/libg_nano.a(lib_a-impure.o)
 .data.__global_locale
                0x000000001fff006c      0x16c /opt/gcc-arm-none-eabi-7-2017-q4-major/bin/../lib/gcc/arm-none-eabi/7.2.1/../../../../arm-none-eabi/lib/thumb/v7e-m/fpv4-sp/hard/libg_nano.a(lib_a-locale.o)
                0x000000001fff006c                __global_locale
 *(.jcr*)
                0x000000001fff01d8                . = ALIGN (0x4)
                0x000000001fff01d8                __data_end__ = .
                0x00000000000068fc                __DATA_END = (__DATA_ROM + (__data_end__ - __data_start__))
                0x0000000000100000                text_end = (ORIGIN (m_text) + LENGTH (m_text))
                0x0000000000000001                ASSERT ((__DATA_END <= text_end), region m_text overflowed with text and data)

.igot.plt       0x000000001fff01d8        0x0 load address 0x00000000000068fc
 .igot.plt      0x000000001fff01d8        0x0 /opt/gcc-arm-none-eabi-7-2017-q4-major/bin/../lib/gcc/arm-none-eabi/7.2.1/thumb/v7e-m/fpv4-sp/hard/crtbegin.o

.bss            0x000000001fff01d8     0x385c load address 0x00000000000068fc
                0x000000001fff01d8                . = ALIGN (0x4)
                0x000000001fff01d8                __START_BSS = .
                0x000000001fff01d8                __bss_start__ = .
 *(.bss)
 .bss           0x000000001fff01d8       0x1c /opt/gcc-arm-none-eabi-7-2017-q4-major/bin/../lib/gcc/arm-none-eabi/7.2.1/thumb/v7e-m/fpv4-sp/hard/crtbegin.o
 *(.bss*)
 .bss.s_debugConsoleIO
                0x000000001fff01f4        0x8 ./utilities/fsl_io.o
 .bss.FatFs     0x000000001fff01fc        0x4 ./source/ff.o
 .bss.Fsid      0x000000001fff0200        0x2 ./source/ff.o
 *fill*         0x000000001fff0202        0x2 
 .bss.LfnBuf    0x000000001fff0204      0x200 ./source/ff.o
 .bss.filename.10905
                0x000000001fff0404       0x19 ./source/main.o
 *fill*         0x000000001fff041d        0x3 
 .bss.fss.10902
                0x000000001fff0420      0x234 ./source/main.o
 .bss.logresult_buffer.10899
                0x000000001fff0654     0x32c8 ./source/main.o
 .bss.g_dspiHandle
                0x000000001fff391c        0xc ./drivers/fsl_dspi.o
 .bss.s_dspiMasterIsr
                0x000000001fff3928        0x4 ./drivers/fsl_dspi.o
 .bss.s_dspiSlaveIsr
                0x000000001fff392c        0x4 ./drivers/fsl_dspi.o
 .bss.s_dummyData
                0x000000001fff3930        0x3 ./drivers/fsl_dspi.o
                0x000000001fff3930                s_dummyData
 *fill*         0x000000001fff3933        0x1 
 .bss.s_EDMAHandle
                0x000000001fff3934       0x40 ./drivers/fsl_edma.o
 .bss.s_ENETHandle
                0x000000001fff3974        0x4 ./drivers/fsl_enet.o
 .bss.s_enetErrIsr
                0x000000001fff3978        0x4 ./drivers/fsl_enet.o
 .bss.s_enetRxIsr
                0x000000001fff397c        0x4 ./drivers/fsl_enet.o
 .bss.s_enetTxIsr
                0x000000001fff3980        0x4 ./drivers/fsl_enet.o
 .bss.s_flexcanHandle
                0x000000001fff3984        0x4 ./drivers/fsl_flexcan.o
 .bss.s_flexcanIsr
                0x000000001fff3988        0x4 ./drivers/fsl_flexcan.o
 .bss.s_i2cHandle
                0x000000001fff398c        0xc ./drivers/fsl_i2c.o
 .bss.s_i2cMasterIsr
                0x000000001fff3998        0x4 ./drivers/fsl_i2c.o
 .bss.s_i2cSlaveIsr
                0x000000001fff399c        0x4 ./drivers/fsl_i2c.o
 .bss.s_saiRxIsr
                0x000000001fff39a0        0x4 ./drivers/fsl_sai.o
 .bss.s_saiTxIsr
                0x000000001fff39a4        0x4 ./drivers/fsl_sai.o
 .bss.s_sdhcHandle
                0x000000001fff39a8        0x4 ./drivers/fsl_sdhc.o
 .bss.s_sdhcIsr
                0x000000001fff39ac        0x4 ./drivers/fsl_sdhc.o
 .bss.s_uartHandle
                0x000000001fff39b0       0x18 ./drivers/fsl_uart.o
 .bss.s_uartIsr
                0x000000001fff39c8        0x4 ./drivers/fsl_uart.o
 .bss.__malloc_free_list
                0x000000001fff39cc        0x4 /opt/gcc-arm-none-eabi-7-2017-q4-major/bin/../lib/gcc/arm-none-eabi/7.2.1/../../../../arm-none-eabi/lib/thumb/v7e-m/fpv4-sp/hard/libg_nano.a(lib_a-nano-mallocr.o)
                0x000000001fff39cc                __malloc_free_list
 .bss.__malloc_sbrk_start
                0x000000001fff39d0        0x4 /opt/gcc-arm-none-eabi-7-2017-q4-major/bin/../lib/gcc/arm-none-eabi/7.2.1/../../../../arm-none-eabi/lib/thumb/v7e-m/fpv4-sp/hard/libg_nano.a(lib_a-nano-mallocr.o)
                0x000000001fff39d0                __malloc_sbrk_start
 .bss.heap_end.5377
                0x000000001fff39d4        0x4 /opt/gcc-arm-none-eabi-7-2017-q4-major/bin/../lib/gcc/arm-none-eabi/7.2.1/../../../../arm-none-eabi/lib/thumb/v7e-m/fpv4-sp/hard/libnosys.a(sbrk.o)
 *(COMMON)
 COMMON         0x000000001fff39d8        0x4 ./source/main.o
                0x000000001fff39d8                uartClkSrcFreq
 COMMON         0x000000001fff39dc       0x41 ./source/sdcard_io.o
                0x000000001fff39dc                spi_config
                0x000000001fff3a00                spi_ctar_config
                0x000000001fff3a18                config
 *fill*         0x000000001fff3a1d        0x3 
 COMMON         0x000000001fff3a20        0x8 ./drivers/fsl_clock.o
                0x000000001fff3a20                g_xtal32Freq
                0x000000001fff3a24                g_xtal0Freq
 COMMON         0x000000001fff3a28        0x8 ./drivers/fsl_sai.o
                0x000000001fff3a28                s_saiHandle
 COMMON         0x000000001fff3a30        0x4 /opt/gcc-arm-none-eabi-7-2017-q4-major/bin/../lib/gcc/arm-none-eabi/7.2.1/../../../../arm-none-eabi/lib/thumb/v7e-m/fpv4-sp/hard/libg_nano.a(lib_a-reent.o)
                0x000000001fff3a30                errno
                0x000000001fff3a34                . = ALIGN (0x4)
                0x000000001fff3a34                __bss_end__ = .
                0x000000001fff3a34                __END_BSS = .

.heap           0x0000000020000000      0x400
                0x0000000020000000                . = ALIGN (0x8)
                0x0000000020000000                __end__ = .
                0x0000000020000000                PROVIDE (end, .)
                0x0000000020000000                __HeapBase = .
                0x0000000020000400                . = (. + HEAP_SIZE)
 *fill*         0x0000000020000000      0x400 
                0x0000000020000400                __HeapLimit = .
                0x0000000020000400                __heap_limit = .

.stack          0x0000000020000400      0x400
                0x0000000020000400                . = ALIGN (0x8)
                0x0000000020000800                . = (. + STACK_SIZE)
 *fill*         0x0000000020000400      0x400 
                0x0000000020030000                __StackTop = (ORIGIN (m_data_2) + LENGTH (m_data_2))
                0x000000002002fc00                __StackLimit = (__StackTop - STACK_SIZE)
                0x0000000020030000                PROVIDE (__stack, __StackTop)

.ARM.attributes
                0x0000000000000000       0x30
 *(.ARM.attributes)
 .ARM.attributes
                0x0000000000000000       0x22 /opt/gcc-arm-none-eabi-7-2017-q4-major/bin/../lib/gcc/arm-none-eabi/7.2.1/thumb/v7e-m/fpv4-sp/hard/crti.o
 .ARM.attributes
                0x0000000000000022       0x34 /opt/gcc-arm-none-eabi-7-2017-q4-major/bin/../lib/gcc/arm-none-eabi/7.2.1/thumb/v7e-m/fpv4-sp/hard/crtbegin.o
 .ARM.attributes
                0x0000000000000056       0x20 /opt/gcc-arm-none-eabi-7-2017-q4-major/bin/../lib/gcc/arm-none-eabi/7.2.1/../../../../arm-none-eabi/lib/thumb/v7e-m/fpv4-sp/hard/crt0.o
 .ARM.attributes
                0x0000000000000076       0x39 ./utilities/fsl_debug_console.o
 .ARM.attributes
                0x00000000000000af       0x39 ./utilities/fsl_io.o
 .ARM.attributes
                0x00000000000000e8       0x39 ./utilities/fsl_log.o
 .ARM.attributes
                0x0000000000000121       0x1f ./startup/startup_MK64F12.o
 .ARM.attributes
                0x0000000000000140       0x39 ./source/acc_func.o
 .ARM.attributes
                0x0000000000000179       0x39 ./source/adc_func.o
 .ARM.attributes
                0x00000000000001b2       0x39 ./source/diskio.o
 .ARM.attributes
                0x00000000000001eb       0x39 ./source/ff.o
 .ARM.attributes
                0x0000000000000224       0x39 ./source/ffunicode.o
 .ARM.attributes
                0x000000000000025d       0x39 ./source/i2c_func.o
 .ARM.attributes
                0x0000000000000296       0x39 ./source/main.o
 .ARM.attributes
                0x00000000000002cf       0x39 ./source/sdcard_io.o
 .ARM.attributes
                0x0000000000000308       0x39 ./drivers/fsl_adc16.o
 .ARM.attributes
                0x0000000000000341       0x39 ./drivers/fsl_clock.o
 .ARM.attributes
                0x000000000000037a       0x39 ./drivers/fsl_dspi.o
 .ARM.attributes
                0x00000000000003b3       0x39 ./drivers/fsl_edma.o
 .ARM.attributes
                0x00000000000003ec       0x39 ./drivers/fsl_enet.o
 .ARM.attributes
                0x0000000000000425       0x39 ./drivers/fsl_flexcan.o
 .ARM.attributes
                0x000000000000045e       0x39 ./drivers/fsl_gpio.o
 .ARM.attributes
                0x0000000000000497       0x39 ./drivers/fsl_i2c.o
 .ARM.attributes
                0x00000000000004d0       0x39 ./drivers/fsl_lptmr.o
 .ARM.attributes
                0x0000000000000509       0x39 ./drivers/fsl_rtc.o
 .ARM.attributes
                0x0000000000000542       0x39 ./drivers/fsl_sai.o
 .ARM.attributes
                0x000000000000057b       0x39 ./drivers/fsl_sdhc.o
 .ARM.attributes
                0x00000000000005b4       0x39 ./drivers/fsl_uart.o
 .ARM.attributes
                0x00000000000005ed       0x39 ./board/board.o
 .ARM.attributes
                0x0000000000000626       0x39 ./board/pin_mux.o
 .ARM.attributes
                0x000000000000065f       0x39 ./CMSIS/system_MK64F12.o
 .ARM.attributes
                0x0000000000000698       0x34 /opt/gcc-arm-none-eabi-7-2017-q4-major/bin/../lib/gcc/arm-none-eabi/7.2.1/../../../../arm-none-eabi/lib/thumb/v7e-m/fpv4-sp/hard/libg_nano.a(lib_a-atoi.o)
 .ARM.attributes
                0x00000000000006cc       0x34 /opt/gcc-arm-none-eabi-7-2017-q4-major/bin/../lib/gcc/arm-none-eabi/7.2.1/../../../../arm-none-eabi/lib/thumb/v7e-m/fpv4-sp/hard/libg_nano.a(lib_a-exit.o)
 .ARM.attributes
                0x0000000000000700       0x34 /opt/gcc-arm-none-eabi-7-2017-q4-major/bin/../lib/gcc/arm-none-eabi/7.2.1/../../../../arm-none-eabi/lib/thumb/v7e-m/fpv4-sp/hard/libg_nano.a(lib_a-impure.o)
 .ARM.attributes
                0x0000000000000734       0x34 /opt/gcc-arm-none-eabi-7-2017-q4-major/bin/../lib/gcc/arm-none-eabi/7.2.1/../../../../arm-none-eabi/lib/thumb/v7e-m/fpv4-sp/hard/libg_nano.a(lib_a-init.o)
 .ARM.attributes
                0x0000000000000768       0x34 /opt/gcc-arm-none-eabi-7-2017-q4-major/bin/../lib/gcc/arm-none-eabi/7.2.1/../../../../arm-none-eabi/lib/thumb/v7e-m/fpv4-sp/hard/libg_nano.a(lib_a-memcpy-stub.o)
 .ARM.attributes
                0x000000000000079c       0x34 /opt/gcc-arm-none-eabi-7-2017-q4-major/bin/../lib/gcc/arm-none-eabi/7.2.1/../../../../arm-none-eabi/lib/thumb/v7e-m/fpv4-sp/hard/libg_nano.a(lib_a-memmove.o)
 .ARM.attributes
                0x00000000000007d0       0x34 /opt/gcc-arm-none-eabi-7-2017-q4-major/bin/../lib/gcc/arm-none-eabi/7.2.1/../../../../arm-none-eabi/lib/thumb/v7e-m/fpv4-sp/hard/libg_nano.a(lib_a-memset.o)
 .ARM.attributes
                0x0000000000000804       0x34 /opt/gcc-arm-none-eabi-7-2017-q4-major/bin/../lib/gcc/arm-none-eabi/7.2.1/../../../../arm-none-eabi/lib/thumb/v7e-m/fpv4-sp/hard/libg_nano.a(lib_a-printf.o)
 .ARM.attributes
                0x0000000000000838       0x34 /opt/gcc-arm-none-eabi-7-2017-q4-major/bin/../lib/gcc/arm-none-eabi/7.2.1/../../../../arm-none-eabi/lib/thumb/v7e-m/fpv4-sp/hard/libg_nano.a(lib_a-puts.o)
 .ARM.attributes
                0x000000000000086c       0x34 /opt/gcc-arm-none-eabi-7-2017-q4-major/bin/../lib/gcc/arm-none-eabi/7.2.1/../../../../arm-none-eabi/lib/thumb/v7e-m/fpv4-sp/hard/libg_nano.a(lib_a-sprintf.o)
 .ARM.attributes
                0x00000000000008a0       0x34 /opt/gcc-arm-none-eabi-7-2017-q4-major/bin/../lib/gcc/arm-none-eabi/7.2.1/../../../../arm-none-eabi/lib/thumb/v7e-m/fpv4-sp/hard/libg_nano.a(lib_a-strtol.o)
 .ARM.attributes
                0x00000000000008d4       0x34 /opt/gcc-arm-none-eabi-7-2017-q4-major/bin/../lib/gcc/arm-none-eabi/7.2.1/../../../../arm-none-eabi/lib/thumb/v7e-m/fpv4-sp/hard/libg_nano.a(lib_a-wbuf.o)
 .ARM.attributes
                0x0000000000000908       0x34 /opt/gcc-arm-none-eabi-7-2017-q4-major/bin/../lib/gcc/arm-none-eabi/7.2.1/../../../../arm-none-eabi/lib/thumb/v7e-m/fpv4-sp/hard/libg_nano.a(lib_a-wsetup.o)
 .ARM.attributes
                0x000000000000093c       0x34 /opt/gcc-arm-none-eabi-7-2017-q4-major/bin/../lib/gcc/arm-none-eabi/7.2.1/../../../../arm-none-eabi/lib/thumb/v7e-m/fpv4-sp/hard/libg_nano.a(lib_a-fflush.o)
 .ARM.attributes
                0x0000000000000970       0x34 /opt/gcc-arm-none-eabi-7-2017-q4-major/bin/../lib/gcc/arm-none-eabi/7.2.1/../../../../arm-none-eabi/lib/thumb/v7e-m/fpv4-sp/hard/libg_nano.a(lib_a-findfp.o)
 .ARM.attributes
                0x00000000000009a4       0x34 /opt/gcc-arm-none-eabi-7-2017-q4-major/bin/../lib/gcc/arm-none-eabi/7.2.1/../../../../arm-none-eabi/lib/thumb/v7e-m/fpv4-sp/hard/libg_nano.a(lib_a-fwalk.o)
 .ARM.attributes
                0x00000000000009d8       0x34 /opt/gcc-arm-none-eabi-7-2017-q4-major/bin/../lib/gcc/arm-none-eabi/7.2.1/../../../../arm-none-eabi/lib/thumb/v7e-m/fpv4-sp/hard/libg_nano.a(lib_a-locale.o)
 .ARM.attributes
                0x0000000000000a0c       0x34 /opt/gcc-arm-none-eabi-7-2017-q4-major/bin/../lib/gcc/arm-none-eabi/7.2.1/../../../../arm-none-eabi/lib/thumb/v7e-m/fpv4-sp/hard/libg_nano.a(lib_a-makebuf.o)
 .ARM.attributes
                0x0000000000000a40       0x34 /opt/gcc-arm-none-eabi-7-2017-q4-major/bin/../lib/gcc/arm-none-eabi/7.2.1/../../../../arm-none-eabi/lib/thumb/v7e-m/fpv4-sp/hard/libg_nano.a(lib_a-mbtowc_r.o)
 .ARM.attributes
                0x0000000000000a74       0x34 /opt/gcc-arm-none-eabi-7-2017-q4-major/bin/../lib/gcc/arm-none-eabi/7.2.1/../../../../arm-none-eabi/lib/thumb/v7e-m/fpv4-sp/hard/libg_nano.a(lib_a-nano-freer.o)
 .ARM.attributes
                0x0000000000000aa8       0x34 /opt/gcc-arm-none-eabi-7-2017-q4-major/bin/../lib/gcc/arm-none-eabi/7.2.1/../../../../arm-none-eabi/lib/thumb/v7e-m/fpv4-sp/hard/libg_nano.a(lib_a-nano-mallocr.o)
 .ARM.attributes
                0x0000000000000adc       0x34 /opt/gcc-arm-none-eabi-7-2017-q4-major/bin/../lib/gcc/arm-none-eabi/7.2.1/../../../../arm-none-eabi/lib/thumb/v7e-m/fpv4-sp/hard/libg_nano.a(lib_a-nano-svfprintf.o)
 .ARM.attributes
                0x0000000000000b10       0x34 /opt/gcc-arm-none-eabi-7-2017-q4-major/bin/../lib/gcc/arm-none-eabi/7.2.1/../../../../arm-none-eabi/lib/thumb/v7e-m/fpv4-sp/hard/libg_nano.a(lib_a-nano-vfprintf.o)
 .ARM.attributes
                0x0000000000000b44       0x34 /opt/gcc-arm-none-eabi-7-2017-q4-major/bin/../lib/gcc/arm-none-eabi/7.2.1/../../../../arm-none-eabi/lib/thumb/v7e-m/fpv4-sp/hard/libg_nano.a(lib_a-nano-vfprintf_i.o)
 .ARM.attributes
                0x0000000000000b78       0x34 /opt/gcc-arm-none-eabi-7-2017-q4-major/bin/../lib/gcc/arm-none-eabi/7.2.1/../../../../arm-none-eabi/lib/thumb/v7e-m/fpv4-sp/hard/libg_nano.a(lib_a-sbrkr.o)
 .ARM.attributes
                0x0000000000000bac       0x34 /opt/gcc-arm-none-eabi-7-2017-q4-major/bin/../lib/gcc/arm-none-eabi/7.2.1/../../../../arm-none-eabi/lib/thumb/v7e-m/fpv4-sp/hard/libg_nano.a(lib_a-stdio.o)
 .ARM.attributes
                0x0000000000000be0       0x34 /opt/gcc-arm-none-eabi-7-2017-q4-major/bin/../lib/gcc/arm-none-eabi/7.2.1/../../../../arm-none-eabi/lib/thumb/v7e-m/fpv4-sp/hard/libg_nano.a(lib_a-wctomb_r.o)
 .ARM.attributes
                0x0000000000000c14       0x34 /opt/gcc-arm-none-eabi-7-2017-q4-major/bin/../lib/gcc/arm-none-eabi/7.2.1/../../../../arm-none-eabi/lib/thumb/v7e-m/fpv4-sp/hard/libg_nano.a(lib_a-writer.o)
 .ARM.attributes
                0x0000000000000c48       0x34 /opt/gcc-arm-none-eabi-7-2017-q4-major/bin/../lib/gcc/arm-none-eabi/7.2.1/../../../../arm-none-eabi/lib/thumb/v7e-m/fpv4-sp/hard/libg_nano.a(lib_a-closer.o)
 .ARM.attributes
                0x0000000000000c7c       0x34 /opt/gcc-arm-none-eabi-7-2017-q4-major/bin/../lib/gcc/arm-none-eabi/7.2.1/../../../../arm-none-eabi/lib/thumb/v7e-m/fpv4-sp/hard/libg_nano.a(lib_a-ctype_.o)
 .ARM.attributes
                0x0000000000000cb0       0x34 /opt/gcc-arm-none-eabi-7-2017-q4-major/bin/../lib/gcc/arm-none-eabi/7.2.1/../../../../arm-none-eabi/lib/thumb/v7e-m/fpv4-sp/hard/libg_nano.a(lib_a-fstatr.o)
 .ARM.attributes
                0x0000000000000ce4       0x34 /opt/gcc-arm-none-eabi-7-2017-q4-major/bin/../lib/gcc/arm-none-eabi/7.2.1/../../../../arm-none-eabi/lib/thumb/v7e-m/fpv4-sp/hard/libg_nano.a(lib_a-isattyr.o)
 .ARM.attributes
                0x0000000000000d18       0x34 /opt/gcc-arm-none-eabi-7-2017-q4-major/bin/../lib/gcc/arm-none-eabi/7.2.1/../../../../arm-none-eabi/lib/thumb/v7e-m/fpv4-sp/hard/libg_nano.a(lib_a-lseekr.o)
 .ARM.attributes
                0x0000000000000d4c       0x20 /opt/gcc-arm-none-eabi-7-2017-q4-major/bin/../lib/gcc/arm-none-eabi/7.2.1/../../../../arm-none-eabi/lib/thumb/v7e-m/fpv4-sp/hard/libg_nano.a(lib_a-memchr.o)
 .ARM.attributes
                0x0000000000000d6c       0x34 /opt/gcc-arm-none-eabi-7-2017-q4-major/bin/../lib/gcc/arm-none-eabi/7.2.1/../../../../arm-none-eabi/lib/thumb/v7e-m/fpv4-sp/hard/libg_nano.a(lib_a-mlock.o)
 .ARM.attributes
                0x0000000000000da0       0x34 /opt/gcc-arm-none-eabi-7-2017-q4-major/bin/../lib/gcc/arm-none-eabi/7.2.1/../../../../arm-none-eabi/lib/thumb/v7e-m/fpv4-sp/hard/libg_nano.a(lib_a-nano-reallocr.o)
 .ARM.attributes
                0x0000000000000dd4       0x34 /opt/gcc-arm-none-eabi-7-2017-q4-major/bin/../lib/gcc/arm-none-eabi/7.2.1/../../../../arm-none-eabi/lib/thumb/v7e-m/fpv4-sp/hard/libg_nano.a(lib_a-readr.o)
 .ARM.attributes
                0x0000000000000e08       0x34 /opt/gcc-arm-none-eabi-7-2017-q4-major/bin/../lib/gcc/arm-none-eabi/7.2.1/../../../../arm-none-eabi/lib/thumb/v7e-m/fpv4-sp/hard/libg_nano.a(lib_a-reent.o)
 .ARM.attributes
                0x0000000000000e3c       0x34 /opt/gcc-arm-none-eabi-7-2017-q4-major/bin/../lib/gcc/arm-none-eabi/7.2.1/../../../../arm-none-eabi/lib/thumb/v7e-m/fpv4-sp/hard/libg_nano.a(lib_a-nano-msizer.o)
 .ARM.attributes
                0x0000000000000e70       0x34 /opt/gcc-arm-none-eabi-7-2017-q4-major/bin/../lib/gcc/arm-none-eabi/7.2.1/../../../../arm-none-eabi/lib/thumb/v7e-m/fpv4-sp/hard/libnosys.a(close.o)
 .ARM.attributes
                0x0000000000000ea4       0x34 /opt/gcc-arm-none-eabi-7-2017-q4-major/bin/../lib/gcc/arm-none-eabi/7.2.1/../../../../arm-none-eabi/lib/thumb/v7e-m/fpv4-sp/hard/libnosys.a(fstat.o)
 .ARM.attributes
                0x0000000000000ed8       0x34 /opt/gcc-arm-none-eabi-7-2017-q4-major/bin/../lib/gcc/arm-none-eabi/7.2.1/../../../../arm-none-eabi/lib/thumb/v7e-m/fpv4-sp/hard/libnosys.a(isatty.o)
 .ARM.attributes
                0x0000000000000f0c       0x34 /opt/gcc-arm-none-eabi-7-2017-q4-major/bin/../lib/gcc/arm-none-eabi/7.2.1/../../../../arm-none-eabi/lib/thumb/v7e-m/fpv4-sp/hard/libnosys.a(lseek.o)
 .ARM.attributes
                0x0000000000000f40       0x34 /opt/gcc-arm-none-eabi-7-2017-q4-major/bin/../lib/gcc/arm-none-eabi/7.2.1/../../../../arm-none-eabi/lib/thumb/v7e-m/fpv4-sp/hard/libnosys.a(sbrk.o)
 .ARM.attributes
                0x0000000000000f74       0x34 /opt/gcc-arm-none-eabi-7-2017-q4-major/bin/../lib/gcc/arm-none-eabi/7.2.1/../../../../arm-none-eabi/lib/thumb/v7e-m/fpv4-sp/hard/libnosys.a(_exit.o)
 .ARM.attributes
                0x0000000000000fa8       0x22 /opt/gcc-arm-none-eabi-7-2017-q4-major/bin/../lib/gcc/arm-none-eabi/7.2.1/thumb/v7e-m/fpv4-sp/hard/crtn.o
                0x0000000000000001                ASSERT ((__StackLimit >= __HeapLimit), region m_data_2 overflowed with stack and heap)
OUTPUT(reindeerlog.elf elf32-littlearm)

.debug_info     0x0000000000000000    0x32e0f
 .debug_info    0x0000000000000000      0xdbe ./utilities/fsl_debug_console.o
 .debug_info    0x0000000000000dbe     0x1123 ./utilities/fsl_io.o
 .debug_info    0x0000000000001ee1      0xc9c ./utilities/fsl_log.o
 .debug_info    0x0000000000002b7d       0x26 ./startup/startup_MK64F12.o
 .debug_info    0x0000000000002ba3      0x9f3 ./source/acc_func.o
 .debug_info    0x0000000000003596     0x107c ./source/adc_func.o
 .debug_info    0x0000000000004612      0xbe7 ./source/diskio.o
 .debug_info    0x00000000000051f9     0x5e6c ./source/ff.o
 .debug_info    0x000000000000b065      0x233 ./source/ffunicode.o
 .debug_info    0x000000000000b298     0x1021 ./source/i2c_func.o
 .debug_info    0x000000000000c2b9     0x2f53 ./source/main.o
 .debug_info    0x000000000000f20c     0x1c9a ./source/sdcard_io.o
 .debug_info    0x0000000000010ea6     0x165b ./drivers/fsl_adc16.o
 .debug_info    0x0000000000012501     0x2c34 ./drivers/fsl_clock.o
 .debug_info    0x0000000000015135     0x4290 ./drivers/fsl_dspi.o
 .debug_info    0x00000000000193c5     0x2e4c ./drivers/fsl_edma.o
 .debug_info    0x000000000001c211     0x322e ./drivers/fsl_enet.o
 .debug_info    0x000000000001f43f     0x2fb0 ./drivers/fsl_flexcan.o
 .debug_info    0x00000000000223ef      0xe79 ./drivers/fsl_gpio.o
 .debug_info    0x0000000000023268     0x2ea5 ./drivers/fsl_i2c.o
 .debug_info    0x000000000002610d      0xe74 ./drivers/fsl_lptmr.o
 .debug_info    0x0000000000026f81     0x127c ./drivers/fsl_rtc.o
 .debug_info    0x00000000000281fd     0x2b8a ./drivers/fsl_sai.o
 .debug_info    0x000000000002ad87     0x33cb ./drivers/fsl_sdhc.o
 .debug_info    0x000000000002e152     0x2b21 ./drivers/fsl_uart.o
 .debug_info    0x0000000000030c73      0xe61 ./board/board.o
 .debug_info    0x0000000000031ad4      0xd27 ./board/pin_mux.o
 .debug_info    0x00000000000327fb      0x614 ./CMSIS/system_MK64F12.o

.debug_abbrev   0x0000000000000000     0x6160
 .debug_abbrev  0x0000000000000000      0x2fb ./utilities/fsl_debug_console.o
 .debug_abbrev  0x00000000000002fb      0x2fd ./utilities/fsl_io.o
 .debug_abbrev  0x00000000000005f8      0x30c ./utilities/fsl_log.o
 .debug_abbrev  0x0000000000000904       0x14 ./startup/startup_MK64F12.o
 .debug_abbrev  0x0000000000000918      0x23e ./source/acc_func.o
 .debug_abbrev  0x0000000000000b56      0x2ed ./source/adc_func.o
 .debug_abbrev  0x0000000000000e43      0x2a6 ./source/diskio.o
 .debug_abbrev  0x00000000000010e9      0x35f ./source/ff.o
 .debug_abbrev  0x0000000000001448       0xda ./source/ffunicode.o
 .debug_abbrev  0x0000000000001522      0x326 ./source/i2c_func.o
 .debug_abbrev  0x0000000000001848      0x4bc ./source/main.o
 .debug_abbrev  0x0000000000001d04      0x423 ./source/sdcard_io.o
 .debug_abbrev  0x0000000000002127      0x3c3 ./drivers/fsl_adc16.o
 .debug_abbrev  0x00000000000024ea      0x52f ./drivers/fsl_clock.o
 .debug_abbrev  0x0000000000002a19      0x565 ./drivers/fsl_dspi.o
 .debug_abbrev  0x0000000000002f7e      0x51f ./drivers/fsl_edma.o
 .debug_abbrev  0x000000000000349d      0x4a1 ./drivers/fsl_enet.o
 .debug_abbrev  0x000000000000393e      0x4b3 ./drivers/fsl_flexcan.o
 .debug_abbrev  0x0000000000003df1      0x2a6 ./drivers/fsl_gpio.o
 .debug_abbrev  0x0000000000004097      0x51c ./drivers/fsl_i2c.o
 .debug_abbrev  0x00000000000045b3      0x2b3 ./drivers/fsl_lptmr.o
 .debug_abbrev  0x0000000000004866      0x412 ./drivers/fsl_rtc.o
 .debug_abbrev  0x0000000000004c78      0x53b ./drivers/fsl_sai.o
 .debug_abbrev  0x00000000000051b3      0x4c8 ./drivers/fsl_sdhc.o
 .debug_abbrev  0x000000000000567b      0x4ff ./drivers/fsl_uart.o
 .debug_abbrev  0x0000000000005b7a      0x23a ./board/board.o
 .debug_abbrev  0x0000000000005db4      0x288 ./board/pin_mux.o
 .debug_abbrev  0x000000000000603c      0x124 ./CMSIS/system_MK64F12.o

.debug_loc      0x0000000000000000    0x1a213
 .debug_loc     0x0000000000000000      0x2d8 ./utilities/fsl_debug_console.o
 .debug_loc     0x00000000000002d8      0x207 ./utilities/fsl_io.o
 .debug_loc     0x00000000000004df      0x365 ./utilities/fsl_log.o
 .debug_loc     0x0000000000000844      0x138 ./source/acc_func.o
 .debug_loc     0x000000000000097c       0xb1 ./source/adc_func.o
 .debug_loc     0x0000000000000a2d      0x47d ./source/diskio.o
 .debug_loc     0x0000000000000eaa     0x8b87 ./source/ff.o
 .debug_loc     0x0000000000009a31      0x409 ./source/ffunicode.o
 .debug_loc     0x0000000000009e3a      0x162 ./source/i2c_func.o
 .debug_loc     0x0000000000009f9c      0x3d9 ./source/main.o
 .debug_loc     0x000000000000a375      0x890 ./source/sdcard_io.o
 .debug_loc     0x000000000000ac05      0x3ae ./drivers/fsl_adc16.o
 .debug_loc     0x000000000000afb3     0x14e3 ./drivers/fsl_clock.o
 .debug_loc     0x000000000000c496     0x2e1f ./drivers/fsl_dspi.o
 .debug_loc     0x000000000000f2b5     0x110c ./drivers/fsl_edma.o
 .debug_loc     0x00000000000103c1     0x164f ./drivers/fsl_enet.o
 .debug_loc     0x0000000000011a10     0x151e ./drivers/fsl_flexcan.o
 .debug_loc     0x0000000000012f2e      0x392 ./drivers/fsl_gpio.o
 .debug_loc     0x00000000000132c0     0x1f0b ./drivers/fsl_i2c.o
 .debug_loc     0x00000000000151cb       0x81 ./drivers/fsl_lptmr.o
 .debug_loc     0x000000000001524c      0x497 ./drivers/fsl_rtc.o
 .debug_loc     0x00000000000156e3     0x17b0 ./drivers/fsl_sai.o
 .debug_loc     0x0000000000016e93     0x216d ./drivers/fsl_sdhc.o
 .debug_loc     0x0000000000019000     0x108a ./drivers/fsl_uart.o
 .debug_loc     0x000000000001a08a       0x1e ./board/board.o
 .debug_loc     0x000000000001a0a8       0xb0 ./board/pin_mux.o
 .debug_loc     0x000000000001a158       0xbb ./CMSIS/system_MK64F12.o

.debug_aranges  0x0000000000000000     0x10d0
 .debug_aranges
                0x0000000000000000       0x68 ./utilities/fsl_debug_console.o
 .debug_aranges
                0x0000000000000068       0x38 ./utilities/fsl_io.o
 .debug_aranges
                0x00000000000000a0       0x50 ./utilities/fsl_log.o
 .debug_aranges
                0x00000000000000f0       0x20 ./startup/startup_MK64F12.o
 .debug_aranges
                0x0000000000000110       0x28 ./source/acc_func.o
 .debug_aranges
                0x0000000000000138       0x28 ./source/adc_func.o
 .debug_aranges
                0x0000000000000160       0x48 ./source/diskio.o
 .debug_aranges
                0x00000000000001a8      0x1a8 ./source/ff.o
 .debug_aranges
                0x0000000000000350       0x30 ./source/ffunicode.o
 .debug_aranges
                0x0000000000000380       0x30 ./source/i2c_func.o
 .debug_aranges
                0x00000000000003b0       0x48 ./source/main.o
 .debug_aranges
                0x00000000000003f8       0x80 ./source/sdcard_io.o
 .debug_aranges
                0x0000000000000478       0x70 ./drivers/fsl_adc16.o
 .debug_aranges
                0x00000000000004e8      0x190 ./drivers/fsl_clock.o
 .debug_aranges
                0x0000000000000678      0x120 ./drivers/fsl_dspi.o
 .debug_aranges
                0x0000000000000798      0x1d0 ./drivers/fsl_edma.o
 .debug_aranges
                0x0000000000000968       0xe8 ./drivers/fsl_enet.o
 .debug_aranges
                0x0000000000000a50       0xf0 ./drivers/fsl_flexcan.o
 .debug_aranges
                0x0000000000000b40       0x30 ./drivers/fsl_gpio.o
 .debug_aranges
                0x0000000000000b70      0x118 ./drivers/fsl_i2c.o
 .debug_aranges
                0x0000000000000c88       0x30 ./drivers/fsl_lptmr.o
 .debug_aranges
                0x0000000000000cb8       0x88 ./drivers/fsl_rtc.o
 .debug_aranges
                0x0000000000000d40      0x140 ./drivers/fsl_sai.o
 .debug_aranges
                0x0000000000000e80       0xb0 ./drivers/fsl_sdhc.o
 .debug_aranges
                0x0000000000000f30      0x138 ./drivers/fsl_uart.o
 .debug_aranges
                0x0000000000001068       0x20 ./board/board.o
 .debug_aranges
                0x0000000000001088       0x20 ./board/pin_mux.o
 .debug_aranges
                0x00000000000010a8       0x28 ./CMSIS/system_MK64F12.o

.debug_ranges   0x0000000000000000     0x3ac0
 .debug_ranges  0x0000000000000000       0x58 ./utilities/fsl_debug_console.o
 .debug_ranges  0x0000000000000058       0x28 ./utilities/fsl_io.o
 .debug_ranges  0x0000000000000080       0x58 ./utilities/fsl_log.o
 .debug_ranges  0x00000000000000d8       0x18 ./source/acc_func.o
 .debug_ranges  0x00000000000000f0       0x88 ./source/adc_func.o
 .debug_ranges  0x0000000000000178       0x38 ./source/diskio.o
 .debug_ranges  0x00000000000001b0      0xd50 ./source/ff.o
 .debug_ranges  0x0000000000000f00       0x20 ./source/ffunicode.o
 .debug_ranges  0x0000000000000f20       0x60 ./source/i2c_func.o
 .debug_ranges  0x0000000000000f80      0x110 ./source/main.o
 .debug_ranges  0x0000000000001090      0x170 ./source/sdcard_io.o
 .debug_ranges  0x0000000000001200       0xb8 ./drivers/fsl_adc16.o
 .debug_ranges  0x00000000000012b8      0x398 ./drivers/fsl_clock.o
 .debug_ranges  0x0000000000001650      0xab8 ./drivers/fsl_dspi.o
 .debug_ranges  0x0000000000002108      0x340 ./drivers/fsl_edma.o
 .debug_ranges  0x0000000000002448      0x2f8 ./drivers/fsl_enet.o
 .debug_ranges  0x0000000000002740      0x3f0 ./drivers/fsl_flexcan.o
 .debug_ranges  0x0000000000002b30       0x68 ./drivers/fsl_gpio.o
 .debug_ranges  0x0000000000002b98      0x478 ./drivers/fsl_i2c.o
 .debug_ranges  0x0000000000003010       0x60 ./drivers/fsl_lptmr.o
 .debug_ranges  0x0000000000003070       0xa8 ./drivers/fsl_rtc.o
 .debug_ranges  0x0000000000003118      0x300 ./drivers/fsl_sai.o
 .debug_ranges  0x0000000000003418      0x410 ./drivers/fsl_sdhc.o
 .debug_ranges  0x0000000000003828      0x230 ./drivers/fsl_uart.o
 .debug_ranges  0x0000000000003a58       0x10 ./board/board.o
 .debug_ranges  0x0000000000003a68       0x40 ./board/pin_mux.o
 .debug_ranges  0x0000000000003aa8       0x18 ./CMSIS/system_MK64F12.o

.debug_line     0x0000000000000000     0xa5ab
 .debug_line    0x0000000000000000      0x33b ./utilities/fsl_debug_console.o
 .debug_line    0x000000000000033b      0x262 ./utilities/fsl_io.o
 .debug_line    0x000000000000059d      0x29a ./utilities/fsl_log.o
 .debug_line    0x0000000000000837      0x174 ./startup/startup_MK64F12.o
 .debug_line    0x00000000000009ab      0x1aa ./source/acc_func.o
 .debug_line    0x0000000000000b55      0x255 ./source/adc_func.o
 .debug_line    0x0000000000000daa      0x20e ./source/diskio.o
 .debug_line    0x0000000000000fb8     0x1a7c ./source/ff.o
 .debug_line    0x0000000000002a34       0xdc ./source/ffunicode.o
 .debug_line    0x0000000000002b10      0x281 ./source/i2c_func.o
 .debug_line    0x0000000000002d91      0x5ae ./source/main.o
 .debug_line    0x000000000000333f      0x4f2 ./source/sdcard_io.o
 .debug_line    0x0000000000003831      0x35e ./drivers/fsl_adc16.o
 .debug_line    0x0000000000003b8f      0x98c ./drivers/fsl_clock.o
 .debug_line    0x000000000000451b      0xf65 ./drivers/fsl_dspi.o
 .debug_line    0x0000000000005480      0xb2f ./drivers/fsl_edma.o
 .debug_line    0x0000000000005faf      0x7ba ./drivers/fsl_enet.o
 .debug_line    0x0000000000006769      0xa18 ./drivers/fsl_flexcan.o
 .debug_line    0x0000000000007181      0x221 ./drivers/fsl_gpio.o
 .debug_line    0x00000000000073a2      0xb0d ./drivers/fsl_i2c.o
 .debug_line    0x0000000000007eaf      0x244 ./drivers/fsl_lptmr.o
 .debug_line    0x00000000000080f3      0x416 ./drivers/fsl_rtc.o
 .debug_line    0x0000000000008509      0x94f ./drivers/fsl_sai.o
 .debug_line    0x0000000000008e58      0x8a3 ./drivers/fsl_sdhc.o
 .debug_line    0x00000000000096fb      0x930 ./drivers/fsl_uart.o
 .debug_line    0x000000000000a02b      0x1eb ./board/board.o
 .debug_line    0x000000000000a216      0x1df ./board/pin_mux.o
 .debug_line    0x000000000000a3f5      0x1b6 ./CMSIS/system_MK64F12.o

.debug_str      0x0000000000000000     0xc3de
 .debug_str     0x0000000000000000      0x7a3 ./utilities/fsl_debug_console.o
                                        0x872 (size before relaxing)
 .debug_str     0x00000000000007a3      0xa29 ./utilities/fsl_io.o
                                       0x110a (size before relaxing)
 .debug_str     0x00000000000011cc       0x3c ./utilities/fsl_log.o
                                        0x7a3 (size before relaxing)
 .debug_str     0x0000000000001208       0x2c ./startup/startup_MK64F12.o
                                         0x7b (size before relaxing)
 .debug_str     0x0000000000001234       0x7a ./source/acc_func.o
                                        0x63f (size before relaxing)
 .debug_str     0x00000000000012ae      0x8a5 ./source/adc_func.o
                                        0xee3 (size before relaxing)
 .debug_str     0x0000000000001b53      0x12a ./source/diskio.o
                                        0x6da (size before relaxing)
 .debug_str     0x0000000000001c7d      0x601 ./source/ff.o
                                        0x8a1 (size before relaxing)
 .debug_str     0x000000000000227e       0x26 ./source/ffunicode.o
                                        0x1f2 (size before relaxing)
 .debug_str     0x00000000000022a4      0x338 ./source/i2c_func.o
                                        0xc39 (size before relaxing)
 .debug_str     0x00000000000025dc     0x11fa ./source/main.o
                                       0x275e (size before relaxing)
 .debug_str     0x00000000000037d6      0x521 ./source/sdcard_io.o
                                       0x1335 (size before relaxing)
 .debug_str     0x0000000000003cf7      0x397 ./drivers/fsl_adc16.o
                                       0x1831 (size before relaxing)
 .debug_str     0x000000000000408e      0xe91 ./drivers/fsl_clock.o
                                       0x20d6 (size before relaxing)
 .debug_str     0x0000000000004f1f      0xd4f ./drivers/fsl_dspi.o
                                       0x2792 (size before relaxing)
 .debug_str     0x0000000000005c6e      0xf3f ./drivers/fsl_edma.o
                                       0x1f0a (size before relaxing)
 .debug_str     0x0000000000006bad     0x113b ./drivers/fsl_enet.o
                                       0x2723 (size before relaxing)
 .debug_str     0x0000000000007ce8      0xfc4 ./drivers/fsl_flexcan.o
                                       0x1f95 (size before relaxing)
 .debug_str     0x0000000000008cac       0xa9 ./drivers/fsl_gpio.o
                                        0xd03 (size before relaxing)
 .debug_str     0x0000000000008d55      0x9d0 ./drivers/fsl_i2c.o
                                       0x20e5 (size before relaxing)
 .debug_str     0x0000000000009725       0x51 ./drivers/fsl_lptmr.o
                                        0xd79 (size before relaxing)
 .debug_str     0x0000000000009776      0x27c ./drivers/fsl_rtc.o
                                        0xcb1 (size before relaxing)
 .debug_str     0x00000000000099f2      0xae8 ./drivers/fsl_sai.o