Archive member included to satisfy reference by file (symbol)

/usr/local/gcc-arm-none-eabi-6-2017-q2-update/bin/../lib/gcc/arm-none-eabi/6.3.1/../../../../arm-none-eabi/lib/thumb/v7e-m/fpv4-sp/hard/libg_nano.a(lib_a-atol.o)
                              ./source/gps_func.o (atol)
/usr/local/gcc-arm-none-eabi-6-2017-q2-update/bin/../lib/gcc/arm-none-eabi/6.3.1/../../../../arm-none-eabi/lib/thumb/v7e-m/fpv4-sp/hard/libg_nano.a(lib_a-exit.o)
                              /usr/local/gcc-arm-none-eabi-6-2017-q2-update/bin/../lib/gcc/arm-none-eabi/6.3.1/../../../../arm-none-eabi/lib/thumb/v7e-m/fpv4-sp/hard/crt0.o (exit)
/usr/local/gcc-arm-none-eabi-6-2017-q2-update/bin/../lib/gcc/arm-none-eabi/6.3.1/../../../../arm-none-eabi/lib/thumb/v7e-m/fpv4-sp/hard/libg_nano.a(lib_a-impure.o)
                              /usr/local/gcc-arm-none-eabi-6-2017-q2-update/bin/../lib/gcc/arm-none-eabi/6.3.1/../../../../arm-none-eabi/lib/thumb/v7e-m/fpv4-sp/hard/libg_nano.a(lib_a-exit.o) (_global_impure_ptr)
/usr/local/gcc-arm-none-eabi-6-2017-q2-update/bin/../lib/gcc/arm-none-eabi/6.3.1/../../../../arm-none-eabi/lib/thumb/v7e-m/fpv4-sp/hard/libg_nano.a(lib_a-init.o)
                              /usr/local/gcc-arm-none-eabi-6-2017-q2-update/bin/../lib/gcc/arm-none-eabi/6.3.1/../../../../arm-none-eabi/lib/thumb/v7e-m/fpv4-sp/hard/crt0.o (__libc_init_array)
/usr/local/gcc-arm-none-eabi-6-2017-q2-update/bin/../lib/gcc/arm-none-eabi/6.3.1/../../../../arm-none-eabi/lib/thumb/v7e-m/fpv4-sp/hard/libg_nano.a(lib_a-memcmp.o)
                              ./source/ubx_func.o (memcmp)
/usr/local/gcc-arm-none-eabi-6-2017-q2-update/bin/../lib/gcc/arm-none-eabi/6.3.1/../../../../arm-none-eabi/lib/thumb/v7e-m/fpv4-sp/hard/libg_nano.a(lib_a-memcpy-stub.o)
                              ./source/nbiot_func.o (memcpy)
/usr/local/gcc-arm-none-eabi-6-2017-q2-update/bin/../lib/gcc/arm-none-eabi/6.3.1/../../../../arm-none-eabi/lib/thumb/v7e-m/fpv4-sp/hard/libg_nano.a(lib_a-memmove.o)
                              ./utilities/fsl_shell.o (memmove)
/usr/local/gcc-arm-none-eabi-6-2017-q2-update/bin/../lib/gcc/arm-none-eabi/6.3.1/../../../../arm-none-eabi/lib/thumb/v7e-m/fpv4-sp/hard/libg_nano.a(lib_a-memset.o)
                              /usr/local/gcc-arm-none-eabi-6-2017-q2-update/bin/../lib/gcc/arm-none-eabi/6.3.1/../../../../arm-none-eabi/lib/thumb/v7e-m/fpv4-sp/hard/crt0.o (memset)
/usr/local/gcc-arm-none-eabi-6-2017-q2-update/bin/../lib/gcc/arm-none-eabi/6.3.1/../../../../arm-none-eabi/lib/thumb/v7e-m/fpv4-sp/hard/libg_nano.a(lib_a-printf.o)
                              ./source/adc_func.o (printf)
/usr/local/gcc-arm-none-eabi-6-2017-q2-update/bin/../lib/gcc/arm-none-eabi/6.3.1/../../../../arm-none-eabi/lib/thumb/v7e-m/fpv4-sp/hard/libg_nano.a(lib_a-puts.o)
                              ./source/gps_func.o (puts)
/usr/local/gcc-arm-none-eabi-6-2017-q2-update/bin/../lib/gcc/arm-none-eabi/6.3.1/../../../../arm-none-eabi/lib/thumb/v7e-m/fpv4-sp/hard/libg_nano.a(lib_a-sprintf.o)
                              ./source/at_func.o (sprintf)
/usr/local/gcc-arm-none-eabi-6-2017-q2-update/bin/../lib/gcc/arm-none-eabi/6.3.1/../../../../arm-none-eabi/lib/thumb/v7e-m/fpv4-sp/hard/libg_nano.a(lib_a-strchr.o)
                              ./source/gps_func.o (strchr)
/usr/local/gcc-arm-none-eabi-6-2017-q2-update/bin/../lib/gcc/arm-none-eabi/6.3.1/../../../../arm-none-eabi/lib/thumb/v7e-m/fpv4-sp/hard/libg_nano.a(lib_a-strcpy.o)
                              ./source/gps_func.o (strcpy)
/usr/local/gcc-arm-none-eabi-6-2017-q2-update/bin/../lib/gcc/arm-none-eabi/6.3.1/../../../../arm-none-eabi/lib/thumb/v7e-m/fpv4-sp/hard/libg_nano.a(lib_a-strlen.o)
                              ./utilities/fsl_str.o (strlen)
/usr/local/gcc-arm-none-eabi-6-2017-q2-update/bin/../lib/gcc/arm-none-eabi/6.3.1/../../../../arm-none-eabi/lib/thumb/v7e-m/fpv4-sp/hard/libg_nano.a(lib_a-strstr.o)
                              ./source/at_func.o (strstr)
/usr/local/gcc-arm-none-eabi-6-2017-q2-update/bin/../lib/gcc/arm-none-eabi/6.3.1/../../../../arm-none-eabi/lib/thumb/v7e-m/fpv4-sp/hard/libg_nano.a(lib_a-strtol.o)
                              /usr/local/gcc-arm-none-eabi-6-2017-q2-update/bin/../lib/gcc/arm-none-eabi/6.3.1/../../../../arm-none-eabi/lib/thumb/v7e-m/fpv4-sp/hard/libg_nano.a(lib_a-atol.o) (_strtol_r)
/usr/local/gcc-arm-none-eabi-6-2017-q2-update/bin/../lib/gcc/arm-none-eabi/6.3.1/../../../../arm-none-eabi/lib/thumb/v7e-m/fpv4-sp/hard/libg_nano.a(lib_a-wbuf.o)
                              /usr/local/gcc-arm-none-eabi-6-2017-q2-update/bin/../lib/gcc/arm-none-eabi/6.3.1/../../../../arm-none-eabi/lib/thumb/v7e-m/fpv4-sp/hard/libg_nano.a(lib_a-puts.o) (__swbuf_r)
/usr/local/gcc-arm-none-eabi-6-2017-q2-update/bin/../lib/gcc/arm-none-eabi/6.3.1/../../../../arm-none-eabi/lib/thumb/v7e-m/fpv4-sp/hard/libg_nano.a(lib_a-wsetup.o)
[...]
Memory Configuration

Name             Origin             Length             Attributes
m_interrupts     0x0000000000000000 0x0000000000000400 xr
m_flash_config   0x0000000000000400 0x0000000000000010 xr
m_text           0x0000000000000410 0x00000000000ffbf0 xr
m_data           0x000000001fff0000 0x0000000000010000 rw
m_data_2         0x0000000020000000 0x0000000000030000 rw
*default*        0x0000000000000000 0xffffffffffffffff

Linker script and memory map

LOAD /usr/local/gcc-arm-none-eabi-6-2017-q2-update/bin/../lib/gcc/arm-none-eabi/6.3.1/thumb/v7e-m/fpv4-sp/hard/crti.o
LOAD /usr/local/gcc-arm-none-eabi-6-2017-q2-update/bin/../lib/gcc/arm-none-eabi/6.3.1/thumb/v7e-m/fpv4-sp/hard/crtbegin.o
LOAD /usr/local/gcc-arm-none-eabi-6-2017-q2-update/bin/../lib/gcc/arm-none-eabi/6.3.1/../../../../arm-none-eabi/lib/thumb/v7e-m/fpv4-sp/hard/crt0.o
LOAD ./utilities/fsl_assert.o
LOAD ./utilities/fsl_debug_console.o
LOAD ./utilities/fsl_io.o
LOAD ./utilities/fsl_log.o
LOAD ./utilities/fsl_notifier.o
LOAD ./utilities/fsl_shell.o
LOAD ./utilities/fsl_str.o
LOAD ./startup/startup_MK64F12.o
LOAD ./source/acc_func.o
LOAD ./source/adc_func.o
LOAD ./source/at_func.o
LOAD ./source/gps_func.o
LOAD ./source/i2c_func.o
LOAD ./source/main.o
LOAD ./source/nbiot_func.o
LOAD ./source/timing.o
LOAD ./source/ubx_func.o
LOAD ./drivers/fsl_adc16.o
LOAD ./drivers/fsl_clock.o
LOAD ./drivers/fsl_cmp.o
LOAD ./drivers/fsl_cmt.o
LOAD ./drivers/fsl_common.o
LOAD ./drivers/fsl_crc.o
LOAD ./drivers/fsl_dac.o
LOAD ./drivers/fsl_dmamux.o
LOAD ./drivers/fsl_dspi.o
LOAD ./drivers/fsl_dspi_edma.o
LOAD ./drivers/fsl_edma.o
LOAD ./drivers/fsl_enet.o
LOAD ./drivers/fsl_ewm.o
LOAD ./drivers/fsl_flash.o
LOAD ./drivers/fsl_flexbus.o
LOAD ./drivers/fsl_flexcan.o
LOAD ./drivers/fsl_ftm.o
LOAD ./drivers/fsl_gpio.o
LOAD ./drivers/fsl_i2c.o
LOAD ./drivers/fsl_i2c_edma.o
LOAD ./drivers/fsl_llwu.o
LOAD ./drivers/fsl_lptmr.o
LOAD ./drivers/fsl_pdb.o
LOAD ./drivers/fsl_pit.o
LOAD ./drivers/fsl_pmc.o
LOAD ./drivers/fsl_rcm.o
LOAD ./drivers/fsl_rnga.o
LOAD ./drivers/fsl_rtc.o
LOAD ./drivers/fsl_sai.o
LOAD ./drivers/fsl_sai_edma.o
LOAD ./drivers/fsl_sdhc.o
LOAD ./drivers/fsl_sim.o
LOAD ./drivers/fsl_smc.o
LOAD ./drivers/fsl_sysmpu.o
LOAD ./drivers/fsl_uart.o
LOAD ./drivers/fsl_uart_edma.o
LOAD ./drivers/fsl_wdog.o
LOAD ./board/board.o
LOAD ./board/clock_config.o
LOAD ./board/peripherals.o
LOAD ./board/pin_mux.o
LOAD ./CMSIS/system_MK64F12.o
LOAD /usr/local/gcc-arm-none-eabi-6-2017-q2-update/bin/../lib/gcc/arm-none-eabi/6.3.1/../../../../arm-none-eabi/lib/thumb/v7e-m/fpv4-sp/hard/libstdc++_nano.a
LOAD /usr/local/gcc-arm-none-eabi-6-2017-q2-update/bin/../lib/gcc/arm-none-eabi/6.3.1/../../../../arm-none-eabi/lib/thumb/v7e-m/fpv4-sp/hard/libm.a
START GROUP
LOAD /usr/local/gcc-arm-none-eabi-6-2017-q2-update/bin/../lib/gcc/arm-none-eabi/6.3.1/thumb/v7e-m/fpv4-sp/hard/libgcc.a
LOAD /usr/local/gcc-arm-none-eabi-6-2017-q2-update/bin/../lib/gcc/arm-none-eabi/6.3.1/../../../../arm-none-eabi/lib/thumb/v7e-m/fpv4-sp/hard/libg_nano.a
LOAD /usr/local/gcc-arm-none-eabi-6-2017-q2-update/bin/../lib/gcc/arm-none-eabi/6.3.1/../../../../arm-none-eabi/lib/thumb/v7e-m/fpv4-sp/hard/libc_nano.a
END GROUP
START GROUP
LOAD /usr/local/gcc-arm-none-eabi-6-2017-q2-update/bin/../lib/gcc/arm-none-eabi/6.3.1/thumb/v7e-m/fpv4-sp/hard/libgcc.a
LOAD /usr/local/gcc-arm-none-eabi-6-2017-q2-update/bin/../lib/gcc/arm-none-eabi/6.3.1/../../../../arm-none-eabi/lib/thumb/v7e-m/fpv4-sp/hard/libc_nano.a
LOAD /usr/local/gcc-arm-none-eabi-6-2017-q2-update/bin/../lib/gcc/arm-none-eabi/6.3.1/../../../../arm-none-eabi/lib/thumb/v7e-m/fpv4-sp/hard/libnosys.a
END GROUP
START GROUP
LOAD /usr/local/gcc-arm-none-eabi-6-2017-q2-update/bin/../lib/gcc/arm-none-eabi/6.3.1/thumb/v7e-m/fpv4-sp/hard/libgcc.a
LOAD /usr/local/gcc-arm-none-eabi-6-2017-q2-update/bin/../lib/gcc/arm-none-eabi/6.3.1/../../../../arm-none-eabi/lib/thumb/v7e-m/fpv4-sp/hard/libc_nano.a
LOAD /usr/local/gcc-arm-none-eabi-6-2017-q2-update/bin/../lib/gcc/arm-none-eabi/6.3.1/../../../../arm-none-eabi/lib/thumb/v7e-m/fpv4-sp/hard/libnosys.a
END GROUP
LOAD /usr/local/gcc-arm-none-eabi-6-2017-q2-update/bin/../lib/gcc/arm-none-eabi/6.3.1/thumb/v7e-m/fpv4-sp/hard/crtend.o
LOAD /usr/local/gcc-arm-none-eabi-6-2017-q2-update/bin/../lib/gcc/arm-none-eabi/6.3.1/thumb/v7e-m/fpv4-sp/hard/crtn.o
                0x0000000000000400                HEAP_SIZE = DEFINED (__heap_size__)?__heap_size__:0x400
                0x0000000000000400                STACK_SIZE = DEFINED (__stack_size__)?__stack_size__:0x400

.interrupts     0x0000000000000000      0x400
                0x0000000000000000                . = ALIGN (0x4)
 *(.isr_vector)
 .isr_vector    0x0000000000000000      0x400 ./startup/startup_MK64F12.o
                0x0000000000000000                __isr_vector
                0x0000000000000400                . = ALIGN (0x4)

.flash_config   0x0000000000000400       0x10
                0x0000000000000400                . = ALIGN (0x4)
 *(.FlashConfig)
 .FlashConfig   0x0000000000000400       0x10 ./startup/startup_MK64F12.o
                0x0000000000000410                . = ALIGN (0x4)

.text           0x0000000000000410     0x40f4
                0x0000000000000410                . = ALIGN (0x4)
 *(.text)
 .text          0x0000000000000410       0x6c /usr/local/gcc-arm-none-eabi-6-2017-q2-update/bin/../lib/gcc/arm-none-eabi/6.3.1/thumb/v7e-m/fpv4-sp/hard/crtbegin.o
 .text          0x000000000000047c       0x74 /usr/local/gcc-arm-none-eabi-6-2017-q2-update/bin/../lib/gcc/arm-none-eabi/6.3.1/../../../../arm-none-eabi/lib/thumb/v7e-m/fpv4-sp/hard/crt0.o
                0x000000000000047c                _mainCRTStartup
                0x000000000000047c                _start
 .text          0x00000000000004f0      0x1e8 ./startup/startup_MK64F12.o
                0x00000000000004f0                Reset_Handler
                0x0000000000000538                DebugMon_Handler
                0x0000000000000538                DMA_Error_DriverIRQHandler
                0x0000000000000538                PIT0_IRQHandler
                0x0000000000000538                CMP2_IRQHandler
                0x0000000000000538                ENET_1588_Timer_DriverIRQHandler
                0x0000000000000538                SWI_IRQHandler
                0x0000000000000538                ADC0_IRQHandler
                0x0000000000000538                UsageFault_Handler
                0x0000000000000538                CMT_IRQHandler
                0x0000000000000538                DefaultISR
                0x0000000000000538                UART5_ERR_DriverIRQHandler
                0x0000000000000538                CMP1_IRQHandler
                0x0000000000000538                Reserved71_IRQHandler
                0x0000000000000538                PORTD_IRQHandler
                0x0000000000000538                PORTB_IRQHandler
                0x0000000000000538                UART2_ERR_DriverIRQHandler
                0x0000000000000538                ADC1_IRQHandler
                0x0000000000000538                PIT2_IRQHandler
                0x0000000000000538                RTC_IRQHandler
                0x0000000000000538                UART3_ERR_DriverIRQHandler
                0x0000000000000538                PDB0_IRQHandler
                0x0000000000000538                FTM1_IRQHandler
                0x0000000000000538                PIT3_IRQHandler
                0x0000000000000538                RTC_Seconds_IRQHandler
                0x0000000000000538                MCG_IRQHandler
                0x0000000000000538                FTFE_IRQHandler
                0x0000000000000538                UART0_ERR_DriverIRQHandler
                0x0000000000000538                Read_Collision_IRQHandler
                0x0000000000000538                USBDCD_IRQHandler
                0x0000000000000538                USB0_IRQHandler
                0x0000000000000538                UART4_ERR_DriverIRQHandler
                0x0000000000000538                WDOG_EWM_IRQHandler
                0x0000000000000538                MemManage_Handler
                0x0000000000000538                UART0_LON_DriverIRQHandler
                0x0000000000000538                RNG_IRQHandler
                0x0000000000000538                ENET_Receive_DriverIRQHandler
                0x0000000000000538                DAC0_IRQHandler
                0x0000000000000538                ENET_Error_DriverIRQHandler
                0x0000000000000538                PIT1_IRQHandler
                0x0000000000000538                LVD_LVW_IRQHandler
                0x0000000000000538                FTM0_IRQHandler
                0x0000000000000538                PORTA_IRQHandler
                0x0000000000000538                DAC1_IRQHandler
                0x0000000000000538                MCM_IRQHandler
                0x0000000000000538                FTM3_IRQHandler
                0x0000000000000538                PORTE_IRQHandler
                0x0000000000000538                FTM2_IRQHandler
                0x0000000000000538                BusFault_Handler
                0x0000000000000538                UART1_ERR_DriverIRQHandler
                0x0000000000000538                ENET_Transmit_DriverIRQHandler
                0x0000000000000538                CMP0_IRQHandler
                0x0000000000000538                PORTC_IRQHandler
                0x000000000000053c                NMI_Handler
                0x0000000000000540                HardFault_Handler
                0x0000000000000544                SVC_Handler
                0x0000000000000548                PendSV_Handler
                0x0000000000000550                DMA0_IRQHandler
                0x0000000000000554                DMA1_IRQHandler
                0x0000000000000558                DMA2_IRQHandler
                0x000000000000055c                DMA3_IRQHandler
                0x0000000000000560                DMA4_IRQHandler
                0x0000000000000564                DMA5_IRQHandler
                0x0000000000000568                DMA6_IRQHandler
                0x000000000000056c                DMA7_IRQHandler
                0x0000000000000570                DMA8_IRQHandler
                0x0000000000000574                DMA9_IRQHandler
                0x0000000000000578                DMA10_IRQHandler
                0x000000000000057c                DMA11_IRQHandler
                0x0000000000000580                DMA12_IRQHandler
                0x0000000000000584                DMA13_IRQHandler
                0x0000000000000588                DMA14_IRQHandler
                0x000000000000058c                DMA15_IRQHandler
                0x0000000000000590                DMA_Error_IRQHandler
                0x0000000000000594                I2C0_IRQHandler
                0x0000000000000598                I2C1_IRQHandler
                0x000000000000059c                SPI0_IRQHandler
                0x00000000000005a0                SPI1_IRQHandler
                0x00000000000005a4                I2S0_Tx_IRQHandler
                0x00000000000005a8                I2S0_Rx_IRQHandler
                0x00000000000005ac                UART0_LON_IRQHandler
                0x00000000000005b4                UART0_ERR_IRQHandler
                0x00000000000005b8                UART1_RX_TX_IRQHandler
                0x00000000000005bc                UART1_ERR_IRQHandler
                0x00000000000005c4                UART2_ERR_IRQHandler
                0x00000000000005cc                UART3_ERR_IRQHandler
                0x00000000000005d0                SPI2_IRQHandler
                0x00000000000005d4                UART4_RX_TX_IRQHandler
                0x00000000000005d8                UART4_ERR_IRQHandler
                0x00000000000005dc                UART5_RX_TX_IRQHandler
                0x00000000000005e0                UART5_ERR_IRQHandler
                0x00000000000005e4                I2C2_IRQHandler
                0x00000000000005e8                CAN0_ORed_Message_buffer_IRQHandler
                0x00000000000005ec                CAN0_Bus_Off_IRQHandler
                0x00000000000005f0                CAN0_Error_IRQHandler
                0x00000000000005f4                CAN0_Tx_Warning_IRQHandler
                0x00000000000005f8                CAN0_Rx_Warning_IRQHandler
                0x00000000000005fc                CAN0_Wake_Up_IRQHandler
                0x0000000000000600                SDHC_IRQHandler
 .text          0x00000000000006d8       0x10 /usr/local/gcc-arm-none-eabi-6-2017-q2-update/bin/../lib/gcc/arm-none-eabi/6.3.1/../../../../arm-none-eabi/lib/thumb/v7e-m/fpv4-sp/hard/libg_nano.a(lib_a-strlen.o)
                0x00000000000006d8                strlen
 *fill*         0x00000000000006e8        0x8 
 .text          0x00000000000006f0       0xa0 /usr/local/gcc-arm-none-eabi-6-2017-q2-update/bin/../lib/gcc/arm-none-eabi/6.3.1/../../../../arm-none-eabi/lib/thumb/v7e-m/fpv4-sp/hard/libg_nano.a(lib_a-memchr.o)
                0x00000000000006f0                memchr
 *(.text*)
 .text.DbgConsole_Init
                0x0000000000000790       0x10 ./utilities/fsl_debug_console.o
                0x0000000000000790                DbgConsole_Init
 .text._write   0x00000000000007a0       0x20 ./utilities/fsl_debug_console.o
                0x00000000000007a0                _write
 .text._read    0x00000000000007c0       0x12 ./utilities/fsl_debug_console.o
                0x00000000000007c0                _read
 *fill*         0x00000000000007d2        0x2 
 .text.IO_Init  0x00000000000007d4       0x48 ./utilities/fsl_io.o
                0x00000000000007d4                IO_Init
 .text.IO_Transfer
                0x000000000000081c       0x34 ./utilities/fsl_io.o
                0x000000000000081c                IO_Transfer
 .text.LOG_Init
                0x0000000000000850       0x1c ./utilities/fsl_log.o
                0x0000000000000850                LOG_Init
 .text.LOG_Pop  0x000000000000086c       0x16 ./utilities/fsl_log.o
                0x000000000000086c                LOG_Pop
 .text.LOG_Push
                0x0000000000000882        0x4 ./utilities/fsl_log.o
                0x0000000000000882                LOG_Push
 .text.LOG_ReadLine
                0x0000000000000886       0x4a ./utilities/fsl_log.o
                0x0000000000000886                LOG_ReadLine
 .text.acc_init
                0x00000000000008d0       0x16 ./source/acc_func.o
                0x00000000000008d0                acc_init
 .text.configure_acc
                0x00000000000008e6       0x60 ./source/acc_func.o
                0x00000000000008e6                configure_acc
 *fill*         0x0000000000000946        0x2 
 .text.initAdc  0x0000000000000948       0x6c ./source/adc_func.o
                0x0000000000000948                initAdc
 .text.breakIfAtOk
                0x00000000000009b4       0x1c ./source/at_func.o
                0x00000000000009b4                breakIfAtOk
 .text.AT_send  0x00000000000009d0       0xbc ./source/at_func.o
                0x00000000000009d0                AT_send
 .text.printUbxResponseHex
                0x0000000000000a8c       0x20 ./source/gps_func.o
                0x0000000000000a8c                printUbxResponseHex
 .text.calcUbxCrc
                0x0000000000000aac       0x60 ./source/gps_func.o
                0x0000000000000aac                calcUbxCrc
 .text.parseData
                0x0000000000000b0c       0xc8 ./source/gps_func.o
                0x0000000000000b0c                parseData
 .text.getGPS   0x0000000000000bd4      0x110 ./source/gps_func.o
                0x0000000000000bd4                getGPS
 .text.initI2C  0x0000000000000ce4       0x6c ./source/i2c_func.o
                0x0000000000000ce4                initI2C
 .text.accWriteReg
                0x0000000000000d50       0x5c ./source/i2c_func.o
                0x0000000000000d50                accWriteReg
 .text.accReadReg
                0x0000000000000dac       0x7c ./source/i2c_func.o
                0x0000000000000dac                accReadReg
 .text.initTimer
                0x0000000000000e28       0x3c ./source/main.o
                0x0000000000000e28                initTimer
 .text.initUART
                0x0000000000000e64       0x78 ./source/main.o
                0x0000000000000e64                initUART
 .text.UART3_send
                0x0000000000000edc       0x20 ./source/main.o
                0x0000000000000edc                UART3_send
 .text.UART2_send
                0x0000000000000efc       0x28 ./source/main.o
                0x0000000000000efc                UART2_send
 .text.startup.main
                0x0000000000000f24      0x444 ./source/main.o
                0x0000000000000f24                main
 .text.LLWU_IRQHandler
                0x0000000000001368       0x50 ./source/main.o
                0x0000000000001368                LLWU_IRQHandler
 .text.LPTMR0_IRQHandler
                0x00000000000013b8       0x30 ./source/main.o
                0x00000000000013b8                LPTMR0_IRQHandler
 .text.UART3_RX_TX_IRQHandler
                0x00000000000013e8       0x50 ./source/main.o
                0x00000000000013e8                UART3_RX_TX_IRQHandler
 .text.UART2_RX_TX_IRQHandler
                0x0000000000001438       0x54 ./source/main.o
                0x0000000000001438                UART2_RX_TX_IRQHandler
 .text.UART0_RX_TX_IRQHandler
                0x000000000000148c       0x4c ./source/main.o
                0x000000000000148c                UART0_RX_TX_IRQHandler
 .text.assembleMqtt
                0x00000000000014d8      0x1d4 ./source/nbiot_func.o
                0x00000000000014d8                assembleMqtt
 .text.NB_reboot
                0x00000000000016ac       0x4c ./source/nbiot_func.o
                0x00000000000016ac                NB_reboot
 .text.NB_setPin
                0x00000000000016f8       0x40 ./source/nbiot_func.o
                0x00000000000016f8                NB_setPin
 .text.NB_cops_register
                0x0000000000001738       0x40 ./source/nbiot_func.o
                0x0000000000001738                NB_cops_register
 .text.NB_cops_deRegister
                0x0000000000001778       0x40 ./source/nbiot_func.o
                0x0000000000001778                NB_cops_deRegister
 .text.NB_network_status
                0x00000000000017b8       0x4c ./source/nbiot_func.o
                0x00000000000017b8                NB_network_status
 .text.NB_define_pdp
                0x0000000000001804       0x4c ./source/nbiot_func.o
                0x0000000000001804                NB_define_pdp
 .text.NB_active_pdp
                0x0000000000001850       0x4c ./source/nbiot_func.o
                0x0000000000001850                NB_active_pdp
 .text.NB_show_ip
                0x000000000000189c       0x40 ./source/nbiot_func.o
                0x000000000000189c                NB_show_ip
 .text.NB_create_socket
                0x00000000000018dc       0x40 ./source/nbiot_func.o
                0x00000000000018dc                NB_create_socket
 .text.NB_send_msg
                0x000000000000191c       0x64 ./source/nbiot_func.o
                0x000000000000191c                NB_send_msg
 .text.NB_read_msg
                0x0000000000001980       0x40 ./source/nbiot_func.o
                0x0000000000001980                NB_read_msg
 .text.NB_create_pdp_send
                0x00000000000019c0       0x92 ./source/nbiot_func.o
                0x00000000000019c0                NB_create_pdp_send
 *fill*         0x0000000000001a52        0x2 
 .text.millis   0x0000000000001a54        0xc ./source/timing.o
                0x0000000000001a54                millis
 .text.SysTick_Handler
                0x0000000000001a60       0x10 ./source/timing.o
                0x0000000000001a60                SysTick_Handler
 .text.delay_ms
                0x0000000000001a70       0x14 ./source/timing.o
                0x0000000000001a70                delay_ms
 .text.ADC16_Init
                0x0000000000001a84       0xb4 ./drivers/fsl_adc16.o
                0x0000000000001a84                ADC16_Init
 .text.ADC16_GetStatusFlags
                0x0000000000001b38       0x14 ./drivers/fsl_adc16.o
                0x0000000000001b38                ADC16_GetStatusFlags
 .text.ADC16_DoAutoCalibration
                0x0000000000001b4c       0xa6 ./drivers/fsl_adc16.o
                0x0000000000001b4c                ADC16_DoAutoCalibration
 *fill*         0x0000000000001bf2        0x2 
 .text.CLOCK_GetMcgExtClkFreq
                0x0000000000001bf4       0x34 ./drivers/fsl_clock.o
 .text.CLOCK_GetFllExtRefClkFreq
                0x0000000000001c28       0x44 ./drivers/fsl_clock.o
 .text.CLOCK_GetInternalRefClkSelectFreq
                0x0000000000001c6c       0x28 ./drivers/fsl_clock.o
 .text.CLOCK_GetFllFreq
                0x0000000000001c94       0x50 ./drivers/fsl_clock.o
                0x0000000000001c94                CLOCK_GetFllFreq
 .text.CLOCK_GetPll0Freq
                0x0000000000001ce4       0x2c ./drivers/fsl_clock.o
                0x0000000000001ce4                CLOCK_GetPll0Freq
 .text.CLOCK_GetOutClkFreq
                0x0000000000001d10       0x28 ./drivers/fsl_clock.o
                0x0000000000001d10                CLOCK_GetOutClkFreq
 .text.CLOCK_GetCoreSysClkFreq
                0x0000000000001d38       0x1c ./drivers/fsl_clock.o
                0x0000000000001d38                CLOCK_GetCoreSysClkFreq
 .text.DSPI_CommonIRQHandler
                0x0000000000001d54       0x20 ./drivers/fsl_dspi.o
 .text.SPI0_DriverIRQHandler
                0x0000000000001d74       0x14 ./drivers/fsl_dspi.o
                0x0000000000001d74                SPI0_DriverIRQHandler
 .text.SPI1_DriverIRQHandler
                0x0000000000001d88       0x14 ./drivers/fsl_dspi.o
                0x0000000000001d88                SPI1_DriverIRQHandler
 .text.SPI2_DriverIRQHandler
                0x0000000000001d9c       0x14 ./drivers/fsl_dspi.o
                0x0000000000001d9c                SPI2_DriverIRQHandler
 .text.EDMA_HandleIRQ
                0x0000000000001db0       0x94 ./drivers/fsl_edma.o
                0x0000000000001db0                EDMA_HandleIRQ
 .text.DMA0_DriverIRQHandler
                0x0000000000001e44       0x14 ./drivers/fsl_edma.o
                0x0000000000001e44                DMA0_DriverIRQHandler
 .text.DMA1_DriverIRQHandler
                0x0000000000001e58       0x14 ./drivers/fsl_edma.o
                0x0000000000001e58                DMA1_DriverIRQHandler
 .text.DMA2_DriverIRQHandler
                0x0000000000001e6c       0x14 ./drivers/fsl_edma.o
                0x0000000000001e6c                DMA2_DriverIRQHandler
 .text.DMA3_DriverIRQHandler
                0x0000000000001e80       0x14 ./drivers/fsl_edma.o
                0x0000000000001e80                DMA3_DriverIRQHandler
 .text.DMA4_DriverIRQHandler
                0x0000000000001e94       0x14 ./drivers/fsl_edma.o
                0x0000000000001e94                DMA4_DriverIRQHandler
 .text.DMA5_DriverIRQHandler
                0x0000000000001ea8       0x14 ./drivers/fsl_edma.o
                0x0000000000001ea8                DMA5_DriverIRQHandler
 .text.DMA6_DriverIRQHandler
                0x0000000000001ebc       0x14 ./drivers/fsl_edma.o
                0x0000000000001ebc                DMA6_DriverIRQHandler
 .text.DMA7_DriverIRQHandler
                0x0000000000001ed0       0x14 ./drivers/fsl_edma.o
                0x0000000000001ed0                DMA7_DriverIRQHandler
 .text.DMA8_DriverIRQHandler
                0x0000000000001ee4       0x14 ./drivers/fsl_edma.o
                0x0000000000001ee4                DMA8_DriverIRQHandler
 .text.DMA9_DriverIRQHandler
                0x0000000000001ef8       0x14 ./drivers/fsl_edma.o
                0x0000000000001ef8                DMA9_DriverIRQHandler
 .text.DMA10_DriverIRQHandler
                0x0000000000001f0c       0x14 ./drivers/fsl_edma.o
                0x0000000000001f0c                DMA10_DriverIRQHandler
 .text.DMA11_DriverIRQHandler
                0x0000000000001f20       0x14 ./drivers/fsl_edma.o
                0x0000000000001f20                DMA11_DriverIRQHandler
 .text.DMA12_DriverIRQHandler
                0x0000000000001f34       0x14 ./drivers/fsl_edma.o
                0x0000000000001f34                DMA12_DriverIRQHandler
 .text.DMA13_DriverIRQHandler
                0x0000000000001f48       0x14 ./drivers/fsl_edma.o
                0x0000000000001f48                DMA13_DriverIRQHandler
 .text.DMA14_DriverIRQHandler
                0x0000000000001f5c       0x14 ./drivers/fsl_edma.o
                0x0000000000001f5c                DMA14_DriverIRQHandler
 .text.DMA15_DriverIRQHandler
                0x0000000000001f70       0x14 ./drivers/fsl_edma.o
                0x0000000000001f70                DMA15_DriverIRQHandler
 .text.ENET_Transmit_IRQHandler
                0x0000000000001f84       0x20 ./drivers/fsl_enet.o
                0x0000000000001f84                ENET_Transmit_IRQHandler
 .text.ENET_Receive_IRQHandler
                0x0000000000001fa4       0x20 ./drivers/fsl_enet.o
                0x0000000000001fa4                ENET_Receive_IRQHandler
 .text.ENET_Error_IRQHandler
                0x0000000000001fc4       0x20 ./drivers/fsl_enet.o
                0x0000000000001fc4                ENET_Error_IRQHandler
 .text.ENET_1588_Timer_IRQHandler
                0x0000000000001fe4       0x1c ./drivers/fsl_enet.o
                0x0000000000001fe4                ENET_1588_Timer_IRQHandler
 .text.FLASH_PflashSetPrefetchSpeculation
                0x0000000000002000       0x40 ./drivers/fsl_flash.o
                0x0000000000002000                FLASH_PflashSetPrefetchSpeculation
 .text.CAN0_DriverIRQHandler
                0x0000000000002040       0x20 ./drivers/fsl_flexcan.o
                0x0000000000002040                CAN0_DriverIRQHandler
 .text.GPIO_PinInit
                0x0000000000002060       0x2a ./drivers/fsl_gpio.o
                0x0000000000002060                GPIO_PinInit
 *fill*         0x000000000000208a        0x2 
 .text.I2C_TransferCommonIRQHandler
                0x000000000000208c       0x34 ./drivers/fsl_i2c.o
 .text.I2C_GetInstance
                0x00000000000020c0       0x28 ./drivers/fsl_i2c.o
                0x00000000000020c0                I2C_GetInstance
 .text.I2C_MasterGetDefaultConfig
                0x00000000000020e8       0x14 ./drivers/fsl_i2c.o
                0x00000000000020e8                I2C_MasterGetDefaultConfig
 .text.I2C_MasterSetBaudRate
                0x00000000000020fc       0x60 ./drivers/fsl_i2c.o
                0x00000000000020fc                I2C_MasterSetBaudRate
 .text.I2C_MasterInit
                0x000000000000215c       0x84 ./drivers/fsl_i2c.o
                0x000000000000215c                I2C_MasterInit
 .text.I2C_MasterStop
                0x00000000000021e0       0x14 ./drivers/fsl_i2c.o
                0x00000000000021e0                I2C_MasterStop
 .text.I2C_MasterGetStatusFlags
                0x00000000000021f4       0x1c ./drivers/fsl_i2c.o
                0x00000000000021f4                I2C_MasterGetStatusFlags
 .text.I2C_MasterStart
                0x0000000000002210       0x32 ./drivers/fsl_i2c.o
                0x0000000000002210                I2C_MasterStart
 .text.I2C_MasterRepeatedStart
                0x0000000000002242       0x4e ./drivers/fsl_i2c.o
                0x0000000000002242                I2C_MasterRepeatedStart
 .text.I2C0_DriverIRQHandler
                0x0000000000002290       0x14 ./drivers/fsl_i2c.o
                0x0000000000002290                I2C0_DriverIRQHandler
 .text.I2C1_DriverIRQHandler
                0x00000000000022a4       0x14 ./drivers/fsl_i2c.o
                0x00000000000022a4                I2C1_DriverIRQHandler
 .text.I2C2_DriverIRQHandler
                0x00000000000022b8       0x14 ./drivers/fsl_i2c.o
                0x00000000000022b8                I2C2_DriverIRQHandler
 .text.LPTMR_Init
                0x00000000000022cc       0x54 ./drivers/fsl_lptmr.o
                0x00000000000022cc                LPTMR_Init
 .text.LPTMR_GetDefaultConfig
                0x0000000000002320       0x14 ./drivers/fsl_lptmr.o
                0x0000000000002320                LPTMR_GetDefaultConfig
 .text.I2S0_Tx_DriverIRQHandler
                0x0000000000002334       0x20 ./drivers/fsl_sai.o
                0x0000000000002334                I2S0_Tx_DriverIRQHandler
 .text.I2S0_Rx_DriverIRQHandler
                0x0000000000002354       0x20 ./drivers/fsl_sai.o
                0x0000000000002354                I2S0_Rx_DriverIRQHandler
 .text.SDHC_DriverIRQHandler
                0x0000000000002374       0x20 ./drivers/fsl_sdhc.o
                0x0000000000002374                SDHC_DriverIRQHandler
 .text.SMC_PreEnterStopModes
                0x0000000000002394       0x2c ./drivers/fsl_smc.o
                0x0000000000002394                SMC_PreEnterStopModes
 .text.SMC_SetPowerModeVlls
                0x00000000000023c0       0x58 ./drivers/fsl_smc.o
                0x00000000000023c0                SMC_SetPowerModeVlls
 .text.UART_GetInstance
                0x0000000000002418       0x1c ./drivers/fsl_uart.o
                0x0000000000002418                UART_GetInstance
 .text.UART_Init
                0x0000000000002434      0x108 ./drivers/fsl_uart.o
                0x0000000000002434                UART_Init
 .text.UART_GetDefaultConfig
                0x000000000000253c       0x1e ./drivers/fsl_uart.o
                0x000000000000253c                UART_GetDefaultConfig
 .text.UART_EnableInterrupts
                0x000000000000255a       0x36 ./drivers/fsl_uart.o
                0x000000000000255a                UART_EnableInterrupts
 .text.UART_GetStatusFlags
                0x0000000000002590       0x16 ./drivers/fsl_uart.o
                0x0000000000002590                UART_GetStatusFlags
 .text.UART_ClearStatusFlags
                0x00000000000025a6       0x40 ./drivers/fsl_uart.o
                0x00000000000025a6                UART_ClearStatusFlags
 .text.UART_WriteBlocking
                0x00000000000025e6       0x16 ./drivers/fsl_uart.o
                0x00000000000025e6                UART_WriteBlocking
 .text.UART_ReadBlocking
                0x00000000000025fc       0x4c ./drivers/fsl_uart.o
                0x00000000000025fc                UART_ReadBlocking
 .text.UART0_DriverIRQHandler
                0x0000000000002648       0x20 ./drivers/fsl_uart.o
                0x0000000000002648                UART0_DriverIRQHandler
 .text.UART0_RX_TX_DriverIRQHandler
                0x0000000000002668        0xc ./drivers/fsl_uart.o
                0x0000000000002668                UART0_RX_TX_DriverIRQHandler
 .text.UART1_DriverIRQHandler
                0x0000000000002674       0x20 ./drivers/fsl_uart.o
                0x0000000000002674                UART1_DriverIRQHandler
 .text.UART1_RX_TX_DriverIRQHandler
                0x0000000000002694        0xc ./drivers/fsl_uart.o
                0x0000000000002694                UART1_RX_TX_DriverIRQHandler
 .text.UART2_DriverIRQHandler
                0x00000000000026a0       0x20 ./drivers/fsl_uart.o
                0x00000000000026a0                UART2_DriverIRQHandler
 .text.UART2_RX_TX_DriverIRQHandler
                0x00000000000026c0        0xc ./drivers/fsl_uart.o
                0x00000000000026c0                UART2_RX_TX_DriverIRQHandler
 .text.UART3_DriverIRQHandler
                0x00000000000026cc       0x20 ./drivers/fsl_uart.o
                0x00000000000026cc                UART3_DriverIRQHandler
 .text.UART3_RX_TX_DriverIRQHandler
                0x00000000000026ec        0xc ./drivers/fsl_uart.o
                0x00000000000026ec                UART3_RX_TX_DriverIRQHandler
 .text.UART4_DriverIRQHandler
                0x00000000000026f8       0x20 ./drivers/fsl_uart.o
                0x00000000000026f8                UART4_DriverIRQHandler
 .text.UART4_RX_TX_DriverIRQHandler
                0x0000000000002718        0xc ./drivers/fsl_uart.o
                0x0000000000002718                UART4_RX_TX_DriverIRQHandler
 .text.UART5_DriverIRQHandler
                0x0000000000002724       0x20 ./drivers/fsl_uart.o
                0x0000000000002724                UART5_DriverIRQHandler
 .text.UART5_RX_TX_DriverIRQHandler
                0x0000000000002744        0xc ./drivers/fsl_uart.o
                0x0000000000002744                UART5_RX_TX_DriverIRQHandler
 .text.BOARD_InitDebugConsole
                0x0000000000002750       0x1c ./board/board.o
                0x0000000000002750                BOARD_InitDebugConsole
 .text.BOARD_InitPins
                0x000000000000276c       0xbc ./board/pin_mux.o
                0x000000000000276c                BOARD_InitPins
 .text.SystemInit
                0x0000000000002828       0x2c ./CMSIS/system_MK64F12.o
                0x0000000000002828                SystemInit
 .text.atol     0x0000000000002854        0x8 /usr/local/gcc-arm-none-eabi-6-2017-q2-update/bin/../lib/gcc/arm-none-eabi/6.3.1/../../../../arm-none-eabi/lib/thumb/v7e-m/fpv4-sp/hard/libg_nano.a(lib_a-atol.o)
                0x0000000000002854                atol
 .text.exit     0x000000000000285c       0x28 /usr/local/gcc-arm-none-eabi-6-2017-q2-update/bin/../lib/gcc/arm-none-eabi/6.3.1/../../../../arm-none-eabi/lib/thumb/v7e-m/fpv4-sp/hard/libg_nano.a(lib_a-exit.o)
                0x000000000000285c                exit
 .text.__libc_init_array
                0x0000000000002884       0x48 /usr/local/gcc-arm-none-eabi-6-2017-q2-update/bin/../lib/gcc/arm-none-eabi/6.3.1/../../../../arm-none-eabi/lib/thumb/v7e-m/fpv4-sp/hard/libg_nano.a(lib_a-init.o)
                0x0000000000002884                __libc_init_array
 .text.memcpy   0x00000000000028cc       0x16 /usr/local/gcc-arm-none-eabi-6-2017-q2-update/bin/../lib/gcc/arm-none-eabi/6.3.1/../../../../arm-none-eabi/lib/thumb/v7e-m/fpv4-sp/hard/libg_nano.a(lib_a-memcpy-stub.o)
                0x00000000000028cc                memcpy
 .text.memmove  0x00000000000028e2       0x34 /usr/local/gcc-arm-none-eabi-6-2017-q2-update/bin/../lib/gcc/arm-none-eabi/6.3.1/../../../../arm-none-eabi/lib/thumb/v7e-m/fpv4-sp/hard/libg_nano.a(lib_a-memmove.o)
                0x00000000000028e2                memmove
 .text.memset   0x0000000000002916       0x10 /usr/local/gcc-arm-none-eabi-6-2017-q2-update/bin/../lib/gcc/arm-none-eabi/6.3.1/../../../../arm-none-eabi/lib/thumb/v7e-m/fpv4-sp/hard/libg_nano.a(lib_a-memset.o)
                0x0000000000002916                memset
 *fill*         0x0000000000002926        0x2 
 .text.printf   0x0000000000002928       0x30 /usr/local/gcc-arm-none-eabi-6-2017-q2-update/bin/../lib/gcc/arm-none-eabi/6.3.1/../../../../arm-none-eabi/lib/thumb/v7e-m/fpv4-sp/hard/libg_nano.a(lib_a-printf.o)
                0x0000000000002928                printf
                0x0000000000002928                iprintf
 .text._puts_r  0x0000000000002958       0xb8 /usr/local/gcc-arm-none-eabi-6-2017-q2-update/bin/../lib/gcc/arm-none-eabi/6.3.1/../../../../arm-none-eabi/lib/thumb/v7e-m/fpv4-sp/hard/libg_nano.a(lib_a-puts.o)
                0x0000000000002958                _puts_r
 .text.puts     0x0000000000002a10       0x10 /usr/local/gcc-arm-none-eabi-6-2017-q2-update/bin/../lib/gcc/arm-none-eabi/6.3.1/../../../../arm-none-eabi/lib/thumb/v7e-m/fpv4-sp/hard/libg_nano.a(lib_a-puts.o)
                0x0000000000002a10                puts
 .text.sprintf  0x0000000000002a20       0x48 /usr/local/gcc-arm-none-eabi-6-2017-q2-update/bin/../lib/gcc/arm-none-eabi/6.3.1/../../../../arm-none-eabi/lib/thumb/v7e-m/fpv4-sp/hard/libg_nano.a(lib_a-sprintf.o)
                0x0000000000002a20                sprintf
                0x0000000000002a20                siprintf
 .text.strchr   0x0000000000002a68       0x1c /usr/local/gcc-arm-none-eabi-6-2017-q2-update/bin/../lib/gcc/arm-none-eabi/6.3.1/../../../../arm-none-eabi/lib/thumb/v7e-m/fpv4-sp/hard/libg_nano.a(lib_a-strchr.o)
                0x0000000000002a68                strchr
 .text.strcpy   0x0000000000002a84       0x10 /usr/local/gcc-arm-none-eabi-6-2017-q2-update/bin/../lib/gcc/arm-none-eabi/6.3.1/../../../../arm-none-eabi/lib/thumb/v7e-m/fpv4-sp/hard/libg_nano.a(lib_a-strcpy.o)
                0x0000000000002a84                strcpy
 .text.strstr   0x0000000000002a94       0x36 /usr/local/gcc-arm-none-eabi-6-2017-q2-update/bin/../lib/gcc/arm-none-eabi/6.3.1/../../../../arm-none-eabi/lib/thumb/v7e-m/fpv4-sp/hard/libg_nano.a(lib_a-strstr.o)
                0x0000000000002a94                strstr
 .text._strtol_l.isra.0
                0x0000000000002aca      0x100 /usr/local/gcc-arm-none-eabi-6-2017-q2-update/bin/../lib/gcc/arm-none-eabi/6.3.1/../../../../arm-none-eabi/lib/thumb/v7e-m/fpv4-sp/hard/libg_nano.a(lib_a-strtol.o)
 *fill*         0x0000000000002bca        0x2 
 .text.strtol   0x0000000000002bcc       0x2c /usr/local/gcc-arm-none-eabi-6-2017-q2-update/bin/../lib/gcc/arm-none-eabi/6.3.1/../../../../arm-none-eabi/lib/thumb/v7e-m/fpv4-sp/hard/libg_nano.a(lib_a-strtol.o)
                0x0000000000002bcc                strtol
 .text.__swbuf_r
                0x0000000000002bf8       0xa4 /usr/local/gcc-arm-none-eabi-6-2017-q2-update/bin/../lib/gcc/arm-none-eabi/6.3.1/../../../../arm-none-eabi/lib/thumb/v7e-m/fpv4-sp/hard/libg_nano.a(lib_a-wbuf.o)
                0x0000000000002bf8                __swbuf_r
 .text.__swsetup_r
                0x0000000000002c9c       0xdc /usr/local/gcc-arm-none-eabi-6-2017-q2-update/bin/../lib/gcc/arm-none-eabi/6.3.1/../../../../arm-none-eabi/lib/thumb/v7e-m/fpv4-sp/hard/libg_nano.a(lib_a-wsetup.o)
                0x0000000000002c9c                __swsetup_r
 .text.__sflush_r
                0x0000000000002d78      0x110 /usr/local/gcc-arm-none-eabi-6-2017-q2-update/bin/../lib/gcc/arm-none-eabi/6.3.1/../../../../arm-none-eabi/lib/thumb/v7e-m/fpv4-sp/hard/libg_nano.a(lib_a-fflush.o)
                0x0000000000002d78                __sflush_r
 .text._fflush_r
                0x0000000000002e88       0x54 /usr/local/gcc-arm-none-eabi-6-2017-q2-update/bin/../lib/gcc/arm-none-eabi/6.3.1/../../../../arm-none-eabi/lib/thumb/v7e-m/fpv4-sp/hard/libg_nano.a(lib_a-fflush.o)
                0x0000000000002e88                _fflush_r
 .text._cleanup_r
                0x0000000000002edc        0xc /usr/local/gcc-arm-none-eabi-6-2017-q2-update/bin/../lib/gcc/arm-none-eabi/6.3.1/../../../../arm-none-eabi/lib/thumb/v7e-m/fpv4-sp/hard/libg_nano.a(lib_a-findfp.o)
                0x0000000000002edc                _cleanup_r
 .text.std.isra.0
                0x0000000000002ee8       0x48 /usr/local/gcc-arm-none-eabi-6-2017-q2-update/bin/../lib/gcc/arm-none-eabi/6.3.1/../../../../arm-none-eabi/lib/thumb/v7e-m/fpv4-sp/hard/libg_nano.a(lib_a-findfp.o)
 .text.__sfmoreglue
                0x0000000000002f30       0x2c /usr/local/gcc-arm-none-eabi-6-2017-q2-update/bin/../lib/gcc/arm-none-eabi/6.3.1/../../../../arm-none-eabi/lib/thumb/v7e-m/fpv4-sp/hard/libg_nano.a(lib_a-findfp.o)
                0x0000000000002f30                __sfmoreglue
 .text.__sinit  0x0000000000002f5c       0x60 /usr/local/gcc-arm-none-eabi-6-2017-q2-update/bin/../lib/gcc/arm-none-eabi/6.3.1/../../../../arm-none-eabi/lib/thumb/v7e-m/fpv4-sp/hard/libg_nano.a(lib_a-findfp.o)
                0x0000000000002f5c                __sinit
 .text.__sfp    0x0000000000002fbc       0x78 /usr/local/gcc-arm-none-eabi-6-2017-q2-update/bin/../lib/gcc/arm-none-eabi/6.3.1/../../../../arm-none-eabi/lib/thumb/v7e-m/fpv4-sp/hard/libg_nano.a(lib_a-findfp.o)
                0x0000000000002fbc                __sfp
 .text._fwalk_reent
                0x0000000000003034       0x3c /usr/local/gcc-arm-none-eabi-6-2017-q2-update/bin/../lib/gcc/arm-none-eabi/6.3.1/../../../../arm-none-eabi/lib/thumb/v7e-m/fpv4-sp/hard/libg_nano.a(lib_a-fwalk.o)
                0x0000000000003034                _fwalk_reent
 .text.__locale_ctype_ptr_l
                0x0000000000003070        0x6 /usr/local/gcc-arm-none-eabi-6-2017-q2-update/bin/../lib/gcc/arm-none-eabi/6.3.1/../../../../arm-none-eabi/lib/thumb/v7e-m/fpv4-sp/hard/libg_nano.a(lib_a-locale.o)
                0x0000000000003070                __locale_ctype_ptr_l
 .text.__swhatbuf_r
                0x0000000000003076       0x48 /usr/local/gcc-arm-none-eabi-6-2017-q2-update/bin/../lib/gcc/arm-none-eabi/6.3.1/../../../../arm-none-eabi/lib/thumb/v7e-m/fpv4-sp/hard/libg_nano.a(lib_a-makebuf.o)
                0x0000000000003076                __swhatbuf_r
 *fill*         0x00000000000030be        0x2 
 .text.__smakebuf_r
                0x00000000000030c0       0x80 /usr/local/gcc-arm-none-eabi-6-2017-q2-update/bin/../lib/gcc/arm-none-eabi/6.3.1/../../../../arm-none-eabi/lib/thumb/v7e-m/fpv4-sp/hard/libg_nano.a(lib_a-makebuf.o)
                0x00000000000030c0                __smakebuf_r
 .text.__ascii_mbtowc
                0x0000000000003140       0x24 /usr/local/gcc-arm-none-eabi-6-2017-q2-update/bin/../lib/gcc/arm-none-eabi/6.3.1/../../../../arm-none-eabi/lib/thumb/v7e-m/fpv4-sp/hard/libg_nano.a(lib_a-mbtowc_r.o)
                0x0000000000003140                __ascii_mbtowc
 .text._free_r  0x0000000000003164       0x9c /usr/local/gcc-arm-none-eabi-6-2017-q2-update/bin/../lib/gcc/arm-none-eabi/6.3.1/../../../../arm-none-eabi/lib/thumb/v7e-m/fpv4-sp/hard/libg_nano.a(lib_a-nano-freer.o)
                0x0000000000003164                _free_r
 .text._malloc_r
                0x0000000000003200       0xbc /usr/local/gcc-arm-none-eabi-6-2017-q2-update/bin/../lib/gcc/arm-none-eabi/6.3.1/../../../../arm-none-eabi/lib/thumb/v7e-m/fpv4-sp/hard/libg_nano.a(lib_a-nano-mallocr.o)
                0x0000000000003200                _malloc_r
 .text.__ssputs_r
                0x00000000000032bc       0xb6 /usr/local/gcc-arm-none-eabi-6-2017-q2-update/bin/../lib/gcc/arm-none-eabi/6.3.1/../../../../arm-none-eabi/lib/thumb/v7e-m/fpv4-sp/hard/libg_nano.a(lib_a-nano-svfprintf.o)
                0x00000000000032bc                __ssputs_r
 *fill*         0x0000000000003372        0x2 
 .text._svfprintf_r
                0x0000000000003374      0x1e8 /usr/local/gcc-arm-none-eabi-6-2017-q2-update/bin/../lib/gcc/arm-none-eabi/6.3.1/../../../../arm-none-eabi/lib/thumb/v7e-m/fpv4-sp/hard/libg_nano.a(lib_a-nano-svfprintf.o)
                0x0000000000003374                _svfprintf_r
                0x0000000000003374                _svfiprintf_r
 .text.__sfputc_r
                0x000000000000355c       0x30 /usr/local/gcc-arm-none-eabi-6-2017-q2-update/bin/../lib/gcc/arm-none-eabi/6.3.1/../../../../arm-none-eabi/lib/thumb/v7e-m/fpv4-sp/hard/libg_nano.a(lib_a-nano-vfprintf.o)
 .text.__sfputs_r
                0x000000000000358c       0x24 /usr/local/gcc-arm-none-eabi-6-2017-q2-update/bin/../lib/gcc/arm-none-eabi/6.3.1/../../../../arm-none-eabi/lib/thumb/v7e-m/fpv4-sp/hard/libg_nano.a(lib_a-nano-vfprintf.o)
                0x000000000000358c                __sfputs_r
 .text._vfprintf_r
                0x00000000000035b0      0x22c /usr/local/gcc-arm-none-eabi-6-2017-q2-update/bin/../lib/gcc/arm-none-eabi/6.3.1/../../../../arm-none-eabi/lib/thumb/v7e-m/fpv4-sp/hard/libg_nano.a(lib_a-nano-vfprintf.o)
                0x00000000000035b0                _vfiprintf_r
                0x00000000000035b0                _vfprintf_r
 .text._printf_common
                0x00000000000037dc       0xec /usr/local/gcc-arm-none-eabi-6-2017-q2-update/bin/../lib/gcc/arm-none-eabi/6.3.1/../../../../arm-none-eabi/lib/thumb/v7e-m/fpv4-sp/hard/libg_nano.a(lib_a-nano-vfprintf_i.o)
                0x00000000000037dc                _printf_common
 .text._printf_i
                0x00000000000038c8      0x240 /usr/local/gcc-arm-none-eabi-6-2017-q2-update/bin/../lib/gcc/arm-none-eabi/6.3.1/../../../../arm-none-eabi/lib/thumb/v7e-m/fpv4-sp/hard/libg_nano.a(lib_a-nano-vfprintf_i.o)
                0x00000000000038c8                _printf_i
 .text._sbrk_r  0x0000000000003b08       0x20 /usr/local/gcc-arm-none-eabi-6-2017-q2-update/bin/../lib/gcc/arm-none-eabi/6.3.1/../../../../arm-none-eabi/lib/thumb/v7e-m/fpv4-sp/hard/libg_nano.a(lib_a-sbrkr.o)
                0x0000000000003b08                _sbrk_r
 .text.__sread  0x0000000000003b28       0x22 /usr/local/gcc-arm-none-eabi-6-2017-q2-update/bin/../lib/gcc/arm-none-eabi/6.3.1/../../../../arm-none-eabi/lib/thumb/v7e-m/fpv4-sp/hard/libg_nano.a(lib_a-stdio.o)
                0x0000000000003b28                __sread
 .text.__swrite
                0x0000000000003b4a       0x38 /usr/local/gcc-arm-none-eabi-6-2017-q2-update/bin/../lib/gcc/arm-none-eabi/6.3.1/../../../../arm-none-eabi/lib/thumb/v7e-m/fpv4-sp/hard/libg_nano.a(lib_a-stdio.o)
                0x0000000000003b4a                __swrite
 .text.__sseek  0x0000000000003b82       0x24 /usr/local/gcc-arm-none-eabi-6-2017-q2-update/bin/../lib/gcc/arm-none-eabi/6.3.1/../../../../arm-none-eabi/lib/thumb/v7e-m/fpv4-sp/hard/libg_nano.a(lib_a-stdio.o)
                0x0000000000003b82                __sseek
 .text.__sclose
                0x0000000000003ba6        0x8 /usr/local/gcc-arm-none-eabi-6-2017-q2-update/bin/../lib/gcc/arm-none-eabi/6.3.1/../../../../arm-none-eabi/lib/thumb/v7e-m/fpv4-sp/hard/libg_nano.a(lib_a-stdio.o)
                0x0000000000003ba6                __sclose
 .text.__ascii_wctomb
                0x0000000000003bae       0x1a /usr/local/gcc-arm-none-eabi-6-2017-q2-update/bin/../lib/gcc/arm-none-eabi/6.3.1/../../../../arm-none-eabi/lib/thumb/v7e-m/fpv4-sp/hard/libg_nano.a(lib_a-wctomb_r.o)
                0x0000000000003bae                __ascii_wctomb
 .text._write_r
                0x0000000000003bc8       0x24 /usr/local/gcc-arm-none-eabi-6-2017-q2-update/bin/../lib/gcc/arm-none-eabi/6.3.1/../../../../arm-none-eabi/lib/thumb/v7e-m/fpv4-sp/hard/libg_nano.a(lib_a-writer.o)
                0x0000000000003bc8                _write_r
 .text._close_r
                0x0000000000003bec       0x20 /usr/local/gcc-arm-none-eabi-6-2017-q2-update/bin/../lib/gcc/arm-none-eabi/6.3.1/../../../../arm-none-eabi/lib/thumb/v7e-m/fpv4-sp/hard/libg_nano.a(lib_a-closer.o)
                0x0000000000003bec                _close_r
 .text._fstat_r
                0x0000000000003c0c       0x24 /usr/local/gcc-arm-none-eabi-6-2017-q2-update/bin/../lib/gcc/arm-none-eabi/6.3.1/../../../../arm-none-eabi/lib/thumb/v7e-m/fpv4-sp/hard/libg_nano.a(lib_a-fstatr.o)
                0x0000000000003c0c                _fstat_r
 .text._isatty_r
                0x0000000000003c30       0x20 /usr/local/gcc-arm-none-eabi-6-2017-q2-update/bin/../lib/gcc/arm-none-eabi/6.3.1/../../../../arm-none-eabi/lib/thumb/v7e-m/fpv4-sp/hard/libg_nano.a(lib_a-isattyr.o)
                0x0000000000003c30                _isatty_r
 .text._lseek_r
                0x0000000000003c50       0x24 /usr/local/gcc-arm-none-eabi-6-2017-q2-update/bin/../lib/gcc/arm-none-eabi/6.3.1/../../../../arm-none-eabi/lib/thumb/v7e-m/fpv4-sp/hard/libg_nano.a(lib_a-lseekr.o)
                0x0000000000003c50                _lseek_r
 .text.__malloc_lock
                0x0000000000003c74        0x2 /usr/local/gcc-arm-none-eabi-6-2017-q2-update/bin/../lib/gcc/arm-none-eabi/6.3.1/../../../../arm-none-eabi/lib/thumb/v7e-m/fpv4-sp/hard/libg_nano.a(lib_a-mlock.o)
                0x0000000000003c74                __malloc_lock
 .text.__malloc_unlock
                0x0000000000003c76        0x2 /usr/local/gcc-arm-none-eabi-6-2017-q2-update/bin/../lib/gcc/arm-none-eabi/6.3.1/../../../../arm-none-eabi/lib/thumb/v7e-m/fpv4-sp/hard/libg_nano.a(lib_a-mlock.o)
                0x0000000000003c76                __malloc_unlock
 .text._realloc_r
                0x0000000000003c78       0x4c /usr/local/gcc-arm-none-eabi-6-2017-q2-update/bin/../lib/gcc/arm-none-eabi/6.3.1/../../../../arm-none-eabi/lib/thumb/v7e-m/fpv4-sp/hard/libg_nano.a(lib_a-nano-reallocr.o)
                0x0000000000003c78                _realloc_r
 .text._read_r  0x0000000000003cc4       0x24 /usr/local/gcc-arm-none-eabi-6-2017-q2-update/bin/../lib/gcc/arm-none-eabi/6.3.1/../../../../arm-none-eabi/lib/thumb/v7e-m/fpv4-sp/hard/libg_nano.a(lib_a-readr.o)
                0x0000000000003cc4                _read_r
 .text._malloc_usable_size_r
                0x0000000000003ce8       0x12 /usr/local/gcc-arm-none-eabi-6-2017-q2-update/bin/../lib/gcc/arm-none-eabi/6.3.1/../../../../arm-none-eabi/lib/thumb/v7e-m/fpv4-sp/hard/libg_nano.a(lib_a-nano-msizer.o)
                0x0000000000003ce8                _malloc_usable_size_r
 *fill*         0x0000000000003cfa        0x2 
 .text._close   0x0000000000003cfc       0x10 /usr/local/gcc-arm-none-eabi-6-2017-q2-update/bin/../lib/gcc/arm-none-eabi/6.3.1/../../../../arm-none-eabi/lib/thumb/v7e-m/fpv4-sp/hard/libnosys.a(close.o)
                0x0000000000003cfc                _close
 .text._fstat   0x0000000000003d0c       0x10 /usr/local/gcc-arm-none-eabi-6-2017-q2-update/bin/../lib/gcc/arm-none-eabi/6.3.1/../../../../arm-none-eabi/lib/thumb/v7e-m/fpv4-sp/hard/libnosys.a(fstat.o)
                0x0000000000003d0c                _fstat
 .text._isatty  0x0000000000003d1c       0x10 /usr/local/gcc-arm-none-eabi-6-2017-q2-update/bin/../lib/gcc/arm-none-eabi/6.3.1/../../../../arm-none-eabi/lib/thumb/v7e-m/fpv4-sp/hard/libnosys.a(isatty.o)
                0x0000000000003d1c                _isatty
 .text._lseek   0x0000000000003d2c       0x10 /usr/local/gcc-arm-none-eabi-6-2017-q2-update/bin/../lib/gcc/arm-none-eabi/6.3.1/../../../../arm-none-eabi/lib/thumb/v7e-m/fpv4-sp/hard/libnosys.a(lseek.o)
                0x0000000000003d2c                _lseek
 .text._sbrk    0x0000000000003d3c       0x1c /usr/local/gcc-arm-none-eabi-6-2017-q2-update/bin/../lib/gcc/arm-none-eabi/6.3.1/../../../../arm-none-eabi/lib/thumb/v7e-m/fpv4-sp/hard/libnosys.a(sbrk.o)
                0x0000000000003d3c                _sbrk
 .text._exit    0x0000000000003d58        0x4 /usr/local/gcc-arm-none-eabi-6-2017-q2-update/bin/../lib/gcc/arm-none-eabi/6.3.1/../../../../arm-none-eabi/lib/thumb/v7e-m/fpv4-sp/hard/libnosys.a(_exit.o)
                0x0000000000003d58                _exit
 *(.rodata)
 .rodata        0x0000000000003d5c       0x22 ./source/main.o
 .rodata        0x0000000000003d7e        0x2 ./drivers/fsl_smc.o
 *(.rodata*)
 .rodata.AT_send.str1.1
                0x0000000000003d80       0x29 ./source/at_func.o
 .rodata.breakIfAtOk.str1.1
                0x0000000000003da9        0x3 ./source/at_func.o
 .rodata.str1.1
                0x0000000000003dac       0x83 ./source/at_func.o
 .rodata.getGPS.str1.1
                0x0000000000003e2f       0x59 ./source/gps_func.o
                                         0x61 (size before relaxing)
 .rodata.parseData.str1.1
                0x0000000000003e88       0x24 ./source/gps_func.o
                                         0x2a (size before relaxing)
 .rodata.printUbxResponseHex.str1.1
                0x0000000000003eac        0x6 ./source/gps_func.o
 .rodata.LED_configOutput.10565
                0x0000000000003eb2        0x2 ./source/main.o
 .rodata.main.str1.1
                0x0000000000003eb4      0x202 ./source/main.o
                                        0x204 (size before relaxing)
 .rodata.NB_active_pdp.str1.1
                0x00000000000040b6       0x16 ./source/nbiot_func.o
 .rodata.NB_cops_deRegister.str1.1
                0x00000000000040cc       0x12 ./source/nbiot_func.o
 .rodata.NB_cops_register.str1.1
                0x00000000000040de        0xc ./source/nbiot_func.o
                                         0x12 (size before relaxing)
 .rodata.NB_create_socket.str1.1
                0x00000000000040ea        0xe ./source/nbiot_func.o
 .rodata.NB_define_pdp.str1.1
                0x00000000000040f8       0x17 ./source/nbiot_func.o
 .rodata.NB_network_status.str1.1
                0x000000000000410f       0x16 ./source/nbiot_func.o
 .rodata.NB_read_msg.str1.1
                0x0000000000004125        0x6 ./source/nbiot_func.o
 .rodata.NB_reboot.str1.1
                0x000000000000412b       0x21 ./source/nbiot_func.o
                                         0x29 (size before relaxing)
 .rodata.NB_send_msg.str1.1
                0x000000000000414c       0x25 ./source/nbiot_func.o
 .rodata.NB_setPin.str1.1
                0x0000000000004171       0x11 ./source/nbiot_func.o
 .rodata.NB_show_ip.str1.1
                0x0000000000004182        0xb ./source/nbiot_func.o
 .rodata.assembleMqtt.str1.1
                0x000000000000418d       0x8a ./source/nbiot_func.o
 .rodata.assemblePacket.str1.1
                0x0000000000004217       0x35 ./source/nbiot_func.o
                                         0x3c (size before relaxing)
 .rodata.str1.1
                0x000000000000424c       0x26 ./source/nbiot_func.o
 *fill*         0x0000000000004272        0x2 
 .rodata.s_adc16Clocks
                0x0000000000004274        0x8 ./drivers/fsl_adc16.o
 .rodata.fllFactorTable.8146
                0x000000000000427c       0x10 ./drivers/fsl_clock.o
 .rodata.s_i2cClocks
                0x000000000000428c        0xc ./drivers/fsl_i2c.o
 .rodata.s_i2cDividerTable
                0x0000000000004298       0x80 ./drivers/fsl_i2c.o
 .rodata.s_uartBases
                0x0000000000004318       0x18 ./drivers/fsl_uart.o
 .rodata.s_uartClock
                0x0000000000004330       0x18 ./drivers/fsl_uart.o
 .rodata._global_impure_ptr
                0x0000000000004348        0x4 /usr/local/gcc-arm-none-eabi-6-2017-q2-update/bin/../lib/gcc/arm-none-eabi/6.3.1/../../../../arm-none-eabi/lib/thumb/v7e-m/fpv4-sp/hard/libg_nano.a(lib_a-impure.o)
                0x0000000000004348                _global_impure_ptr
 .rodata.__sf_fake_stderr
                0x000000000000434c       0x20 /usr/local/gcc-arm-none-eabi-6-2017-q2-update/bin/../lib/gcc/arm-none-eabi/6.3.1/../../../../arm-none-eabi/lib/thumb/v7e-m/fpv4-sp/hard/libg_nano.a(lib_a-findfp.o)
                0x000000000000434c                __sf_fake_stderr
 .rodata.__sf_fake_stdin
                0x000000000000436c       0x20 /usr/local/gcc-arm-none-eabi-6-2017-q2-update/bin/../lib/gcc/arm-none-eabi/6.3.1/../../../../arm-none-eabi/lib/thumb/v7e-m/fpv4-sp/hard/libg_nano.a(lib_a-findfp.o)
                0x000000000000436c                __sf_fake_stdin
 .rodata.__sf_fake_stdout
                0x000000000000438c       0x20 /usr/local/gcc-arm-none-eabi-6-2017-q2-update/bin/../lib/gcc/arm-none-eabi/6.3.1/../../../../arm-none-eabi/lib/thumb/v7e-m/fpv4-sp/hard/libg_nano.a(lib_a-findfp.o)
                0x000000000000438c                __sf_fake_stdout
 .rodata._setlocale_r.str1.1
                0x00000000000043ac        0x8 /usr/local/gcc-arm-none-eabi-6-2017-q2-update/bin/../lib/gcc/arm-none-eabi/6.3.1/../../../../arm-none-eabi/lib/thumb/v7e-m/fpv4-sp/hard/libg_nano.a(lib_a-locale.o)
                                          0x9 (size before relaxing)
 .rodata.str1.1
                0x00000000000043b4        0x2 /usr/local/gcc-arm-none-eabi-6-2017-q2-update/bin/../lib/gcc/arm-none-eabi/6.3.1/../../../../arm-none-eabi/lib/thumb/v7e-m/fpv4-sp/hard/libg_nano.a(lib_a-locale.o)
 .rodata._svfprintf_r.str1.1
                0x00000000000043b6       0x11 /usr/local/gcc-arm-none-eabi-6-2017-q2-update/bin/../lib/gcc/arm-none-eabi/6.3.1/../../../../arm-none-eabi/lib/thumb/v7e-m/fpv4-sp/hard/libg_nano.a(lib_a-nano-svfprintf.o)
 .rodata._vfprintf_r.str1.1
                0x00000000000043c7       0x11 /usr/local/gcc-arm-none-eabi-6-2017-q2-update/bin/../lib/gcc/arm-none-eabi/6.3.1/../../../../arm-none-eabi/lib/thumb/v7e-m/fpv4-sp/hard/libg_nano.a(lib_a-nano-vfprintf.o)
 .rodata._printf_i.str1.1
                0x00000000000043c7       0x22 /usr/local/gcc-arm-none-eabi-6-2017-q2-update/bin/../lib/gcc/arm-none-eabi/6.3.1/../../../../arm-none-eabi/lib/thumb/v7e-m/fpv4-sp/hard/libg_nano.a(lib_a-nano-vfprintf_i.o)
 .rodata._ctype_
                0x00000000000043e9      0x101 /usr/local/gcc-arm-none-eabi-6-2017-q2-update/bin/../lib/gcc/arm-none-eabi/6.3.1/../../../../arm-none-eabi/lib/thumb/v7e-m/fpv4-sp/hard/libg_nano.a(lib_a-ctype_.o)
                0x00000000000043e9                _ctype_
 *(.glue_7)
 .glue_7        0x00000000000044ea        0x0 linker stubs
 *(.glue_7t)
 .glue_7t       0x00000000000044ea        0x0 linker stubs
 *(.eh_frame)
 *fill*         0x00000000000044ea        0x2 
 .eh_frame      0x00000000000044ec        0x0 /usr/local/gcc-arm-none-eabi-6-2017-q2-update/bin/../lib/gcc/arm-none-eabi/6.3.1/thumb/v7e-m/fpv4-sp/hard/crtbegin.o
 *(.init)
 .init          0x00000000000044ec        0x4 /usr/local/gcc-arm-none-eabi-6-2017-q2-update/bin/../lib/gcc/arm-none-eabi/6.3.1/thumb/v7e-m/fpv4-sp/hard/crti.o
                0x00000000000044ec                _init
 .init          0x00000000000044f0        0x8 /usr/local/gcc-arm-none-eabi-6-2017-q2-update/bin/../lib/gcc/arm-none-eabi/6.3.1/thumb/v7e-m/fpv4-sp/hard/crtn.o
 *(.fini)
 .fini          0x00000000000044f8        0x4 /usr/local/gcc-arm-none-eabi-6-2017-q2-update/bin/../lib/gcc/arm-none-eabi/6.3.1/thumb/v7e-m/fpv4-sp/hard/crti.o
                0x00000000000044f8                _fini
 .fini          0x00000000000044fc        0x8 /usr/local/gcc-arm-none-eabi-6-2017-q2-update/bin/../lib/gcc/arm-none-eabi/6.3.1/thumb/v7e-m/fpv4-sp/hard/crtn.o
                0x0000000000004504                . = ALIGN (0x4)

.vfp11_veneer   0x0000000000004504        0x0
 .vfp11_veneer  0x0000000000004504        0x0 linker stubs

.v4_bx          0x0000000000004504        0x0
 .v4_bx         0x0000000000004504        0x0 linker stubs

.iplt           0x0000000000004504        0x0
 .iplt          0x0000000000004504        0x0 /usr/local/gcc-arm-none-eabi-6-2017-q2-update/bin/../lib/gcc/arm-none-eabi/6.3.1/thumb/v7e-m/fpv4-sp/hard/crtbegin.o

.ARM.extab
 *(.ARM.extab* .gnu.linkonce.armextab.*)

.ARM            0x0000000000004504        0x8
                0x0000000000004504                __exidx_start = .
 *(.ARM.exidx*)
 .ARM.exidx     0x0000000000004504        0x8 /usr/local/gcc-arm-none-eabi-6-2017-q2-update/bin/../lib/gcc/arm-none-eabi/6.3.1/../../../../arm-none-eabi/lib/thumb/v7e-m/fpv4-sp/hard/crt0.o
                0x000000000000450c                __exidx_end = .

.rel.dyn        0x000000000000450c        0x0
 .rel.iplt      0x000000000000450c        0x0 /usr/local/gcc-arm-none-eabi-6-2017-q2-update/bin/../lib/gcc/arm-none-eabi/6.3.1/thumb/v7e-m/fpv4-sp/hard/crtbegin.o

.ctors          0x000000000000450c        0x0
                0x000000000000450c                __CTOR_LIST__ = .
 *crtbegin.o(.ctors)
 *crtbegin?.o(.ctors)
 *(EXCLUDE_FILE(*crtend.o *crtend?.o) .ctors)
 *(SORT(.ctors.*))
 *(.ctors)
                0x000000000000450c                __CTOR_END__ = .

.dtors          0x000000000000450c        0x0
                0x000000000000450c                __DTOR_LIST__ = .
 *crtbegin.o(.dtors)
 *crtbegin?.o(.dtors)
 *(EXCLUDE_FILE(*crtend.o *crtend?.o) .dtors)
 *(SORT(.dtors.*))
 *(.dtors)
                0x000000000000450c                __DTOR_END__ = .

.preinit_array  0x000000000000450c        0x0
                0x000000000000450c                PROVIDE (__preinit_array_start, .)
 *(.preinit_array*)
                0x000000000000450c                PROVIDE (__preinit_array_end, .)

.init_array     0x000000000000450c        0x4
                0x000000000000450c                PROVIDE (__init_array_start, .)
 *(SORT(.init_array.*))
 *(.init_array*)
 .init_array    0x000000000000450c        0x4 /usr/local/gcc-arm-none-eabi-6-2017-q2-update/bin/../lib/gcc/arm-none-eabi/6.3.1/thumb/v7e-m/fpv4-sp/hard/crtbegin.o
                0x0000000000004510                PROVIDE (__init_array_end, .)

.fini_array     0x0000000000004510        0x4
                [!provide]                        PROVIDE (__fini_array_start, .)
 *(SORT(.fini_array.*))
 *(.fini_array*)
 .fini_array    0x0000000000004510        0x4 /usr/local/gcc-arm-none-eabi-6-2017-q2-update/bin/../lib/gcc/arm-none-eabi/6.3.1/thumb/v7e-m/fpv4-sp/hard/crtbegin.o
                [!provide]                        PROVIDE (__fini_array_end, .)
                0x0000000000004514                __etext = .
                0x0000000000004514                __DATA_ROM = .

.data           0x000000001fff0000      0x21c load address 0x0000000000004514
                0x000000001fff0000                . = ALIGN (0x4)
                0x000000001fff0000                __DATA_RAM = .
                0x000000001fff0000                __data_start__ = .
 *(.data)
 *(.data*)
 .data.AT_CEREG
                0x000000001fff0000        0x4 ./source/at_func.o
                0x000000001fff0000                AT_CEREG
 .data.AT_CGACT
                0x000000001fff0004        0x4 ./source/at_func.o
                0x000000001fff0004                AT_CGACT
 .data.AT_CGDCONT
                0x000000001fff0008        0x4 ./source/at_func.o
                0x000000001fff0008                AT_CGDCONT
 .data.AT_CGPADDR
                0x000000001fff000c        0x4 ./source/at_func.o
                0x000000001fff000c                AT_CGPADDR
 .data.AT_COPS  0x000000001fff0010        0x4 ./source/at_func.o
                0x000000001fff0010                AT_COPS
 .data.AT_NPIN  0x000000001fff0014        0x4 ./source/at_func.o
                0x000000001fff0014                AT_NPIN
 .data.AT_NRB   0x000000001fff0018        0x4 ./source/at_func.o
                0x000000001fff0018                AT_NRB
 .data.AT_NSOCR
                0x000000001fff001c        0x4 ./source/at_func.o
                0x000000001fff001c                AT_NSOCR
 .data.AT_NSORF
                0x000000001fff0020        0x4 ./source/at_func.o
                0x000000001fff0020                AT_NSORF
 .data.AT_NSOST
                0x000000001fff0024        0x4 ./source/at_func.o
                0x000000001fff0024                AT_NSOST
 .data.moduleResponseTimeout
                0x000000001fff0028        0x4 ./source/main.o
                0x000000001fff0028                moduleResponseTimeout
 .data.wake     0x000000001fff002c        0x1 ./source/main.o
                0x000000001fff002c                wake
 *fill*         0x000000001fff002d        0x3 
 .data.client_id
                0x000000001fff0030        0x4 ./source/nbiot_func.o
                0x000000001fff0030                client_id
 .data.passwd   0x000000001fff0034        0x4 ./source/nbiot_func.o
                0x000000001fff0034                passwd
 .data.topic    0x000000001fff0038        0x4 ./source/nbiot_func.o
                0x000000001fff0038                topic
 .data.username
                0x000000001fff003c        0x4 ./source/nbiot_func.o
                0x000000001fff003c                username
 .data.s_fastIrcFreq
                0x000000001fff0040        0x4 ./drivers/fsl_clock.o
 .data.s_slowIrcFreq
                0x000000001fff0044        0x4 ./drivers/fsl_clock.o
 .data._impure_ptr
                0x000000001fff0048        0x4 /usr/local/gcc-arm-none-eabi-6-2017-q2-update/bin/../lib/gcc/arm-none-eabi/6.3.1/../../../../arm-none-eabi/lib/thumb/v7e-m/fpv4-sp/hard/libg_nano.a(lib_a-impure.o)
                0x000000001fff0048                _impure_ptr
 .data.impure_data
                0x000000001fff004c       0x60 /usr/local/gcc-arm-none-eabi-6-2017-q2-update/bin/../lib/gcc/arm-none-eabi/6.3.1/../../../../arm-none-eabi/lib/thumb/v7e-m/fpv4-sp/hard/libg_nano.a(lib_a-impure.o)
 .data.__global_locale
                0x000000001fff00ac      0x16c /usr/local/gcc-arm-none-eabi-6-2017-q2-update/bin/../lib/gcc/arm-none-eabi/6.3.1/../../../../arm-none-eabi/lib/thumb/v7e-m/fpv4-sp/hard/libg_nano.a(lib_a-locale.o)
                0x000000001fff00ac                __global_locale
 *(.jcr*)
 .jcr           0x000000001fff0218        0x0 /usr/local/gcc-arm-none-eabi-6-2017-q2-update/bin/../lib/gcc/arm-none-eabi/6.3.1/thumb/v7e-m/fpv4-sp/hard/crtbegin.o
 .jcr           0x000000001fff0218        0x4 /usr/local/gcc-arm-none-eabi-6-2017-q2-update/bin/../lib/gcc/arm-none-eabi/6.3.1/thumb/v7e-m/fpv4-sp/hard/crtend.o
                0x000000001fff021c                . = ALIGN (0x4)
                0x000000001fff021c                __data_end__ = .
                0x0000000000004730                __DATA_END = (__DATA_ROM + (__data_end__ - __data_start__))
                0x0000000000100000                text_end = (ORIGIN (m_text) + LENGTH (m_text))
                0x0000000000000001                ASSERT ((__DATA_END <= text_end), region m_text overflowed with text and data)

.igot.plt       0x000000001fff021c        0x0 load address 0x0000000000004730
 .igot.plt      0x000000001fff021c        0x0 /usr/local/gcc-arm-none-eabi-6-2017-q2-update/bin/../lib/gcc/arm-none-eabi/6.3.1/thumb/v7e-m/fpv4-sp/hard/crtbegin.o

.bss            0x000000001fff021c      0x81c load address 0x0000000000004730
                0x000000001fff021c                . = ALIGN (0x4)
                0x000000001fff021c                __START_BSS = .
                0x000000001fff021c                __bss_start__ = .
 *(.bss)
 .bss           0x000000001fff021c       0x1c /usr/local/gcc-arm-none-eabi-6-2017-q2-update/bin/../lib/gcc/arm-none-eabi/6.3.1/thumb/v7e-m/fpv4-sp/hard/crtbegin.o
 *(.bss*)
 .bss.s_debugConsoleIO
                0x000000001fff0238        0x8 ./utilities/fsl_io.o
 .bss.GPS_bufPtr
                0x000000001fff0240        0x2 ./source/main.o
                0x000000001fff0240                GPS_bufPtr
 .bss.GPS_strReady
                0x000000001fff0242        0x1 ./source/main.o
                0x000000001fff0242                GPS_strReady
 *fill*         0x000000001fff0243        0x1 
 .bss.PC_bufPtr
                0x000000001fff0244        0x2 ./source/main.o
                0x000000001fff0244                PC_bufPtr
 .bss.PC_recBuf
                0x000000001fff0246      0x1f4 ./source/main.o
 .bss.PC_strReady
                0x000000001fff043a        0x1 ./source/main.o
                0x000000001fff043a                PC_strReady
 *fill*         0x000000001fff043b        0x1 
 .bss.UART3_bufPtr
                0x000000001fff043c        0x2 ./source/main.o
                0x000000001fff043c                UART3_bufPtr
 .bss.UART3_strReady
                0x000000001fff043e        0x1 ./source/main.o
                0x000000001fff043e                UART3_strReady
 .bss.streamGps
                0x000000001fff043f        0x1 ./source/main.o
                0x000000001fff043f                streamGps
 .bss.jsonMessage.6930
                0x000000001fff0440       0x96 ./source/nbiot_func.o
 *fill*         0x000000001fff04d6        0x2 
 .bss.ticks     0x000000001fff04d8        0x4 ./source/timing.o
                0x000000001fff04d8                ticks
 .bss.g_dspiHandle
                0x000000001fff04dc        0xc ./drivers/fsl_dspi.o
 .bss.s_dspiMasterIsr
                0x000000001fff04e8        0x4 ./drivers/fsl_dspi.o
 .bss.s_dspiSlaveIsr
                0x000000001fff04ec        0x4 ./drivers/fsl_dspi.o
 .bss.s_EDMAHandle
                0x000000001fff04f0       0x40 ./drivers/fsl_edma.o
 .bss.s_ENETHandle
                0x000000001fff0530        0x4 ./drivers/fsl_enet.o
 .bss.s_enetErrIsr
                0x000000001fff0534        0x4 ./drivers/fsl_enet.o
 .bss.s_enetRxIsr
                0x000000001fff0538        0x4 ./drivers/fsl_enet.o
 .bss.s_enetTxIsr
                0x000000001fff053c        0x4 ./drivers/fsl_enet.o
 .bss.s_flexcanHandle
                0x000000001fff0540        0x4 ./drivers/fsl_flexcan.o
 .bss.s_flexcanIsr
                0x000000001fff0544        0x4 ./drivers/fsl_flexcan.o
 .bss.s_i2cHandle
                0x000000001fff0548        0xc ./drivers/fsl_i2c.o
 .bss.s_i2cMasterIsr
                0x000000001fff0554        0x4 ./drivers/fsl_i2c.o
 .bss.s_i2cSlaveIsr
                0x000000001fff0558        0x4 ./drivers/fsl_i2c.o
 .bss.s_saiRxIsr
                0x000000001fff055c        0x4 ./drivers/fsl_sai.o
 .bss.s_saiTxIsr
                0x000000001fff0560        0x4 ./drivers/fsl_sai.o
 .bss.s_sdhcHandle
                0x000000001fff0564        0x4 ./drivers/fsl_sdhc.o
 .bss.s_sdhcIsr
                0x000000001fff0568        0x4 ./drivers/fsl_sdhc.o
 .bss.g_savedPrimask
                0x000000001fff056c        0x4 ./drivers/fsl_smc.o
 .bss.s_uartHandle
                0x000000001fff0570       0x18 ./drivers/fsl_uart.o
 .bss.s_uartIsr
                0x000000001fff0588        0x4 ./drivers/fsl_uart.o
 .bss.__malloc_free_list
                0x000000001fff058c        0x4 /usr/local/gcc-arm-none-eabi-6-2017-q2-update/bin/../lib/gcc/arm-none-eabi/6.3.1/../../../../arm-none-eabi/lib/thumb/v7e-m/fpv4-sp/hard/libg_nano.a(lib_a-nano-mallocr.o)
                0x000000001fff058c                __malloc_free_list
 .bss.__malloc_sbrk_start
                0x000000001fff0590        0x4 /usr/local/gcc-arm-none-eabi-6-2017-q2-update/bin/../lib/gcc/arm-none-eabi/6.3.1/../../../../arm-none-eabi/lib/thumb/v7e-m/fpv4-sp/hard/libg_nano.a(lib_a-nano-mallocr.o)
                0x000000001fff0590                __malloc_sbrk_start
 .bss.heap_end.5239
                0x000000001fff0594        0x4 /usr/local/gcc-arm-none-eabi-6-2017-q2-update/bin/../lib/gcc/arm-none-eabi/6.3.1/../../../../arm-none-eabi/lib/thumb/v7e-m/fpv4-sp/hard/libnosys.a(sbrk.o)
 *(COMMON)
 COMMON         0x000000001fff0598      0x489 ./source/main.o
                0x000000001fff0598                GPS_recBuf
                0x000000001fff07f0                parsedLat
                0x000000001fff0800                uart_config
                0x000000001fff0810                parsedLon
                0x000000001fff081f                UART3_recBuf
                0x000000001fff0a14                ms_ticks
                0x000000001fff0a18                smc_power_mode_vlls_config
                0x000000001fff0a1a                lptmr_config
 COMMON         0x000000001fff0a21        0x1 ./source/nbiot_func.o
                0x000000001fff0a21                res
 *fill*         0x000000001fff0a22        0x2 
 COMMON         0x000000001fff0a24        0x8 ./drivers/fsl_clock.o
                0x000000001fff0a24                g_xtal32Freq
                0x000000001fff0a28                g_xtal0Freq
 COMMON         0x000000001fff0a2c        0x8 ./drivers/fsl_sai.o
                0x000000001fff0a2c                s_saiHandle
 COMMON         0x000000001fff0a34        0x4 /usr/local/gcc-arm-none-eabi-6-2017-q2-update/bin/../lib/gcc/arm-none-eabi/6.3.1/../../../../arm-none-eabi/lib/thumb/v7e-m/fpv4-sp/hard/libg_nano.a(lib_a-reent.o)
                0x000000001fff0a34                errno
                0x000000001fff0a38                . = ALIGN (0x4)
                0x000000001fff0a38                __bss_end__ = .
                0x000000001fff0a38                __END_BSS = .

.heap           0x0000000020000000      0x400
                0x0000000020000000                . = ALIGN (0x8)
                0x0000000020000000                __end__ = .
                0x0000000020000000                PROVIDE (end, .)
                0x0000000020000000                __HeapBase = .
                0x0000000020000400                . = (. + HEAP_SIZE)
 *fill*         0x0000000020000000      0x400 
                0x0000000020000400                __HeapLimit = .
                0x0000000020000400                __heap_limit = .

.stack          0x0000000020000400      0x400
                0x0000000020000400                . = ALIGN (0x8)
                0x0000000020000800                . = (. + STACK_SIZE)
 *fill*         0x0000000020000400      0x400 
                0x0000000020030000                __StackTop = (ORIGIN (m_data_2) + LENGTH (m_data_2))
                0x000000002002fc00                __StackLimit = (__StackTop - STACK_SIZE)
                0x0000000020030000                PROVIDE (__stack, __StackTop)

.ARM.attributes
                0x0000000000000000       0x30
 *(.ARM.attributes)
 .ARM.attributes
                0x0000000000000000       0x22 /usr/local/gcc-arm-none-eabi-6-2017-q2-update/bin/../lib/gcc/arm-none-eabi/6.3.1/thumb/v7e-m/fpv4-sp/hard/crti.o
 .ARM.attributes
                0x0000000000000022       0x34 /usr/local/gcc-arm-none-eabi-6-2017-q2-update/bin/../lib/gcc/arm-none-eabi/6.3.1/thumb/v7e-m/fpv4-sp/hard/crtbegin.o
 .ARM.attributes
                0x0000000000000056       0x20 /usr/local/gcc-arm-none-eabi-6-2017-q2-update/bin/../lib/gcc/arm-none-eabi/6.3.1/../../../../arm-none-eabi/lib/thumb/v7e-m/fpv4-sp/hard/crt0.o
 .ARM.attributes
                0x0000000000000076       0x39 ./utilities/fsl_debug_console.o
 .ARM.attributes
                0x00000000000000af       0x39 ./utilities/fsl_io.o
 .ARM.attributes
                0x00000000000000e8       0x39 ./utilities/fsl_log.o
 .ARM.attributes
                0x0000000000000121       0x1f ./startup/startup_MK64F12.o
 .ARM.attributes
                0x0000000000000140       0x39 ./source/acc_func.o
 .ARM.attributes
                0x0000000000000179       0x39 ./source/adc_func.o
 .ARM.attributes
                0x00000000000001b2       0x39 ./source/at_func.o
 .ARM.attributes
                0x00000000000001eb       0x39 ./source/gps_func.o
 .ARM.attributes
                0x0000000000000224       0x39 ./source/i2c_func.o
 .ARM.attributes
                0x000000000000025d       0x39 ./source/main.o
 .ARM.attributes
                0x0000000000000296       0x39 ./source/nbiot_func.o
 .ARM.attributes
                0x00000000000002cf       0x39 ./source/timing.o
 .ARM.attributes
                0x0000000000000308       0x39 ./drivers/fsl_adc16.o
 .ARM.attributes
                0x0000000000000341       0x39 ./drivers/fsl_clock.o
 .ARM.attributes
                0x000000000000037a       0x39 ./drivers/fsl_dspi.o
 .ARM.attributes
                0x00000000000003b3       0x39 ./drivers/fsl_edma.o
 .ARM.attributes
                0x00000000000003ec       0x39 ./drivers/fsl_enet.o
 .ARM.attributes
                0x0000000000000425       0x39 ./drivers/fsl_flash.o
 .ARM.attributes
                0x000000000000045e       0x39 ./drivers/fsl_flexcan.o
 .ARM.attributes
                0x0000000000000497       0x39 ./drivers/fsl_gpio.o
 .ARM.attributes
                0x00000000000004d0       0x39 ./drivers/fsl_i2c.o
 .ARM.attributes
                0x0000000000000509       0x39 ./drivers/fsl_lptmr.o
 .ARM.attributes
                0x0000000000000542       0x39 ./drivers/fsl_sai.o
 .ARM.attributes
                0x000000000000057b       0x39 ./drivers/fsl_sdhc.o
 .ARM.attributes
                0x00000000000005b4       0x39 ./drivers/fsl_smc.o
 .ARM.attributes
                0x00000000000005ed       0x39 ./drivers/fsl_uart.o
 .ARM.attributes
                0x0000000000000626       0x39 ./board/board.o
 .ARM.attributes
                0x000000000000065f       0x39 ./board/pin_mux.o
 .ARM.attributes
                0x0000000000000698       0x39 ./CMSIS/system_MK64F12.o
 .ARM.attributes
                0x00000000000006d1       0x34 /usr/local/gcc-arm-none-eabi-6-2017-q2-update/bin/../lib/gcc/arm-none-eabi/6.3.1/../../../../arm-none-eabi/lib/thumb/v7e-m/fpv4-sp/hard/libg_nano.a(lib_a-atol.o)
 .ARM.attributes
                0x0000000000000705       0x34 /usr/local/gcc-arm-none-eabi-6-2017-q2-update/bin/../lib/gcc/arm-none-eabi/6.3.1/../../../../arm-none-eabi/lib/thumb/v7e-m/fpv4-sp/hard/libg_nano.a(lib_a-exit.o)
 .ARM.attributes
                0x0000000000000739       0x34 /usr/local/gcc-arm-none-eabi-6-2017-q2-update/bin/../lib/gcc/arm-none-eabi/6.3.1/../../../../arm-none-eabi/lib/thumb/v7e-m/fpv4-sp/hard/libg_nano.a(lib_a-impure.o)
 .ARM.attributes
                0x000000000000076d       0x34 /usr/local/gcc-arm-none-eabi-6-2017-q2-update/bin/../lib/gcc/arm-none-eabi/6.3.1/../../../../arm-none-eabi/lib/thumb/v7e-m/fpv4-sp/hard/libg_nano.a(lib_a-init.o)
 .ARM.attributes
                0x00000000000007a1       0x34 /usr/local/gcc-arm-none-eabi-6-2017-q2-update/bin/../lib/gcc/arm-none-eabi/6.3.1/../../../../arm-none-eabi/lib/thumb/v7e-m/fpv4-sp/hard/libg_nano.a(lib_a-memcpy-stub.o)
 .ARM.attributes
                0x00000000000007d5       0x34 /usr/local/gcc-arm-none-eabi-6-2017-q2-update/bin/../lib/gcc/arm-none-eabi/6.3.1/../../../../arm-none-eabi/lib/thumb/v7e-m/fpv4-sp/hard/libg_nano.a(lib_a-memmove.o)
 .ARM.attributes
                0x0000000000000809       0x34 /usr/local/gcc-arm-none-eabi-6-2017-q2-update/bin/../lib/gcc/arm-none-eabi/6.3.1/../../../../arm-none-eabi/lib/thumb/v7e-m/fpv4-sp/hard/libg_nano.a(lib_a-memset.o)
 .ARM.attributes
                0x000000000000083d       0x34 /usr/local/gcc-arm-none-eabi-6-2017-q2-update/bin/../lib/gcc/arm-none-eabi/6.3.1/../../../../arm-none-eabi/lib/thumb/v7e-m/fpv4-sp/hard/libg_nano.a(lib_a-printf.o)
 .ARM.attributes
                0x0000000000000871       0x34 /usr/local/gcc-arm-none-eabi-6-2017-q2-update/bin/../lib/gcc/arm-none-eabi/6.3.1/../../../../arm-none-eabi/lib/thumb/v7e-m/fpv4-sp/hard/libg_nano.a(lib_a-puts.o)
 .ARM.attributes
                0x00000000000008a5       0x34 /usr/local/gcc-arm-none-eabi-6-2017-q2-update/bin/../lib/gcc/arm-none-eabi/6.3.1/../../../../arm-none-eabi/lib/thumb/v7e-m/fpv4-sp/hard/libg_nano.a(lib_a-sprintf.o)
 .ARM.attributes
                0x00000000000008d9       0x34 /usr/local/gcc-arm-none-eabi-6-2017-q2-update/bin/../lib/gcc/arm-none-eabi/6.3.1/../../../../arm-none-eabi/lib/thumb/v7e-m/fpv4-sp/hard/libg_nano.a(lib_a-strchr.o)
 .ARM.attributes
                0x000000000000090d       0x34 /usr/local/gcc-arm-none-eabi-6-2017-q2-update/bin/../lib/gcc/arm-none-eabi/6.3.1/../../../../arm-none-eabi/lib/thumb/v7e-m/fpv4-sp/hard/libg_nano.a(lib_a-strcpy.o)
 .ARM.attributes
                0x0000000000000941       0x1b /usr/local/gcc-arm-none-eabi-6-2017-q2-update/bin/../lib/gcc/arm-none-eabi/6.3.1/../../../../arm-none-eabi/lib/thumb/v7e-m/fpv4-sp/hard/libg_nano.a(lib_a-strlen.o)
 .ARM.attributes
                0x000000000000095c       0x34 /usr/local/gcc-arm-none-eabi-6-2017-q2-update/bin/../lib/gcc/arm-none-eabi/6.3.1/../../../../arm-none-eabi/lib/thumb/v7e-m/fpv4-sp/hard/libg_nano.a(lib_a-strstr.o)
 .ARM.attributes
                0x0000000000000990       0x34 /usr/local/gcc-arm-none-eabi-6-2017-q2-update/bin/../lib/gcc/arm-none-eabi/6.3.1/../../../../arm-none-eabi/lib/thumb/v7e-m/fpv4-sp/hard/libg_nano.a(lib_a-strtol.o)
 .ARM.attributes
                0x00000000000009c4       0x34 /usr/local/gcc-arm-none-eabi-6-2017-q2-update/bin/../lib/gcc/arm-none-eabi/6.3.1/../../../../arm-none-eabi/lib/thumb/v7e-m/fpv4-sp/hard/libg_nano.a(lib_a-wbuf.o)
 .ARM.attributes
                0x00000000000009f8       0x34 /usr/local/gcc-arm-none-eabi-6-2017-q2-update/bin/../lib/gcc/arm-none-eabi/6.3.1/../../../../arm-none-eabi/lib/thumb/v7e-m/fpv4-sp/hard/libg_nano.a(lib_a-wsetup.o)
 .ARM.attributes
                0x0000000000000a2c       0x34 /usr/local/gcc-arm-none-eabi-6-2017-q2-update/bin/../lib/gcc/arm-none-eabi/6.3.1/../../../../arm-none-eabi/lib/thumb/v7e-m/fpv4-sp/hard/libg_nano.a(lib_a-fflush.o)
 .ARM.attributes
                0x0000000000000a60       0x34 /usr/local/gcc-arm-none-eabi-6-2017-q2-update/bin/../lib/gcc/arm-none-eabi/6.3.1/../../../../arm-none-eabi/lib/thumb/v7e-m/fpv4-sp/hard/libg_nano.a(lib_a-findfp.o)
 .ARM.attributes
                0x0000000000000a94       0x34 /usr/local/gcc-arm-none-eabi-6-2017-q2-update/bin/../lib/gcc/arm-none-eabi/6.3.1/../../../../arm-none-eabi/lib/thumb/v7e-m/fpv4-sp/hard/libg_nano.a(lib_a-fwalk.o)
 .ARM.attributes
                0x0000000000000ac8       0x34 /usr/local/gcc-arm-none-eabi-6-2017-q2-update/bin/../lib/gcc/arm-none-eabi/6.3.1/../../../../arm-none-eabi/lib/thumb/v7e-m/fpv4-sp/hard/libg_nano.a(lib_a-locale.o)
 .ARM.attributes
                0x0000000000000afc       0x34 /usr/local/gcc-arm-none-eabi-6-2017-q2-update/bin/../lib/gcc/arm-none-eabi/6.3.1/../../../../arm-none-eabi/lib/thumb/v7e-m/fpv4-sp/hard/libg_nano.a(lib_a-makebuf.o)
 .ARM.attributes
                0x0000000000000b30       0x34 /usr/local/gcc-arm-none-eabi-6-2017-q2-update/bin/../lib/gcc/arm-none-eabi/6.3.1/../../../../arm-none-eabi/lib/thumb/v7e-m/fpv4-sp/hard/libg_nano.a(lib_a-mbtowc_r.o)
 .ARM.attributes
                0x0000000000000b64       0x34 /usr/local/gcc-arm-none-eabi-6-2017-q2-update/bin/../lib/gcc/arm-none-eabi/6.3.1/../../../../arm-none-eabi/lib/thumb/v7e-m/fpv4-sp/hard/libg_nano.a(lib_a-nano-freer.o)
 .ARM.attributes
                0x0000000000000b98       0x34 /usr/local/gcc-arm-none-eabi-6-2017-q2-update/bin/../lib/gcc/arm-none-eabi/6.3.1/../../../../arm-none-eabi/lib/thumb/v7e-m/fpv4-sp/hard/libg_nano.a(lib_a-nano-mallocr.o)
 .ARM.attributes
                0x0000000000000bcc       0x34 /usr/local/gcc-arm-none-eabi-6-2017-q2-update/bin/../lib/gcc/arm-none-eabi/6.3.1/../../../../arm-none-eabi/lib/thumb/v7e-m/fpv4-sp/hard/libg_nano.a(lib_a-nano-svfprintf.o)
 .ARM.attributes
                0x0000000000000c00       0x34 /usr/local/gcc-arm-none-eabi-6-2017-q2-update/bin/../lib/gcc/arm-none-eabi/6.3.1/../../../../arm-none-eabi/lib/thumb/v7e-m/fpv4-sp/hard/libg_nano.a(lib_a-nano-vfprintf.o)
 .ARM.attributes
                0x0000000000000c34       0x34 /usr/local/gcc-arm-none-eabi-6-2017-q2-update/bin/../lib/gcc/arm-none-eabi/6.3.1/../../../../arm-none-eabi/lib/thumb/v7e-m/fpv4-sp/hard/libg_nano.a(lib_a-nano-vfprintf_i.o)
 .ARM.attributes
                0x0000000000000c68       0x34 /usr/local/gcc-arm-none-eabi-6-2017-q2-update/bin/../lib/gcc/arm-none-eabi/6.3.1/../../../../arm-none-eabi/lib/thumb/v7e-m/fpv4-sp/hard/libg_nano.a(lib_a-sbrkr.o)
 .ARM.attributes
                0x0000000000000c9c       0x34 /usr/local/gcc-arm-none-eabi-6-2017-q2-update/bin/../lib/gcc/arm-none-eabi/6.3.1/../../../../arm-none-eabi/lib/thumb/v7e-m/fpv4-sp/hard/libg_nano.a(lib_a-stdio.o)
 .ARM.attributes
                0x0000000000000cd0       0x34 /usr/local/gcc-arm-none-eabi-6-2017-q2-update/bin/../lib/gcc/arm-none-eabi/6.3.1/../../../../arm-none-eabi/lib/thumb/v7e-m/fpv4-sp/hard/libg_nano.a(lib_a-wctomb_r.o)
 .ARM.attributes
                0x0000000000000d04       0x34 /usr/local/gcc-arm-none-eabi-6-2017-q2-update/bin/../lib/gcc/arm-none-eabi/6.3.1/../../../../arm-none-eabi/lib/thumb/v7e-m/fpv4-sp/hard/libg_nano.a(lib_a-writer.o)
 .ARM.attributes
                0x0000000000000d38       0x34 /usr/local/gcc-arm-none-eabi-6-2017-q2-update/bin/../lib/gcc/arm-none-eabi/6.3.1/../../../../arm-none-eabi/lib/thumb/v7e-m/fpv4-sp/hard/libg_nano.a(lib_a-closer.o)
 .ARM.attributes
                0x0000000000000d6c       0x34 /usr/local/gcc-arm-none-eabi-6-2017-q2-update/bin/../lib/gcc/arm-none-eabi/6.3.1/../../../../arm-none-eabi/lib/thumb/v7e-m/fpv4-sp/hard/libg_nano.a(lib_a-ctype_.o)
 .ARM.attributes
                0x0000000000000da0       0x34 /usr/local/gcc-arm-none-eabi-6-2017-q2-update/bin/../lib/gcc/arm-none-eabi/6.3.1/../../../../arm-none-eabi/lib/thumb/v7e-m/fpv4-sp/hard/libg_nano.a(lib_a-fstatr.o)
 .ARM.attributes
                0x0000000000000dd4       0x34 /usr/local/gcc-arm-none-eabi-6-2017-q2-update/bin/../lib/gcc/arm-none-eabi/6.3.1/../../../../arm-none-eabi/lib/thumb/v7e-m/fpv4-sp/hard/libg_nano.a(lib_a-isattyr.o)
 .ARM.attributes
                0x0000000000000e08       0x34 /usr/local/gcc-arm-none-eabi-6-2017-q2-update/bin/../lib/gcc/arm-none-eabi/6.3.1/../../../../arm-none-eabi/lib/thumb/v7e-m/fpv4-sp/hard/libg_nano.a(lib_a-lseekr.o)
 .ARM.attributes
                0x0000000000000e3c       0x20 /usr/local/gcc-arm-none-eabi-6-2017-q2-update/bin/../lib/gcc/arm-none-eabi/6.3.1/../../../../arm-none-eabi/lib/thumb/v7e-m/fpv4-sp/hard/libg_nano.a(lib_a-memchr.o)
 .ARM.attributes
                0x0000000000000e5c       0x34 /usr/local/gcc-arm-none-eabi-6-2017-q2-update/bin/../lib/gcc/arm-none-eabi/6.3.1/../../../../arm-none-eabi/lib/thumb/v7e-m/fpv4-sp/hard/libg_nano.a(lib_a-mlock.o)
 .ARM.attributes
                0x0000000000000e90       0x34 /usr/local/gcc-arm-none-eabi-6-2017-q2-update/bin/../lib/gcc/arm-none-eabi/6.3.1/../../../../arm-none-eabi/lib/thumb/v7e-m/fpv4-sp/hard/libg_nano.a(lib_a-nano-reallocr.o)
 .ARM.attributes
                0x0000000000000ec4       0x34 /usr/local/gcc-arm-none-eabi-6-2017-q2-update/bin/../lib/gcc/arm-none-eabi/6.3.1/../../../../arm-none-eabi/lib/thumb/v7e-m/fpv4-sp/hard/libg_nano.a(lib_a-readr.o)
 .ARM.attributes
                0x0000000000000ef8       0x34 /usr/local/gcc-arm-none-eabi-6-2017-q2-update/bin/../lib/gcc/arm-none-eabi/6.3.1/../../../../arm-none-eabi/lib/thumb/v7e-m/fpv4-sp/hard/libg_nano.a(lib_a-reent.o)
 .ARM.attributes
                0x0000000000000f2c       0x34 /usr/local/gcc-arm-none-eabi-6-2017-q2-update/bin/../lib/gcc/arm-none-eabi/6.3.1/../../../../arm-none-eabi/lib/thumb/v7e-m/fpv4-sp/hard/libg_nano.a(lib_a-nano-msizer.o)
 .ARM.attributes
                0x0000000000000f60       0x34 /usr/local/gcc-arm-none-eabi-6-2017-q2-update/bin/../lib/gcc/arm-none-eabi/6.3.1/../../../../arm-none-eabi/lib/thumb/v7e-m/fpv4-sp/hard/libnosys.a(close.o)
 .ARM.attributes
                0x0000000000000f94       0x34 /usr/local/gcc-arm-none-eabi-6-2017-q2-update/bin/../lib/gcc/arm-none-eabi/6.3.1/../../../../arm-none-eabi/lib/thumb/v7e-m/fpv4-sp/hard/libnosys.a(fstat.o)
 .ARM.attributes
                0x0000000000000fc8       0x34 /usr/local/gcc-arm-none-eabi-6-2017-q2-update/bin/../lib/gcc/arm-none-eabi/6.3.1/../../../../arm-none-eabi/lib/thumb/v7e-m/fpv4-sp/hard/libnosys.a(isatty.o)
 .ARM.attributes
                0x0000000000000ffc       0x34 /usr/local/gcc-arm-none-eabi-6-2017-q2-update/bin/../lib/gcc/arm-none-eabi/6.3.1/../../../../arm-none-eabi/lib/thumb/v7e-m/fpv4-sp/hard/libnosys.a(lseek.o)
 .ARM.attributes
                0x0000000000001030       0x34 /usr/local/gcc-arm-none-eabi-6-2017-q2-update/bin/../lib/gcc/arm-none-eabi/6.3.1/../../../../arm-none-eabi/lib/thumb/v7e-m/fpv4-sp/hard/libnosys.a(sbrk.o)
 .ARM.attributes
                0x0000000000001064       0x34 /usr/local/gcc-arm-none-eabi-6-2017-q2-update/bin/../lib/gcc/arm-none-eabi/6.3.1/../../../../arm-none-eabi/lib/thumb/v7e-m/fpv4-sp/hard/libnosys.a(_exit.o)
 .ARM.attributes
                0x0000000000001098       0x34 /usr/local/gcc-arm-none-eabi-6-2017-q2-update/bin/../lib/gcc/arm-none-eabi/6.3.1/thumb/v7e-m/fpv4-sp/hard/crtend.o
 .ARM.attributes
                0x00000000000010cc       0x22 /usr/local/gcc-arm-none-eabi-6-2017-q2-update/bin/../lib/gcc/arm-none-eabi/6.3.1/thumb/v7e-m/fpv4-sp/hard/crtn.o
                0x0000000000000001                ASSERT ((__StackLimit >= __HeapLimit), region m_data_2 overflowed with stack and heap)
OUTPUT(trackershield.elf elf32-littlearm)

.debug_info     0x0000000000000000    0x2f81a
 .debug_info    0x0000000000000000      0xdd7 ./utilities/fsl_debug_console.o
 .debug_info    0x0000000000000dd7     0x1124 ./utilities/fsl_io.o
 .debug_info    0x0000000000001efb      0xc52 ./utilities/fsl_log.o
 .debug_info    0x0000000000002b4d       0xa3 ./startup/startup_MK64F12.o
 .debug_info    0x0000000000002bf0      0xaea ./source/acc_func.o
 .debug_info    0x00000000000036da     0x107b ./source/adc_func.o
 .debug_info    0x0000000000004755      0xcce ./source/at_func.o
 .debug_info    0x0000000000005423      0xeb6 ./source/gps_func.o
 .debug_info    0x00000000000062d9     0x104d ./source/i2c_func.o
 .debug_info    0x0000000000007326     0x30ce ./source/main.o
 .debug_info    0x000000000000a3f4     0x163e ./source/nbiot_func.o
 .debug_info    0x000000000000ba32      0x114 ./source/timing.o
 .debug_info    0x000000000000bb46     0x1481 ./drivers/fsl_adc16.o
 .debug_info    0x000000000000cfc7     0x2acb ./drivers/fsl_clock.o
 .debug_info    0x000000000000fa92     0x3dc0 ./drivers/fsl_dspi.o
 .debug_info    0x0000000000013852     0x2c18 ./drivers/fsl_edma.o
 .debug_info    0x000000000001646a     0x3073 ./drivers/fsl_enet.o
 .debug_info    0x00000000000194dd     0x2f10 ./drivers/fsl_flash.o
 .debug_info    0x000000000001c3ed     0x2c86 ./drivers/fsl_flexcan.o
 .debug_info    0x000000000001f073      0xe8c ./drivers/fsl_gpio.o
 .debug_info    0x000000000001feff     0x2c42 ./drivers/fsl_i2c.o
 .debug_info    0x0000000000022b41      0xe77 ./drivers/fsl_lptmr.o
 .debug_info    0x00000000000239b8     0x2ad6 ./drivers/fsl_sai.o
 .debug_info    0x000000000002648e     0x3385 ./drivers/fsl_sdhc.o
 .debug_info    0x0000000000029813     0x1338 ./drivers/fsl_smc.o
 .debug_info    0x000000000002ab4b     0x2790 ./drivers/fsl_uart.o
 .debug_info    0x000000000002d2db      0xe63 ./board/board.o
 .debug_info    0x000000000002e13e     0x10c1 ./board/pin_mux.o
 .debug_info    0x000000000002f1ff      0x61b ./CMSIS/system_MK64F12.o

.debug_abbrev   0x0000000000000000     0x6249
 .debug_abbrev  0x0000000000000000      0x2f3 ./utilities/fsl_debug_console.o
 .debug_abbrev  0x00000000000002f3      0x2f9 ./utilities/fsl_io.o
 .debug_abbrev  0x00000000000005ec      0x2c7 ./utilities/fsl_log.o
 .debug_abbrev  0x00000000000008b3       0x14 ./startup/startup_MK64F12.o
 .debug_abbrev  0x00000000000008c7      0x233 ./source/acc_func.o
 .debug_abbrev  0x0000000000000afa      0x303 ./source/adc_func.o
 .debug_abbrev  0x0000000000000dfd      0x2a9 ./source/at_func.o
 .debug_abbrev  0x00000000000010a6      0x2c3 ./source/gps_func.o
 .debug_abbrev  0x0000000000001369      0x31e ./source/i2c_func.o
 .debug_abbrev  0x0000000000001687      0x4bd ./source/main.o
 .debug_abbrev  0x0000000000001b44      0x36d ./source/nbiot_func.o
 .debug_abbrev  0x0000000000001eb1       0xcd ./source/timing.o
 .debug_abbrev  0x0000000000001f7e      0x3ed ./drivers/fsl_adc16.o
 .debug_abbrev  0x000000000000236b      0x4f6 ./drivers/fsl_clock.o
 .debug_abbrev  0x0000000000002861      0x514 ./drivers/fsl_dspi.o
 .debug_abbrev  0x0000000000002d75      0x503 ./drivers/fsl_edma.o
 .debug_abbrev  0x0000000000003278      0x46a ./drivers/fsl_enet.o
 .debug_abbrev  0x00000000000036e2      0x437 ./drivers/fsl_flash.o
 .debug_abbrev  0x0000000000003b19      0x4d2 ./drivers/fsl_flexcan.o
 .debug_abbrev  0x0000000000003feb      0x2c2 ./drivers/fsl_gpio.o
 .debug_abbrev  0x00000000000042ad      0x50f ./drivers/fsl_i2c.o
 .debug_abbrev  0x00000000000047bc      0x2b8 ./drivers/fsl_lptmr.o
 .debug_abbrev  0x0000000000004a74      0x51d ./drivers/fsl_sai.o
 .debug_abbrev  0x0000000000004f91      0x467 ./drivers/fsl_sdhc.o
 .debug_abbrev  0x00000000000053f8      0x3af ./drivers/fsl_smc.o
 .debug_abbrev  0x00000000000057a7      0x495 ./drivers/fsl_uart.o
 .debug_abbrev  0x0000000000005c3c      0x238 ./board/board.o
 .debug_abbrev  0x0000000000005e74      0x2b1 ./board/pin_mux.o
 .debug_abbrev  0x0000000000006125      0x124 ./CMSIS/system_MK64F12.o

.debug_loc      0x0000000000000000    0x109d5
 .debug_loc     0x0000000000000000      0x2d5 ./utilities/fsl_debug_console.o
 .debug_loc     0x00000000000002d5      0x211 ./utilities/fsl_io.o
 .debug_loc     0x00000000000004e6      0x26c ./utilities/fsl_log.o
 .debug_loc     0x0000000000000752      0x15b ./source/acc_func.o
 .debug_loc     0x00000000000008ad       0xb1 ./source/adc_func.o
 .debug_loc     0x000000000000095e      0x155 ./source/at_func.o
 .debug_loc     0x0000000000000ab3      0x3d7 ./source/gps_func.o
 .debug_loc     0x0000000000000e8a      0x180 ./source/i2c_func.o
 .debug_loc     0x000000000000100a      0x46c ./source/main.o
 .debug_loc     0x0000000000001476      0x59a ./source/nbiot_func.o
 .debug_loc     0x0000000000001a10       0x21 ./source/timing.o
 .debug_loc     0x0000000000001a31      0x391 ./drivers/fsl_adc16.o
 .debug_loc     0x0000000000001dc2     0x1087 ./drivers/fsl_clock.o
 .debug_loc     0x0000000000002e49     0x2359 ./drivers/fsl_dspi.o
 .debug_loc     0x00000000000051a2      0xadd ./drivers/fsl_edma.o
 .debug_loc     0x0000000000005c7f     0x11ad ./drivers/fsl_enet.o
 .debug_loc     0x0000000000006e2c     0x1d8f ./drivers/fsl_flash.o
 .debug_loc     0x0000000000008bbb     0x10d4 ./drivers/fsl_flexcan.o
 .debug_loc     0x0000000000009c8f      0x3a6 ./drivers/fsl_gpio.o
 .debug_loc     0x000000000000a035     0x1bfb ./drivers/fsl_i2c.o
 .debug_loc     0x000000000000bc30       0x60 ./drivers/fsl_lptmr.o
 .debug_loc     0x000000000000bc90     0x1633 ./drivers/fsl_sai.o
 .debug_loc     0x000000000000d2c3     0x1a44 ./drivers/fsl_sdhc.o
 .debug_loc     0x000000000000ed07      0x1b2 ./drivers/fsl_smc.o
 .debug_loc     0x000000000000eeb9     0x173e ./drivers/fsl_uart.o
 .debug_loc     0x00000000000105f7       0x1e ./board/board.o
 .debug_loc     0x0000000000010615      0x2fc ./board/pin_mux.o
 .debug_loc     0x0000000000010911       0xc4 ./CMSIS/system_MK64F12.o

.debug_aranges  0x0000000000000000     0x10d0
 .debug_aranges
                0x0000000000000000       0x68 ./utilities/fsl_debug_console.o
 .debug_aranges
                0x0000000000000068       0x38 ./utilities/fsl_io.o
 .debug_aranges
                0x00000000000000a0       0x50 ./utilities/fsl_log.o
 .debug_aranges
                0x00000000000000f0       0x20 ./startup/startup_MK64F12.o
 .debug_aranges
                0x0000000000000110       0x30 ./source/acc_func.o
 .debug_aranges
                0x0000000000000140       0x28 ./source/adc_func.o
 .debug_aranges
                0x0000000000000168       0x30 ./source/at_func.o
 .debug_aranges
                0x0000000000000198       0x38 ./source/gps_func.o
 .debug_aranges
                0x00000000000001d0       0x30 ./source/i2c_func.o
 .debug_aranges
                0x0000000000000200       0x70 ./source/main.o
 .debug_aranges
                0x0000000000000270       0x98 ./source/nbiot_func.o
 .debug_aranges
                0x0000000000000308       0x30 ./source/timing.o
 .debug_aranges
                0x0000000000000338       0x70 ./drivers/fsl_adc16.o
 .debug_aranges
                0x00000000000003a8      0x190 ./drivers/fsl_clock.o
 .debug_aranges
                0x0000000000000538      0x120 ./drivers/fsl_dspi.o
 .debug_aranges
                0x0000000000000658      0x1d0 ./drivers/fsl_edma.o
 .debug_aranges
                0x0000000000000828       0xf0 ./drivers/fsl_enet.o
 .debug_aranges
                0x0000000000000918      0x128 ./drivers/fsl_flash.o
 .debug_aranges
                0x0000000000000a40      0x100 ./drivers/fsl_flexcan.o
 .debug_aranges
                0x0000000000000b40       0x30 ./drivers/fsl_gpio.o
 .debug_aranges
                0x0000000000000b70      0x120 ./drivers/fsl_i2c.o
 .debug_aranges
                0x0000000000000c90       0x30 ./drivers/fsl_lptmr.o
 .debug_aranges
                0x0000000000000cc0      0x140 ./drivers/fsl_sai.o
 .debug_aranges