Archive member included to satisfy reference by file (symbol)

/opt/gcc-arm-none-eabi-7-2017-q4-major/bin/../lib/gcc/arm-none-eabi/7.2.1/../../../../arm-none-eabi/lib/thumb/v7e-m/fpv4-sp/hard/libg_nano.a(lib_a-atol.o)
                              ./source/gps_func.o (atol)
/opt/gcc-arm-none-eabi-7-2017-q4-major/bin/../lib/gcc/arm-none-eabi/7.2.1/../../../../arm-none-eabi/lib/thumb/v7e-m/fpv4-sp/hard/libg_nano.a(lib_a-exit.o)
                              /opt/gcc-arm-none-eabi-7-2017-q4-major/bin/../lib/gcc/arm-none-eabi/7.2.1/../../../../arm-none-eabi/lib/thumb/v7e-m/fpv4-sp/hard/crt0.o (exit)
/opt/gcc-arm-none-eabi-7-2017-q4-major/bin/../lib/gcc/arm-none-eabi/7.2.1/../../../../arm-none-eabi/lib/thumb/v7e-m/fpv4-sp/hard/libg_nano.a(lib_a-impure.o)
                              /opt/gcc-arm-none-eabi-7-2017-q4-major/bin/../lib/gcc/arm-none-eabi/7.2.1/../../../../arm-none-eabi/lib/thumb/v7e-m/fpv4-sp/hard/libg_nano.a(lib_a-exit.o) (_global_impure_ptr)
/opt/gcc-arm-none-eabi-7-2017-q4-major/bin/../lib/gcc/arm-none-eabi/7.2.1/../../../../arm-none-eabi/lib/thumb/v7e-m/fpv4-sp/hard/libg_nano.a(lib_a-init.o)
                              /opt/gcc-arm-none-eabi-7-2017-q4-major/bin/../lib/gcc/arm-none-eabi/7.2.1/../../../../arm-none-eabi/lib/thumb/v7e-m/fpv4-sp/hard/crt0.o (__libc_init_array)
/opt/gcc-arm-none-eabi-7-2017-q4-major/bin/../lib/gcc/arm-none-eabi/7.2.1/../../../../arm-none-eabi/lib/thumb/v7e-m/fpv4-sp/hard/libg_nano.a(lib_a-memcmp.o)
                              ./source/ubx_func.o (memcmp)
/opt/gcc-arm-none-eabi-7-2017-q4-major/bin/../lib/gcc/arm-none-eabi/7.2.1/../../../../arm-none-eabi/lib/thumb/v7e-m/fpv4-sp/hard/libg_nano.a(lib_a-memcpy-stub.o)
                              ./source/nbiot_func.o (memcpy)
/opt/gcc-arm-none-eabi-7-2017-q4-major/bin/../lib/gcc/arm-none-eabi/7.2.1/../../../../arm-none-eabi/lib/thumb/v7e-m/fpv4-sp/hard/libg_nano.a(lib_a-memmove.o)
                              ./utilities/fsl_shell.o (memmove)
/opt/gcc-arm-none-eabi-7-2017-q4-major/bin/../lib/gcc/arm-none-eabi/7.2.1/../../../../arm-none-eabi/lib/thumb/v7e-m/fpv4-sp/hard/libg_nano.a(lib_a-memset.o)
                              /opt/gcc-arm-none-eabi-7-2017-q4-major/bin/../lib/gcc/arm-none-eabi/7.2.1/../../../../arm-none-eabi/lib/thumb/v7e-m/fpv4-sp/hard/crt0.o (memset)
/opt/gcc-arm-none-eabi-7-2017-q4-major/bin/../lib/gcc/arm-none-eabi/7.2.1/../../../../arm-none-eabi/lib/thumb/v7e-m/fpv4-sp/hard/libg_nano.a(lib_a-printf.o)
                              ./source/adc_func.o (printf)
/opt/gcc-arm-none-eabi-7-2017-q4-major/bin/../lib/gcc/arm-none-eabi/7.2.1/../../../../arm-none-eabi/lib/thumb/v7e-m/fpv4-sp/hard/libg_nano.a(lib_a-puts.o)
                              ./source/gps_func.o (puts)
/opt/gcc-arm-none-eabi-7-2017-q4-major/bin/../lib/gcc/arm-none-eabi/7.2.1/../../../../arm-none-eabi/lib/thumb/v7e-m/fpv4-sp/hard/libg_nano.a(lib_a-sprintf.o)
                              ./source/at_func.o (sprintf)
/opt/gcc-arm-none-eabi-7-2017-q4-major/bin/../lib/gcc/arm-none-eabi/7.2.1/../../../../arm-none-eabi/lib/thumb/v7e-m/fpv4-sp/hard/libg_nano.a(lib_a-strchr.o)
                              ./source/gps_func.o (strchr)
/opt/gcc-arm-none-eabi-7-2017-q4-major/bin/../lib/gcc/arm-none-eabi/7.2.1/../../../../arm-none-eabi/lib/thumb/v7e-m/fpv4-sp/hard/libg_nano.a(lib_a-strcpy.o)
                              ./source/gps_func.o (strcpy)
/opt/gcc-arm-none-eabi-7-2017-q4-major/bin/../lib/gcc/arm-none-eabi/7.2.1/../../../../arm-none-eabi/lib/thumb/v7e-m/fpv4-sp/hard/libg_nano.a(lib_a-strlen.o)
                              ./utilities/fsl_str.o (strlen)
/opt/gcc-arm-none-eabi-7-2017-q4-major/bin/../lib/gcc/arm-none-eabi/7.2.1/../../../../arm-none-eabi/lib/thumb/v7e-m/fpv4-sp/hard/libg_nano.a(lib_a-strstr.o)
                              ./source/at_func.o (strstr)
/opt/gcc-arm-none-eabi-7-2017-q4-major/bin/../lib/gcc/arm-none-eabi/7.2.1/../../../../arm-none-eabi/lib/thumb/v7e-m/fpv4-sp/hard/libg_nano.a(lib_a-strtol.o)
                              /opt/gcc-arm-none-eabi-7-2017-q4-major/bin/../lib/gcc/arm-none-eabi/7.2.1/../../../../arm-none-eabi/lib/thumb/v7e-m/fpv4-sp/hard/libg_nano.a(lib_a-atol.o) (_strtol_r)
/opt/gcc-arm-none-eabi-7-2017-q4-major/bin/../lib/gcc/arm-none-eabi/7.2.1/../../../../arm-none-eabi/lib/thumb/v7e-m/fpv4-sp/hard/libg_nano.a(lib_a-wbuf.o)
                              /opt/gcc-arm-none-eabi-7-2017-q4-major/bin/../lib/gcc/arm-none-eabi/7.2.1/../../../../arm-none-eabi/lib/thumb/v7e-m/fpv4-sp/hard/libg_nano.a(lib_a-puts.o) (__swbuf_r)
/opt/gcc-arm-none-eabi-7-2017-q4-major/bin/../lib/gcc/arm-none-eabi/7.2.1/../../../../arm-none-eabi/lib/thumb/v7e-m/fpv4-sp/hard/libg_nano.a(lib_a-wsetup.o)
                              /opt/gcc-arm-none-eabi-7-2017-q4-major/bin/../lib/gcc/arm-none-eabi/7.2.1/../../../../arm-none-eabi/lib/thumb/v7e-m/fpv4-sp/hard/libg_nano.a(lib_a-puts.o) (__swsetup_r)
[...]
Memory Configuration

Name             Origin             Length             Attributes
m_interrupts     0x0000000000000000 0x0000000000000400 xr
m_flash_config   0x0000000000000400 0x0000000000000010 xr
m_text           0x0000000000000410 0x00000000000ffbf0 xr
m_data           0x000000001fff0000 0x0000000000010000 rw
m_data_2         0x0000000020000000 0x0000000000030000 rw
*default*        0x0000000000000000 0xffffffffffffffff

Linker script and memory map

LOAD /opt/gcc-arm-none-eabi-7-2017-q4-major/bin/../lib/gcc/arm-none-eabi/7.2.1/thumb/v7e-m/fpv4-sp/hard/crti.o
LOAD /opt/gcc-arm-none-eabi-7-2017-q4-major/bin/../lib/gcc/arm-none-eabi/7.2.1/thumb/v7e-m/fpv4-sp/hard/crtbegin.o
LOAD /opt/gcc-arm-none-eabi-7-2017-q4-major/bin/../lib/gcc/arm-none-eabi/7.2.1/../../../../arm-none-eabi/lib/thumb/v7e-m/fpv4-sp/hard/crt0.o
LOAD ./utilities/fsl_assert.o
LOAD ./utilities/fsl_debug_console.o
LOAD ./utilities/fsl_io.o
LOAD ./utilities/fsl_log.o
LOAD ./utilities/fsl_notifier.o
LOAD ./utilities/fsl_shell.o
LOAD ./utilities/fsl_str.o
LOAD ./startup/startup_MK64F12.o
LOAD ./source/acc_func.o
LOAD ./source/adc_func.o
LOAD ./source/at_func.o
LOAD ./source/gps_func.o
LOAD ./source/i2c_func.o
LOAD ./source/main.o
LOAD ./source/nbiot_func.o
LOAD ./source/timing.o
LOAD ./source/ubx_func.o
LOAD ./drivers/fsl_adc16.o
LOAD ./drivers/fsl_clock.o
LOAD ./drivers/fsl_cmp.o
LOAD ./drivers/fsl_cmt.o
LOAD ./drivers/fsl_common.o
LOAD ./drivers/fsl_crc.o
LOAD ./drivers/fsl_dac.o
LOAD ./drivers/fsl_dmamux.o
LOAD ./drivers/fsl_dspi.o
LOAD ./drivers/fsl_dspi_edma.o
LOAD ./drivers/fsl_edma.o
LOAD ./drivers/fsl_enet.o
LOAD ./drivers/fsl_ewm.o
LOAD ./drivers/fsl_flash.o
LOAD ./drivers/fsl_flexbus.o
LOAD ./drivers/fsl_flexcan.o
LOAD ./drivers/fsl_ftm.o
LOAD ./drivers/fsl_gpio.o
LOAD ./drivers/fsl_i2c.o
LOAD ./drivers/fsl_i2c_edma.o
LOAD ./drivers/fsl_llwu.o
LOAD ./drivers/fsl_lptmr.o
LOAD ./drivers/fsl_pdb.o
LOAD ./drivers/fsl_pit.o
LOAD ./drivers/fsl_pmc.o
LOAD ./drivers/fsl_rcm.o
LOAD ./drivers/fsl_rnga.o
LOAD ./drivers/fsl_rtc.o
LOAD ./drivers/fsl_sai.o
LOAD ./drivers/fsl_sai_edma.o
LOAD ./drivers/fsl_sdhc.o
LOAD ./drivers/fsl_sim.o
LOAD ./drivers/fsl_smc.o
LOAD ./drivers/fsl_sysmpu.o
LOAD ./drivers/fsl_uart.o
LOAD ./drivers/fsl_uart_edma.o
LOAD ./drivers/fsl_wdog.o
LOAD ./board/board.o
LOAD ./board/clock_config.o
LOAD ./board/peripherals.o
LOAD ./board/pin_mux.o
LOAD ./CMSIS/system_MK64F12.o
LOAD /opt/gcc-arm-none-eabi-7-2017-q4-major/bin/../lib/gcc/arm-none-eabi/7.2.1/../../../../arm-none-eabi/lib/thumb/v7e-m/fpv4-sp/hard/libstdc++_nano.a
LOAD /opt/gcc-arm-none-eabi-7-2017-q4-major/bin/../lib/gcc/arm-none-eabi/7.2.1/../../../../arm-none-eabi/lib/thumb/v7e-m/fpv4-sp/hard/libm.a
START GROUP
LOAD /opt/gcc-arm-none-eabi-7-2017-q4-major/bin/../lib/gcc/arm-none-eabi/7.2.1/thumb/v7e-m/fpv4-sp/hard/libgcc.a
LOAD /opt/gcc-arm-none-eabi-7-2017-q4-major/bin/../lib/gcc/arm-none-eabi/7.2.1/../../../../arm-none-eabi/lib/thumb/v7e-m/fpv4-sp/hard/libg_nano.a
LOAD /opt/gcc-arm-none-eabi-7-2017-q4-major/bin/../lib/gcc/arm-none-eabi/7.2.1/../../../../arm-none-eabi/lib/thumb/v7e-m/fpv4-sp/hard/libc_nano.a
END GROUP
START GROUP
LOAD /opt/gcc-arm-none-eabi-7-2017-q4-major/bin/../lib/gcc/arm-none-eabi/7.2.1/thumb/v7e-m/fpv4-sp/hard/libgcc.a
LOAD /opt/gcc-arm-none-eabi-7-2017-q4-major/bin/../lib/gcc/arm-none-eabi/7.2.1/../../../../arm-none-eabi/lib/thumb/v7e-m/fpv4-sp/hard/libc_nano.a
LOAD /opt/gcc-arm-none-eabi-7-2017-q4-major/bin/../lib/gcc/arm-none-eabi/7.2.1/../../../../arm-none-eabi/lib/thumb/v7e-m/fpv4-sp/hard/libnosys.a
END GROUP
START GROUP
LOAD /opt/gcc-arm-none-eabi-7-2017-q4-major/bin/../lib/gcc/arm-none-eabi/7.2.1/thumb/v7e-m/fpv4-sp/hard/libgcc.a
LOAD /opt/gcc-arm-none-eabi-7-2017-q4-major/bin/../lib/gcc/arm-none-eabi/7.2.1/../../../../arm-none-eabi/lib/thumb/v7e-m/fpv4-sp/hard/libc_nano.a
LOAD /opt/gcc-arm-none-eabi-7-2017-q4-major/bin/../lib/gcc/arm-none-eabi/7.2.1/../../../../arm-none-eabi/lib/thumb/v7e-m/fpv4-sp/hard/libnosys.a
END GROUP
LOAD /opt/gcc-arm-none-eabi-7-2017-q4-major/bin/../lib/gcc/arm-none-eabi/7.2.1/thumb/v7e-m/fpv4-sp/hard/crtend.o
LOAD /opt/gcc-arm-none-eabi-7-2017-q4-major/bin/../lib/gcc/arm-none-eabi/7.2.1/thumb/v7e-m/fpv4-sp/hard/crtn.o
                0x0000000000000400                HEAP_SIZE = DEFINED (__heap_size__)?__heap_size__:0x400
                0x0000000000000400                STACK_SIZE = DEFINED (__stack_size__)?__stack_size__:0x400

.interrupts     0x0000000000000000      0x400
                0x0000000000000000                . = ALIGN (0x4)
 *(.isr_vector)
 .isr_vector    0x0000000000000000      0x400 ./startup/startup_MK64F12.o
                0x0000000000000000                __isr_vector
                0x0000000000000400                . = ALIGN (0x4)

.flash_config   0x0000000000000400       0x10
                0x0000000000000400                . = ALIGN (0x4)
 *(.FlashConfig)
 .FlashConfig   0x0000000000000400       0x10 ./startup/startup_MK64F12.o
                0x0000000000000410                . = ALIGN (0x4)

.text           0x0000000000000410     0x3658
                0x0000000000000410                . = ALIGN (0x4)
 *(.text)
 .text          0x0000000000000410       0x40 /opt/gcc-arm-none-eabi-7-2017-q4-major/bin/../lib/gcc/arm-none-eabi/7.2.1/thumb/v7e-m/fpv4-sp/hard/crtbegin.o
 .text          0x0000000000000450       0x74 /opt/gcc-arm-none-eabi-7-2017-q4-major/bin/../lib/gcc/arm-none-eabi/7.2.1/../../../../arm-none-eabi/lib/thumb/v7e-m/fpv4-sp/hard/crt0.o
                0x0000000000000450                _mainCRTStartup
                0x0000000000000450                _start
 .text          0x00000000000004c4      0x1e8 ./startup/startup_MK64F12.o
                0x00000000000004c4                Reset_Handler
                0x000000000000050c                DebugMon_Handler
                0x000000000000050c                DMA_Error_DriverIRQHandler
                0x000000000000050c                PIT0_IRQHandler
                0x000000000000050c                CMP2_IRQHandler
                0x000000000000050c                ENET_1588_Timer_DriverIRQHandler
                0x000000000000050c                SWI_IRQHandler
                0x000000000000050c                ADC0_IRQHandler
                0x000000000000050c                UsageFault_Handler
                0x000000000000050c                CMT_IRQHandler
                0x000000000000050c                DefaultISR
                0x000000000000050c                UART5_ERR_DriverIRQHandler
                0x000000000000050c                CMP1_IRQHandler
                0x000000000000050c                Reserved71_IRQHandler
                0x000000000000050c                PORTD_IRQHandler
                0x000000000000050c                PORTB_IRQHandler
                0x000000000000050c                UART2_ERR_DriverIRQHandler
                0x000000000000050c                ADC1_IRQHandler
                0x000000000000050c                PIT2_IRQHandler
                0x000000000000050c                RTC_IRQHandler
                0x000000000000050c                UART3_ERR_DriverIRQHandler
                0x000000000000050c                PDB0_IRQHandler
                0x000000000000050c                FTM1_IRQHandler
                0x000000000000050c                PIT3_IRQHandler
                0x000000000000050c                RTC_Seconds_IRQHandler
                0x000000000000050c                MCG_IRQHandler
                0x000000000000050c                FTFE_IRQHandler
                0x000000000000050c                UART0_ERR_DriverIRQHandler
                0x000000000000050c                Read_Collision_IRQHandler
                0x000000000000050c                USBDCD_IRQHandler
                0x000000000000050c                USB0_IRQHandler
                0x000000000000050c                UART4_ERR_DriverIRQHandler
                0x000000000000050c                WDOG_EWM_IRQHandler
                0x000000000000050c                MemManage_Handler
                0x000000000000050c                UART0_LON_DriverIRQHandler
                0x000000000000050c                RNG_IRQHandler
                0x000000000000050c                ENET_Receive_DriverIRQHandler
                0x000000000000050c                DAC0_IRQHandler
                0x000000000000050c                ENET_Error_DriverIRQHandler
                0x000000000000050c                PIT1_IRQHandler
                0x000000000000050c                LVD_LVW_IRQHandler
                0x000000000000050c                FTM0_IRQHandler
                0x000000000000050c                PORTA_IRQHandler
                0x000000000000050c                DAC1_IRQHandler
                0x000000000000050c                MCM_IRQHandler
                0x000000000000050c                FTM3_IRQHandler
                0x000000000000050c                PORTE_IRQHandler
                0x000000000000050c                FTM2_IRQHandler
                0x000000000000050c                BusFault_Handler
                0x000000000000050c                UART1_ERR_DriverIRQHandler
                0x000000000000050c                ENET_Transmit_DriverIRQHandler
                0x000000000000050c                CMP0_IRQHandler
                0x000000000000050c                PORTC_IRQHandler
                0x0000000000000510                NMI_Handler
                0x0000000000000514                HardFault_Handler
                0x0000000000000518                SVC_Handler
                0x000000000000051c                PendSV_Handler
                0x0000000000000524                DMA0_IRQHandler
                0x0000000000000528                DMA1_IRQHandler
                0x000000000000052c                DMA2_IRQHandler
                0x0000000000000530                DMA3_IRQHandler
                0x0000000000000534                DMA4_IRQHandler
                0x0000000000000538                DMA5_IRQHandler
                0x000000000000053c                DMA6_IRQHandler
                0x0000000000000540                DMA7_IRQHandler
                0x0000000000000544                DMA8_IRQHandler
                0x0000000000000548                DMA9_IRQHandler
                0x000000000000054c                DMA10_IRQHandler
                0x0000000000000550                DMA11_IRQHandler
                0x0000000000000554                DMA12_IRQHandler
                0x0000000000000558                DMA13_IRQHandler
                0x000000000000055c                DMA14_IRQHandler
                0x0000000000000560                DMA15_IRQHandler
                0x0000000000000564                DMA_Error_IRQHandler
                0x0000000000000568                I2C0_IRQHandler
                0x000000000000056c                I2C1_IRQHandler
                0x0000000000000570                SPI0_IRQHandler
                0x0000000000000574                SPI1_IRQHandler
                0x0000000000000578                I2S0_Tx_IRQHandler
                0x000000000000057c                I2S0_Rx_IRQHandler
                0x0000000000000580                UART0_LON_IRQHandler
                0x0000000000000588                UART0_ERR_IRQHandler
                0x000000000000058c                UART1_RX_TX_IRQHandler
                0x0000000000000590                UART1_ERR_IRQHandler
                0x0000000000000598                UART2_ERR_IRQHandler
                0x00000000000005a0                UART3_ERR_IRQHandler
                0x00000000000005a4                SPI2_IRQHandler
                0x00000000000005a8                UART4_RX_TX_IRQHandler
                0x00000000000005ac                UART4_ERR_IRQHandler
                0x00000000000005b0                UART5_RX_TX_IRQHandler
                0x00000000000005b4                UART5_ERR_IRQHandler
                0x00000000000005b8                I2C2_IRQHandler
                0x00000000000005bc                CAN0_ORed_Message_buffer_IRQHandler
                0x00000000000005c0                CAN0_Bus_Off_IRQHandler
                0x00000000000005c4                CAN0_Error_IRQHandler
                0x00000000000005c8                CAN0_Tx_Warning_IRQHandler
                0x00000000000005cc                CAN0_Rx_Warning_IRQHandler
                0x00000000000005d0                CAN0_Wake_Up_IRQHandler
                0x00000000000005d4                SDHC_IRQHandler
 .text          0x00000000000006ac       0x10 /opt/gcc-arm-none-eabi-7-2017-q4-major/bin/../lib/gcc/arm-none-eabi/7.2.1/../../../../arm-none-eabi/lib/thumb/v7e-m/fpv4-sp/hard/libg_nano.a(lib_a-strlen.o)
                0x00000000000006ac                strlen
 *fill*         0x00000000000006bc        0x4 
 .text          0x00000000000006c0       0xa0 /opt/gcc-arm-none-eabi-7-2017-q4-major/bin/../lib/gcc/arm-none-eabi/7.2.1/../../../../arm-none-eabi/lib/thumb/v7e-m/fpv4-sp/hard/libg_nano.a(lib_a-memchr.o)
                0x00000000000006c0                memchr
 *(.text*)
 .text.DbgConsole_Init
                0x0000000000000760       0x10 ./utilities/fsl_debug_console.o
                0x0000000000000760                DbgConsole_Init
 .text._write   0x0000000000000770       0x20 ./utilities/fsl_debug_console.o
                0x0000000000000770                _write
 .text._read    0x0000000000000790       0x12 ./utilities/fsl_debug_console.o
                0x0000000000000790                _read
 *fill*         0x00000000000007a2        0x2 
 .text.IO_Init  0x00000000000007a4       0x48 ./utilities/fsl_io.o
                0x00000000000007a4                IO_Init
 .text.IO_Transfer
                0x00000000000007ec       0x34 ./utilities/fsl_io.o
                0x00000000000007ec                IO_Transfer
 .text.LOG_Init
                0x0000000000000820       0x1c ./utilities/fsl_log.o
                0x0000000000000820                LOG_Init
 .text.LOG_Pop  0x000000000000083c       0x16 ./utilities/fsl_log.o
                0x000000000000083c                LOG_Pop
 .text.LOG_Push
                0x0000000000000852        0x4 ./utilities/fsl_log.o
                0x0000000000000852                LOG_Push
 .text.LOG_ReadLine
                0x0000000000000856       0x48 ./utilities/fsl_log.o
                0x0000000000000856                LOG_ReadLine
 .text.acc_init
                0x000000000000089e       0x1e ./source/acc_func.o
                0x000000000000089e                acc_init
 .text.configure_acc
                0x00000000000008bc       0x60 ./source/acc_func.o
                0x00000000000008bc                configure_acc
 .text.initAdc  0x000000000000091c       0x6c ./source/adc_func.o
                0x000000000000091c                initAdc
 .text.AT_send  0x0000000000000988       0xbc ./source/at_func.o
                0x0000000000000988                AT_send
 .text.initI2C  0x0000000000000a44       0x6c ./source/i2c_func.o
                0x0000000000000a44                initI2C
 .text.accWriteReg
                0x0000000000000ab0       0x5c ./source/i2c_func.o
                0x0000000000000ab0                accWriteReg
 .text.accReadReg
                0x0000000000000b0c       0x7c ./source/i2c_func.o
                0x0000000000000b0c                accReadReg
 .text.initTimer
                0x0000000000000b88       0x3c ./source/main.o
                0x0000000000000b88                initTimer
 .text.initUART
                0x0000000000000bc4       0x78 ./source/main.o
                0x0000000000000bc4                initUART
 .text.UART3_send
                0x0000000000000c3c       0x20 ./source/main.o
                0x0000000000000c3c                UART3_send
 .text.startup.main
                0x0000000000000c5c      0x1a8 ./source/main.o
                0x0000000000000c5c                main
 .text.LLWU_IRQHandler
                0x0000000000000e04       0x50 ./source/main.o
                0x0000000000000e04                LLWU_IRQHandler
 .text.LPTMR0_IRQHandler
                0x0000000000000e54       0x30 ./source/main.o
                0x0000000000000e54                LPTMR0_IRQHandler
 .text.UART3_RX_TX_IRQHandler
                0x0000000000000e84       0x50 ./source/main.o
                0x0000000000000e84                UART3_RX_TX_IRQHandler
 .text.UART2_RX_TX_IRQHandler
                0x0000000000000ed4       0x58 ./source/main.o
                0x0000000000000ed4                UART2_RX_TX_IRQHandler
 .text.UART0_RX_TX_IRQHandler
                0x0000000000000f2c       0x40 ./source/main.o
                0x0000000000000f2c                UART0_RX_TX_IRQHandler
 .text.assembleMqtt
                0x0000000000000f6c      0x1d4 ./source/nbiot_func.o
                0x0000000000000f6c                assembleMqtt
 .text.NB_reboot
                0x0000000000001140       0x4c ./source/nbiot_func.o
                0x0000000000001140                NB_reboot
 .text.NB_setPin
                0x000000000000118c       0x40 ./source/nbiot_func.o
                0x000000000000118c                NB_setPin
 .text.NB_cops_register
                0x00000000000011cc       0x40 ./source/nbiot_func.o
                0x00000000000011cc                NB_cops_register
 .text.NB_cops_deRegister
                0x000000000000120c       0x40 ./source/nbiot_func.o
                0x000000000000120c                NB_cops_deRegister
 .text.NB_network_status
                0x000000000000124c       0x4c ./source/nbiot_func.o
                0x000000000000124c                NB_network_status
 .text.NB_define_pdp
                0x0000000000001298       0x4c ./source/nbiot_func.o
                0x0000000000001298                NB_define_pdp
 .text.NB_active_pdp
                0x00000000000012e4       0x4c ./source/nbiot_func.o
                0x00000000000012e4                NB_active_pdp
 .text.NB_show_ip
                0x0000000000001330       0x40 ./source/nbiot_func.o
                0x0000000000001330                NB_show_ip
 .text.NB_create_socket
                0x0000000000001370       0x40 ./source/nbiot_func.o
                0x0000000000001370                NB_create_socket
 .text.NB_send_msg
                0x00000000000013b0       0x64 ./source/nbiot_func.o
                0x00000000000013b0                NB_send_msg
 .text.NB_read_msg
                0x0000000000001414       0x40 ./source/nbiot_func.o
                0x0000000000001414                NB_read_msg
 .text.NB_create_pdp_send
                0x0000000000001454       0x92 ./source/nbiot_func.o
                0x0000000000001454                NB_create_pdp_send
 *fill*         0x00000000000014e6        0x2 
 .text.millis   0x00000000000014e8        0xc ./source/timing.o
                0x00000000000014e8                millis
 .text.SysTick_Handler
                0x00000000000014f4       0x10 ./source/timing.o
                0x00000000000014f4                SysTick_Handler
 .text.delay_ms
                0x0000000000001504       0x14 ./source/timing.o
                0x0000000000001504                delay_ms
 .text.ADC16_Init
                0x0000000000001518       0xb4 ./drivers/fsl_adc16.o
                0x0000000000001518                ADC16_Init
 .text.ADC16_GetStatusFlags
                0x00000000000015cc       0x14 ./drivers/fsl_adc16.o
                0x00000000000015cc                ADC16_GetStatusFlags
 .text.ADC16_DoAutoCalibration
                0x00000000000015e0       0xa6 ./drivers/fsl_adc16.o
                0x00000000000015e0                ADC16_DoAutoCalibration
 *fill*         0x0000000000001686        0x2 
 .text.CLOCK_GetMcgExtClkFreq
                0x0000000000001688       0x34 ./drivers/fsl_clock.o
 .text.CLOCK_GetFllExtRefClkFreq
                0x00000000000016bc       0x44 ./drivers/fsl_clock.o
 .text.CLOCK_GetInternalRefClkSelectFreq
                0x0000000000001700       0x28 ./drivers/fsl_clock.o
 .text.CLOCK_GetFllFreq
                0x0000000000001728       0x50 ./drivers/fsl_clock.o
                0x0000000000001728                CLOCK_GetFllFreq
 .text.CLOCK_GetPll0Freq
                0x0000000000001778       0x2c ./drivers/fsl_clock.o
                0x0000000000001778                CLOCK_GetPll0Freq
 .text.CLOCK_GetOutClkFreq
                0x00000000000017a4       0x28 ./drivers/fsl_clock.o
                0x00000000000017a4                CLOCK_GetOutClkFreq
 .text.CLOCK_GetCoreSysClkFreq
                0x00000000000017cc       0x1c ./drivers/fsl_clock.o
                0x00000000000017cc                CLOCK_GetCoreSysClkFreq
 .text.DSPI_CommonIRQHandler
                0x00000000000017e8       0x20 ./drivers/fsl_dspi.o
 .text.SPI0_DriverIRQHandler
                0x0000000000001808       0x14 ./drivers/fsl_dspi.o
                0x0000000000001808                SPI0_DriverIRQHandler
 .text.SPI1_DriverIRQHandler
                0x000000000000181c       0x14 ./drivers/fsl_dspi.o
                0x000000000000181c                SPI1_DriverIRQHandler
 .text.SPI2_DriverIRQHandler
                0x0000000000001830       0x14 ./drivers/fsl_dspi.o
                0x0000000000001830                SPI2_DriverIRQHandler
 .text.EDMA_HandleIRQ
                0x0000000000001844       0x94 ./drivers/fsl_edma.o
                0x0000000000001844                EDMA_HandleIRQ
 .text.DMA0_DriverIRQHandler
                0x00000000000018d8       0x14 ./drivers/fsl_edma.o
                0x00000000000018d8                DMA0_DriverIRQHandler
 .text.DMA1_DriverIRQHandler
                0x00000000000018ec       0x14 ./drivers/fsl_edma.o
                0x00000000000018ec                DMA1_DriverIRQHandler
 .text.DMA2_DriverIRQHandler
                0x0000000000001900       0x14 ./drivers/fsl_edma.o
                0x0000000000001900                DMA2_DriverIRQHandler
 .text.DMA3_DriverIRQHandler
                0x0000000000001914       0x14 ./drivers/fsl_edma.o
                0x0000000000001914                DMA3_DriverIRQHandler
 .text.DMA4_DriverIRQHandler
                0x0000000000001928       0x14 ./drivers/fsl_edma.o
                0x0000000000001928                DMA4_DriverIRQHandler
 .text.DMA5_DriverIRQHandler
                0x000000000000193c       0x14 ./drivers/fsl_edma.o
                0x000000000000193c                DMA5_DriverIRQHandler
 .text.DMA6_DriverIRQHandler
                0x0000000000001950       0x14 ./drivers/fsl_edma.o
                0x0000000000001950                DMA6_DriverIRQHandler
 .text.DMA7_DriverIRQHandler
                0x0000000000001964       0x14 ./drivers/fsl_edma.o
                0x0000000000001964                DMA7_DriverIRQHandler
 .text.DMA8_DriverIRQHandler
                0x0000000000001978       0x14 ./drivers/fsl_edma.o
                0x0000000000001978                DMA8_DriverIRQHandler
 .text.DMA9_DriverIRQHandler
                0x000000000000198c       0x14 ./drivers/fsl_edma.o
                0x000000000000198c                DMA9_DriverIRQHandler
 .text.DMA10_DriverIRQHandler
                0x00000000000019a0       0x14 ./drivers/fsl_edma.o
                0x00000000000019a0                DMA10_DriverIRQHandler
 .text.DMA11_DriverIRQHandler
                0x00000000000019b4       0x14 ./drivers/fsl_edma.o
                0x00000000000019b4                DMA11_DriverIRQHandler
 .text.DMA12_DriverIRQHandler
                0x00000000000019c8       0x14 ./drivers/fsl_edma.o
                0x00000000000019c8                DMA12_DriverIRQHandler
 .text.DMA13_DriverIRQHandler
                0x00000000000019dc       0x14 ./drivers/fsl_edma.o
                0x00000000000019dc                DMA13_DriverIRQHandler
 .text.DMA14_DriverIRQHandler
                0x00000000000019f0       0x14 ./drivers/fsl_edma.o
                0x00000000000019f0                DMA14_DriverIRQHandler
 .text.DMA15_DriverIRQHandler
                0x0000000000001a04       0x14 ./drivers/fsl_edma.o
                0x0000000000001a04                DMA15_DriverIRQHandler
 .text.ENET_Transmit_IRQHandler
                0x0000000000001a18       0x20 ./drivers/fsl_enet.o
                0x0000000000001a18                ENET_Transmit_IRQHandler
 .text.ENET_Receive_IRQHandler
                0x0000000000001a38       0x20 ./drivers/fsl_enet.o
                0x0000000000001a38                ENET_Receive_IRQHandler
 .text.ENET_Error_IRQHandler
                0x0000000000001a58       0x20 ./drivers/fsl_enet.o
                0x0000000000001a58                ENET_Error_IRQHandler
 .text.ENET_1588_Timer_IRQHandler
                0x0000000000001a78       0x1c ./drivers/fsl_enet.o
                0x0000000000001a78                ENET_1588_Timer_IRQHandler
 .text.CAN0_DriverIRQHandler
                0x0000000000001a94       0x20 ./drivers/fsl_flexcan.o
                0x0000000000001a94                CAN0_DriverIRQHandler
 .text.GPIO_PinInit
                0x0000000000001ab4       0x24 ./drivers/fsl_gpio.o
                0x0000000000001ab4                GPIO_PinInit
 .text.I2C_TransferCommonIRQHandler
                0x0000000000001ad8       0x34 ./drivers/fsl_i2c.o
 .text.I2C_GetInstance
                0x0000000000001b0c       0x28 ./drivers/fsl_i2c.o
                0x0000000000001b0c                I2C_GetInstance
 .text.I2C_MasterGetDefaultConfig
                0x0000000000001b34       0x14 ./drivers/fsl_i2c.o
                0x0000000000001b34                I2C_MasterGetDefaultConfig
 .text.I2C_MasterSetBaudRate
                0x0000000000001b48       0x60 ./drivers/fsl_i2c.o
                0x0000000000001b48                I2C_MasterSetBaudRate
 .text.I2C_MasterInit
                0x0000000000001ba8       0x84 ./drivers/fsl_i2c.o
                0x0000000000001ba8                I2C_MasterInit
 .text.I2C_MasterStop
                0x0000000000001c2c       0x14 ./drivers/fsl_i2c.o
                0x0000000000001c2c                I2C_MasterStop
 .text.I2C_MasterGetStatusFlags
                0x0000000000001c40       0x1c ./drivers/fsl_i2c.o
                0x0000000000001c40                I2C_MasterGetStatusFlags
 .text.I2C_MasterStart
                0x0000000000001c5c       0x32 ./drivers/fsl_i2c.o
                0x0000000000001c5c                I2C_MasterStart
 .text.I2C_MasterRepeatedStart
                0x0000000000001c8e       0x4e ./drivers/fsl_i2c.o
                0x0000000000001c8e                I2C_MasterRepeatedStart
 .text.I2C0_DriverIRQHandler
                0x0000000000001cdc       0x14 ./drivers/fsl_i2c.o
                0x0000000000001cdc                I2C0_DriverIRQHandler
 .text.I2C1_DriverIRQHandler
                0x0000000000001cf0       0x14 ./drivers/fsl_i2c.o
                0x0000000000001cf0                I2C1_DriverIRQHandler
 .text.I2C2_DriverIRQHandler
                0x0000000000001d04       0x14 ./drivers/fsl_i2c.o
                0x0000000000001d04                I2C2_DriverIRQHandler
 .text.LPTMR_Init
                0x0000000000001d18       0x4c ./drivers/fsl_lptmr.o
                0x0000000000001d18                LPTMR_Init
 .text.LPTMR_GetDefaultConfig
                0x0000000000001d64       0x14 ./drivers/fsl_lptmr.o
                0x0000000000001d64                LPTMR_GetDefaultConfig
 .text.I2S0_Tx_DriverIRQHandler
                0x0000000000001d78       0x20 ./drivers/fsl_sai.o
                0x0000000000001d78                I2S0_Tx_DriverIRQHandler
 .text.I2S0_Rx_DriverIRQHandler
                0x0000000000001d98       0x20 ./drivers/fsl_sai.o
                0x0000000000001d98                I2S0_Rx_DriverIRQHandler
 .text.SDHC_DriverIRQHandler
                0x0000000000001db8       0x20 ./drivers/fsl_sdhc.o
                0x0000000000001db8                SDHC_DriverIRQHandler
 .text.UART_GetInstance
                0x0000000000001dd8       0x4c ./drivers/fsl_uart.o
                0x0000000000001dd8                UART_GetInstance
 .text.UART_Init
                0x0000000000001e24      0x108 ./drivers/fsl_uart.o
                0x0000000000001e24                UART_Init
 .text.UART_GetDefaultConfig
                0x0000000000001f2c       0x1e ./drivers/fsl_uart.o
                0x0000000000001f2c                UART_GetDefaultConfig
 .text.UART_EnableInterrupts
                0x0000000000001f4a       0x36 ./drivers/fsl_uart.o
                0x0000000000001f4a                UART_EnableInterrupts
 .text.UART_GetStatusFlags
                0x0000000000001f80       0x16 ./drivers/fsl_uart.o
                0x0000000000001f80                UART_GetStatusFlags
 .text.UART_ClearStatusFlags
                0x0000000000001f96       0x40 ./drivers/fsl_uart.o
                0x0000000000001f96                UART_ClearStatusFlags
 .text.UART_WriteBlocking
                0x0000000000001fd6       0x16 ./drivers/fsl_uart.o
                0x0000000000001fd6                UART_WriteBlocking
 .text.UART_ReadBlocking
                0x0000000000001fec       0x4c ./drivers/fsl_uart.o
                0x0000000000001fec                UART_ReadBlocking
 .text.UART0_DriverIRQHandler
                0x0000000000002038       0x20 ./drivers/fsl_uart.o
                0x0000000000002038                UART0_DriverIRQHandler
 .text.UART0_RX_TX_DriverIRQHandler
                0x0000000000002058        0xc ./drivers/fsl_uart.o
                0x0000000000002058                UART0_RX_TX_DriverIRQHandler
 .text.UART1_DriverIRQHandler
                0x0000000000002064       0x20 ./drivers/fsl_uart.o
                0x0000000000002064                UART1_DriverIRQHandler
 .text.UART1_RX_TX_DriverIRQHandler
                0x0000000000002084        0xc ./drivers/fsl_uart.o
                0x0000000000002084                UART1_RX_TX_DriverIRQHandler
 .text.UART2_DriverIRQHandler
                0x0000000000002090       0x20 ./drivers/fsl_uart.o
                0x0000000000002090                UART2_DriverIRQHandler
 .text.UART2_RX_TX_DriverIRQHandler
                0x00000000000020b0        0xc ./drivers/fsl_uart.o
                0x00000000000020b0                UART2_RX_TX_DriverIRQHandler
 .text.UART3_DriverIRQHandler
                0x00000000000020bc       0x20 ./drivers/fsl_uart.o
                0x00000000000020bc                UART3_DriverIRQHandler
 .text.UART3_RX_TX_DriverIRQHandler
                0x00000000000020dc        0xc ./drivers/fsl_uart.o
                0x00000000000020dc                UART3_RX_TX_DriverIRQHandler
 .text.UART4_DriverIRQHandler
                0x00000000000020e8       0x20 ./drivers/fsl_uart.o
                0x00000000000020e8                UART4_DriverIRQHandler
 .text.UART4_RX_TX_DriverIRQHandler
                0x0000000000002108        0xc ./drivers/fsl_uart.o
                0x0000000000002108                UART4_RX_TX_DriverIRQHandler
 .text.UART5_DriverIRQHandler
                0x0000000000002114       0x20 ./drivers/fsl_uart.o
                0x0000000000002114                UART5_DriverIRQHandler
 .text.UART5_RX_TX_DriverIRQHandler
                0x0000000000002134        0xc ./drivers/fsl_uart.o
                0x0000000000002134                UART5_RX_TX_DriverIRQHandler
 .text.BOARD_InitDebugConsole
                0x0000000000002140       0x1c ./board/board.o
                0x0000000000002140                BOARD_InitDebugConsole
 .text.BOARD_InitPins
                0x000000000000215c       0xc4 ./board/pin_mux.o
                0x000000000000215c                BOARD_InitPins
 .text.SystemInit
                0x0000000000002220       0x2c ./CMSIS/system_MK64F12.o
                0x0000000000002220                SystemInit
 .text.exit     0x000000000000224c       0x28 /opt/gcc-arm-none-eabi-7-2017-q4-major/bin/../lib/gcc/arm-none-eabi/7.2.1/../../../../arm-none-eabi/lib/thumb/v7e-m/fpv4-sp/hard/libg_nano.a(lib_a-exit.o)
                0x000000000000224c                exit
 .text.__libc_init_array
                0x0000000000002274       0x48 /opt/gcc-arm-none-eabi-7-2017-q4-major/bin/../lib/gcc/arm-none-eabi/7.2.1/../../../../arm-none-eabi/lib/thumb/v7e-m/fpv4-sp/hard/libg_nano.a(lib_a-init.o)
                0x0000000000002274                __libc_init_array
 .text.memcpy   0x00000000000022bc       0x16 /opt/gcc-arm-none-eabi-7-2017-q4-major/bin/../lib/gcc/arm-none-eabi/7.2.1/../../../../arm-none-eabi/lib/thumb/v7e-m/fpv4-sp/hard/libg_nano.a(lib_a-memcpy-stub.o)
                0x00000000000022bc                memcpy
 .text.memmove  0x00000000000022d2       0x32 /opt/gcc-arm-none-eabi-7-2017-q4-major/bin/../lib/gcc/arm-none-eabi/7.2.1/../../../../arm-none-eabi/lib/thumb/v7e-m/fpv4-sp/hard/libg_nano.a(lib_a-memmove.o)
                0x00000000000022d2                memmove
 .text.memset   0x0000000000002304       0x10 /opt/gcc-arm-none-eabi-7-2017-q4-major/bin/../lib/gcc/arm-none-eabi/7.2.1/../../../../arm-none-eabi/lib/thumb/v7e-m/fpv4-sp/hard/libg_nano.a(lib_a-memset.o)
                0x0000000000002304                memset
 .text.printf   0x0000000000002314       0x30 /opt/gcc-arm-none-eabi-7-2017-q4-major/bin/../lib/gcc/arm-none-eabi/7.2.1/../../../../arm-none-eabi/lib/thumb/v7e-m/fpv4-sp/hard/libg_nano.a(lib_a-printf.o)
                0x0000000000002314                printf
                0x0000000000002314                iprintf
 .text._puts_r  0x0000000000002344       0xb8 /opt/gcc-arm-none-eabi-7-2017-q4-major/bin/../lib/gcc/arm-none-eabi/7.2.1/../../../../arm-none-eabi/lib/thumb/v7e-m/fpv4-sp/hard/libg_nano.a(lib_a-puts.o)
                0x0000000000002344                _puts_r
 .text.puts     0x00000000000023fc       0x10 /opt/gcc-arm-none-eabi-7-2017-q4-major/bin/../lib/gcc/arm-none-eabi/7.2.1/../../../../arm-none-eabi/lib/thumb/v7e-m/fpv4-sp/hard/libg_nano.a(lib_a-puts.o)
                0x00000000000023fc                puts
 .text.sprintf  0x000000000000240c       0x40 /opt/gcc-arm-none-eabi-7-2017-q4-major/bin/../lib/gcc/arm-none-eabi/7.2.1/../../../../arm-none-eabi/lib/thumb/v7e-m/fpv4-sp/hard/libg_nano.a(lib_a-sprintf.o)
                0x000000000000240c                sprintf
                0x000000000000240c                siprintf
 .text.strcpy   0x000000000000244c       0x10 /opt/gcc-arm-none-eabi-7-2017-q4-major/bin/../lib/gcc/arm-none-eabi/7.2.1/../../../../arm-none-eabi/lib/thumb/v7e-m/fpv4-sp/hard/libg_nano.a(lib_a-strcpy.o)
                0x000000000000244c                strcpy
 .text.strstr   0x000000000000245c       0x34 /opt/gcc-arm-none-eabi-7-2017-q4-major/bin/../lib/gcc/arm-none-eabi/7.2.1/../../../../arm-none-eabi/lib/thumb/v7e-m/fpv4-sp/hard/libg_nano.a(lib_a-strstr.o)
                0x000000000000245c                strstr
 .text.__swbuf_r
                0x0000000000002490       0xa4 /opt/gcc-arm-none-eabi-7-2017-q4-major/bin/../lib/gcc/arm-none-eabi/7.2.1/../../../../arm-none-eabi/lib/thumb/v7e-m/fpv4-sp/hard/libg_nano.a(lib_a-wbuf.o)
                0x0000000000002490                __swbuf_r
 .text.__swsetup_r
                0x0000000000002534       0xdc /opt/gcc-arm-none-eabi-7-2017-q4-major/bin/../lib/gcc/arm-none-eabi/7.2.1/../../../../arm-none-eabi/lib/thumb/v7e-m/fpv4-sp/hard/libg_nano.a(lib_a-wsetup.o)
                0x0000000000002534                __swsetup_r
 .text.__sflush_r
                0x0000000000002610      0x10c /opt/gcc-arm-none-eabi-7-2017-q4-major/bin/../lib/gcc/arm-none-eabi/7.2.1/../../../../arm-none-eabi/lib/thumb/v7e-m/fpv4-sp/hard/libg_nano.a(lib_a-fflush.o)
                0x0000000000002610                __sflush_r
 .text._fflush_r
                0x000000000000271c       0x54 /opt/gcc-arm-none-eabi-7-2017-q4-major/bin/../lib/gcc/arm-none-eabi/7.2.1/../../../../arm-none-eabi/lib/thumb/v7e-m/fpv4-sp/hard/libg_nano.a(lib_a-fflush.o)
                0x000000000000271c                _fflush_r
 .text.std      0x0000000000002770       0x48 /opt/gcc-arm-none-eabi-7-2017-q4-major/bin/../lib/gcc/arm-none-eabi/7.2.1/../../../../arm-none-eabi/lib/thumb/v7e-m/fpv4-sp/hard/libg_nano.a(lib_a-findfp.o)
 .text._cleanup_r
                0x00000000000027b8        0xc /opt/gcc-arm-none-eabi-7-2017-q4-major/bin/../lib/gcc/arm-none-eabi/7.2.1/../../../../arm-none-eabi/lib/thumb/v7e-m/fpv4-sp/hard/libg_nano.a(lib_a-findfp.o)
                0x00000000000027b8                _cleanup_r
 .text.__sfmoreglue
                0x00000000000027c4       0x2c /opt/gcc-arm-none-eabi-7-2017-q4-major/bin/../lib/gcc/arm-none-eabi/7.2.1/../../../../arm-none-eabi/lib/thumb/v7e-m/fpv4-sp/hard/libg_nano.a(lib_a-findfp.o)
                0x00000000000027c4                __sfmoreglue
 .text.__sinit  0x00000000000027f0       0x60 /opt/gcc-arm-none-eabi-7-2017-q4-major/bin/../lib/gcc/arm-none-eabi/7.2.1/../../../../arm-none-eabi/lib/thumb/v7e-m/fpv4-sp/hard/libg_nano.a(lib_a-findfp.o)
                0x00000000000027f0                __sinit
 .text.__sfp    0x0000000000002850       0x78 /opt/gcc-arm-none-eabi-7-2017-q4-major/bin/../lib/gcc/arm-none-eabi/7.2.1/../../../../arm-none-eabi/lib/thumb/v7e-m/fpv4-sp/hard/libg_nano.a(lib_a-findfp.o)
                0x0000000000002850                __sfp
 .text._fwalk_reent
                0x00000000000028c8       0x3c /opt/gcc-arm-none-eabi-7-2017-q4-major/bin/../lib/gcc/arm-none-eabi/7.2.1/../../../../arm-none-eabi/lib/thumb/v7e-m/fpv4-sp/hard/libg_nano.a(lib_a-fwalk.o)
                0x00000000000028c8                _fwalk_reent
 .text.__swhatbuf_r
                0x0000000000002904       0x48 /opt/gcc-arm-none-eabi-7-2017-q4-major/bin/../lib/gcc/arm-none-eabi/7.2.1/../../../../arm-none-eabi/lib/thumb/v7e-m/fpv4-sp/hard/libg_nano.a(lib_a-makebuf.o)
                0x0000000000002904                __swhatbuf_r
 .text.__smakebuf_r
                0x000000000000294c       0x80 /opt/gcc-arm-none-eabi-7-2017-q4-major/bin/../lib/gcc/arm-none-eabi/7.2.1/../../../../arm-none-eabi/lib/thumb/v7e-m/fpv4-sp/hard/libg_nano.a(lib_a-makebuf.o)
                0x000000000000294c                __smakebuf_r
 .text._free_r  0x00000000000029cc       0x9c /opt/gcc-arm-none-eabi-7-2017-q4-major/bin/../lib/gcc/arm-none-eabi/7.2.1/../../../../arm-none-eabi/lib/thumb/v7e-m/fpv4-sp/hard/libg_nano.a(lib_a-nano-freer.o)
                0x00000000000029cc                _free_r
 .text._malloc_r
                0x0000000000002a68       0xb4 /opt/gcc-arm-none-eabi-7-2017-q4-major/bin/../lib/gcc/arm-none-eabi/7.2.1/../../../../arm-none-eabi/lib/thumb/v7e-m/fpv4-sp/hard/libg_nano.a(lib_a-nano-mallocr.o)
                0x0000000000002a68                _malloc_r
 .text.__ssputs_r
                0x0000000000002b1c       0xb4 /opt/gcc-arm-none-eabi-7-2017-q4-major/bin/../lib/gcc/arm-none-eabi/7.2.1/../../../../arm-none-eabi/lib/thumb/v7e-m/fpv4-sp/hard/libg_nano.a(lib_a-nano-svfprintf.o)
                0x0000000000002b1c                __ssputs_r
 .text._svfprintf_r
                0x0000000000002bd0      0x1ec /opt/gcc-arm-none-eabi-7-2017-q4-major/bin/../lib/gcc/arm-none-eabi/7.2.1/../../../../arm-none-eabi/lib/thumb/v7e-m/fpv4-sp/hard/libg_nano.a(lib_a-nano-svfprintf.o)
                0x0000000000002bd0                _svfprintf_r
                0x0000000000002bd0                _svfiprintf_r
 .text.__sfputc_r
                0x0000000000002dbc       0x2e /opt/gcc-arm-none-eabi-7-2017-q4-major/bin/../lib/gcc/arm-none-eabi/7.2.1/../../../../arm-none-eabi/lib/thumb/v7e-m/fpv4-sp/hard/libg_nano.a(lib_a-nano-vfprintf.o)
 .text.__sfputs_r
                0x0000000000002dea       0x24 /opt/gcc-arm-none-eabi-7-2017-q4-major/bin/../lib/gcc/arm-none-eabi/7.2.1/../../../../arm-none-eabi/lib/thumb/v7e-m/fpv4-sp/hard/libg_nano.a(lib_a-nano-vfprintf.o)
                0x0000000000002dea                __sfputs_r
 *fill*         0x0000000000002e0e        0x2 
 .text._vfprintf_r
                0x0000000000002e10      0x228 /opt/gcc-arm-none-eabi-7-2017-q4-major/bin/../lib/gcc/arm-none-eabi/7.2.1/../../../../arm-none-eabi/lib/thumb/v7e-m/fpv4-sp/hard/libg_nano.a(lib_a-nano-vfprintf.o)
                0x0000000000002e10                _vfiprintf_r
                0x0000000000002e10                _vfprintf_r
 .text._printf_common
                0x0000000000003038       0xea /opt/gcc-arm-none-eabi-7-2017-q4-major/bin/../lib/gcc/arm-none-eabi/7.2.1/../../../../arm-none-eabi/lib/thumb/v7e-m/fpv4-sp/hard/libg_nano.a(lib_a-nano-vfprintf_i.o)
                0x0000000000003038                _printf_common
 *fill*         0x0000000000003122        0x2 
 .text._printf_i
                0x0000000000003124      0x224 /opt/gcc-arm-none-eabi-7-2017-q4-major/bin/../lib/gcc/arm-none-eabi/7.2.1/../../../../arm-none-eabi/lib/thumb/v7e-m/fpv4-sp/hard/libg_nano.a(lib_a-nano-vfprintf_i.o)
                0x0000000000003124                _printf_i
 .text._sbrk_r  0x0000000000003348       0x20 /opt/gcc-arm-none-eabi-7-2017-q4-major/bin/../lib/gcc/arm-none-eabi/7.2.1/../../../../arm-none-eabi/lib/thumb/v7e-m/fpv4-sp/hard/libg_nano.a(lib_a-sbrkr.o)
                0x0000000000003348                _sbrk_r
 .text.__sread  0x0000000000003368       0x22 /opt/gcc-arm-none-eabi-7-2017-q4-major/bin/../lib/gcc/arm-none-eabi/7.2.1/../../../../arm-none-eabi/lib/thumb/v7e-m/fpv4-sp/hard/libg_nano.a(lib_a-stdio.o)
                0x0000000000003368                __sread
 .text.__swrite
                0x000000000000338a       0x38 /opt/gcc-arm-none-eabi-7-2017-q4-major/bin/../lib/gcc/arm-none-eabi/7.2.1/../../../../arm-none-eabi/lib/thumb/v7e-m/fpv4-sp/hard/libg_nano.a(lib_a-stdio.o)
                0x000000000000338a                __swrite
 .text.__sseek  0x00000000000033c2       0x24 /opt/gcc-arm-none-eabi-7-2017-q4-major/bin/../lib/gcc/arm-none-eabi/7.2.1/../../../../arm-none-eabi/lib/thumb/v7e-m/fpv4-sp/hard/libg_nano.a(lib_a-stdio.o)
                0x00000000000033c2                __sseek
 .text.__sclose
                0x00000000000033e6        0x8 /opt/gcc-arm-none-eabi-7-2017-q4-major/bin/../lib/gcc/arm-none-eabi/7.2.1/../../../../arm-none-eabi/lib/thumb/v7e-m/fpv4-sp/hard/libg_nano.a(lib_a-stdio.o)
                0x00000000000033e6                __sclose
 *fill*         0x00000000000033ee        0x2 
 .text._write_r
                0x00000000000033f0       0x24 /opt/gcc-arm-none-eabi-7-2017-q4-major/bin/../lib/gcc/arm-none-eabi/7.2.1/../../../../arm-none-eabi/lib/thumb/v7e-m/fpv4-sp/hard/libg_nano.a(lib_a-writer.o)
                0x00000000000033f0                _write_r
 .text._close_r
                0x0000000000003414       0x20 /opt/gcc-arm-none-eabi-7-2017-q4-major/bin/../lib/gcc/arm-none-eabi/7.2.1/../../../../arm-none-eabi/lib/thumb/v7e-m/fpv4-sp/hard/libg_nano.a(lib_a-closer.o)
                0x0000000000003414                _close_r
 .text._fstat_r
                0x0000000000003434       0x24 /opt/gcc-arm-none-eabi-7-2017-q4-major/bin/../lib/gcc/arm-none-eabi/7.2.1/../../../../arm-none-eabi/lib/thumb/v7e-m/fpv4-sp/hard/libg_nano.a(lib_a-fstatr.o)
                0x0000000000003434                _fstat_r
 .text._isatty_r
                0x0000000000003458       0x20 /opt/gcc-arm-none-eabi-7-2017-q4-major/bin/../lib/gcc/arm-none-eabi/7.2.1/../../../../arm-none-eabi/lib/thumb/v7e-m/fpv4-sp/hard/libg_nano.a(lib_a-isattyr.o)
                0x0000000000003458                _isatty_r
 .text._lseek_r
                0x0000000000003478       0x24 /opt/gcc-arm-none-eabi-7-2017-q4-major/bin/../lib/gcc/arm-none-eabi/7.2.1/../../../../arm-none-eabi/lib/thumb/v7e-m/fpv4-sp/hard/libg_nano.a(lib_a-lseekr.o)
                0x0000000000003478                _lseek_r
 .text.__malloc_lock
                0x000000000000349c        0x2 /opt/gcc-arm-none-eabi-7-2017-q4-major/bin/../lib/gcc/arm-none-eabi/7.2.1/../../../../arm-none-eabi/lib/thumb/v7e-m/fpv4-sp/hard/libg_nano.a(lib_a-mlock.o)
                0x000000000000349c                __malloc_lock
 .text.__malloc_unlock
                0x000000000000349e        0x2 /opt/gcc-arm-none-eabi-7-2017-q4-major/bin/../lib/gcc/arm-none-eabi/7.2.1/../../../../arm-none-eabi/lib/thumb/v7e-m/fpv4-sp/hard/libg_nano.a(lib_a-mlock.o)
                0x000000000000349e                __malloc_unlock
 .text._realloc_r
                0x00000000000034a0       0x4c /opt/gcc-arm-none-eabi-7-2017-q4-major/bin/../lib/gcc/arm-none-eabi/7.2.1/../../../../arm-none-eabi/lib/thumb/v7e-m/fpv4-sp/hard/libg_nano.a(lib_a-nano-reallocr.o)
                0x00000000000034a0                _realloc_r
 .text._read_r  0x00000000000034ec       0x24 /opt/gcc-arm-none-eabi-7-2017-q4-major/bin/../lib/gcc/arm-none-eabi/7.2.1/../../../../arm-none-eabi/lib/thumb/v7e-m/fpv4-sp/hard/libg_nano.a(lib_a-readr.o)
                0x00000000000034ec                _read_r
 .text._malloc_usable_size_r
                0x0000000000003510       0x10 /opt/gcc-arm-none-eabi-7-2017-q4-major/bin/../lib/gcc/arm-none-eabi/7.2.1/../../../../arm-none-eabi/lib/thumb/v7e-m/fpv4-sp/hard/libg_nano.a(lib_a-nano-msizer.o)
                0x0000000000003510                _malloc_usable_size_r
 .text._close   0x0000000000003520       0x10 /opt/gcc-arm-none-eabi-7-2017-q4-major/bin/../lib/gcc/arm-none-eabi/7.2.1/../../../../arm-none-eabi/lib/thumb/v7e-m/fpv4-sp/hard/libnosys.a(close.o)
                0x0000000000003520                _close
 .text._fstat   0x0000000000003530       0x10 /opt/gcc-arm-none-eabi-7-2017-q4-major/bin/../lib/gcc/arm-none-eabi/7.2.1/../../../../arm-none-eabi/lib/thumb/v7e-m/fpv4-sp/hard/libnosys.a(fstat.o)
                0x0000000000003530                _fstat
 .text._isatty  0x0000000000003540       0x10 /opt/gcc-arm-none-eabi-7-2017-q4-major/bin/../lib/gcc/arm-none-eabi/7.2.1/../../../../arm-none-eabi/lib/thumb/v7e-m/fpv4-sp/hard/libnosys.a(isatty.o)
                0x0000000000003540                _isatty
 .text._lseek   0x0000000000003550       0x10 /opt/gcc-arm-none-eabi-7-2017-q4-major/bin/../lib/gcc/arm-none-eabi/7.2.1/../../../../arm-none-eabi/lib/thumb/v7e-m/fpv4-sp/hard/libnosys.a(lseek.o)
                0x0000000000003550                _lseek
 .text._sbrk    0x0000000000003560       0x1c /opt/gcc-arm-none-eabi-7-2017-q4-major/bin/../lib/gcc/arm-none-eabi/7.2.1/../../../../arm-none-eabi/lib/thumb/v7e-m/fpv4-sp/hard/libnosys.a(sbrk.o)
                0x0000000000003560                _sbrk
 .text._exit    0x000000000000357c        0x4 /opt/gcc-arm-none-eabi-7-2017-q4-major/bin/../lib/gcc/arm-none-eabi/7.2.1/../../../../arm-none-eabi/lib/thumb/v7e-m/fpv4-sp/hard/libnosys.a(_exit.o)
                0x000000000000357c                _exit
 *(.rodata)
 .rodata        0x0000000000003580       0x16 ./source/main.o
 *(.rodata*)
 .rodata.AT_send.str1.1
                0x0000000000003596       0x29 ./source/at_func.o
 .rodata.str1.1
                0x00000000000035bf       0x83 ./source/at_func.o
 .rodata.LED_configOutput.10761
                0x0000000000003642        0x2 ./source/main.o
 .rodata.main.str1.1
                0x0000000000003644       0xf5 ./source/main.o
 .rodata.NB_active_pdp.str1.1
                0x0000000000003739       0x16 ./source/nbiot_func.o
 .rodata.NB_cops_deRegister.str1.1
                0x000000000000374f       0x12 ./source/nbiot_func.o
 .rodata.NB_cops_register.str1.1
                0x0000000000003761       0x12 ./source/nbiot_func.o
 .rodata.NB_create_socket.str1.1
                0x0000000000003773        0xe ./source/nbiot_func.o
 .rodata.NB_define_pdp.str1.1
                0x0000000000003781       0x17 ./source/nbiot_func.o
 .rodata.NB_network_status.str1.1
                0x0000000000003798       0x16 ./source/nbiot_func.o
 .rodata.NB_read_msg.str1.1
                0x00000000000037ae        0x6 ./source/nbiot_func.o
 .rodata.NB_reboot.str1.1
                0x00000000000037b4       0x21 ./source/nbiot_func.o
                                         0x29 (size before relaxing)
 .rodata.NB_send_msg.str1.1
                0x00000000000037d5       0x25 ./source/nbiot_func.o
 .rodata.NB_setPin.str1.1
                0x00000000000037fa       0x11 ./source/nbiot_func.o
 .rodata.NB_show_ip.str1.1
                0x000000000000380b        0xb ./source/nbiot_func.o
 .rodata.assembleMqtt.str1.1
                0x0000000000003816       0x8a ./source/nbiot_func.o
 .rodata.assemblePacket.str1.1
                0x00000000000038a0       0x35 ./source/nbiot_func.o
                                         0x3c (size before relaxing)
 .rodata.str1.1
                0x00000000000038d5       0x26 ./source/nbiot_func.o
 *fill*         0x00000000000038fb        0x1 
 .rodata.s_adc16Clocks
                0x00000000000038fc        0x8 ./drivers/fsl_adc16.o
 .rodata.fllFactorTable.8306
                0x0000000000003904       0x10 ./drivers/fsl_clock.o
 .rodata.s_i2cClocks
                0x0000000000003914        0xc ./drivers/fsl_i2c.o
 .rodata.s_i2cDividerTable
                0x0000000000003920       0x80 ./drivers/fsl_i2c.o
 .rodata.s_uartClock
                0x00000000000039a0       0x18 ./drivers/fsl_uart.o
 .rodata._global_impure_ptr
                0x00000000000039b8        0x4 /opt/gcc-arm-none-eabi-7-2017-q4-major/bin/../lib/gcc/arm-none-eabi/7.2.1/../../../../arm-none-eabi/lib/thumb/v7e-m/fpv4-sp/hard/libg_nano.a(lib_a-impure.o)
                0x00000000000039b8                _global_impure_ptr
 .rodata.__sf_fake_stderr
                0x00000000000039bc       0x20 /opt/gcc-arm-none-eabi-7-2017-q4-major/bin/../lib/gcc/arm-none-eabi/7.2.1/../../../../arm-none-eabi/lib/thumb/v7e-m/fpv4-sp/hard/libg_nano.a(lib_a-findfp.o)
                0x00000000000039bc                __sf_fake_stderr
 .rodata.__sf_fake_stdin
                0x00000000000039dc       0x20 /opt/gcc-arm-none-eabi-7-2017-q4-major/bin/../lib/gcc/arm-none-eabi/7.2.1/../../../../arm-none-eabi/lib/thumb/v7e-m/fpv4-sp/hard/libg_nano.a(lib_a-findfp.o)
                0x00000000000039dc                __sf_fake_stdin
 .rodata.__sf_fake_stdout
                0x00000000000039fc       0x20 /opt/gcc-arm-none-eabi-7-2017-q4-major/bin/../lib/gcc/arm-none-eabi/7.2.1/../../../../arm-none-eabi/lib/thumb/v7e-m/fpv4-sp/hard/libg_nano.a(lib_a-findfp.o)
                0x00000000000039fc                __sf_fake_stdout
 .rodata._svfprintf_r.str1.1
                0x0000000000003a1c       0x11 /opt/gcc-arm-none-eabi-7-2017-q4-major/bin/../lib/gcc/arm-none-eabi/7.2.1/../../../../arm-none-eabi/lib/thumb/v7e-m/fpv4-sp/hard/libg_nano.a(lib_a-nano-svfprintf.o)
 .rodata._vfprintf_r.str1.1
                0x0000000000003a2d       0x11 /opt/gcc-arm-none-eabi-7-2017-q4-major/bin/../lib/gcc/arm-none-eabi/7.2.1/../../../../arm-none-eabi/lib/thumb/v7e-m/fpv4-sp/hard/libg_nano.a(lib_a-nano-vfprintf.o)
 .rodata._printf_i.str1.1
                0x0000000000003a2d       0x22 /opt/gcc-arm-none-eabi-7-2017-q4-major/bin/../lib/gcc/arm-none-eabi/7.2.1/../../../../arm-none-eabi/lib/thumb/v7e-m/fpv4-sp/hard/libg_nano.a(lib_a-nano-vfprintf_i.o)
 *(.glue_7)
 .glue_7        0x0000000000003a4f        0x0 linker stubs
 *(.glue_7t)
 .glue_7t       0x0000000000003a4f        0x0 linker stubs
 *(.eh_frame)
 *fill*         0x0000000000003a4f        0x1 
 .eh_frame      0x0000000000003a50        0x0 /opt/gcc-arm-none-eabi-7-2017-q4-major/bin/../lib/gcc/arm-none-eabi/7.2.1/thumb/v7e-m/fpv4-sp/hard/crtbegin.o
 *(.init)
 .init          0x0000000000003a50        0x4 /opt/gcc-arm-none-eabi-7-2017-q4-major/bin/../lib/gcc/arm-none-eabi/7.2.1/thumb/v7e-m/fpv4-sp/hard/crti.o
                0x0000000000003a50                _init
 .init          0x0000000000003a54        0x8 /opt/gcc-arm-none-eabi-7-2017-q4-major/bin/../lib/gcc/arm-none-eabi/7.2.1/thumb/v7e-m/fpv4-sp/hard/crtn.o
 *(.fini)
 .fini          0x0000000000003a5c        0x4 /opt/gcc-arm-none-eabi-7-2017-q4-major/bin/../lib/gcc/arm-none-eabi/7.2.1/thumb/v7e-m/fpv4-sp/hard/crti.o
                0x0000000000003a5c                _fini
 .fini          0x0000000000003a60        0x8 /opt/gcc-arm-none-eabi-7-2017-q4-major/bin/../lib/gcc/arm-none-eabi/7.2.1/thumb/v7e-m/fpv4-sp/hard/crtn.o
                0x0000000000003a68                . = ALIGN (0x4)

.vfp11_veneer   0x0000000000003a68        0x0
 .vfp11_veneer  0x0000000000003a68        0x0 linker stubs

.v4_bx          0x0000000000003a68        0x0
 .v4_bx         0x0000000000003a68        0x0 linker stubs

.iplt           0x0000000000003a68        0x0
 .iplt          0x0000000000003a68        0x0 /opt/gcc-arm-none-eabi-7-2017-q4-major/bin/../lib/gcc/arm-none-eabi/7.2.1/thumb/v7e-m/fpv4-sp/hard/crtbegin.o

.ARM.extab
 *(.ARM.extab* .gnu.linkonce.armextab.*)

.ARM            0x0000000000003a68        0x8
                0x0000000000003a68                __exidx_start = .
 *(.ARM.exidx*)
 .ARM.exidx     0x0000000000003a68        0x8 /opt/gcc-arm-none-eabi-7-2017-q4-major/bin/../lib/gcc/arm-none-eabi/7.2.1/../../../../arm-none-eabi/lib/thumb/v7e-m/fpv4-sp/hard/crt0.o
                0x0000000000003a70                __exidx_end = .

.rel.dyn        0x0000000000003a70        0x0
 .rel.iplt      0x0000000000003a70        0x0 /opt/gcc-arm-none-eabi-7-2017-q4-major/bin/../lib/gcc/arm-none-eabi/7.2.1/thumb/v7e-m/fpv4-sp/hard/crtbegin.o

.ctors          0x0000000000003a70        0x0
                0x0000000000003a70                __CTOR_LIST__ = .
 *crtbegin.o(.ctors)
 *crtbegin?.o(.ctors)
 *(EXCLUDE_FILE(*crtend.o *crtend?.o) .ctors)
 *(SORT_BY_NAME(.ctors.*))
 *(.ctors)
                0x0000000000003a70                __CTOR_END__ = .

.dtors          0x0000000000003a70        0x0
                0x0000000000003a70                __DTOR_LIST__ = .
 *crtbegin.o(.dtors)
 *crtbegin?.o(.dtors)
 *(EXCLUDE_FILE(*crtend.o *crtend?.o) .dtors)
 *(SORT_BY_NAME(.dtors.*))
 *(.dtors)
                0x0000000000003a70                __DTOR_END__ = .

.preinit_array  0x0000000000003a70        0x0
                0x0000000000003a70                PROVIDE (__preinit_array_start, .)
 *(.preinit_array*)
                0x0000000000003a70                PROVIDE (__preinit_array_end, .)

.init_array     0x0000000000003a70        0x4
                0x0000000000003a70                PROVIDE (__init_array_start, .)
 *(SORT_BY_NAME(.init_array.*))
 *(.init_array*)
 .init_array    0x0000000000003a70        0x4 /opt/gcc-arm-none-eabi-7-2017-q4-major/bin/../lib/gcc/arm-none-eabi/7.2.1/thumb/v7e-m/fpv4-sp/hard/crtbegin.o
                0x0000000000003a74                PROVIDE (__init_array_end, .)

.fini_array     0x0000000000003a74        0x4
                [!provide]                        PROVIDE (__fini_array_start, .)
 *(SORT_BY_NAME(.fini_array.*))
 *(.fini_array*)
 .fini_array    0x0000000000003a74        0x4 /opt/gcc-arm-none-eabi-7-2017-q4-major/bin/../lib/gcc/arm-none-eabi/7.2.1/thumb/v7e-m/fpv4-sp/hard/crtbegin.o
                [!provide]                        PROVIDE (__fini_array_end, .)
                0x0000000000003a78                __etext = .
                0x0000000000003a78                __DATA_ROM = .

.data           0x000000001fff0000       0xa8 load address 0x0000000000003a78
                0x000000001fff0000                . = ALIGN (0x4)
                0x000000001fff0000                __DATA_RAM = .
                0x000000001fff0000                __data_start__ = .
 *(.data)
 *(.data*)
 .data.AT_CEREG
                0x000000001fff0000        0x4 ./source/at_func.o
                0x000000001fff0000                AT_CEREG
 .data.AT_CGACT
                0x000000001fff0004        0x4 ./source/at_func.o
                0x000000001fff0004                AT_CGACT
 .data.AT_CGDCONT
                0x000000001fff0008        0x4 ./source/at_func.o
                0x000000001fff0008                AT_CGDCONT
 .data.AT_CGPADDR
                0x000000001fff000c        0x4 ./source/at_func.o
                0x000000001fff000c                AT_CGPADDR
 .data.AT_COPS  0x000000001fff0010        0x4 ./source/at_func.o
                0x000000001fff0010                AT_COPS
 .data.AT_NPIN  0x000000001fff0014        0x4 ./source/at_func.o
                0x000000001fff0014                AT_NPIN
 .data.AT_NRB   0x000000001fff0018        0x4 ./source/at_func.o
                0x000000001fff0018                AT_NRB
 .data.AT_NSOCR
                0x000000001fff001c        0x4 ./source/at_func.o
                0x000000001fff001c                AT_NSOCR
 .data.AT_NSORF
                0x000000001fff0020        0x4 ./source/at_func.o
                0x000000001fff0020                AT_NSORF
 .data.AT_NSOST
                0x000000001fff0024        0x4 ./source/at_func.o
                0x000000001fff0024                AT_NSOST
 .data.wake     0x000000001fff0028        0x1 ./source/main.o
                0x000000001fff0028                wake
 *fill*         0x000000001fff0029        0x3 
 .data.client_id
                0x000000001fff002c        0x4 ./source/nbiot_func.o
                0x000000001fff002c                client_id
 .data.passwd   0x000000001fff0030        0x4 ./source/nbiot_func.o
                0x000000001fff0030                passwd
 .data.topic    0x000000001fff0034        0x4 ./source/nbiot_func.o
                0x000000001fff0034                topic
 .data.username
                0x000000001fff0038        0x4 ./source/nbiot_func.o
                0x000000001fff0038                username
 .data.s_fastIrcFreq
                0x000000001fff003c        0x4 ./drivers/fsl_clock.o
 .data.s_slowIrcFreq
                0x000000001fff0040        0x4 ./drivers/fsl_clock.o
 .data._impure_ptr
                0x000000001fff0044        0x4 /opt/gcc-arm-none-eabi-7-2017-q4-major/bin/../lib/gcc/arm-none-eabi/7.2.1/../../../../arm-none-eabi/lib/thumb/v7e-m/fpv4-sp/hard/libg_nano.a(lib_a-impure.o)
                0x000000001fff0044                _impure_ptr
 .data.impure_data
                0x000000001fff0048       0x60 /opt/gcc-arm-none-eabi-7-2017-q4-major/bin/../lib/gcc/arm-none-eabi/7.2.1/../../../../arm-none-eabi/lib/thumb/v7e-m/fpv4-sp/hard/libg_nano.a(lib_a-impure.o)
 *(.jcr*)
                0x000000001fff00a8                . = ALIGN (0x4)
                0x000000001fff00a8                __data_end__ = .
                0x0000000000003b20                __DATA_END = (__DATA_ROM + (__data_end__ - __data_start__))
                0x0000000000100000                text_end = (ORIGIN (m_text) + LENGTH (m_text))
                0x0000000000000001                ASSERT ((__DATA_END <= text_end), region m_text overflowed with text and data)

.igot.plt       0x000000001fff00a8        0x0 load address 0x0000000000003b20
 .igot.plt      0x000000001fff00a8        0x0 /opt/gcc-arm-none-eabi-7-2017-q4-major/bin/../lib/gcc/arm-none-eabi/7.2.1/thumb/v7e-m/fpv4-sp/hard/crtbegin.o

.bss            0x000000001fff00a8      0x624 load address 0x0000000000003b20
                0x000000001fff00a8                . = ALIGN (0x4)
                0x000000001fff00a8                __START_BSS = .
                0x000000001fff00a8                __bss_start__ = .
 *(.bss)
 .bss           0x000000001fff00a8       0x1c /opt/gcc-arm-none-eabi-7-2017-q4-major/bin/../lib/gcc/arm-none-eabi/7.2.1/thumb/v7e-m/fpv4-sp/hard/crtbegin.o
 *(.bss*)
 .bss.s_debugConsoleIO
                0x000000001fff00c4        0x8 ./utilities/fsl_io.o
 .bss.GPS_bufPtr
                0x000000001fff00cc        0x2 ./source/main.o
                0x000000001fff00cc                GPS_bufPtr
 .bss.GPS_strReady
                0x000000001fff00ce        0x1 ./source/main.o
                0x000000001fff00ce                GPS_strReady
 *fill*         0x000000001fff00cf        0x1 
 .bss.PC_bufPtr
                0x000000001fff00d0        0x2 ./source/main.o
                0x000000001fff00d0                PC_bufPtr
 .bss.PC_strReady
                0x000000001fff00d2        0x1 ./source/main.o
                0x000000001fff00d2                PC_strReady
 *fill*         0x000000001fff00d3        0x1 
 .bss.UART3_bufPtr
                0x000000001fff00d4        0x2 ./source/main.o
                0x000000001fff00d4                UART3_bufPtr
 .bss.UART3_strReady
                0x000000001fff00d6        0x1 ./source/main.o
                0x000000001fff00d6                UART3_strReady
 .bss.jsonMessage.7127
                0x000000001fff00d7       0x96 ./source/nbiot_func.o
 *fill*         0x000000001fff016d        0x3 
 .bss.ticks     0x000000001fff0170        0x4 ./source/timing.o
                0x000000001fff0170                ticks
 .bss.g_dspiHandle
                0x000000001fff0174        0xc ./drivers/fsl_dspi.o
 .bss.s_dspiMasterIsr
                0x000000001fff0180        0x4 ./drivers/fsl_dspi.o
 .bss.s_dspiSlaveIsr
                0x000000001fff0184        0x4 ./drivers/fsl_dspi.o
 .bss.s_EDMAHandle
                0x000000001fff0188       0x40 ./drivers/fsl_edma.o
 .bss.s_ENETHandle
                0x000000001fff01c8        0x4 ./drivers/fsl_enet.o
 .bss.s_enetErrIsr
                0x000000001fff01cc        0x4 ./drivers/fsl_enet.o
 .bss.s_enetRxIsr
                0x000000001fff01d0        0x4 ./drivers/fsl_enet.o
 .bss.s_enetTxIsr
                0x000000001fff01d4        0x4 ./drivers/fsl_enet.o
 .bss.s_flexcanHandle
                0x000000001fff01d8        0x4 ./drivers/fsl_flexcan.o
 .bss.s_flexcanIsr
                0x000000001fff01dc        0x4 ./drivers/fsl_flexcan.o
 .bss.s_i2cHandle
                0x000000001fff01e0        0xc ./drivers/fsl_i2c.o
 .bss.s_i2cMasterIsr
                0x000000001fff01ec        0x4 ./drivers/fsl_i2c.o
 .bss.s_i2cSlaveIsr
                0x000000001fff01f0        0x4 ./drivers/fsl_i2c.o
 .bss.s_saiRxIsr
                0x000000001fff01f4        0x4 ./drivers/fsl_sai.o
 .bss.s_saiTxIsr
                0x000000001fff01f8        0x4 ./drivers/fsl_sai.o
 .bss.s_sdhcHandle
                0x000000001fff01fc        0x4 ./drivers/fsl_sdhc.o
 .bss.s_sdhcIsr
                0x000000001fff0200        0x4 ./drivers/fsl_sdhc.o
 .bss.s_uartHandle
                0x000000001fff0204       0x18 ./drivers/fsl_uart.o
 .bss.s_uartIsr
                0x000000001fff021c        0x4 ./drivers/fsl_uart.o
 .bss.__malloc_free_list
                0x000000001fff0220        0x4 /opt/gcc-arm-none-eabi-7-2017-q4-major/bin/../lib/gcc/arm-none-eabi/7.2.1/../../../../arm-none-eabi/lib/thumb/v7e-m/fpv4-sp/hard/libg_nano.a(lib_a-nano-mallocr.o)
                0x000000001fff0220                __malloc_free_list
 .bss.__malloc_sbrk_start
                0x000000001fff0224        0x4 /opt/gcc-arm-none-eabi-7-2017-q4-major/bin/../lib/gcc/arm-none-eabi/7.2.1/../../../../arm-none-eabi/lib/thumb/v7e-m/fpv4-sp/hard/libg_nano.a(lib_a-nano-mallocr.o)
                0x000000001fff0224                __malloc_sbrk_start
 .bss.heap_end.5377
                0x000000001fff0228        0x4 /opt/gcc-arm-none-eabi-7-2017-q4-major/bin/../lib/gcc/arm-none-eabi/7.2.1/../../../../arm-none-eabi/lib/thumb/v7e-m/fpv4-sp/hard/libnosys.a(sbrk.o)
 *(COMMON)
 COMMON         0x000000001fff022c      0x489 ./source/main.o
                0x000000001fff022c                GPS_recBuf
                0x000000001fff0484                parsedLat
                0x000000001fff0494                uart_config
                0x000000001fff04a4                parsedLon
                0x000000001fff04b3                UART3_recBuf
                0x000000001fff06a8                ms_ticks
                0x000000001fff06ac                smc_power_mode_vlls_config
                0x000000001fff06ae                lptmr_config
 COMMON         0x000000001fff06b5        0x1 ./source/nbiot_func.o
                0x000000001fff06b5                res
 *fill*         0x000000001fff06b6        0x2 
 COMMON         0x000000001fff06b8        0x8 ./drivers/fsl_clock.o
                0x000000001fff06b8                g_xtal32Freq
                0x000000001fff06bc                g_xtal0Freq
 COMMON         0x000000001fff06c0        0x8 ./drivers/fsl_sai.o
                0x000000001fff06c0                s_saiHandle
 COMMON         0x000000001fff06c8        0x4 /opt/gcc-arm-none-eabi-7-2017-q4-major/bin/../lib/gcc/arm-none-eabi/7.2.1/../../../../arm-none-eabi/lib/thumb/v7e-m/fpv4-sp/hard/libg_nano.a(lib_a-reent.o)
                0x000000001fff06c8                errno
                0x000000001fff06cc                . = ALIGN (0x4)
                0x000000001fff06cc                __bss_end__ = .
                0x000000001fff06cc                __END_BSS = .

.heap           0x0000000020000000      0x400
                0x0000000020000000                . = ALIGN (0x8)
                0x0000000020000000                __end__ = .
                0x0000000020000000                PROVIDE (end, .)
                0x0000000020000000                __HeapBase = .
                0x0000000020000400                . = (. + HEAP_SIZE)
 *fill*         0x0000000020000000      0x400 
                0x0000000020000400                __HeapLimit = .
                0x0000000020000400                __heap_limit = .

.stack          0x0000000020000400      0x400
                0x0000000020000400                . = ALIGN (0x8)
                0x0000000020000800                . = (. + STACK_SIZE)
 *fill*         0x0000000020000400      0x400 
                0x0000000020030000                __StackTop = (ORIGIN (m_data_2) + LENGTH (m_data_2))
                0x000000002002fc00                __StackLimit = (__StackTop - STACK_SIZE)
                0x0000000020030000                PROVIDE (__stack, __StackTop)

.ARM.attributes
                0x0000000000000000       0x30
 *(.ARM.attributes)
 .ARM.attributes
                0x0000000000000000       0x22 /opt/gcc-arm-none-eabi-7-2017-q4-major/bin/../lib/gcc/arm-none-eabi/7.2.1/thumb/v7e-m/fpv4-sp/hard/crti.o
 .ARM.attributes
                0x0000000000000022       0x34 /opt/gcc-arm-none-eabi-7-2017-q4-major/bin/../lib/gcc/arm-none-eabi/7.2.1/thumb/v7e-m/fpv4-sp/hard/crtbegin.o
 .ARM.attributes
                0x0000000000000056       0x20 /opt/gcc-arm-none-eabi-7-2017-q4-major/bin/../lib/gcc/arm-none-eabi/7.2.1/../../../../arm-none-eabi/lib/thumb/v7e-m/fpv4-sp/hard/crt0.o
 .ARM.attributes
                0x0000000000000076       0x39 ./utilities/fsl_debug_console.o
 .ARM.attributes
                0x00000000000000af       0x39 ./utilities/fsl_io.o
 .ARM.attributes
                0x00000000000000e8       0x39 ./utilities/fsl_log.o
 .ARM.attributes
                0x0000000000000121       0x1f ./startup/startup_MK64F12.o
 .ARM.attributes
                0x0000000000000140       0x39 ./source/acc_func.o
 .ARM.attributes
                0x0000000000000179       0x39 ./source/adc_func.o
 .ARM.attributes
                0x00000000000001b2       0x39 ./source/at_func.o
 .ARM.attributes
                0x00000000000001eb       0x39 ./source/i2c_func.o
 .ARM.attributes
                0x0000000000000224       0x39 ./source/main.o
 .ARM.attributes
                0x000000000000025d       0x39 ./source/nbiot_func.o
 .ARM.attributes
                0x0000000000000296       0x39 ./source/timing.o
 .ARM.attributes
                0x00000000000002cf       0x39 ./drivers/fsl_adc16.o
 .ARM.attributes
                0x0000000000000308       0x39 ./drivers/fsl_clock.o
 .ARM.attributes
                0x0000000000000341       0x39 ./drivers/fsl_dspi.o
 .ARM.attributes
                0x000000000000037a       0x39 ./drivers/fsl_edma.o
 .ARM.attributes
                0x00000000000003b3       0x39 ./drivers/fsl_enet.o
 .ARM.attributes
                0x00000000000003ec       0x39 ./drivers/fsl_flexcan.o
 .ARM.attributes
                0x0000000000000425       0x39 ./drivers/fsl_gpio.o
 .ARM.attributes
                0x000000000000045e       0x39 ./drivers/fsl_i2c.o
 .ARM.attributes
                0x0000000000000497       0x39 ./drivers/fsl_lptmr.o
 .ARM.attributes
                0x00000000000004d0       0x39 ./drivers/fsl_sai.o
 .ARM.attributes
                0x0000000000000509       0x39 ./drivers/fsl_sdhc.o
 .ARM.attributes
                0x0000000000000542       0x39 ./drivers/fsl_uart.o
 .ARM.attributes
                0x000000000000057b       0x39 ./board/board.o
 .ARM.attributes
                0x00000000000005b4       0x39 ./board/pin_mux.o
 .ARM.attributes
                0x00000000000005ed       0x39 ./CMSIS/system_MK64F12.o
 .ARM.attributes
                0x0000000000000626       0x34 /opt/gcc-arm-none-eabi-7-2017-q4-major/bin/../lib/gcc/arm-none-eabi/7.2.1/../../../../arm-none-eabi/lib/thumb/v7e-m/fpv4-sp/hard/libg_nano.a(lib_a-exit.o)
 .ARM.attributes
                0x000000000000065a       0x34 /opt/gcc-arm-none-eabi-7-2017-q4-major/bin/../lib/gcc/arm-none-eabi/7.2.1/../../../../arm-none-eabi/lib/thumb/v7e-m/fpv4-sp/hard/libg_nano.a(lib_a-impure.o)
 .ARM.attributes
                0x000000000000068e       0x34 /opt/gcc-arm-none-eabi-7-2017-q4-major/bin/../lib/gcc/arm-none-eabi/7.2.1/../../../../arm-none-eabi/lib/thumb/v7e-m/fpv4-sp/hard/libg_nano.a(lib_a-init.o)
 .ARM.attributes
                0x00000000000006c2       0x34 /opt/gcc-arm-none-eabi-7-2017-q4-major/bin/../lib/gcc/arm-none-eabi/7.2.1/../../../../arm-none-eabi/lib/thumb/v7e-m/fpv4-sp/hard/libg_nano.a(lib_a-memcpy-stub.o)
 .ARM.attributes
                0x00000000000006f6       0x34 /opt/gcc-arm-none-eabi-7-2017-q4-major/bin/../lib/gcc/arm-none-eabi/7.2.1/../../../../arm-none-eabi/lib/thumb/v7e-m/fpv4-sp/hard/libg_nano.a(lib_a-memmove.o)
 .ARM.attributes
                0x000000000000072a       0x34 /opt/gcc-arm-none-eabi-7-2017-q4-major/bin/../lib/gcc/arm-none-eabi/7.2.1/../../../../arm-none-eabi/lib/thumb/v7e-m/fpv4-sp/hard/libg_nano.a(lib_a-memset.o)
 .ARM.attributes
                0x000000000000075e       0x34 /opt/gcc-arm-none-eabi-7-2017-q4-major/bin/../lib/gcc/arm-none-eabi/7.2.1/../../../../arm-none-eabi/lib/thumb/v7e-m/fpv4-sp/hard/libg_nano.a(lib_a-printf.o)
 .ARM.attributes
                0x0000000000000792       0x34 /opt/gcc-arm-none-eabi-7-2017-q4-major/bin/../lib/gcc/arm-none-eabi/7.2.1/../../../../arm-none-eabi/lib/thumb/v7e-m/fpv4-sp/hard/libg_nano.a(lib_a-puts.o)
 .ARM.attributes
                0x00000000000007c6       0x34 /opt/gcc-arm-none-eabi-7-2017-q4-major/bin/../lib/gcc/arm-none-eabi/7.2.1/../../../../arm-none-eabi/lib/thumb/v7e-m/fpv4-sp/hard/libg_nano.a(lib_a-sprintf.o)
 .ARM.attributes
                0x00000000000007fa       0x34 /opt/gcc-arm-none-eabi-7-2017-q4-major/bin/../lib/gcc/arm-none-eabi/7.2.1/../../../../arm-none-eabi/lib/thumb/v7e-m/fpv4-sp/hard/libg_nano.a(lib_a-strcpy.o)
 .ARM.attributes
                0x000000000000082e       0x1b /opt/gcc-arm-none-eabi-7-2017-q4-major/bin/../lib/gcc/arm-none-eabi/7.2.1/../../../../arm-none-eabi/lib/thumb/v7e-m/fpv4-sp/hard/libg_nano.a(lib_a-strlen.o)
 .ARM.attributes
                0x0000000000000849       0x34 /opt/gcc-arm-none-eabi-7-2017-q4-major/bin/../lib/gcc/arm-none-eabi/7.2.1/../../../../arm-none-eabi/lib/thumb/v7e-m/fpv4-sp/hard/libg_nano.a(lib_a-strstr.o)
 .ARM.attributes
                0x000000000000087d       0x34 /opt/gcc-arm-none-eabi-7-2017-q4-major/bin/../lib/gcc/arm-none-eabi/7.2.1/../../../../arm-none-eabi/lib/thumb/v7e-m/fpv4-sp/hard/libg_nano.a(lib_a-wbuf.o)
 .ARM.attributes
                0x00000000000008b1       0x34 /opt/gcc-arm-none-eabi-7-2017-q4-major/bin/../lib/gcc/arm-none-eabi/7.2.1/../../../../arm-none-eabi/lib/thumb/v7e-m/fpv4-sp/hard/libg_nano.a(lib_a-wsetup.o)
 .ARM.attributes
                0x00000000000008e5       0x34 /opt/gcc-arm-none-eabi-7-2017-q4-major/bin/../lib/gcc/arm-none-eabi/7.2.1/../../../../arm-none-eabi/lib/thumb/v7e-m/fpv4-sp/hard/libg_nano.a(lib_a-fflush.o)
 .ARM.attributes
                0x0000000000000919       0x34 /opt/gcc-arm-none-eabi-7-2017-q4-major/bin/../lib/gcc/arm-none-eabi/7.2.1/../../../../arm-none-eabi/lib/thumb/v7e-m/fpv4-sp/hard/libg_nano.a(lib_a-findfp.o)
 .ARM.attributes
                0x000000000000094d       0x34 /opt/gcc-arm-none-eabi-7-2017-q4-major/bin/../lib/gcc/arm-none-eabi/7.2.1/../../../../arm-none-eabi/lib/thumb/v7e-m/fpv4-sp/hard/libg_nano.a(lib_a-fwalk.o)
 .ARM.attributes
                0x0000000000000981       0x34 /opt/gcc-arm-none-eabi-7-2017-q4-major/bin/../lib/gcc/arm-none-eabi/7.2.1/../../../../arm-none-eabi/lib/thumb/v7e-m/fpv4-sp/hard/libg_nano.a(lib_a-makebuf.o)
 .ARM.attributes
                0x00000000000009b5       0x34 /opt/gcc-arm-none-eabi-7-2017-q4-major/bin/../lib/gcc/arm-none-eabi/7.2.1/../../../../arm-none-eabi/lib/thumb/v7e-m/fpv4-sp/hard/libg_nano.a(lib_a-nano-freer.o)
 .ARM.attributes
                0x00000000000009e9       0x34 /opt/gcc-arm-none-eabi-7-2017-q4-major/bin/../lib/gcc/arm-none-eabi/7.2.1/../../../../arm-none-eabi/lib/thumb/v7e-m/fpv4-sp/hard/libg_nano.a(lib_a-nano-mallocr.o)
 .ARM.attributes
                0x0000000000000a1d       0x34 /opt/gcc-arm-none-eabi-7-2017-q4-major/bin/../lib/gcc/arm-none-eabi/7.2.1/../../../../arm-none-eabi/lib/thumb/v7e-m/fpv4-sp/hard/libg_nano.a(lib_a-nano-svfprintf.o)
 .ARM.attributes
                0x0000000000000a51       0x34 /opt/gcc-arm-none-eabi-7-2017-q4-major/bin/../lib/gcc/arm-none-eabi/7.2.1/../../../../arm-none-eabi/lib/thumb/v7e-m/fpv4-sp/hard/libg_nano.a(lib_a-nano-vfprintf.o)
 .ARM.attributes
                0x0000000000000a85       0x34 /opt/gcc-arm-none-eabi-7-2017-q4-major/bin/../lib/gcc/arm-none-eabi/7.2.1/../../../../arm-none-eabi/lib/thumb/v7e-m/fpv4-sp/hard/libg_nano.a(lib_a-nano-vfprintf_i.o)
 .ARM.attributes
                0x0000000000000ab9       0x34 /opt/gcc-arm-none-eabi-7-2017-q4-major/bin/../lib/gcc/arm-none-eabi/7.2.1/../../../../arm-none-eabi/lib/thumb/v7e-m/fpv4-sp/hard/libg_nano.a(lib_a-sbrkr.o)
 .ARM.attributes
                0x0000000000000aed       0x34 /opt/gcc-arm-none-eabi-7-2017-q4-major/bin/../lib/gcc/arm-none-eabi/7.2.1/../../../../arm-none-eabi/lib/thumb/v7e-m/fpv4-sp/hard/libg_nano.a(lib_a-stdio.o)
 .ARM.attributes
                0x0000000000000b21       0x34 /opt/gcc-arm-none-eabi-7-2017-q4-major/bin/../lib/gcc/arm-none-eabi/7.2.1/../../../../arm-none-eabi/lib/thumb/v7e-m/fpv4-sp/hard/libg_nano.a(lib_a-writer.o)
 .ARM.attributes
                0x0000000000000b55       0x34 /opt/gcc-arm-none-eabi-7-2017-q4-major/bin/../lib/gcc/arm-none-eabi/7.2.1/../../../../arm-none-eabi/lib/thumb/v7e-m/fpv4-sp/hard/libg_nano.a(lib_a-closer.o)
 .ARM.attributes
                0x0000000000000b89       0x34 /opt/gcc-arm-none-eabi-7-2017-q4-major/bin/../lib/gcc/arm-none-eabi/7.2.1/../../../../arm-none-eabi/lib/thumb/v7e-m/fpv4-sp/hard/libg_nano.a(lib_a-fstatr.o)
 .ARM.attributes
                0x0000000000000bbd       0x34 /opt/gcc-arm-none-eabi-7-2017-q4-major/bin/../lib/gcc/arm-none-eabi/7.2.1/../../../../arm-none-eabi/lib/thumb/v7e-m/fpv4-sp/hard/libg_nano.a(lib_a-isattyr.o)
 .ARM.attributes
                0x0000000000000bf1       0x34 /opt/gcc-arm-none-eabi-7-2017-q4-major/bin/../lib/gcc/arm-none-eabi/7.2.1/../../../../arm-none-eabi/lib/thumb/v7e-m/fpv4-sp/hard/libg_nano.a(lib_a-lseekr.o)
 .ARM.attributes
                0x0000000000000c25       0x20 /opt/gcc-arm-none-eabi-7-2017-q4-major/bin/../lib/gcc/arm-none-eabi/7.2.1/../../../../arm-none-eabi/lib/thumb/v7e-m/fpv4-sp/hard/libg_nano.a(lib_a-memchr.o)
 .ARM.attributes
                0x0000000000000c45       0x34 /opt/gcc-arm-none-eabi-7-2017-q4-major/bin/../lib/gcc/arm-none-eabi/7.2.1/../../../../arm-none-eabi/lib/thumb/v7e-m/fpv4-sp/hard/libg_nano.a(lib_a-mlock.o)
 .ARM.attributes
                0x0000000000000c79       0x34 /opt/gcc-arm-none-eabi-7-2017-q4-major/bin/../lib/gcc/arm-none-eabi/7.2.1/../../../../arm-none-eabi/lib/thumb/v7e-m/fpv4-sp/hard/libg_nano.a(lib_a-nano-reallocr.o)
 .ARM.attributes
                0x0000000000000cad       0x34 /opt/gcc-arm-none-eabi-7-2017-q4-major/bin/../lib/gcc/arm-none-eabi/7.2.1/../../../../arm-none-eabi/lib/thumb/v7e-m/fpv4-sp/hard/libg_nano.a(lib_a-readr.o)
 .ARM.attributes
                0x0000000000000ce1       0x34 /opt/gcc-arm-none-eabi-7-2017-q4-major/bin/../lib/gcc/arm-none-eabi/7.2.1/../../../../arm-none-eabi/lib/thumb/v7e-m/fpv4-sp/hard/libg_nano.a(lib_a-reent.o)
 .ARM.attributes
                0x0000000000000d15       0x34 /opt/gcc-arm-none-eabi-7-2017-q4-major/bin/../lib/gcc/arm-none-eabi/7.2.1/../../../../arm-none-eabi/lib/thumb/v7e-m/fpv4-sp/hard/libg_nano.a(lib_a-nano-msizer.o)
 .ARM.attributes
                0x0000000000000d49       0x34 /opt/gcc-arm-none-eabi-7-2017-q4-major/bin/../lib/gcc/arm-none-eabi/7.2.1/../../../../arm-none-eabi/lib/thumb/v7e-m/fpv4-sp/hard/libnosys.a(close.o)
 .ARM.attributes
                0x0000000000000d7d       0x34 /opt/gcc-arm-none-eabi-7-2017-q4-major/bin/../lib/gcc/arm-none-eabi/7.2.1/../../../../arm-none-eabi/lib/thumb/v7e-m/fpv4-sp/hard/libnosys.a(fstat.o)
 .ARM.attributes
                0x0000000000000db1       0x34 /opt/gcc-arm-none-eabi-7-2017-q4-major/bin/../lib/gcc/arm-none-eabi/7.2.1/../../../../arm-none-eabi/lib/thumb/v7e-m/fpv4-sp/hard/libnosys.a(isatty.o)
 .ARM.attributes
                0x0000000000000de5       0x34 /opt/gcc-arm-none-eabi-7-2017-q4-major/bin/../lib/gcc/arm-none-eabi/7.2.1/../../../../arm-none-eabi/lib/thumb/v7e-m/fpv4-sp/hard/libnosys.a(lseek.o)
 .ARM.attributes
                0x0000000000000e19       0x34 /opt/gcc-arm-none-eabi-7-2017-q4-major/bin/../lib/gcc/arm-none-eabi/7.2.1/../../../../arm-none-eabi/lib/thumb/v7e-m/fpv4-sp/hard/libnosys.a(sbrk.o)
 .ARM.attributes
                0x0000000000000e4d       0x34 /opt/gcc-arm-none-eabi-7-2017-q4-major/bin/../lib/gcc/arm-none-eabi/7.2.1/../../../../arm-none-eabi/lib/thumb/v7e-m/fpv4-sp/hard/libnosys.a(_exit.o)
 .ARM.attributes
                0x0000000000000e81       0x22 /opt/gcc-arm-none-eabi-7-2017-q4-major/bin/../lib/gcc/arm-none-eabi/7.2.1/thumb/v7e-m/fpv4-sp/hard/crtn.o
                0x0000000000000001                ASSERT ((__StackLimit >= __HeapLimit), region m_data_2 overflowed with stack and heap)
OUTPUT(trackershield.elf elf32-littlearm)

.debug_info     0x0000000000000000    0x2a332
 .debug_info    0x0000000000000000      0xdd7 ./utilities/fsl_debug_console.o
 .debug_info    0x0000000000000dd7     0x1122 ./utilities/fsl_io.o
 .debug_info    0x0000000000001ef9      0xc4c ./utilities/fsl_log.o
 .debug_info    0x0000000000002b45       0x26 ./startup/startup_MK64F12.o
 .debug_info    0x0000000000002b6b      0xafc ./source/acc_func.o
 .debug_info    0x0000000000003667     0x107b ./source/adc_func.o
 .debug_info    0x00000000000046e2      0xccd ./source/at_func.o
 .debug_info    0x00000000000053af     0x104a ./source/i2c_func.o
 .debug_info    0x00000000000063f9     0x2be0 ./source/main.o
 .debug_info    0x0000000000008fd9     0x1643 ./source/nbiot_func.o
 .debug_info    0x000000000000a61c      0x114 ./source/timing.o
 .debug_info    0x000000000000a730     0x1636 ./drivers/fsl_adc16.o
 .debug_info    0x000000000000bd66     0x2aec ./drivers/fsl_clock.o
 .debug_info    0x000000000000e852     0x3dd9 ./drivers/fsl_dspi.o
 .debug_info    0x000000000001262b     0x2c28 ./drivers/fsl_edma.o
 .debug_info    0x0000000000015253     0x3090 ./drivers/fsl_enet.o
 .debug_info    0x00000000000182e3     0x2c9c ./drivers/fsl_flexcan.o
 .debug_info    0x000000000001af7f      0xe87 ./drivers/fsl_gpio.o
 .debug_info    0x000000000001be06     0x2c57 ./drivers/fsl_i2c.o
 .debug_info    0x000000000001ea5d      0xe76 ./drivers/fsl_lptmr.o
 .debug_info    0x000000000001f8d3     0x2ae0 ./drivers/fsl_sai.o
 .debug_info    0x00000000000223b3     0x329c ./drivers/fsl_sdhc.o
 .debug_info    0x000000000002564f     0x2782 ./drivers/fsl_uart.o
 .debug_info    0x0000000000027dd1      0xe62 ./board/board.o
 .debug_info    0x0000000000028c33     0x10eb ./board/pin_mux.o
 .debug_info    0x0000000000029d1e      0x614 ./CMSIS/system_MK64F12.o

.debug_abbrev   0x0000000000000000     0x588a
 .debug_abbrev  0x0000000000000000      0x2fb ./utilities/fsl_debug_console.o
 .debug_abbrev  0x00000000000002fb      0x2fb ./utilities/fsl_io.o
 .debug_abbrev  0x00000000000005f6      0x2c9 ./utilities/fsl_log.o
 .debug_abbrev  0x00000000000008bf       0x14 ./startup/startup_MK64F12.o
 .debug_abbrev  0x00000000000008d3      0x233 ./source/acc_func.o
 .debug_abbrev  0x0000000000000b06      0x307 ./source/adc_func.o
 .debug_abbrev  0x0000000000000e0d      0x2af ./source/at_func.o
 .debug_abbrev  0x00000000000010bc      0x322 ./source/i2c_func.o
 .debug_abbrev  0x00000000000013de      0x4a8 ./source/main.o
 .debug_abbrev  0x0000000000001886      0x360 ./source/nbiot_func.o
 .debug_abbrev  0x0000000000001be6       0xcd ./source/timing.o
 .debug_abbrev  0x0000000000001cb3      0x3e3 ./drivers/fsl_adc16.o
 .debug_abbrev  0x0000000000002096      0x505 ./drivers/fsl_clock.o
 .debug_abbrev  0x000000000000259b      0x532 ./drivers/fsl_dspi.o
 .debug_abbrev  0x0000000000002acd      0x521 ./drivers/fsl_edma.o
 .debug_abbrev  0x0000000000002fee      0x488 ./drivers/fsl_enet.o
 .debug_abbrev  0x0000000000003476      0x4e7 ./drivers/fsl_flexcan.o
 .debug_abbrev  0x000000000000395d      0x2c4 ./drivers/fsl_gpio.o
 .debug_abbrev  0x0000000000003c21      0x530 ./drivers/fsl_i2c.o
 .debug_abbrev  0x0000000000004151      0x2bc ./drivers/fsl_lptmr.o
 .debug_abbrev  0x000000000000440d      0x536 ./drivers/fsl_sai.o
 .debug_abbrev  0x0000000000004943      0x47d ./drivers/fsl_sdhc.o
 .debug_abbrev  0x0000000000004dc0      0x4b7 ./drivers/fsl_uart.o
 .debug_abbrev  0x0000000000005277      0x23a ./board/board.o
 .debug_abbrev  0x00000000000054b1      0x2b5 ./board/pin_mux.o
 .debug_abbrev  0x0000000000005766      0x124 ./CMSIS/system_MK64F12.o

.debug_loc      0x0000000000000000     0xe774
 .debug_loc     0x0000000000000000      0x2d5 ./utilities/fsl_debug_console.o
 .debug_loc     0x00000000000002d5      0x1f6 ./utilities/fsl_io.o
 .debug_loc     0x00000000000004cb      0x26c ./utilities/fsl_log.o
 .debug_loc     0x0000000000000737      0x15b ./source/acc_func.o
 .debug_loc     0x0000000000000892       0xb1 ./source/adc_func.o
 .debug_loc     0x0000000000000943      0x155 ./source/at_func.o
 .debug_loc     0x0000000000000a98      0x180 ./source/i2c_func.o
 .debug_loc     0x0000000000000c18      0x372 ./source/main.o
 .debug_loc     0x0000000000000f8a      0x597 ./source/nbiot_func.o
 .debug_loc     0x0000000000001521       0x21 ./source/timing.o
 .debug_loc     0x0000000000001542      0x3cf ./drivers/fsl_adc16.o
 .debug_loc     0x0000000000001911     0x1143 ./drivers/fsl_clock.o
 .debug_loc     0x0000000000002a54     0x2467 ./drivers/fsl_dspi.o
 .debug_loc     0x0000000000004ebb      0xb39 ./drivers/fsl_edma.o
 .debug_loc     0x00000000000059f4     0x1165 ./drivers/fsl_enet.o
 .debug_loc     0x0000000000006b59     0x10c8 ./drivers/fsl_flexcan.o
 .debug_loc     0x0000000000007c21      0x3b8 ./drivers/fsl_gpio.o
 .debug_loc     0x0000000000007fd9     0x1e14 ./drivers/fsl_i2c.o
 .debug_loc     0x0000000000009ded       0x60 ./drivers/fsl_lptmr.o
 .debug_loc     0x0000000000009e4d     0x168c ./drivers/fsl_sai.o
 .debug_loc     0x000000000000b4d9     0x185b ./drivers/fsl_sdhc.o
 .debug_loc     0x000000000000cd34     0x1636 ./drivers/fsl_uart.o
 .debug_loc     0x000000000000e36a       0x1e ./board/board.o
 .debug_loc     0x000000000000e388      0x328 ./board/pin_mux.o
 .debug_loc     0x000000000000e6b0       0xc4 ./CMSIS/system_MK64F12.o

.debug_aranges  0x0000000000000000      0xf00
 .debug_aranges
                0x0000000000000000       0x68 ./utilities/fsl_debug_console.o
 .debug_aranges
                0x0000000000000068       0x38 ./utilities/fsl_io.o
 .debug_aranges
                0x00000000000000a0       0x50 ./utilities/fsl_log.o
 .debug_aranges
                0x00000000000000f0       0x20 ./startup/startup_MK64F12.o
 .debug_aranges
                0x0000000000000110       0x30 ./source/acc_func.o
 .debug_aranges
                0x0000000000000140       0x28 ./source/adc_func.o
 .debug_aranges
                0x0000000000000168       0x30 ./source/at_func.o
 .debug_aranges
                0x0000000000000198       0x30 ./source/i2c_func.o
 .debug_aranges
                0x00000000000001c8       0x70 ./source/main.o
 .debug_aranges
                0x0000000000000238       0x98 ./source/nbiot_func.o
 .debug_aranges
                0x00000000000002d0       0x30 ./source/timing.o
 .debug_aranges
                0x0000000000000300       0x70 ./drivers/fsl_adc16.o
 .debug_aranges
                0x0000000000000370      0x190 ./drivers/fsl_clock.o
 .debug_aranges
                0x0000000000000500      0x120 ./drivers/fsl_dspi.o
 .debug_aranges
                0x0000000000000620      0x1d0 ./drivers/fsl_edma.o
 .debug_aranges
                0x00000000000007f0       0xf0 ./drivers/fsl_enet.o
 .debug_aranges
                0x00000000000008e0      0x100 ./drivers/fsl_flexcan.o
 .debug_aranges
                0x00000000000009e0       0x30 ./drivers/fsl_gpio.o
 .debug_aranges
                0x0000000000000a10      0x120 ./drivers/fsl_i2c.o
 .debug_aranges
                0x0000000000000b30       0x30 ./drivers/fsl_lptmr.o
 .debug_aranges
                0x0000000000000b60      0x140 ./drivers/fsl_sai.o
 .debug_aranges
                0x0000000000000ca0       0xb8 ./drivers/fsl_sdhc.o
 .debug_aranges
                0x0000000000000d58      0x138 ./drivers/fsl_uart.o
 .debug_aranges
                0x0000000000000e90       0x20 ./board/board.o
 .debug_aranges
                0x0000000000000eb0       0x28 ./board/pin_mux.o
 .debug_aranges
                0x0000000000000ed8       0x28 ./CMSIS/system_MK64F12.o

.debug_ranges   0x0000000000000000     0x1778
 .debug_ranges  0x0000000000000000       0x58 ./utilities/fsl_debug_console.o
 .debug_ranges  0x0000000000000058       0x28 ./utilities/fsl_io.o
 .debug_ranges  0x0000000000000080       0x40 ./utilities/fsl_log.o
 .debug_ranges  0x00000000000000c0       0x20 ./source/acc_func.o
 .debug_ranges  0x00000000000000e0       0x50 ./source/adc_func.o
 .debug_ranges  0x0000000000000130       0x20 ./source/at_func.o
 .debug_ranges  0x0000000000000150       0x20 ./source/i2c_func.o
 .debug_ranges  0x0000000000000170       0xc0 ./source/main.o
 .debug_ranges  0x0000000000000230       0xa8 ./source/nbiot_func.o
 .debug_ranges  0x00000000000002d8       0x20 ./source/timing.o
 .debug_ranges  0x00000000000002f8       0x98 ./drivers/fsl_adc16.o
 .debug_ranges  0x0000000000000390      0x218 ./drivers/fsl_clock.o
 .debug_ranges  0x00000000000005a8      0x3c8 ./drivers/fsl_dspi.o
 .debug_ranges  0x0000000000000970      0x208 ./drivers/fsl_edma.o
 .debug_ranges  0x0000000000000b78      0x1e0 ./drivers/fsl_enet.o
 .debug_ranges  0x0000000000000d58      0x188 ./drivers/fsl_flexcan.o
 .debug_ranges  0x0000000000000ee0       0x68 ./drivers/fsl_gpio.o
 .debug_ranges  0x0000000000000f48      0x210 ./drivers/fsl_i2c.o
 .debug_ranges  0x0000000000001158       0x38 ./drivers/fsl_lptmr.o
 .debug_ranges  0x0000000000001190      0x230 ./drivers/fsl_sai.o
 .debug_ranges  0x00000000000013c0      0x1d8 ./drivers/fsl_sdhc.o
 .debug_ranges  0x0000000000001598      0x188 ./drivers/fsl_uart.o
 .debug_ranges  0x0000000000001720       0x10 ./board/board.o
 .debug_ranges  0x0000000000001730       0x30 ./board/pin_mux.o
 .debug_ranges  0x0000000000001760       0x18 ./CMSIS/system_MK64F12.o

.debug_line     0x0000000000000000     0x75dc
 .debug_line    0x0000000000000000      0x31f ./utilities/fsl_debug_console.o
 .debug_line    0x000000000000031f      0x25d ./utilities/fsl_io.o
 .debug_line    0x000000000000057c      0x275 ./utilities/fsl_log.o
 .debug_line    0x00000000000007f1      0x174 ./startup/startup_MK64F12.o
 .debug_line    0x0000000000000965      0x1bf ./source/acc_func.o
 .debug_line    0x0000000000000b24      0x22e ./source/adc_func.o
 .debug_line    0x0000000000000d52      0x240 ./source/at_func.o
 .debug_line    0x0000000000000f92      0x264 ./source/i2c_func.o
 .debug_line    0x00000000000011f6      0x518 ./source/main.o
 .debug_line    0x000000000000170e      0x43b ./source/nbiot_func.o
 .debug_line    0x0000000000001b49      0x120 ./source/timing.o
 .debug_line    0x0000000000001c69      0x32c ./drivers/fsl_adc16.o
 .debug_line    0x0000000000001f95      0x8a9 ./drivers/fsl_clock.o
 .debug_line    0x000000000000283e      0xbcb ./drivers/fsl_dspi.o
 .debug_line    0x0000000000003409      0x933 ./drivers/fsl_edma.o
 .debug_line    0x0000000000003d3c      0x6a1 ./drivers/fsl_enet.o
 .debug_line    0x00000000000043dd      0x7dd ./drivers/fsl_flexcan.o
 .debug_line    0x0000000000004bba      0x217 ./drivers/fsl_gpio.o
 .debug_line    0x0000000000004dd1      0x8eb ./drivers/fsl_i2c.o
 .debug_line    0x00000000000056bc      0x218 ./drivers/fsl_lptmr.o
 .debug_line    0x00000000000058d4      0x82b ./drivers/fsl_sai.o
 .debug_line    0x00000000000060ff      0x7c3 ./drivers/fsl_sdhc.o
 .debug_line    0x00000000000068c2      0x7b1 ./drivers/fsl_uart.o
 .debug_line    0x0000000000007073      0x1eb ./board/board.o
 .debug_line    0x000000000000725e      0x1f5 ./board/pin_mux.o
 .debug_line    0x0000000000007453      0x189 ./CMSIS/system_MK64F12.o

.debug_str      0x0000000000000000     0xbed7
 .debug_str     0x0000000000000000      0x7b8 ./utilities/fsl_debug_console.o
                                        0x874 (size before relaxing)
 .debug_str     0x00000000000007b8      0xa29 ./utilities/fsl_io.o
                                       0x110c (size before relaxing)
 .debug_str     0x00000000000011e1       0x3c ./utilities/fsl_log.o
                                        0x7a5 (size before relaxing)
 .debug_str     0x000000000000121d       0x2c ./startup/startup_MK64F12.o
                                         0x7d (size before relaxing)
 .debug_str     0x0000000000001249       0x88 ./source/acc_func.o
                                        0x64f (size before relaxing)
 .debug_str     0x00000000000012d1      0x8a5 ./source/adc_func.o
                                        0xee5 (size before relaxing)
 .debug_str     0x0000000000001b76      0x146 ./source/at_func.o
                                        0x741 (size before relaxing)
 .debug_str     0x0000000000001cbc      0x350 ./source/i2c_func.o
                                        0xc5e (size before relaxing)
 .debug_str     0x000000000000200c     0x152d ./source/main.o
                                       0x2986 (size before relaxing)
 .debug_str     0x0000000000003539      0x1c9 ./source/nbiot_func.o
                                        0x932 (size before relaxing)
 .debug_str     0x0000000000003702       0x29 ./source/timing.o
                                        0x203 (size before relaxing)
 .debug_str     0x000000000000372b      0x397 ./drivers/fsl_adc16.o
                                       0x1833 (size before relaxing)
 .debug_str     0x0000000000003ac2      0xeb1 ./drivers/fsl_clock.o
                                       0x20d8 (size before relaxing)
 .debug_str     0x0000000000004973     0x1286 ./drivers/fsl_dspi.o
                                       0x2794 (size before relaxing)
 .debug_str     0x0000000000005bf9      0xf3f ./drivers/fsl_edma.o
                                       0x1f24 (size before relaxing)
 .debug_str     0x0000000000006b38     0x1134 ./drivers/fsl_enet.o
                                       0x2725 (size before relaxing)
 .debug_str     0x0000000000007c6c      0xfc4 ./drivers/fsl_flexcan.o
                                       0x1f97 (size before relaxing)
 .debug_str     0x0000000000008c30       0xa9 ./drivers/fsl_gpio.o
                                        0xd05 (size before relaxing)
 .debug_str     0x0000000000008cd9      0x9d6 ./drivers/fsl_i2c.o
                                       0x20e7 (size before relaxing)
 .debug_str     0x00000000000096af       0x51 ./drivers/fsl_lptmr.o
                                        0xd7b (size before relaxing)
 .debug_str     0x0000000000009700      0xae8 ./drivers/fsl_sai.o
                                       0x1b0c (size before relaxing)
 .debug_str     0x000000000000a1e8     0x152f ./drivers/fsl_sdhc.o
                                       0x2a7f (size before relaxing)
 .debug_str     0x000000000000b717      0x6e4 ./drivers/fsl_uart.o
                                       0x224c (size before relaxing)
 .debug_str     0x000000000000bdfb       0x11 ./board/board.o
                                        0xaa6 (size before relaxing)
 .debug_str     0x000000000000be0c       0x26 ./board/pin_mux.o
                                        0xaeb (size before relaxing)
 .debug_str     0x000000000000be32       0xa5 ./CMSIS/system_MK64F12.o
                                        0x3f6 (size before relaxing)

.comment        0x0000000000000000       0x7e
 .comment       0x0000000000000000       0x7e ./utilities/fsl_debug_console.o
                                         0x7f (size before relaxing)
 .comment       0x000000000000007e       0x7f ./utilities/fsl_io.o
 .comment       0x000000000000007e       0x7f ./utilities/fsl_log.o
 .comment       0x000000000000007e       0x7f ./source/acc_func.o
 .comment       0x000000000000007e       0x7f ./source/adc_func.o
 .comment       0x000000000000007e       0x7f ./source/at_func.o
 .comment       0x000000000000007e       0x7f ./source/i2c_func.o
 .comment       0x000000000000007e       0x7f ./source/main.o
 .comment       0x000000000000007e       0x7f ./source/nbiot_func.o
 .comment       0x000000000000007e       0x7f ./source/timing.o
 .comment       0x000000000000007e       0x7f ./drivers/fsl_adc16.o
 .comment       0x000000000000007e       0x7f ./drivers/fsl_clock.o
 .comment       0x000000000000007e       0x7f ./drivers/fsl_dspi.o
 .comment       0x000000000000007e       0x7f ./drivers/fsl_edma.o
 .comment       0x000000000000007e       0x7f ./drivers/fsl_enet.o
 .comment       0x000000000000007e       0x7f ./drivers/fsl_flexcan.o
 .comment       0x000000000000007e       0x7f ./drivers/fsl_gpio.o
 .comment       0x000000000000007e       0x7f ./drivers/fsl_i2c.o
 .comment       0x000000000000007e       0x7f ./drivers/fsl_lptmr.o
 .comment       0x000000000000007e       0x7f ./drivers/fsl_sai.o
 .comment       0x000000000000007e       0x7f ./drivers/fsl_sdhc.o
 .comment       0x000000000000007e       0x7f ./drivers/fsl_uart.o
 .comment       0x000000000000007e       0x7f ./board/board.o
 .comment       0x000000000000007e       0x7f ./board/pin_mux.o
 .comment       0x000000000000007e       0x7f ./CMSIS/system_MK64F12.o

.debug_frame    0x0000000000000000     0x389c
 .debug_frame   0x0000000000000000      0x178 ./utilities/fsl_debug_console.o
 .debug_frame   0x0000000000000178       0x94 ./utilities/fsl_io.o
 .debug_frame   0x000000000000020c       0xc8 ./utilities/fsl_log.o
 .debug_frame   0x00000000000002d4       0x70 ./source/acc_func.o
 .debug_frame   0x0000000000000344       0x48 ./source/adc_func.o
 .debug_frame   0x000000000000038c       0x70 ./source/at_func.o
 .debug_frame   0x00000000000003fc       0x74 ./source/i2c_func.o
 .debug_frame   0x0000000000000470      0x138 ./source/main.o
 .debug_frame   0x00000000000005a8      0x2ac ./source/nbiot_func.o
 .debug_frame   0x0000000000000854       0x40 ./source/timing.o