12:58:11 **** Incremental Build of configuration Release for project reindeerlog ****
make -j4 all 
Building file: ../source/acc_func.c
Building file: ../source/main.c
Invoking: Cross ARM C Compiler
Invoking: Cross ARM C Compiler
arm-none-eabi-gcc -mcpu=cortex-m4 -mthumb -mfloat-abi=hard -mfpu=fpv4-sp-d16 -O3 -fmessage-length=0 -fsigned-char -ffunction-sections -fdata-sections -Wall  -g -DCPU_MK64FN1M0VDC12 -DCPU_MK64FN1M0VDC12_cm4 -DFSL_RTOS_BM -DNDEBUG -DSDK_OS_BAREMETAL -I../CMSIS -I../board -I../drivers -I../utilities -std=gnu99 -MMD -MP -MF"source/acc_func.d" -MT"source/acc_func.o" -c -o "source/acc_func.o" "../source/acc_func.c"
arm-none-eabi-gcc -mcpu=cortex-m4 -mthumb -mfloat-abi=hard -mfpu=fpv4-sp-d16 -O3 -fmessage-length=0 -fsigned-char -ffunction-sections -fdata-sections -Wall  -g -DCPU_MK64FN1M0VDC12 -DCPU_MK64FN1M0VDC12_cm4 -DFSL_RTOS_BM -DNDEBUG -DSDK_OS_BAREMETAL -I../CMSIS -I../board -I../drivers -I../utilities -std=gnu99 -MMD -MP -MF"source/main.d" -MT"source/main.o" -c -o "source/main.o" "../source/main.c"
../source/acc_func.c: In function 'acc_init':
../source/acc_func.c:11:3: warning: implicit declaration of function 'accWriteReg' [-Wimplicit-function-declaration]
   accWriteReg(0x2a,0x01);
   ^~~~~~~~~~~
../source/acc_func.c: In function 'read_acc_axis':
../source/acc_func.c:33:22: warning: implicit declaration of function 'accReadReg' [-Wimplicit-function-declaration]
    uint8_t acc_buf = accReadReg(axis);
                      ^~~~~~~~~~
Finished building: ../source/acc_func.c
 
../source/main.c: In function 'delay':
../source/main.c:37:2: warning: statement with no effect [-Wunused-value]
  for(del;del>1;del--)
  ^~~
Finished building: ../source/main.c
 
Building target: reindeerlog.elf
Invoking: Cross ARM C++ Linker
arm-none-eabi-g++ -mcpu=cortex-m4 -mthumb -mfloat-abi=hard -mfpu=fpv4-sp-d16 -O3 -fmessage-length=0 -fsigned-char -ffunction-sections -fdata-sections -Wall  -g -T "../MK64FN1M0xxx12_flash.ld" -Xlinker --gc-sections -Wl,-Map,"reindeerlog.map" --specs=nano.specs -specs=nosys.specs -Xlinker -z -Xlinker muldefs -o "reindeerlog.elf"  ./utilities/fsl_assert.o ./utilities/fsl_debug_console.o ./utilities/fsl_io.o ./utilities/fsl_log.o ./utilities/fsl_notifier.o ./utilities/fsl_shell.o ./utilities/fsl_str.o  ./startup/startup_MK64F12.o  ./source/acc_func.o ./source/i2c_func.o ./source/main.o  ./drivers/fsl_adc16.o ./drivers/fsl_clock.o ./drivers/fsl_cmp.o ./drivers/fsl_cmt.o ./drivers/fsl_common.o ./drivers/fsl_crc.o ./drivers/fsl_dac.o ./drivers/fsl_dmamux.o ./drivers/fsl_dspi.o ./drivers/fsl_dspi_edma.o ./drivers/fsl_edma.o ./drivers/fsl_enet.o ./drivers/fsl_ewm.o ./drivers/fsl_flash.o ./drivers/fsl_flexbus.o ./drivers/fsl_flexcan.o ./drivers/fsl_ftm.o ./drivers/fsl_gpio.o ./drivers/fsl_i2c.o ./drivers/fsl_i2c_edma.o ./drivers/fsl_llwu.o ./drivers/fsl_lptmr.o ./drivers/fsl_pdb.o ./drivers/fsl_pit.o ./drivers/fsl_pmc.o ./drivers/fsl_rcm.o ./drivers/fsl_rnga.o ./drivers/fsl_rtc.o ./drivers/fsl_sai.o ./drivers/fsl_sai_edma.o ./drivers/fsl_sdhc.o ./drivers/fsl_sim.o ./drivers/fsl_smc.o ./drivers/fsl_sysmpu.o ./drivers/fsl_uart.o ./drivers/fsl_uart_edma.o ./drivers/fsl_wdog.o  ./board/board.o ./board/clock_config.o ./board/peripherals.o ./board/pin_mux.o  ./CMSIS/system_MK64F12.o   
Finished building target: reindeerlog.elf
 
Invoking: Cross ARM GNU Print Size
Invoking: Cross ARM GNU Create Flash Image
arm-none-eabi-objcopy -O binary "reindeerlog.elf"  "reindeerlog.bin"
arm-none-eabi-size --format=berkeley "reindeerlog.elf"
   text	   data	    bss	    dec	    hex	filename
  10152	    112	   2476	  12740	   31c4	reindeerlog.elf
Finished building: reindeerlog.siz
 
Finished building: reindeerlog.bin
 
