09:59:23 **** Incremental Build of configuration Release for project poroIoT ****
make -j4 all 
Building file: ../source/main.c
Building file: ../drivers/fsl_clock.c
Invoking: Cross ARM GNU C Compiler
Building file: ../drivers/fsl_cmp.c
Invoking: Cross ARM GNU C Compiler
arm-none-eabi-gcc -mcpu=cortex-m0plus -mthumb -Os -fmessage-length=0 -fsigned-char -ffunction-sections -fdata-sections -Wall  -g -DCPU_MKL17Z256VFM4 -DCPU_MKL17Z256VFM4_cm0plus -DFSL_RTOS_BM -DNDEBUG -DSDK_OS_BAREMETAL -I../CMSIS -I../board -I../drivers -I../utilities -std=gnu99 -MMD -MP -MF"source/main.d" -MT"source/main.o" -c -o "source/main.o" "../source/main.c"
arm-none-eabi-gcc -mcpu=cortex-m0plus -mthumb -Os -fmessage-length=0 -fsigned-char -ffunction-sections -fdata-sections -Wall  -g -DCPU_MKL17Z256VFM4 -DCPU_MKL17Z256VFM4_cm0plus -DFSL_RTOS_BM -DNDEBUG -DSDK_OS_BAREMETAL -I../CMSIS -I../board -I../drivers -I../utilities -std=gnu99 -MMD -MP -MF"drivers/fsl_clock.d" -MT"drivers/fsl_clock.o" -c -o "drivers/fsl_clock.o" "../drivers/fsl_clock.c"
Building file: ../drivers/fsl_common.c
Invoking: Cross ARM GNU C Compiler
arm-none-eabi-gcc -mcpu=cortex-m0plus -mthumb -Os -fmessage-length=0 -fsigned-char -ffunction-sections -fdata-sections -Wall  -g -DCPU_MKL17Z256VFM4 -DCPU_MKL17Z256VFM4_cm0plus -DFSL_RTOS_BM -DNDEBUG -DSDK_OS_BAREMETAL -I../CMSIS -I../board -I../drivers -I../utilities -std=gnu99 -MMD -MP -MF"drivers/fsl_cmp.d" -MT"drivers/fsl_cmp.o" -c -o "drivers/fsl_cmp.o" "../drivers/fsl_cmp.c"
Invoking: Cross ARM GNU C Compiler
arm-none-eabi-gcc -mcpu=cortex-m0plus -mthumb -Os -fmessage-length=0 -fsigned-char -ffunction-sections -fdata-sections -Wall  -g -DCPU_MKL17Z256VFM4 -DCPU_MKL17Z256VFM4_cm0plus -DFSL_RTOS_BM -DNDEBUG -DSDK_OS_BAREMETAL -I../CMSIS -I../board -I../drivers -I../utilities -std=gnu99 -MMD -MP -MF"drivers/fsl_common.d" -MT"drivers/fsl_common.o" -c -o "drivers/fsl_common.o" "../drivers/fsl_common.c"
Finished building: ../drivers/fsl_common.c
 
Building file: ../drivers/fsl_cop.c
Invoking: Cross ARM GNU C Compiler
arm-none-eabi-gcc -mcpu=cortex-m0plus -mthumb -Os -fmessage-length=0 -fsigned-char -ffunction-sections -fdata-sections -Wall  -g -DCPU_MKL17Z256VFM4 -DCPU_MKL17Z256VFM4_cm0plus -DFSL_RTOS_BM -DNDEBUG -DSDK_OS_BAREMETAL -I../CMSIS -I../board -I../drivers -I../utilities -std=gnu99 -MMD -MP -MF"drivers/fsl_cop.d" -MT"drivers/fsl_cop.o" -c -o "drivers/fsl_cop.o" "../drivers/fsl_cop.c"
Finished building: ../source/main.c
 
Building file: ../drivers/fsl_dac.c
Invoking: Cross ARM GNU C Compiler
arm-none-eabi-gcc -mcpu=cortex-m0plus -mthumb -Os -fmessage-length=0 -fsigned-char -ffunction-sections -fdata-sections -Wall  -g -DCPU_MKL17Z256VFM4 -DCPU_MKL17Z256VFM4_cm0plus -DFSL_RTOS_BM -DNDEBUG -DSDK_OS_BAREMETAL -I../CMSIS -I../board -I../drivers -I../utilities -std=gnu99 -MMD -MP -MF"drivers/fsl_dac.d" -MT"drivers/fsl_dac.o" -c -o "drivers/fsl_dac.o" "../drivers/fsl_dac.c"
Finished building: ../drivers/fsl_cmp.c
 
Building file: ../drivers/fsl_dma.c
Invoking: Cross ARM GNU C Compiler
arm-none-eabi-gcc -mcpu=cortex-m0plus -mthumb -Os -fmessage-length=0 -fsigned-char -ffunction-sections -fdata-sections -Wall  -g -DCPU_MKL17Z256VFM4 -DCPU_MKL17Z256VFM4_cm0plus -DFSL_RTOS_BM -DNDEBUG -DSDK_OS_BAREMETAL -I../CMSIS -I../board -I../drivers -I../utilities -std=gnu99 -MMD -MP -MF"drivers/fsl_dma.d" -MT"drivers/fsl_dma.o" -c -o "drivers/fsl_dma.o" "../drivers/fsl_dma.c"
Finished building: ../drivers/fsl_cop.c
 
Building file: ../drivers/fsl_dmamux.c
Invoking: Cross ARM GNU C Compiler
arm-none-eabi-gcc -mcpu=cortex-m0plus -mthumb -Os -fmessage-length=0 -fsigned-char -ffunction-sections -fdata-sections -Wall  -g -DCPU_MKL17Z256VFM4 -DCPU_MKL17Z256VFM4_cm0plus -DFSL_RTOS_BM -DNDEBUG -DSDK_OS_BAREMETAL -I../CMSIS -I../board -I../drivers -I../utilities -std=gnu99 -MMD -MP -MF"drivers/fsl_dmamux.d" -MT"drivers/fsl_dmamux.o" -c -o "drivers/fsl_dmamux.o" "../drivers/fsl_dmamux.c"
Finished building: ../drivers/fsl_clock.c
 
Building file: ../drivers/fsl_flash.c
Invoking: Cross ARM GNU C Compiler
arm-none-eabi-gcc -mcpu=cortex-m0plus -mthumb -Os -fmessage-length=0 -fsigned-char -ffunction-sections -fdata-sections -Wall  -g -DCPU_MKL17Z256VFM4 -DCPU_MKL17Z256VFM4_cm0plus -DFSL_RTOS_BM -DNDEBUG -DSDK_OS_BAREMETAL -I../CMSIS -I../board -I../drivers -I../utilities -std=gnu99 -MMD -MP -MF"drivers/fsl_flash.d" -MT"drivers/fsl_flash.o" -c -o "drivers/fsl_flash.o" "../drivers/fsl_flash.c"
Finished building: ../drivers/fsl_dmamux.c
Finished building: ../drivers/fsl_dac.c
 
 
Building file: ../drivers/fsl_flexio.c
Building file: ../drivers/fsl_flexio_i2c_master.c
Invoking: Cross ARM GNU C Compiler
arm-none-eabi-gcc -mcpu=cortex-m0plus -mthumb -Os -fmessage-length=0 -fsigned-char -ffunction-sections -fdata-sections -Wall  -g -DCPU_MKL17Z256VFM4 -DCPU_MKL17Z256VFM4_cm0plus -DFSL_RTOS_BM -DNDEBUG -DSDK_OS_BAREMETAL -I../CMSIS -I../board -I../drivers -I../utilities -std=gnu99 -MMD -MP -MF"drivers/fsl_flexio.d" -MT"drivers/fsl_flexio.o" -c -o "drivers/fsl_flexio.o" "../drivers/fsl_flexio.c"
Invoking: Cross ARM GNU C Compiler
arm-none-eabi-gcc -mcpu=cortex-m0plus -mthumb -Os -fmessage-length=0 -fsigned-char -ffunction-sections -fdata-sections -Wall  -g -DCPU_MKL17Z256VFM4 -DCPU_MKL17Z256VFM4_cm0plus -DFSL_RTOS_BM -DNDEBUG -DSDK_OS_BAREMETAL -I../CMSIS -I../board -I../drivers -I../utilities -std=gnu99 -MMD -MP -MF"drivers/fsl_flexio_i2c_master.d" -MT"drivers/fsl_flexio_i2c_master.o" -c -o "drivers/fsl_flexio_i2c_master.o" "../drivers/fsl_flexio_i2c_master.c"
Finished building: ../drivers/fsl_dma.c
 
Building file: ../drivers/fsl_flexio_i2s.c
Invoking: Cross ARM GNU C Compiler
arm-none-eabi-gcc -mcpu=cortex-m0plus -mthumb -Os -fmessage-length=0 -fsigned-char -ffunction-sections -fdata-sections -Wall  -g -DCPU_MKL17Z256VFM4 -DCPU_MKL17Z256VFM4_cm0plus -DFSL_RTOS_BM -DNDEBUG -DSDK_OS_BAREMETAL -I../CMSIS -I../board -I../drivers -I../utilities -std=gnu99 -MMD -MP -MF"drivers/fsl_flexio_i2s.d" -MT"drivers/fsl_flexio_i2s.o" -c -o "drivers/fsl_flexio_i2s.o" "../drivers/fsl_flexio_i2s.c"
Finished building: ../drivers/fsl_flexio.c
 
Building file: ../drivers/fsl_flexio_i2s_dma.c
Invoking: Cross ARM GNU C Compiler
arm-none-eabi-gcc -mcpu=cortex-m0plus -mthumb -Os -fmessage-length=0 -fsigned-char -ffunction-sections -fdata-sections -Wall  -g -DCPU_MKL17Z256VFM4 -DCPU_MKL17Z256VFM4_cm0plus -DFSL_RTOS_BM -DNDEBUG -DSDK_OS_BAREMETAL -I../CMSIS -I../board -I../drivers -I../utilities -std=gnu99 -MMD -MP -MF"drivers/fsl_flexio_i2s_dma.d" -MT"drivers/fsl_flexio_i2s_dma.o" -c -o "drivers/fsl_flexio_i2s_dma.o" "../drivers/fsl_flexio_i2s_dma.c"
Finished building: ../drivers/fsl_flexio_i2c_master.c
 
Building file: ../drivers/fsl_flexio_uart.c
Invoking: Cross ARM GNU C Compiler
arm-none-eabi-gcc -mcpu=cortex-m0plus -mthumb -Os -fmessage-length=0 -fsigned-char -ffunction-sections -fdata-sections -Wall  -g -DCPU_MKL17Z256VFM4 -DCPU_MKL17Z256VFM4_cm0plus -DFSL_RTOS_BM -DNDEBUG -DSDK_OS_BAREMETAL -I../CMSIS -I../board -I../drivers -I../utilities -std=gnu99 -MMD -MP -MF"drivers/fsl_flexio_uart.d" -MT"drivers/fsl_flexio_uart.o" -c -o "drivers/fsl_flexio_uart.o" "../drivers/fsl_flexio_uart.c"
Finished building: ../drivers/fsl_flash.c
 
Building file: ../drivers/fsl_flexio_uart_dma.c
Invoking: Cross ARM GNU C Compiler
arm-none-eabi-gcc -mcpu=cortex-m0plus -mthumb -Os -fmessage-length=0 -fsigned-char -ffunction-sections -fdata-sections -Wall  -g -DCPU_MKL17Z256VFM4 -DCPU_MKL17Z256VFM4_cm0plus -DFSL_RTOS_BM -DNDEBUG -DSDK_OS_BAREMETAL -I../CMSIS -I../board -I../drivers -I../utilities -std=gnu99 -MMD -MP -MF"drivers/fsl_flexio_uart_dma.d" -MT"drivers/fsl_flexio_uart_dma.o" -c -o "drivers/fsl_flexio_uart_dma.o" "../drivers/fsl_flexio_uart_dma.c"
Finished building: ../drivers/fsl_flexio_i2s_dma.c
 
Building file: ../drivers/fsl_gpio.c
Invoking: Cross ARM GNU C Compiler
arm-none-eabi-gcc -mcpu=cortex-m0plus -mthumb -Os -fmessage-length=0 -fsigned-char -ffunction-sections -fdata-sections -Wall  -g -DCPU_MKL17Z256VFM4 -DCPU_MKL17Z256VFM4_cm0plus -DFSL_RTOS_BM -DNDEBUG -DSDK_OS_BAREMETAL -I../CMSIS -I../board -I../drivers -I../utilities -std=gnu99 -MMD -MP -MF"drivers/fsl_gpio.d" -MT"drivers/fsl_gpio.o" -c -o "drivers/fsl_gpio.o" "../drivers/fsl_gpio.c"
Finished building: ../drivers/fsl_flexio_i2s.c
 
Building file: ../drivers/fsl_i2c.c
Invoking: Cross ARM GNU C Compiler
arm-none-eabi-gcc -mcpu=cortex-m0plus -mthumb -Os -fmessage-length=0 -fsigned-char -ffunction-sections -fdata-sections -Wall  -g -DCPU_MKL17Z256VFM4 -DCPU_MKL17Z256VFM4_cm0plus -DFSL_RTOS_BM -DNDEBUG -DSDK_OS_BAREMETAL -I../CMSIS -I../board -I../drivers -I../utilities -std=gnu99 -MMD -MP -MF"drivers/fsl_i2c.d" -MT"drivers/fsl_i2c.o" -c -o "drivers/fsl_i2c.o" "../drivers/fsl_i2c.c"
Finished building: ../drivers/fsl_flexio_uart_dma.c
 
Building file: ../drivers/fsl_i2c_dma.c
Invoking: Cross ARM GNU C Compiler
arm-none-eabi-gcc -mcpu=cortex-m0plus -mthumb -Os -fmessage-length=0 -fsigned-char -ffunction-sections -fdata-sections -Wall  -g -DCPU_MKL17Z256VFM4 -DCPU_MKL17Z256VFM4_cm0plus -DFSL_RTOS_BM -DNDEBUG -DSDK_OS_BAREMETAL -I../CMSIS -I../board -I../drivers -I../utilities -std=gnu99 -MMD -MP -MF"drivers/fsl_i2c_dma.d" -MT"drivers/fsl_i2c_dma.o" -c -o "drivers/fsl_i2c_dma.o" "../drivers/fsl_i2c_dma.c"
Finished building: ../drivers/fsl_flexio_uart.c
 
Building file: ../drivers/fsl_llwu.c
Invoking: Cross ARM GNU C Compiler
arm-none-eabi-gcc -mcpu=cortex-m0plus -mthumb -Os -fmessage-length=0 -fsigned-char -ffunction-sections -fdata-sections -Wall  -g -DCPU_MKL17Z256VFM4 -DCPU_MKL17Z256VFM4_cm0plus -DFSL_RTOS_BM -DNDEBUG -DSDK_OS_BAREMETAL -I../CMSIS -I../board -I../drivers -I../utilities -std=gnu99 -MMD -MP -MF"drivers/fsl_llwu.d" -MT"drivers/fsl_llwu.o" -c -o "drivers/fsl_llwu.o" "../drivers/fsl_llwu.c"
Finished building: ../drivers/fsl_gpio.c
 
Building file: ../drivers/fsl_lptmr.c
Invoking: Cross ARM GNU C Compiler
arm-none-eabi-gcc -mcpu=cortex-m0plus -mthumb -Os -fmessage-length=0 -fsigned-char -ffunction-sections -fdata-sections -Wall  -g -DCPU_MKL17Z256VFM4 -DCPU_MKL17Z256VFM4_cm0plus -DFSL_RTOS_BM -DNDEBUG -DSDK_OS_BAREMETAL -I../CMSIS -I../board -I../drivers -I../utilities -std=gnu99 -MMD -MP -MF"drivers/fsl_lptmr.d" -MT"drivers/fsl_lptmr.o" -c -o "drivers/fsl_lptmr.o" "../drivers/fsl_lptmr.c"
Finished building: ../drivers/fsl_lptmr.c
 
Building file: ../drivers/fsl_lpuart.c
Invoking: Cross ARM GNU C Compiler
arm-none-eabi-gcc -mcpu=cortex-m0plus -mthumb -Os -fmessage-length=0 -fsigned-char -ffunction-sections -fdata-sections -Wall  -g -DCPU_MKL17Z256VFM4 -DCPU_MKL17Z256VFM4_cm0plus -DFSL_RTOS_BM -DNDEBUG -DSDK_OS_BAREMETAL -I../CMSIS -I../board -I../drivers -I../utilities -std=gnu99 -MMD -MP -MF"drivers/fsl_lpuart.d" -MT"drivers/fsl_lpuart.o" -c -o "drivers/fsl_lpuart.o" "../drivers/fsl_lpuart.c"
Finished building: ../drivers/fsl_llwu.c
 
Building file: ../drivers/fsl_lpuart_dma.c
Invoking: Cross ARM GNU C Compiler
arm-none-eabi-gcc -mcpu=cortex-m0plus -mthumb -Os -fmessage-length=0 -fsigned-char -ffunction-sections -fdata-sections -Wall  -g -DCPU_MKL17Z256VFM4 -DCPU_MKL17Z256VFM4_cm0plus -DFSL_RTOS_BM -DNDEBUG -DSDK_OS_BAREMETAL -I../CMSIS -I../board -I../drivers -I../utilities -std=gnu99 -MMD -MP -MF"drivers/fsl_lpuart_dma.d" -MT"drivers/fsl_lpuart_dma.o" -c -o "drivers/fsl_lpuart_dma.o" "../drivers/fsl_lpuart_dma.c"
Finished building: ../drivers/fsl_i2c_dma.c
 
Building file: ../drivers/fsl_pit.c
Invoking: Cross ARM GNU C Compiler
arm-none-eabi-gcc -mcpu=cortex-m0plus -mthumb -Os -fmessage-length=0 -fsigned-char -ffunction-sections -fdata-sections -Wall  -g -DCPU_MKL17Z256VFM4 -DCPU_MKL17Z256VFM4_cm0plus -DFSL_RTOS_BM -DNDEBUG -DSDK_OS_BAREMETAL -I../CMSIS -I../board -I../drivers -I../utilities -std=gnu99 -MMD -MP -MF"drivers/fsl_pit.d" -MT"drivers/fsl_pit.o" -c -o "drivers/fsl_pit.o" "../drivers/fsl_pit.c"
Finished building: ../drivers/fsl_pit.c
 
Building file: ../drivers/fsl_pmc.c
Invoking: Cross ARM GNU C Compiler
arm-none-eabi-gcc -mcpu=cortex-m0plus -mthumb -Os -fmessage-length=0 -fsigned-char -ffunction-sections -fdata-sections -Wall  -g -DCPU_MKL17Z256VFM4 -DCPU_MKL17Z256VFM4_cm0plus -DFSL_RTOS_BM -DNDEBUG -DSDK_OS_BAREMETAL -I../CMSIS -I../board -I../drivers -I../utilities -std=gnu99 -MMD -MP -MF"drivers/fsl_pmc.d" -MT"drivers/fsl_pmc.o" -c -o "drivers/fsl_pmc.o" "../drivers/fsl_pmc.c"
Finished building: ../drivers/fsl_lpuart_dma.c
 
Building file: ../drivers/fsl_rcm.c
Invoking: Cross ARM GNU C Compiler
arm-none-eabi-gcc -mcpu=cortex-m0plus -mthumb -Os -fmessage-length=0 -fsigned-char -ffunction-sections -fdata-sections -Wall  -g -DCPU_MKL17Z256VFM4 -DCPU_MKL17Z256VFM4_cm0plus -DFSL_RTOS_BM -DNDEBUG -DSDK_OS_BAREMETAL -I../CMSIS -I../board -I../drivers -I../utilities -std=gnu99 -MMD -MP -MF"drivers/fsl_rcm.d" -MT"drivers/fsl_rcm.o" -c -o "drivers/fsl_rcm.o" "../drivers/fsl_rcm.c"
Finished building: ../drivers/fsl_i2c.c
 
Building file: ../drivers/fsl_rtc.c
Finished building: ../drivers/fsl_pmc.c
Invoking: Cross ARM GNU C Compiler
arm-none-eabi-gcc -mcpu=cortex-m0plus -mthumb -Os -fmessage-length=0 -fsigned-char -ffunction-sections -fdata-sections -Wall  -g -DCPU_MKL17Z256VFM4 -DCPU_MKL17Z256VFM4_cm0plus -DFSL_RTOS_BM -DNDEBUG -DSDK_OS_BAREMETAL -I../CMSIS -I../board -I../drivers -I../utilities -std=gnu99 -MMD -MP -MF"drivers/fsl_rtc.d" -MT"drivers/fsl_rtc.o" -c -o "drivers/fsl_rtc.o" "../drivers/fsl_rtc.c"
 
Building file: ../drivers/fsl_sai.c
Invoking: Cross ARM GNU C Compiler
arm-none-eabi-gcc -mcpu=cortex-m0plus -mthumb -Os -fmessage-length=0 -fsigned-char -ffunction-sections -fdata-sections -Wall  -g -DCPU_MKL17Z256VFM4 -DCPU_MKL17Z256VFM4_cm0plus -DFSL_RTOS_BM -DNDEBUG -DSDK_OS_BAREMETAL -I../CMSIS -I../board -I../drivers -I../utilities -std=gnu99 -MMD -MP -MF"drivers/fsl_sai.d" -MT"drivers/fsl_sai.o" -c -o "drivers/fsl_sai.o" "../drivers/fsl_sai.c"
Finished building: ../drivers/fsl_rcm.c
 
Building file: ../drivers/fsl_sai_dma.c
Invoking: Cross ARM GNU C Compiler
arm-none-eabi-gcc -mcpu=cortex-m0plus -mthumb -Os -fmessage-length=0 -fsigned-char -ffunction-sections -fdata-sections -Wall  -g -DCPU_MKL17Z256VFM4 -DCPU_MKL17Z256VFM4_cm0plus -DFSL_RTOS_BM -DNDEBUG -DSDK_OS_BAREMETAL -I../CMSIS -I../board -I../drivers -I../utilities -std=gnu99 -MMD -MP -MF"drivers/fsl_sai_dma.d" -MT"drivers/fsl_sai_dma.o" -c -o "drivers/fsl_sai_dma.o" "../drivers/fsl_sai_dma.c"
Finished building: ../drivers/fsl_lpuart.c
 
Building file: ../drivers/fsl_sim.c
Invoking: Cross ARM GNU C Compiler
arm-none-eabi-gcc -mcpu=cortex-m0plus -mthumb -Os -fmessage-length=0 -fsigned-char -ffunction-sections -fdata-sections -Wall  -g -DCPU_MKL17Z256VFM4 -DCPU_MKL17Z256VFM4_cm0plus -DFSL_RTOS_BM -DNDEBUG -DSDK_OS_BAREMETAL -I../CMSIS -I../board -I../drivers -I../utilities -std=gnu99 -MMD -MP -MF"drivers/fsl_sim.d" -MT"drivers/fsl_sim.o" -c -o "drivers/fsl_sim.o" "../drivers/fsl_sim.c"
Finished building: ../drivers/fsl_sim.c
 
Building file: ../drivers/fsl_smc.c
Invoking: Cross ARM GNU C Compiler
arm-none-eabi-gcc -mcpu=cortex-m0plus -mthumb -Os -fmessage-length=0 -fsigned-char -ffunction-sections -fdata-sections -Wall  -g -DCPU_MKL17Z256VFM4 -DCPU_MKL17Z256VFM4_cm0plus -DFSL_RTOS_BM -DNDEBUG -DSDK_OS_BAREMETAL -I../CMSIS -I../board -I../drivers -I../utilities -std=gnu99 -MMD -MP -MF"drivers/fsl_smc.d" -MT"drivers/fsl_smc.o" -c -o "drivers/fsl_smc.o" "../drivers/fsl_smc.c"
Finished building: ../drivers/fsl_rtc.c
 
Building file: ../drivers/fsl_spi.c
Invoking: Cross ARM GNU C Compiler
arm-none-eabi-gcc -mcpu=cortex-m0plus -mthumb -Os -fmessage-length=0 -fsigned-char -ffunction-sections -fdata-sections -Wall  -g -DCPU_MKL17Z256VFM4 -DCPU_MKL17Z256VFM4_cm0plus -DFSL_RTOS_BM -DNDEBUG -DSDK_OS_BAREMETAL -I../CMSIS -I../board -I../drivers -I../utilities -std=gnu99 -MMD -MP -MF"drivers/fsl_spi.d" -MT"drivers/fsl_spi.o" -c -o "drivers/fsl_spi.o" "../drivers/fsl_spi.c"
Finished building: ../drivers/fsl_sai_dma.c
 
Building file: ../drivers/fsl_spi_dma.c
Invoking: Cross ARM GNU C Compiler
arm-none-eabi-gcc -mcpu=cortex-m0plus -mthumb -Os -fmessage-length=0 -fsigned-char -ffunction-sections -fdata-sections -Wall  -g -DCPU_MKL17Z256VFM4 -DCPU_MKL17Z256VFM4_cm0plus -DFSL_RTOS_BM -DNDEBUG -DSDK_OS_BAREMETAL -I../CMSIS -I../board -I../drivers -I../utilities -std=gnu99 -MMD -MP -MF"drivers/fsl_spi_dma.d" -MT"drivers/fsl_spi_dma.o" -c -o "drivers/fsl_spi_dma.o" "../drivers/fsl_spi_dma.c"
Finished building: ../drivers/fsl_smc.c
 
Building file: ../drivers/fsl_tpm.c
Invoking: Cross ARM GNU C Compiler
arm-none-eabi-gcc -mcpu=cortex-m0plus -mthumb -Os -fmessage-length=0 -fsigned-char -ffunction-sections -fdata-sections -Wall  -g -DCPU_MKL17Z256VFM4 -DCPU_MKL17Z256VFM4_cm0plus -DFSL_RTOS_BM -DNDEBUG -DSDK_OS_BAREMETAL -I../CMSIS -I../board -I../drivers -I../utilities -std=gnu99 -MMD -MP -MF"drivers/fsl_tpm.d" -MT"drivers/fsl_tpm.o" -c -o "drivers/fsl_tpm.o" "../drivers/fsl_tpm.c"
Finished building: ../drivers/fsl_spi_dma.c
 
Building file: ../drivers/fsl_uart.c
Invoking: Cross ARM GNU C Compiler
arm-none-eabi-gcc -mcpu=cortex-m0plus -mthumb -Os -fmessage-length=0 -fsigned-char -ffunction-sections -fdata-sections -Wall  -g -DCPU_MKL17Z256VFM4 -DCPU_MKL17Z256VFM4_cm0plus -DFSL_RTOS_BM -DNDEBUG -DSDK_OS_BAREMETAL -I../CMSIS -I../board -I../drivers -I../utilities -std=gnu99 -MMD -MP -MF"drivers/fsl_uart.d" -MT"drivers/fsl_uart.o" -c -o "drivers/fsl_uart.o" "../drivers/fsl_uart.c"
Finished building: ../drivers/fsl_sai.c
 
Building file: ../drivers/fsl_uart_dma.c
Invoking: Cross ARM GNU C Compiler
arm-none-eabi-gcc -mcpu=cortex-m0plus -mthumb -Os -fmessage-length=0 -fsigned-char -ffunction-sections -fdata-sections -Wall  -g -DCPU_MKL17Z256VFM4 -DCPU_MKL17Z256VFM4_cm0plus -DFSL_RTOS_BM -DNDEBUG -DSDK_OS_BAREMETAL -I../CMSIS -I../board -I../drivers -I../utilities -std=gnu99 -MMD -MP -MF"drivers/fsl_uart_dma.d" -MT"drivers/fsl_uart_dma.o" -c -o "drivers/fsl_uart_dma.o" "../drivers/fsl_uart_dma.c"
Finished building: ../drivers/fsl_tpm.c
 
Building file: ../drivers/fsl_vref.c
Invoking: Cross ARM GNU C Compiler
arm-none-eabi-gcc -mcpu=cortex-m0plus -mthumb -Os -fmessage-length=0 -fsigned-char -ffunction-sections -fdata-sections -Wall  -g -DCPU_MKL17Z256VFM4 -DCPU_MKL17Z256VFM4_cm0plus -DFSL_RTOS_BM -DNDEBUG -DSDK_OS_BAREMETAL -I../CMSIS -I../board -I../drivers -I../utilities -std=gnu99 -MMD -MP -MF"drivers/fsl_vref.d" -MT"drivers/fsl_vref.o" -c -o "drivers/fsl_vref.o" "../drivers/fsl_vref.c"
Finished building: ../drivers/fsl_uart.c
 
Building file: ../board/board.c
Invoking: Cross ARM GNU C Compiler
arm-none-eabi-gcc -mcpu=cortex-m0plus -mthumb -Os -fmessage-length=0 -fsigned-char -ffunction-sections -fdata-sections -Wall  -g -DCPU_MKL17Z256VFM4 -DCPU_MKL17Z256VFM4_cm0plus -DFSL_RTOS_BM -DNDEBUG -DSDK_OS_BAREMETAL -I../CMSIS -I../board -I../drivers -I../utilities -std=gnu99 -MMD -MP -MF"board/board.d" -MT"board/board.o" -c -o "board/board.o" "../board/board.c"
Finished building: ../drivers/fsl_spi.c
Finished building: ../drivers/fsl_uart_dma.c
 
 
Finished building: ../drivers/fsl_vref.c
Building file: ../board/clock_config.c
 
Building file: ../board/peripherals.c
Invoking: Cross ARM GNU C Compiler
arm-none-eabi-gcc -mcpu=cortex-m0plus -mthumb -Os -fmessage-length=0 -fsigned-char -ffunction-sections -fdata-sections -Wall  -g -DCPU_MKL17Z256VFM4 -DCPU_MKL17Z256VFM4_cm0plus -DFSL_RTOS_BM -DNDEBUG -DSDK_OS_BAREMETAL -I../CMSIS -I../board -I../drivers -I../utilities -std=gnu99 -MMD -MP -MF"board/clock_config.d" -MT"board/clock_config.o" -c -o "board/clock_config.o" "../board/clock_config.c"
Invoking: Cross ARM GNU C Compiler
arm-none-eabi-gcc -mcpu=cortex-m0plus -mthumb -Os -fmessage-length=0 -fsigned-char -ffunction-sections -fdata-sections -Wall  -g -DCPU_MKL17Z256VFM4 -DCPU_MKL17Z256VFM4_cm0plus -DFSL_RTOS_BM -DNDEBUG -DSDK_OS_BAREMETAL -I../CMSIS -I../board -I../drivers -I../utilities -std=gnu99 -MMD -MP -MF"board/peripherals.d" -MT"board/peripherals.o" -c -o "board/peripherals.o" "../board/peripherals.c"
Finished building: ../board/board.c
Building file: ../board/pin_mux.c
 
Invoking: Cross ARM GNU C Compiler
arm-none-eabi-gcc -mcpu=cortex-m0plus -mthumb -Os -fmessage-length=0 -fsigned-char -ffunction-sections -fdata-sections -Wall  -g -DCPU_MKL17Z256VFM4 -DCPU_MKL17Z256VFM4_cm0plus -DFSL_RTOS_BM -DNDEBUG -DSDK_OS_BAREMETAL -I../CMSIS -I../board -I../drivers -I../utilities -std=gnu99 -MMD -MP -MF"board/pin_mux.d" -MT"board/pin_mux.o" -c -o "board/pin_mux.o" "../board/pin_mux.c"
Building file: ../CMSIS/system_MKL17Z4.c
Invoking: Cross ARM GNU C Compiler
arm-none-eabi-gcc -mcpu=cortex-m0plus -mthumb -Os -fmessage-length=0 -fsigned-char -ffunction-sections -fdata-sections -Wall  -g -DCPU_MKL17Z256VFM4 -DCPU_MKL17Z256VFM4_cm0plus -DFSL_RTOS_BM -DNDEBUG -DSDK_OS_BAREMETAL -I../CMSIS -I../board -I../drivers -I../utilities -std=gnu99 -MMD -MP -MF"CMSIS/system_MKL17Z4.d" -MT"CMSIS/system_MKL17Z4.o" -c -o "CMSIS/system_MKL17Z4.o" "../CMSIS/system_MKL17Z4.c"
Finished building: ../board/peripherals.c
 
Finished building: ../board/clock_config.c
 
Finished building: ../CMSIS/system_MKL17Z4.c
 
Finished building: ../board/pin_mux.c
 
Building target: poroIoT.elf
Invoking: Cross ARM GNU C++ Linker
arm-none-eabi-g++ -mcpu=cortex-m0plus -mthumb -Os -fmessage-length=0 -fsigned-char -ffunction-sections -fdata-sections -Wall  -g -T "../MKL17Z256xxx4_flash.ld" -Xlinker --gc-sections -Wl,-Map,"poroIoT.map" --specs=nano.specs -specs=nosys.specs -Xlinker -z -Xlinker muldefs -o "poroIoT.elf"  ./utilities/fsl_assert.o ./utilities/fsl_debug_console.o ./utilities/fsl_io.o ./utilities/fsl_log.o ./utilities/fsl_notifier.o ./utilities/fsl_shell.o ./utilities/fsl_str.o  ./startup/startup_MKL17Z4.o  ./source/main.o  ./drivers/fsl_adc16.o ./drivers/fsl_clock.o ./drivers/fsl_cmp.o ./drivers/fsl_common.o ./drivers/fsl_cop.o ./drivers/fsl_dac.o ./drivers/fsl_dma.o ./drivers/fsl_dmamux.o ./drivers/fsl_flash.o ./drivers/fsl_flexio.o ./drivers/fsl_flexio_i2c_master.o ./drivers/fsl_flexio_i2s.o ./drivers/fsl_flexio_i2s_dma.o ./drivers/fsl_flexio_uart.o ./drivers/fsl_flexio_uart_dma.o ./drivers/fsl_gpio.o ./drivers/fsl_i2c.o ./drivers/fsl_i2c_dma.o ./drivers/fsl_llwu.o ./drivers/fsl_lptmr.o ./drivers/fsl_lpuart.o ./drivers/fsl_lpuart_dma.o ./drivers/fsl_pit.o ./drivers/fsl_pmc.o ./drivers/fsl_rcm.o ./drivers/fsl_rtc.o ./drivers/fsl_sai.o ./drivers/fsl_sai_dma.o ./drivers/fsl_sim.o ./drivers/fsl_smc.o ./drivers/fsl_spi.o ./drivers/fsl_spi_dma.o ./drivers/fsl_tpm.o ./drivers/fsl_uart.o ./drivers/fsl_uart_dma.o ./drivers/fsl_vref.o  ./board/board.o ./board/clock_config.o ./board/peripherals.o ./board/pin_mux.o  ./CMSIS/system_MKL17Z4.o   
Finished building target: poroIoT.elf
 
Invoking: Cross ARM GNU Create Flash Image
Invoking: Cross ARM GNU Print Size
arm-none-eabi-objcopy -O ihex "poroIoT.elf"  "poroIoT.hex"
arm-none-eabi-size --format=berkeley "poroIoT.elf"
   text	   data	    bss	    dec	    hex	filename
   1592	    108	   2180	   3880	    f28	poroIoT.elf
Finished building: poroIoT.siz
 
Finished building: poroIoT.hex
 

09:59:25 Build Finished (took 2s.347ms)

