12:34:48 **** Incremental Build of configuration Release for project trackershield ****
make -j4 all 
Building file: ../source/main.c
Invoking: Cross ARM C Compiler
arm-none-eabi-gcc -mcpu=cortex-m4 -mthumb -mfloat-abi=hard -mfpu=fpv4-sp-d16 -Os -fmessage-length=0 -fsigned-char -ffunction-sections -fdata-sections -Wall  -g -DCPU_MK64FN1M0VDC12 -DCPU_MK64FN1M0VDC12_cm4 -DFSL_RTOS_BM -DNDEBUG -DSDK_OS_BAREMETAL -I../CMSIS -I../board -I../drivers -I../utilities -std=gnu99 -Wa,-adhln="source/main.o.lst" -MMD -MP -MF"source/main.d" -MT"source/main.o" -c -o "source/main.o" "../source/main.c"
Finished building: ../source/main.c
 
Building target: trackershield.elf
Invoking: Cross ARM C++ Linker
arm-none-eabi-g++ -mcpu=cortex-m4 -mthumb -mfloat-abi=hard -mfpu=fpv4-sp-d16 -Os -fmessage-length=0 -fsigned-char -ffunction-sections -fdata-sections -Wall  -g -T "../MK64FN1M0xxx12_flash.ld" -Xlinker --gc-sections -Wl,-Map,"trackershield.map" --specs=nano.specs -specs=nosys.specs -Xlinker -z -Xlinker muldefs -o "trackershield.elf"  ./utilities/fsl_assert.o ./utilities/fsl_debug_console.o ./utilities/fsl_io.o ./utilities/fsl_log.o ./utilities/fsl_notifier.o ./utilities/fsl_shell.o ./utilities/fsl_str.o  ./startup/startup_MK64F12.o  ./source/acc_func.o ./source/adc_func.o ./source/at_func.o ./source/gps_func.o ./source/i2c_func.o ./source/main.o ./source/nbiot_func.o ./source/timing.o ./source/ubx_func.o  ./drivers/fsl_adc16.o ./drivers/fsl_clock.o ./drivers/fsl_cmp.o ./drivers/fsl_cmt.o ./drivers/fsl_common.o ./drivers/fsl_crc.o ./drivers/fsl_dac.o ./drivers/fsl_dmamux.o ./drivers/fsl_dspi.o ./drivers/fsl_dspi_edma.o ./drivers/fsl_edma.o ./drivers/fsl_enet.o ./drivers/fsl_ewm.o ./drivers/fsl_flash.o ./drivers/fsl_flexbus.o ./drivers/fsl_flexcan.o ./drivers/fsl_ftm.o ./drivers/fsl_gpio.o ./drivers/fsl_i2c.o ./drivers/fsl_i2c_edma.o ./drivers/fsl_llwu.o ./drivers/fsl_lptmr.o ./drivers/fsl_pdb.o ./drivers/fsl_pit.o ./drivers/fsl_pmc.o ./drivers/fsl_rcm.o ./drivers/fsl_rnga.o ./drivers/fsl_rtc.o ./drivers/fsl_sai.o ./drivers/fsl_sai_edma.o ./drivers/fsl_sdhc.o ./drivers/fsl_sim.o ./drivers/fsl_smc.o ./drivers/fsl_sysmpu.o ./drivers/fsl_uart.o ./drivers/fsl_uart_edma.o ./drivers/fsl_wdog.o  ./board/board.o ./board/clock_config.o ./board/peripherals.o ./board/pin_mux.o  ./CMSIS/system_MK64F12.o   
Finished building target: trackershield.elf
 
Invoking: Cross ARM GNU Create Flash Image
arm-none-eabi-objcopy -O binary "trackershield.elf"  "trackershield.bin"
Invoking: Cross ARM GNU Print Size
arm-none-eabi-size --format=berkeley "trackershield.elf"
   text	   data	    bss	    dec	    hex	filename
  17420	    540	   4124	  22084	   5644	trackershield.elf
Finished building: trackershield.siz
Finished building: trackershield.bin
 
 

12:34:49 Build Finished (took 273ms)

